03-29 04:46:47.410: W/ProxyAndroidLoggerBackend(13281): Too many Flogger logs received before configuration. Dropping old logs.
03-29 04:46:47.410: W/ProxyAndroidLoggerBackend(13281): Too many Flogger logs received before configuration. Dropping old logs.
03-29 04:46:47.410: I/TestSupport(7685): AwaitCommitOperation: auth_sig_override_target_uid
03-29 04:46:47.410: W/ProxyAndroidLoggerBackend(13281): Too many Flogger logs received before configuration. Dropping old logs.
03-29 04:46:47.411: W/ProxyAndroidLoggerBackend(13281): Too many Flogger logs received before configuration. Dropping old logs.
03-29 04:46:47.411: W/ProxyAndroidLoggerBackend(13281): Too many Flogger logs received before configuration. Dropping old logs.
03-29 04:46:47.411: W/ProxyAndroidLoggerBackend(13281): Too many Flogger logs received before configuration. Dropping old logs.
03-29 04:46:47.411: W/ProxyAndroidLoggerBackend(13281): Too many Flogger logs received before configuration. Dropping old logs.
03-29 04:46:47.412: W/ProxyAndroidLoggerBackend(13281): Too many Flogger logs received before configuration. Dropping old logs.
03-29 04:46:47.412: W/ProxyAndroidLoggerBackend(13281): Too many Flogger logs received before configuration. Dropping old logs.
03-29 04:46:47.412: W/ProxyAndroidLoggerBackend(13281): Too many Flogger logs received before configuration. Dropping old logs.
03-29 04:46:47.412: W/ProxyAndroidLoggerBackend(13281): Too many Flogger logs received before configuration. Dropping old logs.
03-29 04:46:47.413: W/ProxyAndroidLoggerBackend(13281): Too many Flogger logs received before configuration. Dropping old logs.
03-29 04:46:47.416: E/Ads(7685): [JAMS] Failed to negotiate
03-29 04:46:47.462: W/ProxyAndroidLoggerBackend(13281): Too many Flogger logs received before configuration. Dropping old logs.
03-29 04:46:47.468: W/Conscrypt(7635): Could not set socket write timeout: java.net.SocketException: Socket closed
03-29 04:46:47.468: W/Conscrypt(7635): 	at com.google.android.gms.org.conscrypt.Platform.setSocketWriteTimeout(:com.google.android.gms@15090019@15.0.90 (040400-231259764):2)
03-29 04:46:47.468: W/Conscrypt(7635): 	at com.google.android.gms.org.conscrypt.ConscryptFileDescriptorSocket.setSoWriteTimeout(:com.google.android.gms@15090019@15.0.90 (040400-231259764):2)
03-29 04:46:47.475: I/TestSupport(7685): AwaitCommitOperation: uncommitted: FlagOverride(com.google.android.gms.auth_account, , Flag(auth_sig_override_target_uid, 10107, 1, 0), false)
03-29 04:46:47.475: I/TestSupport(7685): AwaitCommitOperation:  sleeping for 10 msec.
03-29 04:46:47.492: W/Conscrypt(7635): Could not set socket write timeout: java.net.SocketException: Socket closed
03-29 04:46:47.493: W/Conscrypt(7635): 	at com.google.android.gms.org.conscrypt.Platform.setSocketWriteTimeout(:com.google.android.gms@15090019@15.0.90 (040400-231259764):2)
03-29 04:46:47.493: W/Conscrypt(7635): 	at com.google.android.gms.org.conscrypt.ConscryptFileDescriptorSocket.setSoWriteTimeout(:com.google.android.gms@15090019@15.0.90 (040400-231259764):2)
03-29 04:46:47.540: I/TestSupport(7685): AwaitCommitOperation: uncommitted: FlagOverride(com.google.android.gms.auth_account, , Flag(auth_sig_override_target_uid, 10107, 1, 0), false)
03-29 04:46:47.541: I/TestSupport(7685): AwaitCommitOperation:  sleeping for 20 msec.
03-29 04:46:47.574: I/TestSupport(7685): AwaitCommitOperation: uncommitted: FlagOverride(com.google.android.gms.auth_account, , Flag(auth_sig_override_target_uid, 10107, 1, 0), false)
03-29 04:46:47.574: I/TestSupport(7685): AwaitCommitOperation:  sleeping for 40 msec.
03-29 04:46:47.638: I/TestSupport(7685): AwaitCommitOperation: uncommitted: FlagOverride(com.google.android.gms.auth_account, , Flag(auth_sig_override_target_uid, 10107, 1, 0), false)
03-29 04:46:47.638: I/TestSupport(7685): AwaitCommitOperation:  sleeping for 80 msec.
03-29 04:46:47.650: I/Authzen(7635): [ProximitySyncManager] Generating new permitaccess {"publicKey":"CAESRQogMPJ0gJ8g4iXGrTQxATRK7mGs-mbT25C2Kd1poCUKz1QSIQD6J-MW9uWPYmANmDB9dPBJGsE4bcrjfgFXA0r0JrE2_g==","pixelPhone":false,"beaconSeeds":[{"endTimeMillis":1554336000000,"startTimeMillis":1553126400000,"data":"ir_N1nsDWOKrPdwP98FMcW0miOya1zEeYkS6QrQIkLE="},{"endTimeMillis":1555545600000,"startTimeMillis":1554336000000,"data":"KtP8pX3dX3iZicNbgqiFM1b2K-5cooYaZo9qc5z5Ve8="},{"endTimeMillis":1556755200000,"startTimeMillis":1555545600000,"data":"7MLMQ9VYL3uD2qcyxHAxWo1wPNeE5jE1FGzMpRau1q4="},{"endTimeMillis":1557964800000,"startTimeMillis":1556755200000,"data":"TdNlRSMLxZSqVyF7T4u85fvqP2fs5SagCLxMY41fhaM="}],"arcPlusPlus":false,"deviceType":"android","lastUpdateTimeMillis":1553860003882,"friendlyDeviceName":"Unknown GCE x86 phone","unlockable":false,"mobileHotspotSupported":false,"unlockKey":false}.
03-29 04:46:47.653: I/Authzen(7635): [ProximitySyncManager] Generating new permitaccess {"publicKey":"CAESRAogBbFyYGhmT_t-TwRNA-k1NSmGEfF3YO_3_50HTuSqStkSICk5y5MQX4rHq24Ub_9VNy78HSgqJ8BrZ_mN01oV7Gpk","pixelPhone":true,"beaconSeeds":[{"endTimeMillis":1554336000000,"startTimeMillis":1553126400000,"data":"oswLeaL4PsD1_OiDVIvsaPiIu7OgvUuixPJlv3nADLg="},{"endTimeMillis":1555545600000,"startTimeMillis":1554336000000,"data":"kTFXWRCxGnCtkVtWF8MGktdtNuMSe2GDDO6HUSuxoXM="},{"endTimeMillis":1556755200000,"startTimeMillis":1555545600000,"data":"2vT2U1otDjGxiHrk8xzR9q9pBjUrZxaVvDiUY-WaPos="},{"endTimeMillis":1557964800000,"startTimeMillis":1556755200000,"data":"ovh42FlqhkuTYZANSo_bfLGFNQPnZhNbMNklDmP-Tz0="}],"arcPlusPlus":false,"deviceType":"android","lastUpdateTimeMillis":1553859519315,"friendlyDeviceName":"Google Pixel 2","unlockable":false,"mobileHotspotSupported":true,"unlockKey":false}.
03-29 04:46:47.654: I/Authzen(7635): [ProximitySyncManager] Generating new permitaccess {"publicKey":"CAESRgohAN4jv5c0DSAY6f7_EvXCszvItLjRI38m0X41fOtHp-mOEiEA0zn6kevP6UeheZpT_BcJsY9t5i-PF0lAINyJvYN7-Gc=","pixelPhone":false,"beaconSeeds":[{"endTimeMillis":1554336000000,"startTimeMillis":1553126400000,"data":"S5Ne_lRAZVCnLR0oUvUW4BEhyCPeuOrrGqZnZKzeWfo="},{"endTimeMillis":1555545600000,"startTimeMillis":1554336000000,"data":"PJHOAImqbV_5DAy4P5arLD0KdTZ9dzeSxifgD-0D8pA="},{"endTimeMillis":1556755200000,"startTimeMillis":1555545600000,"data":"7Und3UAjRHE3HBcJtfUy5eTWvjLJix_8Eb8aCrV3-5U="},{"endTimeMillis":1557964800000,"startTimeMillis":1556755200000,"data":"bbBdNvoiolqVl39NsrHXiqHC5xz3j1T7PfInSRQ2duQ="}],"arcPlusPlus":false,"deviceType":"android","lastUpdateTimeMillis":1553858912947,"friendlyDeviceName":"Samsung Galaxy S6","unlockable":false,"mobileHotspotSupported":false,"unlockKey":false}.
03-29 04:46:47.655: I/Authzen(7635): [ProximitySyncManager] Generating new permitaccess {"publicKey":"CAESRQohAM6mwN1_oS_SMZ0mDXEn0gFHhQfCLqzGoAjXiri47Xj4EiBa-RT9yepu6Ryu-fSt06OeC0bEq9_eAd4rbYB9Nq-6Ww==","pixelPhone":false,"beaconSeeds":[{"endTimeMillis":1554336000000,"startTimeMillis":1553126400000,"data":"7-E5D-QX5eiKQwk0GmqiMYTQF22Am8iNuipgDORZG9Y="},{"endTimeMillis":1555545600000,"startTimeMillis":1554336000000,"data":"QPcjT0ys6hwXrVn4_JrMHAp_3iyBZTRyGTcQyPCLeVk="},{"endTimeMillis":1556755200000,"startTimeMillis":1555545600000,"data":"bOAwWCJrVgFtT4snwz0ZhkT5JTyKbg9AXSLTPzYAF9o="},{"endTimeMillis":1557964800000,"startTimeMillis":1556755200000,"data":"14cZuDm5coSzSEBVvJH7CAKcQSZrhqz2v_XA9RUFEDk="}],"arcPlusPlus":false,"deviceType":"android","lastUpdateTimeMillis":1553857815845,"friendlyDeviceName":"Samsung Galaxy S9","supportedSoftwareFeatures":["magicTetherHost","smsConnectHost","easyUnlockHost","betterTogetherHost"],"unlockable":false,"mobileHotspotSupported":true,"unlockKey":false}.
03-29 04:46:47.661: I/Authzen(7635): [ProximitySyncManager] Generating new permitaccess {"publicKey":"CAESRQogT7gCUPM6kKRkeD-w_tPuwOZApYZgRMNuGv6QwBlQvDcSIQC2EEx7DmR1b9WcAElNWVjOCI5fFtpo1Yeo7vegrgTd8Q==","pixelPhone":false,"beaconSeeds":[{"endTimeMillis":1554336000000,"startTimeMillis":1553126400000,"data":"BacHuAlIP4HnSibuFHBdVaa1ZSqIlKUX8CcGB3uaJBw="},{"endTimeMillis":1555545600000,"startTimeMillis":1554336000000,"data":"QdTc5wSwo8ldAXzTMCAsF5HOJR7RFUwYZqEWDsuWQxI="},{"endTimeMillis":1556755200000,"startTimeMillis":1555545600000,"data":"Z5vCAoFA52bmbSzHqNATZrHyM72ki7S_FfbuOd9QRQ8="},{"endTimeMillis":1557964800000,"startTimeMillis":1556755200000,"data":"fnE2TnlS5G8ziEYGh8F9mYJ0_nDZ8TkmkC_lTtHAZk4="}],"arcPlusPlus":false,"deviceType":"android","lastUpdateTimeMillis":1553855110502,"friendlyDeviceName":"Essential Products PH-1","unlockable":false,"mobileHotspotSupported":false,"unlockKey":false}.
03-29 04:46:47.670: I/Authzen(7635): [igp] Opening database auth.proximity.permit_store...
03-29 04:46:47.670: W/ProxyAndroidLoggerBackend(13281): Too many Flogger logs received before configuration. Dropping old logs.
03-29 04:46:47.671: I/Authzen(7635): [PermitStore] Removing permit with permitId: <ELLIDED:-1435732470>...
03-29 04:46:47.690: I/art(13281): JIT allocated 51KB for stack maps of void aafv.a(java.util.Set, long, aeun, aeur, java.util.List, java.util.LinkedHashMap, afbt, afbt, boolean, boolean)
03-29 04:46:47.694: I/Authzen(7635): [ProximitySyncManager] Saved permit permit://google.com/easyunlock/v1/s37ffk2ym7dqqwxyewktqtsgki-00@cloudtestlabaccounts.com, with 5 requester access(es).
03-29 04:46:47.700: I/art(13281): Compiler allocated 8MB to compile void aafv.a(java.util.Set, long, aeun, aeur, java.util.List, java.util.LinkedHashMap, afbt, afbt, boolean, boolean)
03-29 04:46:47.726: I/TestSupport(7685): AwaitCommitOperation: uncommitted: FlagOverride(com.google.android.gms.auth_account, , Flag(auth_sig_override_target_uid, 10107, 1, 0), false)
03-29 04:46:47.726: I/TestSupport(7685): AwaitCommitOperation:  sleeping for 160 msec.
03-29 04:46:47.740: W/ProxyAndroidLoggerBackend(13281): Too many Flogger logs received before configuration. Dropping old logs.
03-29 04:46:47.772: I/RequestAddCookies(13281): Cookie store not available in HTTP context
03-29 04:46:47.836: I/NetRec(7635): [794] aike.b: onConfigChanged()
03-29 04:46:47.899: I/TestSupport(7685): AwaitCommitOperation: uncommitted: FlagOverride(com.google.android.gms.auth_account, , Flag(auth_sig_override_target_uid, 10107, 1, 0), false)
03-29 04:46:47.899: I/TestSupport(7685): AwaitCommitOperation:  sleeping for 320 msec.
03-29 04:46:47.979: I/ResponseProcessCookies(13281): Cookie store not available in HTTP context
03-29 04:46:47.986: W/ModuleInitIntentOp(7685): Dropping unexpected action com.google.android.gms.phenotype.COMMITTED
03-29 04:46:48.004: I/BgTaskExecutorImpl(2941): Starting EXCLUSIVE background task FETCH_CONFIGS_FROM_PHENOTYPE.
03-29 04:46:48.010: I/PTCommittedOperation(7635): Receive new configuration for com.google.android.gms.auth_api_phone
03-29 04:46:48.087: W/ProxyAndroidLoggerBackend(13281): Too many Flogger logs received before configuration. Dropping old logs.
03-29 04:46:48.087: W/ProxyAndroidLoggerBackend(13281): Too many Flogger logs received before configuration. Dropping old logs.
03-29 04:46:48.088: W/ProxyAndroidLoggerBackend(13281): Too many Flogger logs received before configuration. Dropping old logs.
03-29 04:46:48.090: W/ProxyAndroidLoggerBackend(13281): Too many Flogger logs received before configuration. Dropping old logs.
03-29 04:46:48.092: W/ProxyAndroidLoggerBackend(13281): Too many Flogger logs received before configuration. Dropping old logs.
03-29 04:46:48.093: W/ProxyAndroidLoggerBackend(13281): Too many Flogger logs received before configuration. Dropping old logs.
03-29 04:46:48.094: W/ProxyAndroidLoggerBackend(13281): Too many Flogger logs received before configuration. Dropping old logs.
03-29 04:46:48.095: W/ProxyAndroidLoggerBackend(13281): Too many Flogger logs received before configuration. Dropping old logs.
03-29 04:46:48.096: W/ProxyAndroidLoggerBackend(13281): Too many Flogger logs received before configuration. Dropping old logs.
03-29 04:46:48.096: W/ProxyAndroidLoggerBackend(13281): Too many Flogger logs received before configuration. Dropping old logs.
03-29 04:46:48.097: W/ProxyAndroidLoggerBackend(13281): Too many Flogger logs received before configuration. Dropping old logs.
03-29 04:46:48.097: W/ProxyAndroidLoggerBackend(13281): Too many Flogger logs received before configuration. Dropping old logs.
03-29 04:46:48.098: W/ProxyAndroidLoggerBackend(13281): Too many Flogger logs received before configuration. Dropping old logs.
03-29 04:46:48.100: W/ProxyAndroidLoggerBackend(13281): Too many Flogger logs received before configuration. Dropping old logs.
03-29 04:46:48.101: W/ProxyAndroidLoggerBackend(13281): Too many Flogger logs received before configuration. Dropping old logs.
03-29 04:46:48.102: W/ProxyAndroidLoggerBackend(13281): Too many Flogger logs received before configuration. Dropping old logs.
03-29 04:46:48.103: W/ProxyAndroidLoggerBackend(13281): Too many Flogger logs received before configuration. Dropping old logs.
03-29 04:46:48.103: W/ProxyAndroidLoggerBackend(13281): Too many Flogger logs received before configuration. Dropping old logs.
03-29 04:46:48.103: W/ProxyAndroidLoggerBackend(13281): Too many Flogger logs received before configuration. Dropping old logs.
03-29 04:46:48.104: W/ProxyAndroidLoggerBackend(13281): Too many Flogger logs received before configuration. Dropping old logs.
03-29 04:46:48.104: W/ProxyAndroidLoggerBackend(13281): Too many Flogger logs received before configuration. Dropping old logs.
03-29 04:46:48.105: W/ProxyAndroidLoggerBackend(13281): Too many Flogger logs received before configuration. Dropping old logs.
03-29 04:46:48.105: W/ProxyAndroidLoggerBackend(13281): Too many Flogger logs received before configuration. Dropping old logs.
03-29 04:46:48.106: W/ProxyAndroidLoggerBackend(13281): Too many Flogger logs received before configuration. Dropping old logs.
03-29 04:46:48.106: W/ProxyAndroidLoggerBackend(13281): Too many Flogger logs received before configuration. Dropping old logs.
03-29 04:46:48.107: W/ProxyAndroidLoggerBackend(13281): Too many Flogger logs received before configuration. Dropping old logs.
03-29 04:46:48.107: W/ProxyAndroidLoggerBackend(13281): Too many Flogger logs received before configuration. Dropping old logs.
03-29 04:46:48.108: W/ProxyAndroidLoggerBackend(13281): Too many Flogger logs received before configuration. Dropping old logs.
03-29 04:46:48.109: W/ProxyAndroidLoggerBackend(13281): Too many Flogger logs received before configuration. Dropping old logs.
03-29 04:46:48.109: W/ProxyAndroidLoggerBackend(13281): Too many Flogger logs received before configuration. Dropping old logs.
03-29 04:46:48.110: W/ProxyAndroidLoggerBackend(13281): Too many Flogger logs received before configuration. Dropping old logs.
03-29 04:46:48.110: W/ProxyAndroidLoggerBackend(13281): Too many Flogger logs received before configuration. Dropping old logs.
03-29 04:46:48.111: W/ProxyAndroidLoggerBackend(13281): Too many Flogger logs received before configuration. Dropping old logs.
03-29 04:46:48.111: W/ProxyAndroidLoggerBackend(13281): Too many Flogger logs received before configuration. Dropping old logs.
03-29 04:46:48.112: W/ProxyAndroidLoggerBackend(13281): Too many Flogger logs received before configuration. Dropping old logs.
03-29 04:46:48.112: W/ProxyAndroidLoggerBackend(13281): Too many Flogger logs received before configuration. Dropping old logs.
03-29 04:46:48.113: W/ProxyAndroidLoggerBackend(13281): Too many Flogger logs received before configuration. Dropping old logs.
03-29 04:46:48.113: W/ProxyAndroidLoggerBackend(13281): Too many Flogger logs received before configuration. Dropping old logs.
03-29 04:46:48.114: W/ProxyAndroidLoggerBackend(13281): Too many Flogger logs received before configuration. Dropping old logs.
03-29 04:46:48.115: W/ProxyAndroidLoggerBackend(13281): Too many Flogger logs received before configuration. Dropping old logs.
03-29 04:46:48.116: W/ProxyAndroidLoggerBackend(13281): Too many Flogger logs received before configuration. Dropping old logs.
03-29 04:46:48.116: W/ProxyAndroidLoggerBackend(13281): Too many Flogger logs received before configuration. Dropping old logs.
03-29 04:46:48.117: W/ProxyAndroidLoggerBackend(13281): Too many Flogger logs received before configuration. Dropping old logs.
03-29 04:46:48.117: W/ProxyAndroidLoggerBackend(13281): Too many Flogger logs received before configuration. Dropping old logs.
03-29 04:46:48.118: W/ProxyAndroidLoggerBackend(13281): Too many Flogger logs received before configuration. Dropping old logs.
03-29 04:46:48.119: W/ProxyAndroidLoggerBackend(13281): Too many Flogger logs received before configuration. Dropping old logs.
03-29 04:46:48.119: W/ProxyAndroidLoggerBackend(13281): Too many Flogger logs received before configuration. Dropping old logs.
03-29 04:46:48.120: W/ProxyAndroidLoggerBackend(13281): Too many Flogger logs received before configuration. Dropping old logs.
03-29 04:46:48.120: W/ProxyAndroidLoggerBackend(13281): Too many Flogger logs received before configuration. Dropping old logs.
03-29 04:46:48.121: W/ProxyAndroidLoggerBackend(13281): Too many Flogger logs received before configuration. Dropping old logs.
03-29 04:46:48.121: W/ProxyAndroidLoggerBackend(13281): Too many Flogger logs received before configuration. Dropping old logs.
03-29 04:46:48.122: W/ProxyAndroidLoggerBackend(13281): Too many Flogger logs received before configuration. Dropping old logs.
03-29 04:46:48.123: W/ProxyAndroidLoggerBackend(13281): Too many Flogger logs received before configuration. Dropping old logs.
03-29 04:46:48.124: W/ProxyAndroidLoggerBackend(13281): Too many Flogger logs received before configuration. Dropping old logs.
03-29 04:46:48.124: W/ProxyAndroidLoggerBackend(13281): Too many Flogger logs received before configuration. Dropping old logs.
03-29 04:46:48.125: W/ProxyAndroidLoggerBackend(13281): Too many Flogger logs received before configuration. Dropping old logs.
03-29 04:46:48.126: W/ProxyAndroidLoggerBackend(13281): Too many Flogger logs received before configuration. Dropping old logs.
03-29 04:46:48.127: W/ProxyAndroidLoggerBackend(13281): Too many Flogger logs received before configuration. Dropping old logs.
03-29 04:46:48.127: W/ProxyAndroidLoggerBackend(13281): Too many Flogger logs received before configuration. Dropping old logs.
03-29 04:46:48.128: W/ProxyAndroidLoggerBackend(13281): Too many Flogger logs received before configuration. Dropping old logs.
03-29 04:46:48.129: W/ProxyAndroidLoggerBackend(13281): Too many Flogger logs received before configuration. Dropping old logs.
03-29 04:46:48.129: W/ProxyAndroidLoggerBackend(13281): Too many Flogger logs received before configuration. Dropping old logs.
03-29 04:46:48.129: W/ProxyAndroidLoggerBackend(13281): Too many Flogger logs received before configuration. Dropping old logs.
03-29 04:46:48.130: W/ProxyAndroidLoggerBackend(13281): Too many Flogger logs received before configuration. Dropping old logs.
03-29 04:46:48.131: W/ProxyAndroidLoggerBackend(13281): Too many Flogger logs received before configuration. Dropping old logs.
03-29 04:46:48.131: W/ProxyAndroidLoggerBackend(13281): Too many Flogger logs received before configuration. Dropping old logs.
03-29 04:46:48.132: W/ProxyAndroidLoggerBackend(13281): Too many Flogger logs received before configuration. Dropping old logs.
03-29 04:46:48.132: W/ProxyAndroidLoggerBackend(13281): Too many Flogger logs received before configuration. Dropping old logs.
03-29 04:46:48.133: W/ProxyAndroidLoggerBackend(13281): Too many Flogger logs received before configuration. Dropping old logs.
03-29 04:46:48.133: W/ProxyAndroidLoggerBackend(13281): Too many Flogger logs received before configuration. Dropping old logs.
03-29 04:46:48.134: W/ProxyAndroidLoggerBackend(13281): Too many Flogger logs received before configuration. Dropping old logs.
03-29 04:46:48.135: W/ProxyAndroidLoggerBackend(13281): Too many Flogger logs received before configuration. Dropping old logs.
03-29 04:46:48.136: W/ProxyAndroidLoggerBackend(13281): Too many Flogger logs received before configuration. Dropping old logs.
03-29 04:46:48.136: W/ProxyAndroidLoggerBackend(13281): Too many Flogger logs received before configuration. Dropping old logs.
03-29 04:46:48.137: W/ProxyAndroidLoggerBackend(13281): Too many Flogger logs received before configuration. Dropping old logs.
03-29 04:46:48.137: W/ProxyAndroidLoggerBackend(13281): Too many Flogger logs received before configuration. Dropping old logs.
03-29 04:46:48.138: W/ProxyAndroidLoggerBackend(13281): Too many Flogger logs received before configuration. Dropping old logs.
03-29 04:46:48.139: W/ProxyAndroidLoggerBackend(13281): Too many Flogger logs received before configuration. Dropping old logs.
03-29 04:46:48.139: W/ProxyAndroidLoggerBackend(13281): Too many Flogger logs received before configuration. Dropping old logs.
03-29 04:46:48.140: W/ProxyAndroidLoggerBackend(13281): Too many Flogger logs received before configuration. Dropping old logs.
03-29 04:46:48.140: W/ProxyAndroidLoggerBackend(13281): Too many Flogger logs received before configuration. Dropping old logs.
03-29 04:46:48.141: W/ProxyAndroidLoggerBackend(13281): Too many Flogger logs received before configuration. Dropping old logs.
03-29 04:46:48.141: W/ProxyAndroidLoggerBackend(13281): Too many Flogger logs received before configuration. Dropping old logs.
03-29 04:46:48.142: W/ProxyAndroidLoggerBackend(13281): Too many Flogger logs received before configuration. Dropping old logs.
03-29 04:46:48.143: W/ProxyAndroidLoggerBackend(13281): Too many Flogger logs received before configuration. Dropping old logs.
03-29 04:46:48.143: W/ProxyAndroidLoggerBackend(13281): Too many Flogger logs received before configuration. Dropping old logs.
03-29 04:46:48.144: W/ProxyAndroidLoggerBackend(13281): Too many Flogger logs received before configuration. Dropping old logs.
03-29 04:46:48.144: W/ProxyAndroidLoggerBackend(13281): Too many Flogger logs received before configuration. Dropping old logs.
03-29 04:46:48.145: W/ProxyAndroidLoggerBackend(13281): Too many Flogger logs received before configuration. Dropping old logs.
03-29 04:46:48.145: W/ProxyAndroidLoggerBackend(13281): Too many Flogger logs received before configuration. Dropping old logs.
03-29 04:46:48.146: W/ProxyAndroidLoggerBackend(13281): Too many Flogger logs received before configuration. Dropping old logs.
03-29 04:46:48.146: W/ProxyAndroidLoggerBackend(13281): Too many Flogger logs received before configuration. Dropping old logs.
03-29 04:46:48.147: W/ProxyAndroidLoggerBackend(13281): Too many Flogger logs received before configuration. Dropping old logs.
03-29 04:46:48.147: W/ProxyAndroidLoggerBackend(13281): Too many Flogger logs received before configuration. Dropping old logs.
03-29 04:46:48.148: W/ProxyAndroidLoggerBackend(13281): Too many Flogger logs received before configuration. Dropping old logs.
03-29 04:46:48.149: W/ProxyAndroidLoggerBackend(13281): Too many Flogger logs received before configuration. Dropping old logs.
03-29 04:46:48.150: W/ProxyAndroidLoggerBackend(13281): Too many Flogger logs received before configuration. Dropping old logs.
03-29 04:46:48.151: W/ProxyAndroidLoggerBackend(13281): Too many Flogger logs received before configuration. Dropping old logs.
03-29 04:46:48.151: W/ProxyAndroidLoggerBackend(13281): Too many Flogger logs received before configuration. Dropping old logs.
03-29 04:46:48.152: W/ProxyAndroidLoggerBackend(13281): Too many Flogger logs received before configuration. Dropping old logs.
03-29 04:46:48.152: W/ProxyAndroidLoggerBackend(13281): Too many Flogger logs received before configuration. Dropping old logs.
03-29 04:46:48.153: W/ProxyAndroidLoggerBackend(13281): Too many Flogger logs received before configuration. Dropping old logs.
03-29 04:46:48.153: W/ProxyAndroidLoggerBackend(13281): Too many Flogger logs received before configuration. Dropping old logs.
03-29 04:46:48.153: W/ProxyAndroidLoggerBackend(13281): Too many Flogger logs received before configuration. Dropping old logs.
03-29 04:46:48.154: W/ProxyAndroidLoggerBackend(13281): Too many Flogger logs received before configuration. Dropping old logs.
03-29 04:46:48.154: W/ProxyAndroidLoggerBackend(13281): Too many Flogger logs received before configuration. Dropping old logs.
03-29 04:46:48.155: W/ProxyAndroidLoggerBackend(13281): Too many Flogger logs received before configuration. Dropping old logs.
03-29 04:46:48.156: W/ProxyAndroidLoggerBackend(13281): Too many Flogger logs received before configuration. Dropping old logs.
03-29 04:46:48.156: W/ProxyAndroidLoggerBackend(13281): Too many Flogger logs received before configuration. Dropping old logs.
03-29 04:46:48.157: W/ProxyAndroidLoggerBackend(13281): Too many Flogger logs received before configuration. Dropping old logs.
03-29 04:46:48.157: W/ProxyAndroidLoggerBackend(13281): Too many Flogger logs received before configuration. Dropping old logs.
03-29 04:46:48.158: W/ProxyAndroidLoggerBackend(13281): Too many Flogger logs received before configuration. Dropping old logs.
03-29 04:46:48.158: W/ProxyAndroidLoggerBackend(13281): Too many Flogger logs received before configuration. Dropping old logs.
03-29 04:46:48.172: W/ProxyAndroidLoggerBackend(13281): Too many Flogger logs received before configuration. Dropping old logs.
03-29 04:46:48.173: W/ProxyAndroidLoggerBackend(13281): Too many Flogger logs received before configuration. Dropping old logs.
03-29 04:46:48.173: W/ProxyAndroidLoggerBackend(13281): Too many Flogger logs received before configuration. Dropping old logs.
03-29 04:46:48.174: W/ProxyAndroidLoggerBackend(13281): Too many Flogger logs received before configuration. Dropping old logs.
03-29 04:46:48.175: W/ProxyAndroidLoggerBackend(13281): Too many Flogger logs received before configuration. Dropping old logs.
03-29 04:46:48.193: W/ProxyAndroidLoggerBackend(13281): Too many Flogger logs received before configuration. Dropping old logs.
03-29 04:46:48.194: W/ProxyAndroidLoggerBackend(13281): Too many Flogger logs received before configuration. Dropping old logs.
03-29 04:46:48.194: W/ProxyAndroidLoggerBackend(13281): Too many Flogger logs received before configuration. Dropping old logs.
03-29 04:46:48.195: W/ProxyAndroidLoggerBackend(13281): Too many Flogger logs received before configuration. Dropping old logs.
03-29 04:46:48.196: W/ProxyAndroidLoggerBackend(13281): Too many Flogger logs received before configuration. Dropping old logs.
03-29 04:46:48.196: W/ProxyAndroidLoggerBackend(13281): Too many Flogger logs received before configuration. Dropping old logs.
03-29 04:46:48.197: W/ProxyAndroidLoggerBackend(13281): Too many Flogger logs received before configuration. Dropping old logs.
03-29 04:46:48.197: W/ProxyAndroidLoggerBackend(13281): Too many Flogger logs received before configuration. Dropping old logs.
03-29 04:46:48.197: W/ProxyAndroidLoggerBackend(13281): Too many Flogger logs received before configuration. Dropping old logs.
03-29 04:46:48.198: W/ProxyAndroidLoggerBackend(13281): Too many Flogger logs received before configuration. Dropping old logs.
03-29 04:46:48.205: W/ProxyAndroidLoggerBackend(13281): Too many Flogger logs received before configuration. Dropping old logs.
03-29 04:46:48.206: W/ProxyAndroidLoggerBackend(13281): Too many Flogger logs received before configuration. Dropping old logs.
03-29 04:46:48.207: W/ProxyAndroidLoggerBackend(13281): Too many Flogger logs received before configuration. Dropping old logs.
03-29 04:46:48.207: W/ProxyAndroidLoggerBackend(13281): Too many Flogger logs received before configuration. Dropping old logs.
03-29 04:46:48.208: W/ProxyAndroidLoggerBackend(13281): Too many Flogger logs received before configuration. Dropping old logs.
03-29 04:46:48.212: W/ProxyAndroidLoggerBackend(13281): Too many Flogger logs received before configuration. Dropping old logs.
03-29 04:46:48.213: W/ProxyAndroidLoggerBackend(13281): Too many Flogger logs received before configuration. Dropping old logs.
03-29 04:46:48.213: W/ProxyAndroidLoggerBackend(13281): Too many Flogger logs received before configuration. Dropping old logs.
03-29 04:46:48.214: W/ProxyAndroidLoggerBackend(13281): Too many Flogger logs received before configuration. Dropping old logs.
03-29 04:46:48.215: W/ProxyAndroidLoggerBackend(13281): Too many Flogger logs received before configuration. Dropping old logs.
03-29 04:46:48.215: W/ProxyAndroidLoggerBackend(13281): Too many Flogger logs received before configuration. Dropping old logs.
03-29 04:46:48.216: W/ProxyAndroidLoggerBackend(13281): Too many Flogger logs received before configuration. Dropping old logs.
03-29 04:46:48.216: W/ProxyAndroidLoggerBackend(13281): Too many Flogger logs received before configuration. Dropping old logs.
03-29 04:46:48.217: W/ProxyAndroidLoggerBackend(13281): Too many Flogger logs received before configuration. Dropping old logs.
03-29 04:46:48.217: W/ProxyAndroidLoggerBackend(13281): Too many Flogger logs received before configuration. Dropping old logs.
03-29 04:46:48.218: W/ProxyAndroidLoggerBackend(13281): Too many Flogger logs received before configuration. Dropping old logs.
03-29 04:46:48.225: I/TestSupport(7685): AwaitCommitOperation: uncommitted: FlagOverride(com.google.android.gms.auth_account, , Flag(auth_sig_override_target_uid, 10107, 1, 0), false)
03-29 04:46:48.225: I/TestSupport(7685): AwaitCommitOperation:  sleeping for 640 msec.
03-29 04:46:48.226: W/ProxyAndroidLoggerBackend(13281): Too many Flogger logs received before configuration. Dropping old logs.
03-29 04:46:48.227: W/ProxyAndroidLoggerBackend(13281): Too many Flogger logs received before configuration. Dropping old logs.
03-29 04:46:48.227: W/ProxyAndroidLoggerBackend(13281): Too many Flogger logs received before configuration. Dropping old logs.
03-29 04:46:48.228: W/ProxyAndroidLoggerBackend(13281): Too many Flogger logs received before configuration. Dropping old logs.
03-29 04:46:48.228: W/ProxyAndroidLoggerBackend(13281): Too many Flogger logs received before configuration. Dropping old logs.
03-29 04:46:48.229: W/ProxyAndroidLoggerBackend(13281): Too many Flogger logs received before configuration. Dropping old logs.
03-29 04:46:48.229: W/ProxyAndroidLoggerBackend(13281): Too many Flogger logs received before configuration. Dropping old logs.
03-29 04:46:48.230: W/ProxyAndroidLoggerBackend(13281): Too many Flogger logs received before configuration. Dropping old logs.
03-29 04:46:48.230: W/ProxyAndroidLoggerBackend(13281): Too many Flogger logs received before configuration. Dropping old logs.
03-29 04:46:48.231: W/ProxyAndroidLoggerBackend(13281): Too many Flogger logs received before configuration. Dropping old logs.
03-29 04:46:48.231: W/ProxyAndroidLoggerBackend(13281): Too many Flogger logs received before configuration. Dropping old logs.
03-29 04:46:48.288: W/ProxyAndroidLoggerBackend(13281): Too many Flogger logs received before configuration. Dropping old logs.
03-29 04:46:48.288: W/ProxyAndroidLoggerBackend(13281): Too many Flogger logs received before configuration. Dropping old logs.
03-29 04:46:48.289: W/ProxyAndroidLoggerBackend(13281): Too many Flogger logs received before configuration. Dropping old logs.
03-29 04:46:48.289: W/ProxyAndroidLoggerBackend(13281): Too many Flogger logs received before configuration. Dropping old logs.
03-29 04:46:48.290: W/ProxyAndroidLoggerBackend(13281): Too many Flogger logs received before configuration. Dropping old logs.
03-29 04:46:48.290: W/ProxyAndroidLoggerBackend(13281): Too many Flogger logs received before configuration. Dropping old logs.
03-29 04:46:48.291: W/ProxyAndroidLoggerBackend(13281): Too many Flogger logs received before configuration. Dropping old logs.
03-29 04:46:48.291: W/ProxyAndroidLoggerBackend(13281): Too many Flogger logs received before configuration. Dropping old logs.
03-29 04:46:48.309: W/ProxyAndroidLoggerBackend(13281): Too many Flogger logs received before configuration. Dropping old logs.
03-29 04:46:48.309: W/ProxyAndroidLoggerBackend(13281): Too many Flogger logs received before configuration. Dropping old logs.
03-29 04:46:48.310: W/ProxyAndroidLoggerBackend(13281): Too many Flogger logs received before configuration. Dropping old logs.
03-29 04:46:48.310: W/ProxyAndroidLoggerBackend(13281): Too many Flogger logs received before configuration. Dropping old logs.
03-29 04:46:48.311: W/ProxyAndroidLoggerBackend(13281): Too many Flogger logs received before configuration. Dropping old logs.
03-29 04:46:48.348: W/ProxyAndroidLoggerBackend(13281): Too many Flogger logs received before configuration. Dropping old logs.
03-29 04:46:48.349: W/ProxyAndroidLoggerBackend(13281): Too many Flogger logs received before configuration. Dropping old logs.
03-29 04:46:48.350: W/ProxyAndroidLoggerBackend(13281): Too many Flogger logs received before configuration. Dropping old logs.
03-29 04:46:48.350: W/ProxyAndroidLoggerBackend(13281): Too many Flogger logs received before configuration. Dropping old logs.
03-29 04:46:48.351: W/ProxyAndroidLoggerBackend(13281): Too many Flogger logs received before configuration. Dropping old logs.
03-29 04:46:48.351: W/ProxyAndroidLoggerBackend(13281): Too many Flogger logs received before configuration. Dropping old logs.
03-29 04:46:48.374: W/ProxyAndroidLoggerBackend(13281): Too many Flogger logs received before configuration. Dropping old logs.
03-29 04:46:48.374: W/ProxyAndroidLoggerBackend(13281): Too many Flogger logs received before configuration. Dropping old logs.
03-29 04:46:48.375: W/ProxyAndroidLoggerBackend(13281): Too many Flogger logs received before configuration. Dropping old logs.
03-29 04:46:48.376: W/ProxyAndroidLoggerBackend(13281): Too many Flogger logs received before configuration. Dropping old logs.
03-29 04:46:48.376: W/ProxyAndroidLoggerBackend(13281): Too many Flogger logs received before configuration. Dropping old logs.
03-29 04:46:48.381: W/ProxyAndroidLoggerBackend(13281): Too many Flogger logs received before configuration. Dropping old logs.
03-29 04:46:48.381: W/ProxyAndroidLoggerBackend(13281): Too many Flogger logs received before configuration. Dropping old logs.
03-29 04:46:48.382: W/ProxyAndroidLoggerBackend(13281): Too many Flogger logs received before configuration. Dropping old logs.
03-29 04:46:48.383: W/ProxyAndroidLoggerBackend(13281): Too many Flogger logs received before configuration. Dropping old logs.
03-29 04:46:48.383: W/ProxyAndroidLoggerBackend(13281): Too many Flogger logs received before configuration. Dropping old logs.
03-29 04:46:48.384: W/ProxyAndroidLoggerBackend(13281): Too many Flogger logs received before configuration. Dropping old logs.
03-29 04:46:48.384: W/ProxyAndroidLoggerBackend(13281): Too many Flogger logs received before configuration. Dropping old logs.
03-29 04:46:48.385: W/ProxyAndroidLoggerBackend(13281): Too many Flogger logs received before configuration. Dropping old logs.
03-29 04:46:48.392: W/ProxyAndroidLoggerBackend(13281): Too many Flogger logs received before configuration. Dropping old logs.
03-29 04:46:48.393: W/ProxyAndroidLoggerBackend(13281): Too many Flogger logs received before configuration. Dropping old logs.
03-29 04:46:48.393: W/ProxyAndroidLoggerBackend(13281): Too many Flogger logs received before configuration. Dropping old logs.
03-29 04:46:48.394: W/ProxyAndroidLoggerBackend(13281): Too many Flogger logs received before configuration. Dropping old logs.
03-29 04:46:48.395: W/ProxyAndroidLoggerBackend(13281): Too many Flogger logs received before configuration. Dropping old logs.
03-29 04:46:48.395: W/ProxyAndroidLoggerBackend(13281): Too many Flogger logs received before configuration. Dropping old logs.
03-29 04:46:48.396: W/ProxyAndroidLoggerBackend(13281): Too many Flogger logs received before configuration. Dropping old logs.
03-29 04:46:48.397: W/ProxyAndroidLoggerBackend(13281): Too many Flogger logs received before configuration. Dropping old logs.
03-29 04:46:48.397: W/ProxyAndroidLoggerBackend(13281): Too many Flogger logs received before configuration. Dropping old logs.
03-29 04:46:48.398: W/ProxyAndroidLoggerBackend(13281): Too many Flogger logs received before configuration. Dropping old logs.
03-29 04:46:48.405: W/ProxyAndroidLoggerBackend(13281): Too many Flogger logs received before configuration. Dropping old logs.
03-29 04:46:48.406: W/ProxyAndroidLoggerBackend(13281): Too many Flogger logs received before configuration. Dropping old logs.
03-29 04:46:48.406: W/ProxyAndroidLoggerBackend(13281): Too many Flogger logs received before configuration. Dropping old logs.
03-29 04:46:48.407: W/ProxyAndroidLoggerBackend(13281): Too many Flogger logs received before configuration. Dropping old logs.
03-29 04:46:48.407: W/ProxyAndroidLoggerBackend(13281): Too many Flogger logs received before configuration. Dropping old logs.
03-29 04:46:48.408: W/ProxyAndroidLoggerBackend(13281): Too many Flogger logs received before configuration. Dropping old logs.
03-29 04:46:48.415: W/ProxyAndroidLoggerBackend(13281): Too many Flogger logs received before configuration. Dropping old logs.
03-29 04:46:48.415: W/ProxyAndroidLoggerBackend(13281): Too many Flogger logs received before configuration. Dropping old logs.
03-29 04:46:48.416: W/ProxyAndroidLoggerBackend(13281): Too many Flogger logs received before configuration. Dropping old logs.
03-29 04:46:48.416: W/ProxyAndroidLoggerBackend(13281): Too many Flogger logs received before configuration. Dropping old logs.
03-29 04:46:48.417: W/ProxyAndroidLoggerBackend(13281): Too many Flogger logs received before configuration. Dropping old logs.
03-29 04:46:48.417: W/ProxyAndroidLoggerBackend(13281): Too many Flogger logs received before configuration. Dropping old logs.
03-29 04:46:48.418: W/ProxyAndroidLoggerBackend(13281): Too many Flogger logs received before configuration. Dropping old logs.
03-29 04:46:48.418: W/ProxyAndroidLoggerBackend(13281): Too many Flogger logs received before configuration. Dropping old logs.
03-29 04:46:48.419: W/ProxyAndroidLoggerBackend(13281): Too many Flogger logs received before configuration. Dropping old logs.
03-29 04:46:48.419: W/ProxyAndroidLoggerBackend(13281): Too many Flogger logs received before configuration. Dropping old logs.
03-29 04:46:48.420: W/ProxyAndroidLoggerBackend(13281): Too many Flogger logs received before configuration. Dropping old logs.
03-29 04:46:48.420: W/ProxyAndroidLoggerBackend(13281): Too many Flogger logs received before configuration. Dropping old logs.
03-29 04:46:48.421: W/ProxyAndroidLoggerBackend(13281): Too many Flogger logs received before configuration. Dropping old logs.
03-29 04:46:48.421: W/ProxyAndroidLoggerBackend(13281): Too many Flogger logs received before configuration. Dropping old logs.
03-29 04:46:48.427: W/ProxyAndroidLoggerBackend(13281): Too many Flogger logs received before configuration. Dropping old logs.
03-29 04:46:48.429: W/ProxyAndroidLoggerBackend(13281): Too many Flogger logs received before configuration. Dropping old logs.
03-29 04:46:48.429: W/ProxyAndroidLoggerBackend(13281): Too many Flogger logs received before configuration. Dropping old logs.
03-29 04:46:48.430: W/ProxyAndroidLoggerBackend(13281): Too many Flogger logs received before configuration. Dropping old logs.
03-29 04:46:48.430: W/ProxyAndroidLoggerBackend(13281): Too many Flogger logs received before configuration. Dropping old logs.
03-29 04:46:48.431: W/ProxyAndroidLoggerBackend(13281): Too many Flogger logs received before configuration. Dropping old logs.
03-29 04:46:48.431: W/ProxyAndroidLoggerBackend(13281): Too many Flogger logs received before configuration. Dropping old logs.
03-29 04:46:48.439: W/ProxyAndroidLoggerBackend(13281): Too many Flogger logs received before configuration. Dropping old logs.
03-29 04:46:48.439: W/ProxyAndroidLoggerBackend(13281): Too many Flogger logs received before configuration. Dropping old logs.
03-29 04:46:48.440: W/ProxyAndroidLoggerBackend(13281): Too many Flogger logs received before configuration. Dropping old logs.
03-29 04:46:48.440: W/ProxyAndroidLoggerBackend(13281): Too many Flogger logs received before configuration. Dropping old logs.
03-29 04:46:48.441: W/ProxyAndroidLoggerBackend(13281): Too many Flogger logs received before configuration. Dropping old logs.
03-29 04:46:48.441: W/ProxyAndroidLoggerBackend(13281): Too many Flogger logs received before configuration. Dropping old logs.
03-29 04:46:48.455: W/ProxyAndroidLoggerBackend(13281): Too many Flogger logs received before configuration. Dropping old logs.
03-29 04:46:48.455: W/ProxyAndroidLoggerBackend(13281): Too many Flogger logs received before configuration. Dropping old logs.
03-29 04:46:48.455: W/ProxyAndroidLoggerBackend(13281): Too many Flogger logs received before configuration. Dropping old logs.
03-29 04:46:48.456: W/ProxyAndroidLoggerBackend(13281): Too many Flogger logs received before configuration. Dropping old logs.
03-29 04:46:48.456: W/ProxyAndroidLoggerBackend(13281): Too many Flogger logs received before configuration. Dropping old logs.
03-29 04:46:48.457: W/ProxyAndroidLoggerBackend(13281): Too many Flogger logs received before configuration. Dropping old logs.
03-29 04:46:48.457: W/ProxyAndroidLoggerBackend(13281): Too many Flogger logs received before configuration. Dropping old logs.
03-29 04:46:48.457: W/ProxyAndroidLoggerBackend(13281): Too many Flogger logs received before configuration. Dropping old logs.
03-29 04:46:48.458: W/ProxyAndroidLoggerBackend(13281): Too many Flogger logs received before configuration. Dropping old logs.
03-29 04:46:48.458: W/ProxyAndroidLoggerBackend(13281): Too many Flogger logs received before configuration. Dropping old logs.
03-29 04:46:48.462: I/ModelDownloadListener(2941): Schdedule model download
03-29 04:46:48.480: I/BgTaskExecutorImpl(2941): Starting EXCLUSIVE background task UPDATE_HOTWORD_MODELS.
03-29 04:46:48.486: I/ModelDownloadController(2941): requestHotwordModelUpdate modelType-OK_GOOGLE modelLocale-en-GB
03-29 04:46:48.487: I/ModelDownloadController(2941): Handle the downloaded hotword model
03-29 04:46:48.487: I/ModelDownloadController(2941): the model is already used
03-29 04:46:48.487: I/ModelDownloadController(2941): Model download failed
03-29 04:46:48.504: W/SearchServiceCore(2941): Abort, client detached.
03-29 04:46:48.504: W/SearchServiceCore(2941): Abort, client detached.
03-29 04:46:48.504: W/SearchServiceCore(2941): Abort, client detached.
03-29 04:46:48.504: W/SearchServiceCore(2941): Abort, client detached.
03-29 04:46:48.515: W/ProxyAndroidLoggerBackend(13281): Too many Flogger logs received before configuration. Dropping old logs.
03-29 04:46:48.516: W/ProxyAndroidLoggerBackend(13281): Too many Flogger logs received before configuration. Dropping old logs.
03-29 04:46:48.516: W/ProxyAndroidLoggerBackend(13281): Too many Flogger logs received before configuration. Dropping old logs.
03-29 04:46:48.516: W/ProxyAndroidLoggerBackend(13281): Too many Flogger logs received before configuration. Dropping old logs.
03-29 04:46:48.517: W/ProxyAndroidLoggerBackend(13281): Too many Flogger logs received before configuration. Dropping old logs.
03-29 04:46:48.517: W/ProxyAndroidLoggerBackend(13281): Too many Flogger logs received before configuration. Dropping old logs.
03-29 04:46:48.517: W/ProxyAndroidLoggerBackend(13281): Too many Flogger logs received before configuration. Dropping old logs.
03-29 04:46:48.518: W/ProxyAndroidLoggerBackend(13281): Too many Flogger logs received before configuration. Dropping old logs.
03-29 04:46:48.518: W/ProxyAndroidLoggerBackend(13281): Too many Flogger logs received before configuration. Dropping old logs.
03-29 04:46:48.552: W/ProxyAndroidLoggerBackend(13281): Too many Flogger logs received before configuration. Dropping old logs.
03-29 04:46:48.552: W/ProxyAndroidLoggerBackend(13281): Too many Flogger logs received before configuration. Dropping old logs.
03-29 04:46:48.556: W/ProxyAndroidLoggerBackend(13281): Too many Flogger logs received before configuration. Dropping old logs.
03-29 04:46:48.557: W/ProxyAndroidLoggerBackend(13281): Too many Flogger logs received before configuration. Dropping old logs.
03-29 04:46:48.557: W/ProxyAndroidLoggerBackend(13281): Too many Flogger logs received before configuration. Dropping old logs.
03-29 04:46:48.557: W/ProxyAndroidLoggerBackend(13281): Too many Flogger logs received before configuration. Dropping old logs.
03-29 04:46:48.558: W/ProxyAndroidLoggerBackend(13281): Too many Flogger logs received before configuration. Dropping old logs.
03-29 04:46:48.558: W/ProxyAndroidLoggerBackend(13281): Too many Flogger logs received before configuration. Dropping old logs.
03-29 04:46:48.559: W/ProxyAndroidLoggerBackend(13281): Too many Flogger logs received before configuration. Dropping old logs.
03-29 04:46:48.559: W/ProxyAndroidLoggerBackend(13281): Too many Flogger logs received before configuration. Dropping old logs.
03-29 04:46:48.559: W/ProxyAndroidLoggerBackend(13281): Too many Flogger logs received before configuration. Dropping old logs.
03-29 04:46:48.559: W/ProxyAndroidLoggerBackend(13281): Too many Flogger logs received before configuration. Dropping old logs.
03-29 04:46:48.560: W/ProxyAndroidLoggerBackend(13281): Too many Flogger logs received before configuration. Dropping old logs.
03-29 04:46:48.560: W/ProxyAndroidLoggerBackend(13281): Too many Flogger logs received before configuration. Dropping old logs.
03-29 04:46:48.560: W/ProxyAndroidLoggerBackend(13281): Too many Flogger logs received before configuration. Dropping old logs.
03-29 04:46:48.561: W/ProxyAndroidLoggerBackend(13281): Too many Flogger logs received before configuration. Dropping old logs.
03-29 04:46:48.561: I/EngineIdGenerator(2941): Refusing EXCLUSIVE task INTERNAL_PERIODIC_TASK_SYNC, it is already pending. Try again in 349 seconds.
03-29 04:46:48.564: I/AssistantStateReceiver(2124): Received Intent { act=com.google.android.systemui.OPA_ENABLED flg=0x10000010 cmp=com.android.systemui/com.google.android.systemui.AssistantStateReceiver (has extras) } with enabled = true userId=0
03-29 04:46:48.566: I/OpaLayout(2124): Setting opa enabled to true
03-29 04:46:48.566: I/OpaLayout(2124): Setting opa enabled to true
03-29 04:46:48.583: I/OpaEligibilityChecker(2941): send OpaEligibilityChange broadcast to CommonBroadcastReceiver
03-29 04:46:48.613: W/ProxyAndroidLoggerBackend(13281): Too many Flogger logs received before configuration. Dropping old logs.
03-29 04:46:48.614: W/ProxyAndroidLoggerBackend(13281): Too many Flogger logs received before configuration. Dropping old logs.
03-29 04:46:48.614: W/ProxyAndroidLoggerBackend(13281): Too many Flogger logs received before configuration. Dropping old logs.
03-29 04:46:48.614: W/ProxyAndroidLoggerBackend(13281): Too many Flogger logs received before configuration. Dropping old logs.
03-29 04:46:48.615: W/ProxyAndroidLoggerBackend(13281): Too many Flogger logs received before configuration. Dropping old logs.
03-29 04:46:48.635: W/ProxyAndroidLoggerBackend(13281): Too many Flogger logs received before configuration. Dropping old logs.
03-29 04:46:48.636: W/ProxyAndroidLoggerBackend(13281): Too many Flogger logs received before configuration. Dropping old logs.
03-29 04:46:48.636: W/ProxyAndroidLoggerBackend(13281): Too many Flogger logs received before configuration. Dropping old logs.
03-29 04:46:48.636: W/ProxyAndroidLoggerBackend(13281): Too many Flogger logs received before configuration. Dropping old logs.
03-29 04:46:48.637: W/ProxyAndroidLoggerBackend(13281): Too many Flogger logs received before configuration. Dropping old logs.
03-29 04:46:48.637: W/ProxyAndroidLoggerBackend(13281): Too many Flogger logs received before configuration. Dropping old logs.
03-29 04:46:48.637: W/ProxyAndroidLoggerBackend(13281): Too many Flogger logs received before configuration. Dropping old logs.
03-29 04:46:48.697: I/Icing(7685): IndexChimeraService.getServiceInterface callingPackage=com.google.android.googlequicksearchbox componentName=agsa_icing_connection serviceId=SEARCH_QUERIES
03-29 04:46:48.700: I/Icing(7685): IndexChimeraService.getServiceInterface callingPackage=com.google.android.googlequicksearchbox componentName=agsa_icing_connection serviceId=GLOBAL_SEARCH_ADMIN
03-29 04:46:48.708: W/ProxyAndroidLoggerBackend(13281): Too many Flogger logs received before configuration. Dropping old logs.
03-29 04:46:48.755: I/Icing(7685): Usage reports ok 0, Failed Usage reports 0, indexed 0, rejected 0, imm upload true
03-29 04:46:48.773: W/ProxyAndroidLoggerBackend(13281): Too many Flogger logs received before configuration. Dropping old logs.
03-29 04:46:48.774: W/ProxyAndroidLoggerBackend(13281): Too many Flogger logs received before configuration. Dropping old logs.
03-29 04:46:48.835: I/Icing(7685): Usage reports ok 0, Failed Usage reports 0, indexed 0, rejected 0, imm upload true
03-29 04:46:48.875: W/ProxyAndroidLoggerBackend(13281): Too many Flogger logs received before configuration. Dropping old logs.
03-29 04:46:48.894: I/TestSupport(7685): AwaitCommitOperation: uncommitted: FlagOverride(com.google.android.gms.auth_account, , Flag(auth_sig_override_target_uid, 10107, 1, 0), false)
03-29 04:46:48.894: I/TestSupport(7685): AwaitCommitOperation:  sleeping for 1280 msec.
03-29 04:46:48.898: W/SearchServiceCore(2941): Abort, client detached.
03-29 04:46:48.898: W/SearchServiceCore(2941): Abort, client detached.
03-29 04:46:48.898: W/SearchServiceCore(2941): Abort, client detached.
03-29 04:46:48.904: W/SearchServiceCore(2941): Abort, client detached.
03-29 04:46:48.904: W/SearchServiceCore(2941): Abort, client detached.
03-29 04:46:48.934: I/art(2941): Do partial code cache collection, code=499KB, data=432KB
03-29 04:46:48.940: I/art(2941): After code cache collection, code=494KB, data=429KB
03-29 04:46:48.940: I/art(2941): Increasing code cache capacity to 2MB
03-29 04:46:48.964: W/ProxyAndroidLoggerBackend(13281): Too many Flogger logs received before configuration. Dropping old logs.
