03-29 04:46:42.651: E/Volley(13281): 	at baf.a(SourceFile:1)
03-29 04:46:42.651: E/Volley(13281): 	at baj.a(SourceFile:17)
03-29 04:46:42.651: E/Volley(13281): 	at azn.a(SourceFile:8)
03-29 04:46:42.651: E/Volley(13281): 	at azn.run(SourceFile:2)
03-29 04:46:42.652: E/Volley(13281): [92] azn.a: Unhandled exception java.lang.IllegalArgumentException: account is null
03-29 04:46:42.652: E/Volley(13281): java.lang.IllegalArgumentException: account is null
03-29 04:46:42.652: E/Volley(13281): 	at android.accounts.AccountManager.getAuthToken(AccountManager.java:1482)
03-29 04:46:42.652: E/Volley(13281): 	at android.accounts.AccountManager.getAuthToken(AccountManager.java:1402)
03-29 04:46:42.652: E/Volley(13281): 	at bag.a(SourceFile:1)
03-29 04:46:42.652: E/Volley(13281): 	at clr.a(SourceFile:12)
03-29 04:46:42.652: E/Volley(13281): 	at crp.g(SourceFile:7)
03-29 04:46:42.652: E/Volley(13281): 	at tgt.b(SourceFile:3)
03-29 04:46:42.652: E/Volley(13281): 	at baf.a(SourceFile:1)
03-29 04:46:42.652: E/Volley(13281): 	at baj.a(SourceFile:17)
03-29 04:46:42.652: E/Volley(13281): 	at azn.a(SourceFile:8)
03-29 04:46:42.652: E/Volley(13281): 	at azn.run(SourceFile:2)
03-29 04:46:42.652: E/Volley(13281): [92] azn.a: Unhandled exception java.lang.IllegalArgumentException: account is null
03-29 04:46:42.652: E/Volley(13281): java.lang.IllegalArgumentException: account is null
03-29 04:46:42.652: E/Volley(13281): 	at android.accounts.AccountManager.getAuthToken(AccountManager.java:1482)
03-29 04:46:42.652: E/Volley(13281): 	at android.accounts.AccountManager.getAuthToken(AccountManager.java:1402)
03-29 04:46:42.652: E/Volley(13281): 	at bag.a(SourceFile:1)
03-29 04:46:42.652: E/Volley(13281): 	at clr.a(SourceFile:12)
03-29 04:46:42.652: E/Volley(13281): 	at crp.g(SourceFile:7)
03-29 04:46:42.652: E/Volley(13281): 	at tgt.b(SourceFile:3)
03-29 04:46:42.652: E/Volley(13281): 	at baf.a(SourceFile:1)
03-29 04:46:42.652: E/Volley(13281): 	at baj.a(SourceFile:17)
03-29 04:46:42.652: E/Volley(13281): 	at azn.a(SourceFile:8)
03-29 04:46:42.652: E/Volley(13281): 	at azn.run(SourceFile:2)
03-29 04:46:42.653: E/Volley(13281): [95] azn.a: Unhandled exception java.lang.IllegalArgumentException: account is null
03-29 04:46:42.653: E/Volley(13281): java.lang.IllegalArgumentException: account is null
03-29 04:46:42.653: E/Volley(13281): 	at android.accounts.AccountManager.getAuthToken(AccountManager.java:1482)
03-29 04:46:42.653: E/Volley(13281): 	at android.accounts.AccountManager.getAuthToken(AccountManager.java:1402)
03-29 04:46:42.653: E/Volley(13281): 	at bag.a(SourceFile:1)
03-29 04:46:42.653: E/Volley(13281): 	at clr.a(SourceFile:12)
03-29 04:46:42.653: E/Volley(13281): 	at crp.g(SourceFile:7)
03-29 04:46:42.653: E/Volley(13281): 	at tgt.b(SourceFile:3)
03-29 04:46:42.653: E/Volley(13281): 	at baf.a(SourceFile:1)
03-29 04:46:42.653: E/Volley(13281): 	at baj.a(SourceFile:17)
03-29 04:46:42.653: E/Volley(13281): 	at azn.a(SourceFile:8)
03-29 04:46:42.653: E/Volley(13281): 	at azn.run(SourceFile:2)
03-29 04:46:42.653: E/Volley(13281): [94] azn.a: Unhandled exception java.lang.IllegalArgumentException: account is null
03-29 04:46:42.653: E/Volley(13281): java.lang.IllegalArgumentException: account is null
03-29 04:46:42.653: E/Volley(13281): 	at android.accounts.AccountManager.getAuthToken(AccountManager.java:1482)
03-29 04:46:42.653: E/Volley(13281): 	at android.accounts.AccountManager.getAuthToken(AccountManager.java:1402)
03-29 04:46:42.653: E/Volley(13281): 	at bag.a(SourceFile:1)
03-29 04:46:42.653: E/Volley(13281): 	at clr.a(SourceFile:12)
03-29 04:46:42.653: E/Volley(13281): 	at crp.g(SourceFile:7)
03-29 04:46:42.653: E/Volley(13281): 	at tgt.b(SourceFile:3)
03-29 04:46:42.653: E/Volley(13281): 	at baf.a(SourceFile:1)
03-29 04:46:42.653: E/Volley(13281): 	at baj.a(SourceFile:17)
03-29 04:46:42.653: E/Volley(13281): 	at azn.a(SourceFile:8)
03-29 04:46:42.653: E/Volley(13281): 	at azn.run(SourceFile:2)
03-29 04:46:42.653: E/Volley(13281): [92] azn.a: Unhandled exception java.lang.IllegalArgumentException: account is null
03-29 04:46:42.653: E/Volley(13281): java.lang.IllegalArgumentException: account is null
03-29 04:46:42.653: E/Volley(13281): 	at android.accounts.AccountManager.getAuthToken(AccountManager.java:1482)
03-29 04:46:42.653: E/Volley(13281): 	at android.accounts.AccountManager.getAuthToken(AccountManager.java:1402)
03-29 04:46:42.653: E/Volley(13281): 	at bag.a(SourceFile:1)
03-29 04:46:42.653: E/Volley(13281): 	at clr.a(SourceFile:12)
03-29 04:46:42.653: E/Volley(13281): 	at crp.g(SourceFile:7)
03-29 04:46:42.653: E/Volley(13281): 	at tgt.b(SourceFile:3)
03-29 04:46:42.653: E/Volley(13281): 	at baf.a(SourceFile:1)
03-29 04:46:42.653: E/Volley(13281): 	at baj.a(SourceFile:17)
03-29 04:46:42.653: E/Volley(13281): 	at azn.a(SourceFile:8)
03-29 04:46:42.653: E/Volley(13281): 	at azn.run(SourceFile:2)
03-29 04:46:42.653: E/Volley(13281): [95] azn.a: Unhandled exception java.lang.IllegalArgumentException: account is null
03-29 04:46:42.653: E/Volley(13281): java.lang.IllegalArgumentException: account is null
03-29 04:46:42.653: E/Volley(13281): 	at android.accounts.AccountManager.getAuthToken(AccountManager.java:1482)
03-29 04:46:42.653: E/Volley(13281): 	at android.accounts.AccountManager.getAuthToken(AccountManager.java:1402)
03-29 04:46:42.653: E/Volley(13281): 	at bag.a(SourceFile:1)
03-29 04:46:42.653: E/Volley(13281): 	at clr.a(SourceFile:12)
03-29 04:46:42.653: E/Volley(13281): 	at crp.g(SourceFile:7)
03-29 04:46:42.653: E/Volley(13281): 	at tgt.b(SourceFile:3)
03-29 04:46:42.653: E/Volley(13281): 	at baf.a(SourceFile:1)
03-29 04:46:42.653: E/Volley(13281): 	at baj.a(SourceFile:17)
03-29 04:46:42.653: E/Volley(13281): 	at azn.a(SourceFile:8)
03-29 04:46:42.653: E/Volley(13281): 	at azn.run(SourceFile:2)
03-29 04:46:42.654: E/Volley(13281): [92] azn.a: Unhandled exception java.lang.IllegalArgumentException: account is null
03-29 04:46:42.654: E/Volley(13281): java.lang.IllegalArgumentException: account is null
03-29 04:46:42.654: E/Volley(13281): 	at android.accounts.AccountManager.getAuthToken(AccountManager.java:1482)
03-29 04:46:42.654: E/Volley(13281): 	at android.accounts.AccountManager.getAuthToken(AccountManager.java:1402)
03-29 04:46:42.654: E/Volley(13281): 	at bag.a(SourceFile:1)
03-29 04:46:42.654: E/Volley(13281): 	at clr.a(SourceFile:12)
03-29 04:46:42.654: E/Volley(13281): 	at crp.g(SourceFile:7)
03-29 04:46:42.654: E/Volley(13281): 	at tgt.b(SourceFile:3)
03-29 04:46:42.654: E/Volley(13281): 	at baf.a(SourceFile:1)
03-29 04:46:42.654: E/Volley(13281): 	at baj.a(SourceFile:17)
03-29 04:46:42.654: E/Volley(13281): 	at azn.a(SourceFile:8)
03-29 04:46:42.654: E/Volley(13281): 	at azn.run(SourceFile:2)
03-29 04:46:42.654: E/Volley(13281): [95] azn.a: Unhandled exception java.lang.IllegalArgumentException: account is null
03-29 04:46:42.654: E/Volley(13281): java.lang.IllegalArgumentException: account is null
03-29 04:46:42.654: E/Volley(13281): 	at android.accounts.AccountManager.getAuthToken(AccountManager.java:1482)
03-29 04:46:42.654: E/Volley(13281): 	at android.accounts.AccountManager.getAuthToken(AccountManager.java:1402)
03-29 04:46:42.654: E/Volley(13281): 	at bag.a(SourceFile:1)
03-29 04:46:42.654: E/Volley(13281): 	at clr.a(SourceFile:12)
03-29 04:46:42.654: E/Volley(13281): 	at crp.g(SourceFile:7)
03-29 04:46:42.654: E/Volley(13281): 	at tgt.b(SourceFile:3)
03-29 04:46:42.654: E/Volley(13281): 	at baf.a(SourceFile:1)
03-29 04:46:42.654: E/Volley(13281): 	at baj.a(SourceFile:17)
03-29 04:46:42.654: E/Volley(13281): 	at azn.a(SourceFile:8)
03-29 04:46:42.654: E/Volley(13281): 	at azn.run(SourceFile:2)
03-29 04:46:42.655: E/Volley(13281): [94] azn.a: Unhandled exception java.lang.IllegalArgumentException: account is null
03-29 04:46:42.655: E/Volley(13281): java.lang.IllegalArgumentException: account is null
03-29 04:46:42.655: E/Volley(13281): 	at android.accounts.AccountManager.getAuthToken(AccountManager.java:1482)
03-29 04:46:42.655: E/Volley(13281): 	at android.accounts.AccountManager.getAuthToken(AccountManager.java:1402)
03-29 04:46:42.655: E/Volley(13281): 	at bag.a(SourceFile:1)
03-29 04:46:42.655: E/Volley(13281): 	at clr.a(SourceFile:12)
03-29 04:46:42.655: E/Volley(13281): 	at crp.g(SourceFile:7)
03-29 04:46:42.655: E/Volley(13281): 	at tgt.b(SourceFile:3)
03-29 04:46:42.655: E/Volley(13281): 	at baf.a(SourceFile:1)
03-29 04:46:42.655: E/Volley(13281): 	at baj.a(SourceFile:17)
03-29 04:46:42.655: E/Volley(13281): 	at azn.a(SourceFile:8)
03-29 04:46:42.655: E/Volley(13281): 	at azn.run(SourceFile:2)
03-29 04:46:42.655: E/ANDR-PERF-OPTSHANDLER(640): perf_lock_rel: updated /sys/class/scsi_host/host0/../../../clkscale_enable with 1
03-29 04:46:42.655: E/ANDR-PERF-OPTSHANDLER(640):  return value 2
03-29 04:46:42.693: W/ChimeraUtils(7635): Non Chimera context
03-29 04:46:42.703: W/WakefulBroadcastReceiv.(7635): No active wake lock id #2
03-29 04:46:42.722: I/DpmTcmClient(13281): RegisterTcmMonitor from: org.apache.http.impl.conn.TcmIdleTimerMonitor
03-29 04:46:42.729: E/Finsky(13281): [1] gyk.a(-1): Error acking notifications [[EAMaEmZiYTAwNjdmNTdmNDJhZjM6MyDF55Kzji0oBg]]
03-29 04:46:42.732: E/Finsky(13281): [1] gyk.a(-1): Error acking notifications [[EAMaEjdhOTVjZDAxMzQ4NDAyNDc6MyDFx47jly0oBg]]
03-29 04:46:42.733: E/Finsky(13281): [1] gyk.a(-1): Error acking notifications [[EAMaEmEzYmRiMzI4OGRiNGVjOTg6MyDruq_PlC0oBg]]
03-29 04:46:42.734: E/Finsky(13281): [1] gyk.a(-1): Error acking notifications [[EAMaEmQ2YzQ2NDJjMzE5NTJjNzc6MyC28dScmy0oBg]]
03-29 04:46:42.736: E/Finsky(13281): [1] gyk.a(-1): Error acking notifications [[EAMaEjYzN2Y5MGUxOTViYmFiMzE6MyDTk7ihmi0oBg]]
03-29 04:46:42.737: E/Finsky(13281): [1] gyk.a(-1): Error acking notifications [[EAMaEmNhY2FiNjg1MTdhY2RiOGE6MyCTg5fhmy0oBg]]
03-29 04:46:42.741: E/Finsky(13281): [1] gyk.a(-1): Error acking notifications [[EAMaEmRkMzgyZGIyMTVmN2M3ODY6MyDcur6Nky0oBg]]
03-29 04:46:42.742: E/Finsky(13281): [1] gyk.a(-1): Error acking notifications [[EAMaEjdhOTVjZDAxMzQ4NDAyNDc6MyDFx47jly0oBg]]
03-29 04:46:42.746: E/Finsky(13281): [1] gyk.a(-1): Error acking notifications [[EAMaEmZiYTAwNjdmNTdmNDJhZjM6MyDF55Kzji0oBg]]
03-29 04:46:42.749: E/Finsky(13281): [1] gyk.a(-1): Error acking notifications [[EAMaEmEzYmRiMzI4OGRiNGVjOTg6MyDruq_PlC0oBg]]
03-29 04:46:42.753: E/Finsky(13281): [1] gyk.a(-1): Error acking notifications [[EAMaEmNhY2FiNjg1MTdhY2RiOGE6MyCTg5fhmy0oBg]]
03-29 04:46:42.756: E/Finsky(13281): [1] gyk.a(-1): Error acking notifications [[EAMaEjYzN2Y5MGUxOTViYmFiMzE6MyDTk7ihmi0oBg]]
03-29 04:46:42.757: I/Auth(7685): [SupervisedAccountIntentOperation] onHandleIntent(): com.google.android.gms.auth.ACCOUNT_SERVICES_CHANGED
03-29 04:46:42.759: E/Finsky(13281): [1] gyk.a(-1): Error acking notifications [[EAMaEmRkMzgyZGIyMTVmN2M3ODY6MyDcur6Nky0oBg]]
03-29 04:46:42.763: E/Finsky(13281): [1] gyk.a(-1): Error acking notifications [[EAMaEjdhOTVjZDAxMzQ4NDAyNDc6MyDFx47jly0oBg]]
03-29 04:46:42.766: E/Finsky(13281): [1] gyk.a(-1): Error acking notifications [[EAMaEmEzYmRiMzI4OGRiNGVjOTg6MyDruq_PlC0oBg]]
03-29 04:46:42.767: W/Conscrypt(7685): Could not set socket write timeout: java.net.SocketException: Socket closed
03-29 04:46:42.767: W/Conscrypt(7685): 	at com.google.android.gms.org.conscrypt.Platform.setSocketWriteTimeout(:com.google.android.gms@15090019@15.0.90 (040400-231259764):2)
03-29 04:46:42.767: W/Conscrypt(7685): 	at com.google.android.gms.org.conscrypt.ConscryptFileDescriptorSocket.setSoWriteTimeout(:com.google.android.gms@15090019@15.0.90 (040400-231259764):2)
03-29 04:46:42.769: E/Finsky(13281): [1] gyk.a(-1): Error acking notifications [[EAMaEmZiYTAwNjdmNTdmNDJhZjM6MyDF55Kzji0oBg]]
03-29 04:46:42.772: E/Finsky(13281): [1] gyk.a(-1): Error acking notifications [[EAMaEmNhY2FiNjg1MTdhY2RiOGE6MyCTg5fhmy0oBg]]
03-29 04:46:42.774: I/art(13281): Do partial code cache collection, code=104KB, data=111KB
03-29 04:46:42.774: I/art(13281): After code cache collection, code=104KB, data=111KB
03-29 04:46:42.774: I/art(13281): Increasing code cache capacity to 512KB
03-29 04:46:42.776: E/Finsky(13281): [1] gyk.a(-1): Error acking notifications [[EAMaEjYzN2Y5MGUxOTViYmFiMzE6MyDTk7ihmi0oBg]]
03-29 04:46:42.778: I/Auth(7685): [SupervisedAccountIntentOperation] This operation is disabled
03-29 04:46:42.779: E/Finsky(13281): [1] gyk.a(-1): Error acking notifications [[EAMaEmRkMzgyZGIyMTVmN2M3ODY6MyDcur6Nky0oBg]]
03-29 04:46:42.783: E/Finsky(13281): [1] gyk.a(-1): Error acking notifications [[EAMaEjdhOTVjZDAxMzQ4NDAyNDc6MyDFx47jly0oBg]]
03-29 04:46:42.785: E/Finsky(13281): [1] gyk.a(-1): Error acking notifications [[EAMaEmQ2YzQ2NDJjMzE5NTJjNzc6MyC28dScmy0oBg]]
03-29 04:46:42.788: E/Finsky(13281): [1] gyk.a(-1): Error acking notifications [[EAMaEmZiYTAwNjdmNTdmNDJhZjM6MyDF55Kzji0oBg]]
03-29 04:46:42.791: E/Finsky(13281): [1] gyk.a(-1): Error acking notifications [[EAMaEmEzYmRiMzI4OGRiNGVjOTg6MyDruq_PlC0oBg]]
03-29 04:46:42.794: E/Finsky(13281): [1] gyk.a(-1): Error acking notifications [[EAMaEmNhY2FiNjg1MTdhY2RiOGE6MyCTg5fhmy0oBg]]
03-29 04:46:42.797: E/Finsky(13281): [1] gyk.a(-1): Error acking notifications [[EAMaEjYzN2Y5MGUxOTViYmFiMzE6MyDTk7ihmi0oBg]]
03-29 04:46:42.800: E/Finsky(13281): [1] gyk.a(-1): Error acking notifications [[EAMaEmRkMzgyZGIyMTVmN2M3ODY6MyDcur6Nky0oBg]]
03-29 04:46:42.802: E/Finsky(13281): [1] gyk.a(-1): Error acking notifications [[EAMaEmZiYTAwNjdmNTdmNDJhZjM6MyDF55Kzji0oBg]]
03-29 04:46:42.805: E/Finsky(13281): [1] gyk.a(-1): Error acking notifications [[EAMaEmEzYmRiMzI4OGRiNGVjOTg6MyDruq_PlC0oBg]]
03-29 04:46:42.807: E/Finsky(13281): [1] gyk.a(-1): Error acking notifications [[EAMaEjdhOTVjZDAxMzQ4NDAyNDc6MyDFx47jly0oBg]]
03-29 04:46:42.810: E/Finsky(13281): [1] gyk.a(-1): Error acking notifications [[EAMaEmNhY2FiNjg1MTdhY2RiOGE6MyCTg5fhmy0oBg]]
03-29 04:46:42.813: E/Finsky(13281): [1] gyk.a(-1): Error acking notifications [[EAMaEjYzN2Y5MGUxOTViYmFiMzE6MyDTk7ihmi0oBg]]
03-29 04:46:42.817: E/Finsky(13281): [1] gyk.a(-1): Error acking notifications [[EAMaEmQ2YzQ2NDJjMzE5NTJjNzc6MyC28dScmy0oBg]]
03-29 04:46:42.820: E/Finsky(13281): [1] gyk.a(-1): Error acking notifications [[EAMaEmQ2YzQ2NDJjMzE5NTJjNzc6MyC28dScmy0oBg]]
03-29 04:46:42.823: E/Finsky(13281): [1] gyk.a(-1): Error acking notifications [[EAMaEmRkMzgyZGIyMTVmN2M3ODY6MyDcur6Nky0oBg]]
03-29 04:46:42.825: E/Finsky(13281): [1] gyk.a(-1): Error acking notifications [[EAMaEjdhOTVjZDAxMzQ4NDAyNDc6MyDFx47jly0oBg]]
03-29 04:46:42.826: I/art(13281): Compiler allocated 4MB to compile int afdi.e(java.lang.Object)
03-29 04:46:42.828: E/Finsky(13281): [1] gyk.a(-1): Error acking notifications [[EAMaEmEzYmRiMzI4OGRiNGVjOTg6MyDruq_PlC0oBg]]
03-29 04:46:42.831: E/Finsky(13281): [1] gyk.a(-1): Error acking notifications [[EAMaEmZiYTAwNjdmNTdmNDJhZjM6MyDF55Kzji0oBg]]
03-29 04:46:42.833: E/Finsky(13281): [1] gyk.a(-1): Error acking notifications [[EAMaEmQ2YzQ2NDJjMzE5NTJjNzc6MyC28dScmy0oBg]]
03-29 04:46:42.835: E/Finsky(13281): [1] gyk.a(-1): Error acking notifications [[EAMaEmNhY2FiNjg1MTdhY2RiOGE6MyCTg5fhmy0oBg]]
03-29 04:46:42.838: E/Finsky(13281): [1] gyk.a(-1): Error acking notifications [[EAMaEjYzN2Y5MGUxOTViYmFiMzE6MyDTk7ihmi0oBg]]
03-29 04:46:42.840: E/Finsky(13281): [1] gyk.a(-1): Error acking notifications [[EAMaEmQ2YzQ2NDJjMzE5NTJjNzc6MyC28dScmy0oBg]]
03-29 04:46:42.843: E/Finsky(13281): [1] gyk.a(-1): Error acking notifications [[EAMaEmRkMzgyZGIyMTVmN2M3ODY6MyDcur6Nky0oBg]]
03-29 04:46:42.846: E/Finsky(13281): [1] gyk.a(-1): Error acking notifications [[EAMaEmZiYTAwNjdmNTdmNDJhZjM6MyDF55Kzji0oBg]]
03-29 04:46:42.849: E/Finsky(13281): [1] gyk.a(-1): Error acking notifications [[EAMaEmEzYmRiMzI4OGRiNGVjOTg6MyDruq_PlC0oBg]]
03-29 04:46:42.851: E/Finsky(13281): [1] gyk.a(-1): Error acking notifications [[EAMaEjdhOTVjZDAxMzQ4NDAyNDc6MyDFx47jly0oBg]]
03-29 04:46:42.853: E/Finsky(13281): [1] gyk.a(-1): Error acking notifications [[EAMaEmQ2YzQ2NDJjMzE5NTJjNzc6MyC28dScmy0oBg]]
03-29 04:46:42.854: E/Finsky(13281): [1] gyk.a(-1): Error acking notifications [[EAMaEmNhY2FiNjg1MTdhY2RiOGE6MyCTg5fhmy0oBg]]
03-29 04:46:42.855: E/Finsky(13281): [1] gyk.a(-1): Error acking notifications [[EAMaEmRkMzgyZGIyMTVmN2M3ODY6MyDcur6Nky0oBg]]
03-29 04:46:42.856: E/Finsky(13281): [1] gyk.a(-1): Error acking notifications [[EAMaEjYzN2Y5MGUxOTViYmFiMzE6MyDTk7ihmi0oBg]]
03-29 04:46:42.862: W/Conscrypt(7685): Could not set socket write timeout: java.net.SocketException: Socket closed
03-29 04:46:42.863: W/Conscrypt(7685): 	at com.google.android.gms.org.conscrypt.Platform.setSocketWriteTimeout(:com.google.android.gms@15090019@15.0.90 (040400-231259764):2)
03-29 04:46:42.863: W/Conscrypt(7685): 	at com.google.android.gms.org.conscrypt.ConscryptFileDescriptorSocket.setSoWriteTimeout(:com.google.android.gms@15090019@15.0.90 (040400-231259764):2)
03-29 04:46:42.964: I/alch(7635): Scheduling Phenotype for a PhenotypeSyncImmediately(5, null) one off with window [1, 2] in seconds [CONTEXT service_id=51 ]
03-29 04:46:43.033: I/BeaconBle(7635): Client requested scan, settings=BleSettings [scanMode=ZERO_POWER, callbackType=ALL_MATCHES, reportDelayMillis=0, 5 filters, 1 clients, callingClientName=Nearby]
03-29 04:46:43.039: I/BeaconBle(7635): Stopping scan on delegate scanner. BT state: 12
03-29 04:46:43.039: D/BluetoothAdapter(7635): STATE_ON
03-29 04:46:43.040: D/BtGatt.GattService(2054): stopScan() - queue size =2
03-29 04:46:43.040: D/BtGatt.GattService(2054): unregisterClient() - clientIf=6
03-29 04:46:43.041: I/WCNSS_FILTER(2349): ibs_msm_serial_clock_vote: vote UART CLK ON using UART driver's ioctl()
03-29 04:46:43.043: D/WCNSS_FILTER(2349): wcnss_acquire_wakelock
03-29 04:46:43.044: I/WCNSS_FILTER(2349): ibs_bt_device_wakeup: Writing IBS_WAKE_IND
03-29 04:46:43.044: I/WCNSS_FILTER(2349): do_write: IBS write: fd
03-29 04:46:43.044: I/WCNSS_FILTER(2349): ibs_recv_ibs_cmd: Received IBS_WAKE_ACK: 0xFC
03-29 04:46:43.044: I/WCNSS_FILTER(2349): ibs_recv_ibs_cmd: Received IBS_WAKE_IND: 0xFD
03-29 04:46:43.044: I/WCNSS_FILTER(2349): ibs_recv_ibs_cmd: Writing IBS_WAKE_ACK
03-29 04:46:43.044: I/WCNSS_FILTER(2349): do_write: IBS write: fc
03-29 04:46:43.045: D/BtGatt.GattService(2054): onScanFilterParamsConfigured() - clientIf=6, status=0, action=1, availableSpace=11
03-29 04:46:43.045: D/BtGatt.ScanManager(2054): callback done for clientIf - 6 status - 0
03-29 04:46:43.046: D/BtGatt.GattService(2054): onScanFilterParamsConfigured() - clientIf=6, status=0, action=1, availableSpace=12
03-29 04:46:43.046: D/BtGatt.ScanManager(2054): callback done for clientIf - 6 status - 0
03-29 04:46:43.047: I/BeaconBle(7635): Resetting - new scanner available: true
03-29 04:46:43.047: I/BeaconBle(7635): ZERO_POWER is disabled.
03-29 04:46:43.047: I/BeaconBle(7635): 'L' hardware scan: scan stopped, no powered clients
03-29 04:46:43.048: D/BtGatt.GattService(2054): onScanFilterParamsConfigured() - clientIf=6, status=0, action=1, availableSpace=13
03-29 04:46:43.048: D/BtGatt.ScanManager(2054): callback done for clientIf - 6 status - 0
03-29 04:46:43.050: D/BtGatt.GattService(2054): onScanFilterParamsConfigured() - clientIf=6, status=0, action=1, availableSpace=14
03-29 04:46:43.050: D/BtGatt.ScanManager(2054): callback done for clientIf - 6 status - 0
03-29 04:46:43.051: D/BtGatt.GattService(2054): onScanFilterParamsConfigured() - clientIf=6, status=0, action=1, availableSpace=15
03-29 04:46:43.051: D/BtGatt.ScanManager(2054): callback done for clientIf - 6 status - 0
03-29 04:46:43.051: D/BtGatt.ScanManager(2054): configureRegularScanParams() - queue=1
03-29 04:46:43.051: D/BtGatt.ScanManager(2054): configureRegularScanParams() - ScanSetting Scan mode=0 mLastConfiguredScanSetting=2
03-29 04:46:43.051: D/BtGatt.ScanManager(2054): configureRegularScanParams - scanInterval = 8000configureRegularScanParams - scanWindow = 800
03-29 04:46:43.052: E/bt_btm(2054): btm_ble_start_scan extended scan
03-29 04:46:43.052: D/BtGatt.GattService(2054): onScanParamSetupCompleted : 0
03-29 04:46:43.059: W/atfg(7635): Empty context buffer. Thus might mean that the context is not synced down.
03-29 04:46:43.059: W/atbf(7635): Empty context model while retrieving upload opt-in status!
03-29 04:46:43.091: I/WCNSS_FILTER(2349): ibs_recv_ibs_cmd: Received IBS_SLEEP_IND: 0xFE
03-29 04:46:43.099: I/Authzen(7635): [AccountChangeProcessingIntentOperation] Received onHandleIntent() call: Intent { act=com.google.android.gms.auth.GOOGLE_ACCOUNT_CHANGE cat=[com.google.android.gms.auth.category.ACCOUNT_ADDED] flg=0x10 cmp=com.google.android.gms/.chimera.GmsIntentOperationService$PersistentInternalReceiver (has extras) }
03-29 04:46:43.099: I/Authzen(7635): [AccountChangeProcessingIntentOperation] Handling added account: <ELLIDED:-1523349491>
03-29 04:46:43.102: I/GCoreUlr(7635): Starting service, intent=Intent { act=com.google.android.location.reporting.ACTION_UPDATE_WORLD cmp=com.google.android.gms/com.google.android.location.reporting.service.DispatchingService (has extras) }, extras=Bundle[{receiverAction=com.google.android.gms.auth.GOOGLE_ACCOUNT_CHANGE, accountsAdded=[Account {name=S37FFK2YM7DQQWXYEWKTQTSGKI-00@cloudtestlabaccounts.com, type=com.google}]}]
03-29 04:46:43.116: I/Authzen(7635): [SyncManager] Sync requested for event 100, account S37FFK2YM7DQQWXYEWKTQTSGKI-00@cloudtestlabaccounts.com, and components 3, with reason 7
03-29 04:46:43.116: I/Authzen(7635): [SyncManager] Triggering AuthZen registration...
03-29 04:46:43.129: I/CheckinChimeraService(7685): Starting Checkin Task: CheckinNowTaskTag Reason : 4 Force : true UserId: 0
03-29 04:46:43.157: I/WCNSS_FILTER(2349): ibs_recv_ibs_cmd: Received IBS_WAKE_IND: 0xFD
03-29 04:46:43.157: I/WCNSS_FILTER(2349): ibs_recv_ibs_cmd: Writing IBS_WAKE_ACK
03-29 04:46:43.157: I/WCNSS_FILTER(2349): do_write: IBS write: fc
03-29 04:46:43.175: I/Auth(7685): [FRP,FrpUpdateIntentOperation] No frp data present in app restriction, using current google accounts.
03-29 04:46:43.195: I/CheckinRequestProcessor(7685): Gmscore running on device, checkin will use Gmscore context
03-29 04:46:43.195: I/CheckinRequestBuilder(7685): Checkin reason type: 4 attempt count: 1
03-29 04:46:43.199: I/WCNSS_FILTER(2349): ibs_recv_ibs_cmd: Received IBS_SLEEP_IND: 0xFE
03-29 04:46:43.225: I/IcingInternalCorpora(7685): Received calendar change notification.
03-29 04:46:43.275: I/dex2oat(14466): dex2oat took 963.807ms (threads: 8) arena alloc=198KB (203080B) java alloc=4MB (4896840B) native alloc=9MB (10365064B) free=3MB (3921784B)
03-29 04:46:43.297: E/GCoreUlr(7635): Create new device tag of 1342353659 without device reboot
03-29 04:46:43.414: W/PackageManager(1528): Unknown permission com.sec.android.provider.badge.permission.READ in package com.avrethem.minimal
03-29 04:46:43.415: W/PackageManager(1528): Unknown permission com.sec.android.provider.badge.permission.WRITE in package com.avrethem.minimal
03-29 04:46:43.415: W/PackageManager(1528): Unknown permission com.htc.launcher.permission.READ_SETTINGS in package com.avrethem.minimal
03-29 04:46:43.415: W/PackageManager(1528): Unknown permission com.htc.launcher.permission.UPDATE_SHORTCUT in package com.avrethem.minimal
03-29 04:46:43.415: W/PackageManager(1528): Unknown permission com.sonyericsson.home.permission.BROADCAST_BADGE in package com.avrethem.minimal
03-29 04:46:43.415: W/PackageManager(1528): Unknown permission com.anddoes.launcher.permission.UPDATE_COUNT in package com.avrethem.minimal
03-29 04:46:43.415: W/PackageManager(1528): Unknown permission com.majeur.launcher.permission.UPDATE_BADGE in package com.avrethem.minimal
03-29 04:46:43.539: D/installd(898): Detected label change from u:object_r:system_data_file:s0 to u:object_r:app_data_file:s0:c512,c768 at /data/data/com.avrethem.minimal; running recursive restorecon
03-29 04:46:43.540: I/CryptauthV2(7685): [EnrollKeyName] ClientName calling Cryptauth is ForceRegistration
03-29 04:46:43.544: I/PmtsSwAccountIntentOp(7685): Processing intent action=android.accounts.LOGIN_ACCOUNTS_CHANGED
03-29 04:46:43.544: I/PmtsSwAccountIntentOp(7685): Account added has already been processed
03-29 04:46:43.552: D/installd(898): Detected label change from u:object_r:system_data_file:s0 to u:object_r:app_data_file:s0:c512,c768 at /data/user_de/0/com.avrethem.minimal; running recursive restorecon
03-29 04:46:43.577: I/art(1528): Starting a blocking GC Explicit
03-29 04:46:43.604: I/art(2941): Waiting for a blocking GC DisableMovingGc
03-29 04:46:43.606: I/art(2941): Waiting for a blocking GC DisableMovingGc
03-29 04:46:43.608: I/art(2941): Starting a blocking GC DisableMovingGc
03-29 04:46:43.609: I/art(2941): Starting a blocking GC DisableMovingGc
03-29 04:46:43.631: I/Auth(7685): [FactoryResetProtectionManager] Updating data block with 1 account ids. Lockscreen supported? true
03-29 04:46:43.632: I/GCoreUlr(7635): WorldUpdater received intent Intent { act=com.google.android.location.reporting.ACTION_UPDATE_WORLD cmp=com.google.android.gms/com.google.android.location.reporting.service.DispatchingService (has extras) } with receiverAction com.google.android.gms.auth.GOOGLE_ACCOUNT_CHANGE
03-29 04:46:43.658: I/Auth(7685): [FactoryResetProtectionManager] Write complete, result: 102323.
03-29 04:46:43.659: I/Ads(7685): Accounts have changed: com.google.android.gms.auth.GOOGLE_ACCOUNT_CHANGE
03-29 04:46:43.665: I/art(1528): Explicit concurrent mark sweep GC freed 132146(9MB) AllocSpace objects, 58(1484KB) LOS objects, 33% free, 21MB/31MB, paused 1.019ms total 88.248ms
03-29 04:46:43.665: I/art(1528): [ 03-29 04:46:43.666   898:  898 E/         ]
03-29 04:46:43.665: I/art(1528): Couldn't opendir /data/app/vmdl1450570728.tmp: No such file or directory
03-29 04:46:43.668: D/BluetoothMapAppObserver(2054): onReceive
03-29 04:46:43.668: D/BluetoothMapAppObserver(2054): The installed package is: com.avrethem.minimal
03-29 04:46:43.669: D/BluetoothMapAppObserver(2054): Found 0 application(s) with intent android.bluetooth.action.BLUETOOTH_MAP_PROVIDER
03-29 04:46:43.669: D/BluetoothMapAppObserver(2054): Found 0 application(s) with intent android.bluetooth.action.BLUETOOTH_MAP_IM_PROVIDER
03-29 04:46:43.671: W/Conscrypt(7635): Could not set socket write timeout: java.net.SocketException: Socket closed
03-29 04:46:43.671: W/Conscrypt(7635): 	at com.google.android.gms.org.conscrypt.Platform.setSocketWriteTimeout(:com.google.android.gms@15090019@15.0.90 (040400-231259764):2)
03-29 04:46:43.671: W/Conscrypt(7635): 	at com.google.android.gms.org.conscrypt.ConscryptFileDescriptorSocket.setSoWriteTimeout(:com.google.android.gms@15090019@15.0.90 (040400-231259764):2)
03-29 04:46:43.684: I/InputReader(1528): Reconfiguring input devices.  changes=0x00000010
03-29 04:46:43.687: I/art(14441): System.exit called, status: 0
03-29 04:46:43.687: I/AndroidRuntime(14441): VM exiting with result code 0.
03-29 04:46:43.708: W/Conscrypt(7635): Could not set socket write timeout: java.net.SocketException: Socket closed
03-29 04:46:43.708: W/Conscrypt(7635): 	at com.google.android.gms.org.conscrypt.Platform.setSocketWriteTimeout(:com.google.android.gms@15090019@15.0.90 (040400-231259764):2)
03-29 04:46:43.708: W/Conscrypt(7635): 	at com.google.android.gms.org.conscrypt.ConscryptFileDescriptorSocket.setSoWriteTimeout(:com.google.android.gms@15090019@15.0.90 (040400-231259764):2)
03-29 04:46:43.724: D/CarrierSvcBindHelper(2278): No carrier app for: 0
03-29 04:46:43.724: D/CarrierConfigLoader(2278): mHandler: 9 phoneId: 0
03-29 04:46:43.727: D/RegisteredServicesCache(2778):  Reading service state data always from file
03-29 04:46:43.728: D/RegisteredServicesCache(2778): ServiceStateFileVersion=1.0
03-29 04:46:43.728: E/RegisteredServicesCache(2778): Next Tag=services
03-29 04:46:43.728: E/RegisteredServicesCache(2778): 1invalidateCache:WriteServiceStateToFile
03-29 04:46:43.728: E/RegisteredServicesCache(2778):  Writing service state Data Always
03-29 04:46:43.731: W/ChromeSync(7685): pub: Data of type 1 is not subscribed.
03-29 04:46:43.731: W/ChromeSync(7685): 	at pvr.b(:com.google.android.gms@15090019@15.0.90 (040400-231259764):2)
03-29 04:46:43.731: W/ChromeSync(7685): 	at pvm.a(:com.google.android.gms@15090019@15.0.90 (040400-231259764):5)
03-29 04:46:43.731: W/ChromeSync(7685): 	at yzz.run(:com.google.android.gms@15090019@15.0.90 (040400-231259764):27)
03-29 04:46:43.731: W/ChromeSync(7685): 	at bgah.run(:com.google.android.gms@15090019@15.0.90 (040400-231259764):2)
03-29 04:46:43.731: W/ChromeSync(7685): 	at rrm.run(:com.google.android.gms@15090019@15.0.90 (040400-231259764):21)
03-29 04:46:43.731: W/ChromeSync(7685): 	at java.util.concurrent.ThreadPoolExecutor.runWorker(ThreadPoolExecutor.java:1133)
03-29 04:46:43.731: W/ChromeSync(7685): 	at java.util.concurrent.ThreadPoolExecutor$Worker.run(ThreadPoolExecutor.java:607)
03-29 04:46:43.731: W/ChromeSync(7685): 	at rxo.run(:com.google.android.gms@15090019@15.0.90 (040400-231259764))
03-29 04:46:43.731: W/ChromeSync(7685): 	at java.lang.Thread.run(Thread.java:761)
03-29 04:46:43.746: E/AsyncOperation(7685): serviceID=80, operation=List
03-29 04:46:43.746: E/AsyncOperation(7685): OperationException[Status{statusCode=Data of type 1 is not subscribed., resolution=null}]
03-29 04:46:43.746: E/AsyncOperation(7685): 	at pvm.a(:com.google.android.gms@15090019@15.0.90 (040400-231259764):51)
03-29 04:46:43.746: E/AsyncOperation(7685): 	at yzz.run(:com.google.android.gms@15090019@15.0.90 (040400-231259764):27)
03-29 04:46:43.746: E/AsyncOperation(7685): 	at bgah.run(:com.google.android.gms@15090019@15.0.90 (040400-231259764):2)
03-29 04:46:43.746: E/AsyncOperation(7685): 	at rrm.run(:com.google.android.gms@15090019@15.0.90 (040400-231259764):21)
03-29 04:46:43.746: E/AsyncOperation(7685): 	at java.util.concurrent.ThreadPoolExecutor.runWorker(ThreadPoolExecutor.java:1133)
03-29 04:46:43.746: E/AsyncOperation(7685): 	at java.util.concurrent.ThreadPoolExecutor$Worker.run(ThreadPoolExecutor.java:607)
03-29 04:46:43.746: E/AsyncOperation(7685): 	at rxo.run(:com.google.android.gms@15090019@15.0.90 (040400-231259764))
03-29 04:46:43.746: E/AsyncOperation(7685): 	at java.lang.Thread.run(Thread.java:761)
03-29 04:46:43.746: E/AsyncOperation(7685): Caused by: pub: Data of type 1 is not subscribed.
03-29 04:46:43.746: E/AsyncOperation(7685): 	at pvr.b(:com.google.android.gms@15090019@15.0.90 (040400-231259764):2)
03-29 04:46:43.746: E/AsyncOperation(7685): 	at pvm.a(:com.google.android.gms@15090019@15.0.90 (040400-231259764):5)
03-29 04:46:43.746: E/AsyncOperation(7685): 	... 7 more
03-29 04:46:43.762: I/GCoreUlr(7635): WorldUpdater:com.google.android.gms.auth.GOOGLE_ACCOUNT_CHANGE: Ensuring that reporting is stopped because of reasons: {account#-5#=[InactiveReason{mIdentifier=6, mName='ReportingNotEnabled'}, InactiveReason{mIdentifier=14, mName='HistoryNotEnabled'}]}
03-29 04:46:43.767: D/RegisteredNfcFServicesCache(2778): Service unchanged, not updating
03-29 04:46:43.768: I/GCoreUlr(7635): Unbound from all signal providers.
03-29 04:46:43.770: I/GCoreUlr(7635): Successfully accounts update
03-29 04:46:43.787: I/GCoreUlr(7635): DispatchingService ignoring Intent { act=android.net.wifi.WIFI_STATE_CHANGED flg=0x4000010 (has extras) } because ULR inactive
03-29 04:46:43.787: I/CheckinRequestBuilder(7685): Unknown state of subscriptions on the device
03-29 04:46:43.815: I/ChromeSync(7685): [Sync,SyncIntentOperation] Handling the intent: Intent { act=com.google.android.gms.auth.GOOGLE_ACCOUNT_CHANGE cat=[com.google.android.gms.auth.category.ACCOUNT_ADDED] flg=0x10 cmp=com.google.android.gms/.chimera.GmsIntentOperationService$PersistentInternalReceiver (has extras) }.
03-29 04:46:43.912: I/GCoreUlr(7635): Unbound from all signal providers.
03-29 04:46:43.913: I/GCoreUlr(7635): Successfully accounts update
03-29 04:46:43.913: I/GCoreUlr(7635): Stopping handler for UlrDispSvcFast
03-29 04:46:43.921: I/Auth(7685): [SupervisedAccountIntentOperation] onHandleIntent(): android.intent.action.PACKAGE_ADDED
03-29 04:46:43.921: I/Auth(7685): [SupervisedAccountIntentOperation] This operation is disabled
03-29 04:46:43.921: I/ChromeSync(7685): [Sync,SyncIntentOperation] Handling the intent: Intent { act=android.intent.action.PACKAGE_ADDED dat=package:com.avrethem.minimal flg=0x4000010 cmp=com.google.android.gms/.chimera.GmsIntentOperationService (has extras) }.
03-29 04:46:43.941: I/ChromeSync(7685): [Persistence,AffiliationManager] One of affiliation or grouping data for android://N50vJU0zrJ8WOzDt6r3GDtfqrkROFOSiqHcmppwn3vxaRC4hFpNn4UsL7XlvjtlfcWuDAQhmck0qjQPwsrpMNg==@com.avrethem.minimal/ was not found. Marking affiliation data as stale...
03-29 04:46:43.974: D/AndroidRuntime(14503): >>>>>> START com.android.internal.os.RuntimeInit uid 2000 <<<<<<
03-29 04:46:43.976: D/AndroidRuntime(14503): CheckJNI is OFF
03-29 04:46:43.986: I/PeopleContactsSync(7685): triggerPendingContactsCleanup: no accounts
03-29 04:46:43.996: I/Icing(7685): IndexChimeraService.getServiceInterface callingPackage=com.google.android.gms componentName=AppsCorpus serviceId=SEARCH_QUERIES
03-29 04:46:44.000: I/Icing(7685): IndexChimeraService.getServiceInterface callingPackage=com.google.android.gms componentName=AppsCorpus serviceId=SEARCH_CORPORA
03-29 04:46:44.032: D/NetdEventListenerService(1528): Logging 100 results for netId 100
03-29 04:46:44.058: I/Icing(7685): Usage reports ok 0, Failed Usage reports 0, indexed 0, rejected 0, imm upload false
03-29 04:46:44.069: W/Conscrypt(7635): Could not set socket write timeout: java.net.SocketException: Socket closed
03-29 04:46:44.069: W/Conscrypt(7635): 	at com.google.android.gms.org.conscrypt.Platform.setSocketWriteTimeout(:com.google.android.gms@15090019@15.0.90 (040400-231259764):2)
03-29 04:46:44.069: W/Conscrypt(7635): 	at com.google.android.gms.org.conscrypt.ConscryptFileDescriptorSocket.setSoWriteTimeout(:com.google.android.gms@15090019@15.0.90 (040400-231259764):2)
03-29 04:46:44.084: D/ICU(14503): No timezone override file found: /data/misc/zoneinfo/current/icu/icu_tzdata.dat
03-29 04:46:44.093: I/Icing(7685): Usage reports ok 0, Failed Usage reports 0, indexed 0, rejected 0, imm upload false
03-29 04:46:44.099: I/EngineIdGenerator(2941): Refusing EXCLUSIVE task FETCH_OPT_IN_STATUSES, it is already pending. Try again in 311 seconds.
03-29 04:46:44.099: I/Radio-JNI(14503): register_android_hardware_Radio DONE
03-29 04:46:44.100: I/VoiceUnlockApiWrapper(2941): Settings voice unlock to : false
03-29 04:46:44.110: I/art(7685): Do partial code cache collection, code=1010KB, data=978KB
03-29 04:46:44.110: D/AndroidRuntime(14503): Calling main entry com.android.commands.pm.Pm
03-29 04:46:44.117: I/art(7685): After code cache collection, code=1007KB, data=976KB
03-29 04:46:44.117: I/art(7685): Increasing code cache capacity to 3MB
03-29 04:46:44.117: I/art(7685): [ 03-29 04:46:44.134   898:  898 I/         ]
03-29 04:46:44.117: I/art(7685): free_cache(1343694) avail 105095790592
03-29 04:46:44.156: I/ChromeSync(7685): [Persistence,AffiliationManager] Fetching affiliations from the server.
03-29 04:46:44.159: I/WCNSS_FILTER(2349): ibs_wcnss_bt_device_sleep: TX Awake, Sending SLEEP_IND
03-29 04:46:44.159: I/WCNSS_FILTER(2349): do_write: IBS write: fe
03-29 04:46:44.159: I/WCNSS_FILTER(2349): ibs_msm_serial_clock_vote: vote UART CLK OFF using UART driver's ioctl()
03-29 04:46:44.181: I/art(7635): Do partial code cache collection, code=991KB, data=919KB
03-29 04:46:44.181: I/art(7635): After code cache collection, code=972KB, data=905KB
03-29 04:46:44.181: I/art(7635): Increasing code cache capacity to 3MB
03-29 04:46:44.182: I/art(7635): Compiler allocated 7MB to compile com.google.android.gms.auth.firstparty.dataservice.TokenResponse hbl.c()
03-29 04:46:44.198: W/Conscrypt(7635): Could not set socket write timeout: java.net.SocketException: Socket closed
03-29 04:46:44.198: W/Conscrypt(7635): 	at com.google.android.gms.org.conscrypt.Platform.setSocketWriteTimeout(:com.google.android.gms@15090019@15.0.90 (040400-231259764):2)
03-29 04:46:44.198: W/Conscrypt(7635): 	at com.google.android.gms.org.conscrypt.ConscryptFileDescriptorSocket.setSoWriteTimeout(:com.google.android.gms@15090019@15.0.90 (040400-231259764):2)
03-29 04:46:44.205: W/Conscrypt(7635): Could not set socket write timeout: java.net.SocketException: Socket closed
03-29 04:46:44.205: W/Conscrypt(7635): Could not set socket write timeout: java.net.SocketException: Socket closed
03-29 04:46:44.205: W/Conscrypt(7635): 	at com.google.android.gms.org.conscrypt.Platform.setSocketWriteTimeout(:com.google.android.gms@15090019@15.0.90 (040400-231259764):2)
03-29 04:46:44.205: W/Conscrypt(7635): 	at com.google.android.gms.org.conscrypt.ConscryptFileDescriptorSocket.setSoWriteTimeout(:com.google.android.gms@15090019@15.0.90 (040400-231259764):2)
03-29 04:46:44.205: W/Conscrypt(7635): 	at com.google.android.gms.org.conscrypt.Platform.setSocketWriteTimeout(:com.google.android.gms@15090019@15.0.90 (040400-231259764):2)
03-29 04:46:44.205: W/Conscrypt(7635): 	at com.google.android.gms.org.conscrypt.ConscryptFileDescriptorSocket.setSoWriteTimeout(:com.google.android.gms@15090019@15.0.90 (040400-231259764):2)
03-29 04:46:44.205: W/Conscrypt(7635): Could not set socket write timeout: java.net.SocketException: Socket closed
03-29 04:46:44.205: W/Conscrypt(7635): 	at com.google.android.gms.org.conscrypt.Platform.setSocketWriteTimeout(:com.google.android.gms@15090019@15.0.90 (040400-231259764):2)
03-29 04:46:44.205: W/Conscrypt(7635): 	at com.google.android.gms.org.conscrypt.ConscryptFileDescriptorSocket.setSoWriteTimeout(:com.google.android.gms@15090019@15.0.90 (040400-231259764):2)
03-29 04:46:44.206: W/Conscrypt(7635): Could not set socket write timeout: java.net.SocketException: Socket closed
03-29 04:46:44.206: W/Conscrypt(7635): Could not set socket write timeout: java.net.SocketException: Socket closed
03-29 04:46:44.207: W/Conscrypt(7635): 	at com.google.android.gms.org.conscrypt.Platform.setSocketWriteTimeout(:com.google.android.gms@15090019@15.0.90 (040400-231259764):2)
03-29 04:46:44.207: W/Conscrypt(7635): 	at com.google.android.gms.org.conscrypt.ConscryptFileDescriptorSocket.setSoWriteTimeout(:com.google.android.gms@15090019@15.0.90 (040400-231259764):2)
03-29 04:46:44.208: W/Conscrypt(7635): 	at com.google.android.gms.org.conscrypt.Platform.setSocketWriteTimeout(:com.google.android.gms@15090019@15.0.90 (040400-231259764):2)
03-29 04:46:44.208: W/Conscrypt(7635): 	at com.google.android.gms.org.conscrypt.ConscryptFileDescriptorSocket.setSoWriteTimeout(:com.google.android.gms@15090019@15.0.90 (040400-231259764):2)
03-29 04:46:44.211: I/PackageManager.DexOptimizer(1528): Running dexopt (dex2oat) on: /data/app/vmdl1318414252.tmp/base.apk pkg=androidx.test.tools.crawler isa=arm64 vmSafeMode=false debuggable=false target-filter=interpret-only oatDir = /data/app/vmdl1318414252.tmp/oat sharedLibraries=/system/framework/android.test.runner.jar
03-29 04:46:44.242: W/ResourceType(7635): ResTable_typeSpec entry count inconsistent: given 18, previously 25
03-29 04:46:44.242: W/ResourceType(7635): ResTable_typeSpec entry count inconsistent: given 316, previously 454
03-29 04:46:44.242: W/ResourceType(7635): ResTable_typeSpec entry count inconsistent: given 18, previously 25
03-29 04:46:44.242: W/ResourceType(7635): ResTable_typeSpec entry count inconsistent: given 316, previously 454
03-29 04:46:44.250: I/dex2oat(14545): /system/bin/dex2oat --compiler-filter=interpret-only
03-29 04:46:44.252: W/Conscrypt(7635): Could not set socket write timeout: java.net.SocketException: Socket closed
03-29 04:46:44.253: W/Conscrypt(7635): Could not set socket write timeout: java.net.SocketException: Socket closed
03-29 04:46:44.253: W/Conscrypt(7635): Could not set socket write timeout: java.net.SocketException: Socket closed
03-29 04:46:44.253: W/Conscrypt(7635): 	at com.google.android.gms.org.conscrypt.Platform.setSocketWriteTimeout(:com.google.android.gms@15090019@15.0.90 (040400-231259764):2)
03-29 04:46:44.253: W/Conscrypt(7635): 	at com.google.android.gms.org.conscrypt.ConscryptFileDescriptorSocket.setSoWriteTimeout(:com.google.android.gms@15090019@15.0.90 (040400-231259764):2)
03-29 04:46:44.253: W/Conscrypt(7635): 	at com.google.android.gms.org.conscrypt.Platform.setSocketWriteTimeout(:com.google.android.gms@15090019@15.0.90 (040400-231259764):2)
03-29 04:46:44.253: W/Conscrypt(7635): 	at com.google.android.gms.org.conscrypt.ConscryptFileDescriptorSocket.setSoWriteTimeout(:com.google.android.gms@15090019@15.0.90 (040400-231259764):2)
03-29 04:46:44.253: W/Conscrypt(7635): 	at com.google.android.gms.org.conscrypt.Platform.setSocketWriteTimeout(:com.google.android.gms@15090019@15.0.90 (040400-231259764):2)
03-29 04:46:44.253: W/Conscrypt(7635): Could not set socket write timeout: java.net.SocketException: Socket closed
03-29 04:46:44.253: W/Conscrypt(7635): 	at com.google.android.gms.org.conscrypt.ConscryptFileDescriptorSocket.setSoWriteTimeout(:com.google.android.gms@15090019@15.0.90 (040400-231259764):2)
03-29 04:46:44.253: W/Conscrypt(7635): 	at com.google.android.gms.org.conscrypt.Platform.setSocketWriteTimeout(:com.google.android.gms@15090019@15.0.90 (040400-231259764):2)
03-29 04:46:44.253: W/Conscrypt(7635): 	at com.google.android.gms.org.conscrypt.ConscryptFileDescriptorSocket.setSoWriteTimeout(:com.google.android.gms@15090019@15.0.90 (040400-231259764):2)
03-29 04:46:44.271: W/SearchServiceCore(2941): Abort, client detached.
03-29 04:46:44.272: W/SearchServiceCore(2941): Abort, client detached.
03-29 04:46:44.272: W/SearchServiceCore(2941): Abort, client detached.
03-29 04:46:44.277: W/Conscrypt(7635): Could not set socket write timeout: java.net.SocketException: Socket closed
03-29 04:46:44.277: W/Conscrypt(7635): 	at com.google.android.gms.org.conscrypt.Platform.setSocketWriteTimeout(:com.google.android.gms@15090019@15.0.90 (040400-231259764):2)
03-29 04:46:44.277: W/Conscrypt(7635): 	at com.google.android.gms.org.conscrypt.ConscryptFileDescriptorSocket.setSoWriteTimeout(:com.google.android.gms@15090019@15.0.90 (040400-231259764):2)
03-29 04:46:44.309: D/WCNSS_FILTER(2349): wcnss_release_wakelock
03-29 04:46:44.391: I/IcingInternalCorpora(7685): EventIndexer: starting incremental update
03-29 04:46:44.391: I/IcingInternalCorpora(7685): EventIndexer: 0 added, 0 removed, 0 changed, 0 unchanged, 0 errors.
03-29 04:46:44.392: I/IcingInternalCorpora(7685): EventIndexer: finished after 0 ms.
03-29 04:46:44.560: I/cr_CronetUrlRequestContext(2941): destroyNativeStreamLocked org.chromium.net.impl.CronetBidirectionalStream@f0ae0e7
03-29 04:46:44.745: I/dex2oat(14545): dex2oat took 494.709ms (threads: 8) arena alloc=26KB (26856B) java alloc=1963KB (2010872B) native alloc=3MB (3983984B) free=2MB (2307472B)
03-29 04:46:44.805: E/PeopleStore(2941): Successfully saved last synced timestamp: 1553860004574
03-29 04:46:44.861: I/NotificationService(1528): updateLightsLocked() : ledNotification = null ,mInCall = false ,mScreenOn = true ,FQC = false
03-29 04:46:44.890: W/PackageManager(1528): Not granting permission android.permission.READ_FRAME_BUFFER to package androidx.test.tools.crawler (protectionLevel=18 flags=0x3808be44)
03-29 04:46:44.890: W/PackageManager(1528): Not granting permission android.permission.DUMP to package androidx.test.tools.crawler (protectionLevel=50 flags=0x3808be44)
03-29 04:46:44.890: W/PackageManager(1528): Unknown permission android.permission.FOREGROUND_SERVICE in package androidx.test.tools.crawler
03-29 04:46:44.927: W/Conscrypt(7685): Could not set socket write timeout: java.net.SocketException: Socket closed
03-29 04:46:44.928: W/Conscrypt(7685): 	at com.google.android.gms.org.conscrypt.Platform.setSocketWriteTimeout(:com.google.android.gms@15090019@15.0.90 (040400-231259764):2)
03-29 04:46:44.928: W/Conscrypt(7685): 	at com.google.android.gms.org.conscrypt.ConscryptFileDescriptorSocket.setSoWriteTimeout(:com.google.android.gms@15090019@15.0.90 (040400-231259764):2)
03-29 04:46:45.005: I/CryptauthV2(7685): [EasyUnlockDatabaseManager] Upgrading from version 5 to version 6...
03-29 04:46:45.050: D/installd(898): Detected label change from u:object_r:system_data_file:s0 to u:object_r:app_data_file:s0:c512,c768 at /data/data/androidx.test.tools.crawler; running recursive restorecon
03-29 04:46:45.052: I/EventLogSendingHelper(2941): Sending log events.
03-29 04:46:45.054: D/installd(898): Detected label change from u:object_r:system_data_file:s0 to u:object_r:app_data_file:s0:c512,c768 at /data/user_de/0/androidx.test.tools.crawler; running recursive restorecon
03-29 04:46:45.059: I/CryptauthV2(7685): [EasyUnlockDatabaseManager] Opening database auth.proximity.permit_store...
03-29 04:46:45.064: I/art(1528): Starting a blocking GC Explicit
03-29 04:46:45.081: D/BluetoothManagerService(1528): Message: 20
03-29 04:46:45.081: D/BluetoothManagerService(1528): Added callback: android.bluetooth.IBluetoothManagerCallback$Stub$Proxy@d9f39fc:true
03-29 04:46:45.091: W/Conscrypt(7685): Could not set socket write timeout: java.net.SocketException: Socket closed
03-29 04:46:45.092: W/Conscrypt(7685): 	at com.google.android.gms.org.conscrypt.Platform.setSocketWriteTimeout(:com.google.android.gms@15090019@15.0.90 (040400-231259764):2)
03-29 04:46:45.092: W/Conscrypt(7685): 	at com.google.android.gms.org.conscrypt.ConscryptFileDescriptorSocket.setSoWriteTimeout(:com.google.android.gms@15090019@15.0.90 (040400-231259764):2)
03-29 04:46:45.099: W/CryptauthV2(7685): [ClientDataOperation] No keyMetadata found for keyName=PublicKey
03-29 04:46:45.106: W/CryptauthV2(7685): [ClientDataOperation] No keyMetadata found for keyName=authzen
03-29 04:46:45.107: I/CryptauthV2(7685): [EnrollCryptauthFramework] Performing SyncKeysRequest with 2 keys.
03-29 04:46:45.113: I/Icing(7685): Indexing com.google.android.gms-apps from com.google.android.gms
03-29 04:46:45.146: I/Icing(7685): Indexing com.google.android.gms-internal.3p:MobileApplication from com.google.android.gms
03-29 04:46:45.161: I/Icing(7685): Indexing done com.google.android.gms-apps
03-29 04:46:45.165: I/art(1528): Explicit concurrent mark sweep GC freed 108005(6MB) AllocSpace objects, 27(676KB) LOS objects, 33% free, 20MB/30MB, paused 1.063ms total 100.866ms
03-29 04:46:45.165: I/art(1528): [ 03-29 04:46:45.166   898:  898 E/         ]
03-29 04:46:45.165: I/art(1528): Couldn't opendir /data/app/vmdl1318414252.tmp: No such file or directory
03-29 04:46:45.167: I/Icing(7685): Indexing done com.google.android.gms-internal.3p:MobileApplication
03-29 04:46:45.170: D/BluetoothMapAppObserver(2054): onReceive
03-29 04:46:45.170: D/BluetoothMapAppObserver(2054): The installed package is: androidx.test.tools.crawler
03-29 04:46:45.180: D/BluetoothMapAppObserver(2054): Found 0 application(s) with intent android.bluetooth.action.BLUETOOTH_MAP_PROVIDER
03-29 04:46:45.181: D/BluetoothMapAppObserver(2054): Found 0 application(s) with intent android.bluetooth.action.BLUETOOTH_MAP_IM_PROVIDER
03-29 04:46:45.191: I/art(14503): System.exit called, status: 0
03-29 04:46:45.191: I/AndroidRuntime(14503): VM exiting with result code 0.
03-29 04:46:45.208: I/InputReader(1528): Reconfiguring input devices.  changes=0x00000010
03-29 04:46:45.226: D/CarrierSvcBindHelper(2278): No carrier app for: 0
03-29 04:46:45.230: D/CarrierConfigLoader(2278): mHandler: 9 phoneId: 0
03-29 04:46:45.235: I/MS_RegisterService(7685): Tachyon host: instantmessaging-pa.googleapis.com, Tachyon port: 443
03-29 04:46:45.243: D/RegisteredServicesCache(2778):  Reading service state data always from file
03-29 04:46:45.244: D/RegisteredServicesCache(2778): ServiceStateFileVersion=1.0
03-29 04:46:45.246: E/RegisteredServicesCache(2778): Next Tag=services
03-29 04:46:45.247: E/RegisteredServicesCache(2778): 1invalidateCache:WriteServiceStateToFile
03-29 04:46:45.247: E/RegisteredServicesCache(2778):  Writing service state Data Always
03-29 04:46:45.259: I/art(7685): Background sticky concurrent mark sweep GC freed 7025(509KB) AllocSpace objects, 2(40KB) LOS objects, 3% free, 20MB/20MB, paused 7.147ms total 24.238ms
03-29 04:46:45.279: D/RegisteredNfcFServicesCache(2778): Service unchanged, not updating
03-29 04:46:45.343: I/MS_RegisterService(7685): RegisterService intent:Intent { act=com.google.android.gms.matchstick.register_intent_google_account_change cat=[targeted_intent_op_prefix:com.google.android.libraries.matchstick.net.SilentRegisterIntentOperation] cmp=com.google.android.gms/.chimera.GmsIntentOperationService } isPeriodic:false
03-29 04:46:45.362: I/Auth(7685): [SupervisedAccountIntentOperation] onHandleIntent(): android.intent.action.PACKAGE_ADDED
03-29 04:46:45.362: I/Auth(7685): [SupervisedAccountIntentOperation] This operation is disabled
03-29 04:46:45.365: I/ChromeSync(7685): [Sync,SyncIntentOperation] Handling the intent: Intent { act=android.intent.action.PACKAGE_ADDED dat=package:androidx.test.tools.crawler flg=0x4000010 cmp=com.google.android.gms/.chimera.GmsIntentOperationService (has extras) }.
03-29 04:46:45.367: I/FontsPackageChangeOp(7685): Package androidx.test.tools.crawler has no metadata
03-29 04:46:45.369: I/ChromeSync(7685): [Persistence,AffiliationManager] One of affiliation or grouping data for android://N50vJU0zrJ8WOzDt6r3GDtfqrkROFOSiqHcmppwn3vxaRC4hFpNn4UsL7XlvjtlfcWuDAQhmck0qjQPwsrpMNg==@androidx.test.tools.crawler/ was not found. Marking affiliation data as stale...
03-29 04:46:45.405: W/MS_RegisterService(7685): Not eligible for registration.
03-29 04:46:45.455: I/Icing(7685): IndexChimeraService.getServiceInterface callingPackage=com.google.android.gms componentName=AppsCorpus serviceId=SEARCH_QUERIES
03-29 04:46:45.459: I/Icing(7685): IndexChimeraService.getServiceInterface callingPackage=com.google.android.gms componentName=AppsCorpus serviceId=SEARCH_CORPORA
03-29 04:46:45.500: I/ActivityManager(1528): Start proc 14581:com.google.android.play.games.ui/u0a103 for broadcast com.google.android.play.games/com.google.android.apps.play.games.features.experiments.PhenotypeBroadcastReceiver
03-29 04:46:45.508: I/Icing(7685): Usage reports ok 0, Failed Usage reports 0, indexed 0, rejected 0, imm upload false
