03-29 04:46:48.964: W/ProxyAndroidLoggerBackend(13281): Too many Flogger logs received before configuration. Dropping old logs.
03-29 04:46:49.001: W/SearchServiceCore(2941): Abort, client detached.
03-29 04:46:49.009: W/ProxyAndroidLoggerBackend(13281): Too many Flogger logs received before configuration. Dropping old logs.
03-29 04:46:49.032: W/ModuleInitIntentOp(7685): Dropping unexpected action com.google.android.gms.phenotype.COMMITTED
03-29 04:46:49.035: I/PTCommittedOperation(7635): Receive new configuration for com.google.android.gms.people
03-29 04:46:49.043: W/ModuleInitIntentOp(7685): Dropping unexpected action com.google.android.gms.phenotype.COMMITTED
03-29 04:46:49.117: I/PTCommittedOperation(7635): Receive new configuration for com.google.android.client_error_logging
03-29 04:46:49.124: W/ModuleInitIntentOp(7685): Dropping unexpected action com.google.android.gms.phenotype.COMMITTED
03-29 04:46:49.137: I/PTCommittedOperation(7635): Receive new configuration for com.google.android.gms.people.ui
03-29 04:46:49.151: E/ConfigUpdater(4193): Received malformed URL while handling Gservices.CHANGED_ACTION intent_firewall: null null
03-29 04:46:49.154: I/art(13281): Do full code cache collection, code=201KB, data=238KB
03-29 04:46:49.155: I/art(13281): Starting a blocking GC JitCodeCache
03-29 04:46:49.155: I/art(13281): After code cache collection, code=173KB, data=192KB
03-29 04:46:49.165: W/ProxyAndroidLoggerBackend(13281): Too many Flogger logs received before configuration. Dropping old logs.
03-29 04:46:49.171: E/ConfigUpdater(4193): Received malformed URL while handling Gservices.CHANGED_ACTION apn_db: null null
03-29 04:46:49.174: E/ConfigUpdater(4193): Received malformed URL while handling Gservices.CHANGED_ACTION tzdata: null null
03-29 04:46:49.176: W/ProxyAndroidLoggerBackend(13281): Too many Flogger logs received before configuration. Dropping old logs.
03-29 04:46:49.176: W/ProxyAndroidLoggerBackend(13281): Too many Flogger logs received before configuration. Dropping old logs.
03-29 04:46:49.179: E/ConfigUpdater(4193): Received malformed URL while handling Gservices.CHANGED_ACTION selinux: null null
03-29 04:46:49.185: E/ConfigUpdater(4193): Received malformed URL while handling Gservices.CHANGED_ACTION carrier_provisioning_urls: null null
03-29 04:46:49.202: W/ProxyAndroidLoggerBackend(13281): Too many Flogger logs received before configuration. Dropping old logs.
03-29 04:46:49.285: I/Backup(7685): [GmsBackupStatusChangeReceiver] Going to enable gms backup transport.
03-29 04:46:49.305: I/NetRec(7635): [783] aike.b: onConfigChanged()
03-29 04:46:49.308: I/GCoreUlr(7635): Starting service, intent=Intent { act=com.google.android.location.reporting.ACTION_UPDATE_WORLD cmp=com.google.android.gms/com.google.android.location.reporting.service.DispatchingService (has extras) }, extras=Bundle[{receiverAction=com.google.gservices.intent.action.GSERVICES_CHANGED}]
03-29 04:46:49.333: I/BgTaskExecutorImpl(2941): Starting NONEXCLUSIVE background task UPDATE_GSERVICES_CONFIG.
03-29 04:46:49.338: I/GservicesUpdateTask(2941): Updating Gservices keys
03-29 04:46:49.363: I/Backup(7635): [BackupTransportMigratorChimeraService] Starting migration...
03-29 04:46:49.495: W/ChimeraUtils(7685): Non Chimera context
03-29 04:46:49.497: W/ActivityManager(1528): Unable to start service Intent { cmp=com.google.android.gms/.analytics.service.RefreshEnabledStateService } U=0: not found
03-29 04:46:49.503: D/CAR.SETUP(7685): Received GService flag change intent.
03-29 04:46:49.548: W/SearchServiceCore(2941): Abort, client detached.
03-29 04:46:49.549: D/CAR.SETUP(7685): update DrivingMode components to false
03-29 04:46:49.553: I/ChromeSync(7685): [Sync,SyncIntentOperation] Handling the intent: Intent { act=com.google.gservices.intent.action.GSERVICES_CHANGED flg=0x10 cmp=com.google.android.gms/.chimera.GmsIntentOperationService$PersistentInternalReceiver }.
03-29 04:46:49.561: W/ModuleInitIntentOp(7685): Dropping unexpected action com.google.android.gms.phenotype.COMMITTED
03-29 04:46:49.562: W/DynamiteModule(7685): Local module descriptor class for providerinstaller not found.
03-29 04:46:49.564: I/DynamiteModule(7685): Considering local module providerinstaller:0 and remote module providerinstaller:0
03-29 04:46:49.564: W/ProviderInstaller(7685): Failed to load providerinstaller module: No acceptable module found. Local version is 0 and remote version is 0.
03-29 04:46:49.565: I/GeofencerStateMachine(7635): sendQueryLocationOptIn
03-29 04:46:49.579: I/GeofencerStateMachine(7635): sendQueryLocationOptIn
03-29 04:46:49.581: W/DynamiteModule(7685): Local module descriptor class for providerinstaller not found.
03-29 04:46:49.581: I/DynamiteModule(7685): Considering local module providerinstaller:0 and remote module providerinstaller:0
03-29 04:46:49.582: W/ProviderInstaller(7685): Failed to load providerinstaller module: No acceptable module found. Local version is 0 and remote version is 0.
03-29 04:46:49.583: I/PTCommittedOperation(7635): Receive new configuration for com.google.android.gms.romanesco
03-29 04:46:49.587: I/GeofencerStateMachine(7635): sendQueryLocationOptIn
03-29 04:46:49.593: W/DynamiteModule(7685): Local module descriptor class for providerinstaller not found.
03-29 04:46:49.593: I/DynamiteModule(7685): Considering local module providerinstaller:0 and remote module providerinstaller:0
03-29 04:46:49.593: W/ProviderInstaller(7685): Failed to load providerinstaller module: No acceptable module found. Local version is 0 and remote version is 0.
03-29 04:46:49.599: W/DynamiteModule(7685): Local module descriptor class for providerinstaller not found.
03-29 04:46:49.599: I/DynamiteModule(7685): Considering local module providerinstaller:0 and remote module providerinstaller:0
03-29 04:46:49.599: W/ProviderInstaller(7685): Failed to load providerinstaller module: No acceptable module found. Local version is 0 and remote version is 0.
03-29 04:46:49.604: I/GCoreUlr(7635): WorldUpdater received intent Intent { act=com.google.android.location.reporting.ACTION_UPDATE_WORLD cmp=com.google.android.gms/com.google.android.location.reporting.service.DispatchingService (has extras) } with receiverAction com.google.gservices.intent.action.GSERVICES_CHANGED
03-29 04:46:49.604: W/DynamiteModule(7685): Local module descriptor class for providerinstaller not found.
03-29 04:46:49.604: I/DynamiteModule(7685): Considering local module providerinstaller:0 and remote module providerinstaller:0
03-29 04:46:49.604: W/ProviderInstaller(7685): Failed to load providerinstaller module: No acceptable module found. Local version is 0 and remote version is 0.
03-29 04:46:49.609: W/DynamiteModule(7685): Local module descriptor class for providerinstaller not found.
03-29 04:46:49.609: I/DynamiteModule(7685): Considering local module providerinstaller:0 and remote module providerinstaller:0
03-29 04:46:49.609: W/ProviderInstaller(7685): Failed to load providerinstaller module: No acceptable module found. Local version is 0 and remote version is 0.
03-29 04:46:49.618: W/DynamiteModule(7685): Local module descriptor class for providerinstaller not found.
03-29 04:46:49.619: I/DynamiteModule(7685): Considering local module providerinstaller:0 and remote module providerinstaller:0
03-29 04:46:49.619: W/ProviderInstaller(7685): Failed to load providerinstaller module: No acceptable module found. Local version is 0 and remote version is 0.
03-29 04:46:49.623: I/GCoreUlr(7635): Successfully sent flags updated to controllers.
03-29 04:46:49.626: W/DynamiteModule(7685): Local module descriptor class for providerinstaller not found.
03-29 04:46:49.626: I/DynamiteModule(7685): Considering local module providerinstaller:0 and remote module providerinstaller:0
03-29 04:46:49.626: W/ProviderInstaller(7685): Failed to load providerinstaller module: No acceptable module found. Local version is 0 and remote version is 0.
03-29 04:46:49.636: I/MobileDataHub(7685): Scheduling periodic tasks
03-29 04:46:49.669: W/DynamiteModule(7685): Local module descriptor class for providerinstaller not found.
03-29 04:46:49.670: I/DynamiteModule(7685): Considering local module providerinstaller:0 and remote module providerinstaller:0
03-29 04:46:49.670: W/ProviderInstaller(7685): Failed to load providerinstaller module: No acceptable module found. Local version is 0 and remote version is 0.
03-29 04:46:49.676: W/DynamiteModule(7685): Local module descriptor class for providerinstaller not found.
03-29 04:46:49.676: I/DynamiteModule(7685): Considering local module providerinstaller:0 and remote module providerinstaller:0
03-29 04:46:49.677: W/ProviderInstaller(7685): Failed to load providerinstaller module: No acceptable module found. Local version is 0 and remote version is 0.
03-29 04:46:49.682: W/DynamiteModule(7685): Local module descriptor class for providerinstaller not found.
03-29 04:46:49.682: I/DynamiteModule(7685): Considering local module providerinstaller:0 and remote module providerinstaller:0
03-29 04:46:49.682: W/ProviderInstaller(7685): Failed to load providerinstaller module: No acceptable module found. Local version is 0 and remote version is 0.
03-29 04:46:49.687: W/DynamiteModule(7685): Local module descriptor class for providerinstaller not found.
03-29 04:46:49.687: I/DynamiteModule(7685): Considering local module providerinstaller:0 and remote module providerinstaller:0
03-29 04:46:49.688: W/ProviderInstaller(7685): Failed to load providerinstaller module: No acceptable module found. Local version is 0 and remote version is 0.
03-29 04:46:49.692: W/DynamiteModule(7685): Local module descriptor class for providerinstaller not found.
03-29 04:46:49.692: I/DynamiteModule(7685): Considering local module providerinstaller:0 and remote module providerinstaller:0
03-29 04:46:49.692: W/ProviderInstaller(7685): Failed to load providerinstaller module: No acceptable module found. Local version is 0 and remote version is 0.
03-29 04:46:49.692: I/MS_Utils(7685): version of com.google.android.apps.maps = 1012101244
03-29 04:46:49.696: W/DynamiteModule(7685): Local module descriptor class for providerinstaller not found.
03-29 04:46:49.696: I/DynamiteModule(7685): Considering local module providerinstaller:0 and remote module providerinstaller:0
03-29 04:46:49.697: W/ProviderInstaller(7685): Failed to load providerinstaller module: No acceptable module found. Local version is 0 and remote version is 0.
03-29 04:46:49.704: W/DynamiteModule(7685): Local module descriptor class for providerinstaller not found.
03-29 04:46:49.705: I/DynamiteModule(7685): Considering local module providerinstaller:0 and remote module providerinstaller:0
03-29 04:46:49.705: W/ProviderInstaller(7685): Failed to load providerinstaller module: No acceptable module found. Local version is 0 and remote version is 0.
03-29 04:46:49.709: W/DynamiteModule(7685): Local module descriptor class for providerinstaller not found.
03-29 04:46:49.709: I/DynamiteModule(7685): Considering local module providerinstaller:0 and remote module providerinstaller:0
03-29 04:46:49.709: W/ProviderInstaller(7685): Failed to load providerinstaller module: No acceptable module found. Local version is 0 and remote version is 0.
03-29 04:46:49.717: W/MobileDataHub(7685): [Service] appsupload-periodic periodic task disabled
03-29 04:46:49.734: I/GCoreUlr(7635): WorldUpdater:com.google.gservices.intent.action.GSERVICES_CHANGED: Ensuring that reporting is stopped because of reasons: {account#-5#=[InactiveReason{mIdentifier=6, mName='ReportingNotEnabled'}, InactiveReason{mIdentifier=14, mName='HistoryNotEnabled'}]}
03-29 04:46:49.752: I/GeofencerStateMachine(7635): sendQueryLocationOptIn
03-29 04:46:49.756: I/GeofencerStateMachine(7635): sendQueryLocationOptIn
03-29 04:46:49.759: I/GeofencerStateMachine(7635): sendQueryLocationOptIn
03-29 04:46:49.762: I/GeofencerStateMachine(7635): sendQueryLocationOptIn
03-29 04:46:49.768: I/ChromeSync(7685): [Sync,SyncAdapter] Successfully synced in 1 milliseconds with request: pzf{account=<hide PII>, eventType=700, waitForInitialization=false, zipitVersionInfo=null}.
03-29 04:46:49.778: I/GCoreUlr(7635): Unbound from all signal providers.
03-29 04:46:49.780: I/GCoreUlr(7635): Successfully accounts update
03-29 04:46:49.793: I/GCoreUlr(7635): DispatchingService ignoring Intent { act=android.net.wifi.WIFI_STATE_CHANGED flg=0x4000010 (has extras) } because ULR inactive
03-29 04:46:49.849: I/SystemUpdate(7685): [Installation,ReceiverIntentOperation] Received intent: Intent { act=com.google.gservices.intent.action.GSERVICES_CHANGED flg=0x10 cmp=com.google.android.gms/.chimera.GmsIntentOperationService$PersistentInternalReceiver }.
03-29 04:46:49.884: I/GCoreUlr(7635): Unbound from all signal providers.
03-29 04:46:49.887: I/GCoreUlr(7635): Successfully accounts update
03-29 04:46:49.891: I/GCoreUlr(7635): Stopping handler for UlrDispSvcFast
03-29 04:46:49.917: W/ChimeraUtils(7685): Non Chimera context
03-29 04:46:49.930: I/SystemUpdate(7685): [Execution,InstallationEventIntentOperation] Handling event of type 2.
03-29 04:46:49.934: W/ChimeraUtils(7685): Non Chimera context
03-29 04:46:49.942: I/SystemUpdate(7685): [Execution,InstallationIntentOperation] Received intent: Intent { act=com.google.android.gms.update.INSTALL_UPDATE cat=[targeted_intent_op_prefix:.update.execution.InstallationIntentOperation] cmp=com.google.android.gms/.chimera.GmsIntentOperationService }.
03-29 04:46:50.004: E/Volley(13281): [93] azn.a: Unhandled exception java.lang.IllegalArgumentException: account is null
03-29 04:46:50.004: E/Volley(13281): java.lang.IllegalArgumentException: account is null
03-29 04:46:50.004: E/Volley(13281): 	at android.accounts.AccountManager.getAuthToken(AccountManager.java:1482)
03-29 04:46:50.004: E/Volley(13281): 	at android.accounts.AccountManager.getAuthToken(AccountManager.java:1402)
03-29 04:46:50.004: E/Volley(13281): 	at bag.a(SourceFile:1)
03-29 04:46:50.004: E/Volley(13281): 	at clr.a(SourceFile:12)
03-29 04:46:50.004: E/Volley(13281): 	at crp.g(SourceFile:7)
03-29 04:46:50.004: E/Volley(13281): 	at tgt.b(SourceFile:3)
03-29 04:46:50.004: E/Volley(13281): 	at baf.a(SourceFile:1)
03-29 04:46:50.004: E/Volley(13281): 	at baj.a(SourceFile:17)
03-29 04:46:50.004: E/Volley(13281): 	at azn.a(SourceFile:8)
03-29 04:46:50.004: E/Volley(13281): 	at azn.run(SourceFile:2)
03-29 04:46:50.014: E/Volley(13281): [95] azn.a: Unhandled exception java.lang.IllegalArgumentException: account is null
03-29 04:46:50.014: E/Volley(13281): java.lang.IllegalArgumentException: account is null
03-29 04:46:50.014: E/Volley(13281): 	at android.accounts.AccountManager.getAuthToken(AccountManager.java:1482)
03-29 04:46:50.014: E/Volley(13281): 	at android.accounts.AccountManager.getAuthToken(AccountManager.java:1402)
03-29 04:46:50.014: E/Volley(13281): 	at bag.a(SourceFile:1)
03-29 04:46:50.014: E/Volley(13281): 	at clr.a(SourceFile:12)
03-29 04:46:50.014: E/Volley(13281): 	at crp.g(SourceFile:7)
03-29 04:46:50.014: E/Volley(13281): 	at tgt.b(SourceFile:3)
03-29 04:46:50.014: E/Volley(13281): 	at baf.a(SourceFile:1)
03-29 04:46:50.014: E/Volley(13281): 	at baj.a(SourceFile:17)
03-29 04:46:50.014: E/Volley(13281): 	at azn.a(SourceFile:8)
03-29 04:46:50.014: E/Volley(13281): 	at azn.run(SourceFile:2)
03-29 04:46:50.018: I/art(7635): Compiler allocated 8MB to compile void com.google.android.location.internal.server.GoogleLocationChimeraService.a(android.content.Intent, boolean)
03-29 04:46:50.018: E/Finsky(13281): [1] gyk.a(-1): Error acking notifications [[EAMaEjdhOTVjZDAxMzQ4NDAyNDc6MyDFx47jly0oBg]]
03-29 04:46:50.020: I/OcrModelUpStIntentOp(7685): Updating ocr activity enabled=true (phenotypeFlag=true, lowRamDevice=false, prereqCheck=true)
03-29 04:46:50.029: E/Volley(13281): [92] azn.a: Unhandled exception java.lang.IllegalArgumentException: account is null
03-29 04:46:50.029: E/Volley(13281): java.lang.IllegalArgumentException: account is null
03-29 04:46:50.029: E/Volley(13281): 	at android.accounts.AccountManager.getAuthToken(AccountManager.java:1482)
03-29 04:46:50.029: E/Volley(13281): 	at android.accounts.AccountManager.getAuthToken(AccountManager.java:1402)
03-29 04:46:50.029: E/Volley(13281): 	at bag.a(SourceFile:1)
03-29 04:46:50.029: E/Volley(13281): 	at clr.a(SourceFile:12)
03-29 04:46:50.029: E/Volley(13281): 	at crp.g(SourceFile:7)
03-29 04:46:50.029: E/Volley(13281): 	at tgt.b(SourceFile:3)
03-29 04:46:50.029: E/Volley(13281): 	at baf.a(SourceFile:1)
03-29 04:46:50.029: E/Volley(13281): 	at baj.a(SourceFile:17)
03-29 04:46:50.029: E/Volley(13281): 	at azn.a(SourceFile:8)
03-29 04:46:50.029: E/Volley(13281): 	at azn.run(SourceFile:2)
03-29 04:46:50.031: E/Volley(13281): [92] azn.a: Unhandled exception java.lang.IllegalArgumentException: account is null
03-29 04:46:50.031: E/Volley(13281): java.lang.IllegalArgumentException: account is null
03-29 04:46:50.031: E/Volley(13281): 	at android.accounts.AccountManager.getAuthToken(AccountManager.java:1482)
03-29 04:46:50.031: E/Volley(13281): 	at android.accounts.AccountManager.getAuthToken(AccountManager.java:1402)
03-29 04:46:50.031: E/Volley(13281): 	at bag.a(SourceFile:1)
03-29 04:46:50.031: E/Volley(13281): 	at clr.a(SourceFile:12)
03-29 04:46:50.031: E/Volley(13281): 	at crp.g(SourceFile:7)
03-29 04:46:50.031: E/Volley(13281): 	at tgt.b(SourceFile:3)
03-29 04:46:50.031: E/Volley(13281): 	at baf.a(SourceFile:1)
03-29 04:46:50.031: E/Volley(13281): 	at baj.a(SourceFile:17)
03-29 04:46:50.031: E/Volley(13281): 	at azn.a(SourceFile:8)
03-29 04:46:50.031: E/Volley(13281): 	at azn.run(SourceFile:2)
03-29 04:46:50.040: E/Volley(13281): [94] azn.a: Unhandled exception java.lang.IllegalArgumentException: account is null
03-29 04:46:50.040: E/Volley(13281): java.lang.IllegalArgumentException: account is null
03-29 04:46:50.040: E/Volley(13281): 	at android.accounts.AccountManager.getAuthToken(AccountManager.java:1482)
03-29 04:46:50.040: E/Volley(13281): 	at android.accounts.AccountManager.getAuthToken(AccountManager.java:1402)
03-29 04:46:50.040: E/Volley(13281): 	at bag.a(SourceFile:1)
03-29 04:46:50.040: E/Volley(13281): 	at clr.a(SourceFile:12)
03-29 04:46:50.040: E/Volley(13281): 	at crp.g(SourceFile:7)
03-29 04:46:50.040: E/Volley(13281): 	at tgt.b(SourceFile:3)
03-29 04:46:50.040: E/Volley(13281): 	at baf.a(SourceFile:1)
03-29 04:46:50.040: E/Volley(13281): 	at baj.a(SourceFile:17)
03-29 04:46:50.040: E/Volley(13281): 	at azn.a(SourceFile:8)
03-29 04:46:50.040: E/Volley(13281): 	at azn.run(SourceFile:2)
03-29 04:46:50.044: E/Finsky(13281): [1] gyk.a(-1): Error acking notifications [[EAMaEmEzYmRiMzI4OGRiNGVjOTg6MyDruq_PlC0oBg]]
03-29 04:46:50.045: W/ModuleInitIntentOp(7685): Dropping unexpected action com.google.android.gms.phenotype.COMMITTED
03-29 04:46:50.046: I/PTCommittedOperation(7635): Receive new configuration for com.google.android.gms.easysignin
03-29 04:46:50.051: E/Finsky(13281): [1] gyk.a(-1): Error acking notifications [[EAMaEmZiYTAwNjdmNTdmNDJhZjM6MyDF55Kzji0oBg]]
03-29 04:46:50.055: E/Finsky(13281): [1] gyk.a(-1): Error acking notifications [[EAMaEmQ2YzQ2NDJjMzE5NTJjNzc6MyC28dScmy0oBg]]
03-29 04:46:50.058: E/Finsky(13281): [1] gyk.a(-1): Error acking notifications [[EAMaEjYzN2Y5MGUxOTViYmFiMzE6MyDTk7ihmi0oBg]]
03-29 04:46:50.067: E/Volley(13281): [94] azn.a: Unhandled exception java.lang.IllegalArgumentException: account is null
03-29 04:46:50.067: E/Volley(13281): java.lang.IllegalArgumentException: account is null
03-29 04:46:50.067: E/Volley(13281): 	at android.accounts.AccountManager.getAuthToken(AccountManager.java:1482)
03-29 04:46:50.067: E/Volley(13281): 	at android.accounts.AccountManager.getAuthToken(AccountManager.java:1402)
03-29 04:46:50.067: E/Volley(13281): 	at bag.a(SourceFile:1)
03-29 04:46:50.067: E/Volley(13281): 	at clr.a(SourceFile:12)
03-29 04:46:50.067: E/Volley(13281): 	at crp.g(SourceFile:7)
03-29 04:46:50.067: E/Volley(13281): 	at tgt.b(SourceFile:3)
03-29 04:46:50.067: E/Volley(13281): 	at baf.a(SourceFile:1)
03-29 04:46:50.067: E/Volley(13281): 	at baj.a(SourceFile:17)
03-29 04:46:50.067: E/Volley(13281): 	at azn.a(SourceFile:8)
03-29 04:46:50.067: E/Volley(13281): 	at azn.run(SourceFile:2)
03-29 04:46:50.070: E/Finsky(13281): [1] gyk.a(-1): Error acking notifications [[EAMaEmRkMzgyZGIyMTVmN2M3ODY6MyDcur6Nky0oBg]]
03-29 04:46:50.072: E/Volley(13281): [94] azn.a: Unhandled exception java.lang.IllegalArgumentException: account is null
03-29 04:46:50.072: E/Volley(13281): java.lang.IllegalArgumentException: account is null
03-29 04:46:50.072: E/Volley(13281): 	at android.accounts.AccountManager.getAuthToken(AccountManager.java:1482)
03-29 04:46:50.072: E/Volley(13281): 	at android.accounts.AccountManager.getAuthToken(AccountManager.java:1402)
03-29 04:46:50.072: E/Volley(13281): 	at bag.a(SourceFile:1)
03-29 04:46:50.072: E/Volley(13281): 	at clr.a(SourceFile:12)
03-29 04:46:50.072: E/Volley(13281): 	at crp.g(SourceFile:7)
03-29 04:46:50.072: E/Volley(13281): 	at tgt.b(SourceFile:3)
03-29 04:46:50.072: E/Volley(13281): 	at baf.a(SourceFile:1)
03-29 04:46:50.072: E/Volley(13281): 	at baj.a(SourceFile:17)
03-29 04:46:50.072: E/Volley(13281): 	at azn.a(SourceFile:8)
03-29 04:46:50.072: E/Volley(13281): 	at azn.run(SourceFile:2)
03-29 04:46:50.072: E/Volley(13281): [95] azn.a: Unhandled exception java.lang.IllegalArgumentException: account is null
03-29 04:46:50.072: E/Volley(13281): java.lang.IllegalArgumentException: account is null
03-29 04:46:50.072: E/Volley(13281): 	at android.accounts.AccountManager.getAuthToken(AccountManager.java:1482)
03-29 04:46:50.072: E/Volley(13281): 	at android.accounts.AccountManager.getAuthToken(AccountManager.java:1402)
03-29 04:46:50.072: E/Volley(13281): 	at bag.a(SourceFile:1)
03-29 04:46:50.072: E/Volley(13281): 	at clr.a(SourceFile:12)
03-29 04:46:50.072: E/Volley(13281): 	at crp.g(SourceFile:7)
03-29 04:46:50.072: E/Volley(13281): 	at tgt.b(SourceFile:3)
03-29 04:46:50.072: E/Volley(13281): 	at baf.a(SourceFile:1)
03-29 04:46:50.072: E/Volley(13281): 	at baj.a(SourceFile:17)
03-29 04:46:50.072: E/Volley(13281): 	at azn.a(SourceFile:8)
03-29 04:46:50.072: E/Volley(13281): 	at azn.run(SourceFile:2)
03-29 04:46:50.073: E/Volley(13281): [93] azn.a: Unhandled exception java.lang.IllegalArgumentException: account is null
03-29 04:46:50.073: E/Volley(13281): java.lang.IllegalArgumentException: account is null
03-29 04:46:50.073: E/Volley(13281): 	at android.accounts.AccountManager.getAuthToken(AccountManager.java:1482)
03-29 04:46:50.073: E/Volley(13281): 	at android.accounts.AccountManager.getAuthToken(AccountManager.java:1402)
03-29 04:46:50.073: E/Volley(13281): 	at bag.a(SourceFile:1)
03-29 04:46:50.073: E/Volley(13281): 	at clr.a(SourceFile:12)
03-29 04:46:50.073: E/Volley(13281): 	at crp.g(SourceFile:7)
03-29 04:46:50.073: E/Volley(13281): 	at tgt.b(SourceFile:3)
03-29 04:46:50.073: E/Volley(13281): 	at baf.a(SourceFile:1)
03-29 04:46:50.073: E/Volley(13281): 	at baj.a(SourceFile:17)
03-29 04:46:50.073: E/Volley(13281): 	at azn.a(SourceFile:8)
03-29 04:46:50.073: E/Volley(13281): 	at azn.run(SourceFile:2)
03-29 04:46:50.073: E/Volley(13281): [92] azn.a: Unhandled exception java.lang.IllegalArgumentException: account is null
03-29 04:46:50.073: E/Volley(13281): java.lang.IllegalArgumentException: account is null
03-29 04:46:50.073: E/Volley(13281): 	at android.accounts.AccountManager.getAuthToken(AccountManager.java:1482)
03-29 04:46:50.073: E/Volley(13281): 	at android.accounts.AccountManager.getAuthToken(AccountManager.java:1402)
03-29 04:46:50.073: E/Volley(13281): 	at bag.a(SourceFile:1)
03-29 04:46:50.073: E/Volley(13281): 	at clr.a(SourceFile:12)
03-29 04:46:50.073: E/Volley(13281): 	at crp.g(SourceFile:7)
03-29 04:46:50.073: E/Volley(13281): 	at tgt.b(SourceFile:3)
03-29 04:46:50.073: E/Volley(13281): 	at baf.a(SourceFile:1)
03-29 04:46:50.073: E/Volley(13281): 	at baj.a(SourceFile:17)
03-29 04:46:50.073: E/Volley(13281): 	at azn.a(SourceFile:8)
03-29 04:46:50.073: E/Volley(13281): 	at azn.run(SourceFile:2)
03-29 04:46:50.080: E/Finsky(13281): [1] gyk.a(-1): Error acking notifications [[EAMaEmEzYmRiMzI4OGRiNGVjOTg6MyDruq_PlC0oBg]]
03-29 04:46:50.083: E/Finsky(13281): [1] gyk.a(-1): Error acking notifications [[EAMaEmZiYTAwNjdmNTdmNDJhZjM6MyDF55Kzji0oBg]]
03-29 04:46:50.086: E/Finsky(13281): [1] gyk.a(-1): Error acking notifications [[EAMaEjdhOTVjZDAxMzQ4NDAyNDc6MyDFx47jly0oBg]]
03-29 04:46:50.094: I/SystemUpdate(7685): [Control,InstallationControl] Installation progress updated to (0x70B, -1.000).
03-29 04:46:50.096: E/Finsky(13281): [1] gyk.a(-1): Error acking notifications [[EAMaEmNhY2FiNjg1MTdhY2RiOGE6MyCTg5fhmy0oBg]]
03-29 04:46:50.099: I/OcrModelUpStIntentOp(7685): Downloading text recognizer
03-29 04:46:50.106: E/Volley(13281): [92] azn.a: Unhandled exception java.lang.IllegalArgumentException: account is null
03-29 04:46:50.106: E/Volley(13281): java.lang.IllegalArgumentException: account is null
03-29 04:46:50.106: E/Volley(13281): 	at android.accounts.AccountManager.getAuthToken(AccountManager.java:1482)
03-29 04:46:50.106: E/Volley(13281): 	at android.accounts.AccountManager.getAuthToken(AccountManager.java:1402)
03-29 04:46:50.106: E/Volley(13281): 	at bag.a(SourceFile:1)
03-29 04:46:50.106: E/Volley(13281): 	at clr.a(SourceFile:12)
03-29 04:46:50.106: E/Volley(13281): 	at crp.g(SourceFile:7)
03-29 04:46:50.106: E/Volley(13281): 	at tgt.b(SourceFile:3)
03-29 04:46:50.106: E/Volley(13281): 	at baf.a(SourceFile:1)
03-29 04:46:50.106: E/Volley(13281): 	at baj.a(SourceFile:17)
03-29 04:46:50.106: E/Volley(13281): 	at azn.a(SourceFile:8)
03-29 04:46:50.106: E/Volley(13281): 	at azn.run(SourceFile:2)
03-29 04:46:50.110: W/ModuleInitIntentOp(7685): Dropping unexpected action com.google.android.gms.phenotype.COMMITTED
03-29 04:46:50.116: E/Volley(13281): [92] azn.a: Unhandled exception java.lang.IllegalArgumentException: account is null
03-29 04:46:50.116: E/Volley(13281): java.lang.IllegalArgumentException: account is null
03-29 04:46:50.116: E/Volley(13281): 	at android.accounts.AccountManager.getAuthToken(AccountManager.java:1482)
03-29 04:46:50.116: E/Volley(13281): 	at android.accounts.AccountManager.getAuthToken(AccountManager.java:1402)
03-29 04:46:50.116: E/Volley(13281): 	at bag.a(SourceFile:1)
03-29 04:46:50.116: E/Volley(13281): 	at clr.a(SourceFile:12)
03-29 04:46:50.116: E/Volley(13281): 	at crp.g(SourceFile:7)
03-29 04:46:50.116: E/Volley(13281): 	at tgt.b(SourceFile:3)
03-29 04:46:50.116: E/Volley(13281): 	at baf.a(SourceFile:1)
03-29 04:46:50.116: E/Volley(13281): 	at baj.a(SourceFile:17)
03-29 04:46:50.116: E/Volley(13281): 	at azn.a(SourceFile:8)
03-29 04:46:50.116: E/Volley(13281): 	at azn.run(SourceFile:2)
03-29 04:46:50.118: E/Volley(13281): [93] azn.a: Unhandled exception java.lang.IllegalArgumentException: account is null
03-29 04:46:50.118: E/Volley(13281): java.lang.IllegalArgumentException: account is null
03-29 04:46:50.118: E/Volley(13281): 	at android.accounts.AccountManager.getAuthToken(AccountManager.java:1482)
03-29 04:46:50.118: E/Volley(13281): 	at android.accounts.AccountManager.getAuthToken(AccountManager.java:1402)
03-29 04:46:50.118: E/Volley(13281): 	at bag.a(SourceFile:1)
03-29 04:46:50.118: E/Volley(13281): 	at clr.a(SourceFile:12)
03-29 04:46:50.118: E/Volley(13281): 	at crp.g(SourceFile:7)
03-29 04:46:50.118: E/Volley(13281): 	at tgt.b(SourceFile:3)
03-29 04:46:50.118: E/Volley(13281): 	at baf.a(SourceFile:1)
03-29 04:46:50.118: E/Volley(13281): 	at baj.a(SourceFile:17)
03-29 04:46:50.118: E/Volley(13281): 	at azn.a(SourceFile:8)
03-29 04:46:50.118: E/Volley(13281): 	at azn.run(SourceFile:2)
03-29 04:46:50.120: E/Volley(13281): [95] azn.a: Unhandled exception java.lang.IllegalArgumentException: account is null
03-29 04:46:50.120: E/Volley(13281): java.lang.IllegalArgumentException: account is null
03-29 04:46:50.120: E/Volley(13281): 	at android.accounts.AccountManager.getAuthToken(AccountManager.java:1482)
03-29 04:46:50.120: E/Volley(13281): 	at android.accounts.AccountManager.getAuthToken(AccountManager.java:1402)
03-29 04:46:50.120: E/Volley(13281): 	at bag.a(SourceFile:1)
03-29 04:46:50.120: E/Volley(13281): 	at clr.a(SourceFile:12)
03-29 04:46:50.120: E/Volley(13281): 	at crp.g(SourceFile:7)
03-29 04:46:50.120: E/Volley(13281): 	at tgt.b(SourceFile:3)
03-29 04:46:50.120: E/Volley(13281): 	at baf.a(SourceFile:1)
03-29 04:46:50.120: E/Volley(13281): 	at baj.a(SourceFile:17)
03-29 04:46:50.120: E/Volley(13281): 	at azn.a(SourceFile:8)
03-29 04:46:50.120: E/Volley(13281): 	at azn.run(SourceFile:2)
03-29 04:46:50.129: E/Finsky(13281): [1] gyk.a(-1): Error acking notifications [[EAMaEmQ2YzQ2NDJjMzE5NTJjNzc6MyC28dScmy0oBg]]
03-29 04:46:50.131: E/Finsky(13281): [1] gyk.a(-1): Error acking notifications [[EAMaEmNhY2FiNjg1MTdhY2RiOGE6MyCTg5fhmy0oBg]]
03-29 04:46:50.134: E/Volley(13281): [94] azn.a: Unhandled exception java.lang.IllegalArgumentException: account is null
03-29 04:46:50.134: E/Volley(13281): java.lang.IllegalArgumentException: account is null
03-29 04:46:50.134: E/Volley(13281): 	at android.accounts.AccountManager.getAuthToken(AccountManager.java:1482)
03-29 04:46:50.134: E/Volley(13281): 	at android.accounts.AccountManager.getAuthToken(AccountManager.java:1402)
03-29 04:46:50.134: E/Volley(13281): 	at bag.a(SourceFile:1)
03-29 04:46:50.134: E/Volley(13281): 	at clr.a(SourceFile:12)
03-29 04:46:50.134: E/Volley(13281): 	at crp.g(SourceFile:7)
03-29 04:46:50.134: E/Volley(13281): 	at tgt.b(SourceFile:3)
03-29 04:46:50.134: E/Volley(13281): 	at baf.a(SourceFile:1)
03-29 04:46:50.134: E/Volley(13281): 	at baj.a(SourceFile:17)
03-29 04:46:50.134: E/Volley(13281): 	at azn.a(SourceFile:8)
03-29 04:46:50.134: E/Volley(13281): 	at azn.run(SourceFile:2)
03-29 04:46:50.136: E/Finsky(13281): [1] gyk.a(-1): Error acking notifications [[EAMaEjYzN2Y5MGUxOTViYmFiMzE6MyDTk7ihmi0oBg]]
03-29 04:46:50.138: W/ModuleInitIntentOp(7685): Dropping unexpected action com.google.android.gms.phenotype.COMMITTED
03-29 04:46:50.138: E/Finsky(13281): [1] gyk.a(-1): Error acking notifications [[EAMaEjdhOTVjZDAxMzQ4NDAyNDc6MyDFx47jly0oBg]]
03-29 04:46:50.141: E/Finsky(13281): [1] gyk.a(-1): Error acking notifications [[EAMaEmRkMzgyZGIyMTVmN2M3ODY6MyDcur6Nky0oBg]]
03-29 04:46:50.141: I/PTCommittedOperation(7635): Receive new configuration for com.google.android.gms.accountsettings
03-29 04:46:50.145: E/Volley(13281): [92] azn.a: Unhandled exception java.lang.IllegalArgumentException: account is null
03-29 04:46:50.145: E/Volley(13281): java.lang.IllegalArgumentException: account is null
03-29 04:46:50.145: E/Volley(13281): 	at android.accounts.AccountManager.getAuthToken(AccountManager.java:1482)
03-29 04:46:50.145: E/Volley(13281): 	at android.accounts.AccountManager.getAuthToken(AccountManager.java:1402)
03-29 04:46:50.145: E/Volley(13281): 	at bag.a(SourceFile:1)
03-29 04:46:50.145: E/Volley(13281): 	at clr.a(SourceFile:12)
03-29 04:46:50.145: E/Volley(13281): 	at crp.g(SourceFile:7)
03-29 04:46:50.145: E/Volley(13281): 	at tgt.b(SourceFile:3)
03-29 04:46:50.145: E/Volley(13281): 	at baf.a(SourceFile:1)
03-29 04:46:50.145: E/Volley(13281): 	at baj.a(SourceFile:17)
03-29 04:46:50.145: E/Volley(13281): 	at azn.a(SourceFile:8)
03-29 04:46:50.145: E/Volley(13281): 	at azn.run(SourceFile:2)
03-29 04:46:50.148: E/Volley(13281): [93] azn.a: Unhandled exception java.lang.IllegalArgumentException: account is null
03-29 04:46:50.148: E/Volley(13281): java.lang.IllegalArgumentException: account is null
03-29 04:46:50.148: E/Volley(13281): 	at android.accounts.AccountManager.getAuthToken(AccountManager.java:1482)
03-29 04:46:50.148: E/Volley(13281): 	at android.accounts.AccountManager.getAuthToken(AccountManager.java:1402)
03-29 04:46:50.148: E/Volley(13281): 	at bag.a(SourceFile:1)
03-29 04:46:50.148: E/Volley(13281): 	at clr.a(SourceFile:12)
03-29 04:46:50.148: E/Volley(13281): 	at crp.g(SourceFile:7)
03-29 04:46:50.148: E/Volley(13281): 	at tgt.b(SourceFile:3)
03-29 04:46:50.148: E/Volley(13281): 	at baf.a(SourceFile:1)
03-29 04:46:50.148: E/Volley(13281): 	at baj.a(SourceFile:17)
03-29 04:46:50.148: E/Volley(13281): 	at azn.a(SourceFile:8)
03-29 04:46:50.148: E/Volley(13281): 	at azn.run(SourceFile:2)
03-29 04:46:50.150: E/Volley(13281): [95] azn.a: Unhandled exception java.lang.IllegalArgumentException: account is null
03-29 04:46:50.150: E/Volley(13281): java.lang.IllegalArgumentException: account is null
03-29 04:46:50.150: E/Volley(13281): 	at android.accounts.AccountManager.getAuthToken(AccountManager.java:1482)
03-29 04:46:50.150: E/Volley(13281): 	at android.accounts.AccountManager.getAuthToken(AccountManager.java:1402)
03-29 04:46:50.150: E/Volley(13281): 	at bag.a(SourceFile:1)
03-29 04:46:50.150: E/Volley(13281): 	at clr.a(SourceFile:12)
03-29 04:46:50.150: E/Volley(13281): 	at crp.g(SourceFile:7)
03-29 04:46:50.150: E/Volley(13281): 	at tgt.b(SourceFile:3)
03-29 04:46:50.150: E/Volley(13281): 	at baf.a(SourceFile:1)
03-29 04:46:50.150: E/Volley(13281): 	at baj.a(SourceFile:17)
03-29 04:46:50.150: E/Volley(13281): 	at azn.a(SourceFile:8)
03-29 04:46:50.150: E/Volley(13281): 	at azn.run(SourceFile:2)
03-29 04:46:50.156: E/Volley(13281): [94] azn.a: Unhandled exception java.lang.IllegalArgumentException: account is null
03-29 04:46:50.156: E/Volley(13281): java.lang.IllegalArgumentException: account is null
03-29 04:46:50.156: E/Volley(13281): 	at android.accounts.AccountManager.getAuthToken(AccountManager.java:1482)
03-29 04:46:50.156: E/Volley(13281): 	at android.accounts.AccountManager.getAuthToken(AccountManager.java:1402)
03-29 04:46:50.156: E/Volley(13281): 	at bag.a(SourceFile:1)
03-29 04:46:50.156: E/Volley(13281): 	at clr.a(SourceFile:12)
03-29 04:46:50.156: E/Volley(13281): 	at crp.g(SourceFile:7)
03-29 04:46:50.156: E/Volley(13281): 	at tgt.b(SourceFile:3)
03-29 04:46:50.156: E/Volley(13281): 	at baf.a(SourceFile:1)
03-29 04:46:50.156: E/Volley(13281): 	at baj.a(SourceFile:17)
03-29 04:46:50.156: E/Volley(13281): 	at azn.a(SourceFile:8)
03-29 04:46:50.156: E/Volley(13281): 	at azn.run(SourceFile:2)
03-29 04:46:50.167: W/Finsky(13281): [1] cyl.a(3): Attempting to inject rollback service before Android Q
03-29 04:46:50.172: E/Volley(13281): [95] azn.a: Unhandled exception java.lang.IllegalArgumentException: account is null
03-29 04:46:50.172: E/Volley(13281): java.lang.IllegalArgumentException: account is null
03-29 04:46:50.172: E/Volley(13281): 	at android.accounts.AccountManager.getAuthToken(AccountManager.java:1482)
03-29 04:46:50.172: E/Volley(13281): 	at android.accounts.AccountManager.getAuthToken(AccountManager.java:1402)
03-29 04:46:50.172: E/Volley(13281): 	at bag.a(SourceFile:1)
03-29 04:46:50.172: E/Volley(13281): 	at clr.a(SourceFile:12)
03-29 04:46:50.172: E/Volley(13281): 	at crp.g(SourceFile:7)
03-29 04:46:50.172: E/Volley(13281): 	at tgt.b(SourceFile:3)
03-29 04:46:50.172: E/Volley(13281): 	at baf.a(SourceFile:1)
03-29 04:46:50.172: E/Volley(13281): 	at baj.a(SourceFile:17)
03-29 04:46:50.172: E/Volley(13281): 	at azn.a(SourceFile:8)
03-29 04:46:50.172: E/Volley(13281): 	at azn.run(SourceFile:2)
03-29 04:46:50.176: E/Volley(13281): [93] azn.a: Unhandled exception java.lang.IllegalArgumentException: account is null
03-29 04:46:50.176: E/Volley(13281): java.lang.IllegalArgumentException: account is null
03-29 04:46:50.176: E/Volley(13281): 	at android.accounts.AccountManager.getAuthToken(AccountManager.java:1482)
03-29 04:46:50.176: E/Volley(13281): 	at android.accounts.AccountManager.getAuthToken(AccountManager.java:1402)
03-29 04:46:50.176: E/Volley(13281): 	at bag.a(SourceFile:1)
03-29 04:46:50.176: E/Volley(13281): 	at clr.a(SourceFile:12)
03-29 04:46:50.176: E/Volley(13281): 	at crp.g(SourceFile:7)
03-29 04:46:50.176: E/Volley(13281): 	at tgt.b(SourceFile:3)
03-29 04:46:50.176: E/Volley(13281): 	at baf.a(SourceFile:1)
03-29 04:46:50.176: E/Volley(13281): 	at baj.a(SourceFile:17)
03-29 04:46:50.176: E/Volley(13281): 	at azn.a(SourceFile:8)
03-29 04:46:50.176: E/Volley(13281): 	at azn.run(SourceFile:2)
03-29 04:46:50.181: E/Volley(13281): [92] azn.a: Unhandled exception java.lang.IllegalArgumentException: account is null
03-29 04:46:50.181: E/Volley(13281): java.lang.IllegalArgumentException: account is null
03-29 04:46:50.181: E/Volley(13281): 	at android.accounts.AccountManager.getAuthToken(AccountManager.java:1482)
03-29 04:46:50.181: E/Volley(13281): 	at android.accounts.AccountManager.getAuthToken(AccountManager.java:1402)
03-29 04:46:50.181: E/Volley(13281): 	at bag.a(SourceFile:1)
03-29 04:46:50.181: E/Volley(13281): 	at clr.a(SourceFile:12)
03-29 04:46:50.181: E/Volley(13281): 	at crp.g(SourceFile:7)
03-29 04:46:50.181: E/Volley(13281): 	at tgt.b(SourceFile:3)
03-29 04:46:50.181: E/Volley(13281): 	at baf.a(SourceFile:1)
03-29 04:46:50.181: E/Volley(13281): 	at baj.a(SourceFile:17)
03-29 04:46:50.181: E/Volley(13281): 	at azn.a(SourceFile:8)
03-29 04:46:50.181: E/Volley(13281): 	at azn.run(SourceFile:2)
03-29 04:46:50.181: E/Finsky(13281): [1] gyk.a(-1): Error acking notifications [[EAMaEmQ2YzQ2NDJjMzE5NTJjNzc6MyC28dScmy0oBg]]
03-29 04:46:50.184: E/Finsky(13281): [1] gyk.a(-1): Error acking notifications [[EAMaEmEzYmRiMzI4OGRiNGVjOTg6MyDruq_PlC0oBg]]
03-29 04:46:50.189: I/PTCommittedOperation(7635): Receive new configuration for com.google.android.gms.backup
03-29 04:46:50.192: E/Finsky(13281): [1] gyk.a(-1): Error acking notifications [[EAMaEmNhY2FiNjg1MTdhY2RiOGE6MyCTg5fhmy0oBg]]
03-29 04:46:50.196: E/Finsky(13281): [1] gyk.a(-1): Error acking notifications [[EAMaEjYzN2Y5MGUxOTViYmFiMzE6MyDTk7ihmi0oBg]]
03-29 04:46:50.196: I/TestSupport(7685): AwaitCommitOperation: uncommitted: FlagOverride(com.google.android.gms.auth_account, , Flag(auth_sig_override_target_uid, 10107, 1, 0), false)
03-29 04:46:50.196: I/TestSupport(7685): AwaitCommitOperation:  sleeping for 2560 msec.
03-29 04:46:50.205: E/Finsky(13281): [1] gyk.a(-1): Error acking notifications [[EAMaEjdhOTVjZDAxMzQ4NDAyNDc6MyDFx47jly0oBg]]
03-29 04:46:50.209: E/Finsky(13281): [1] gyk.a(-1): Error acking notifications [[EAMaEmZiYTAwNjdmNTdmNDJhZjM6MyDF55Kzji0oBg]]
03-29 04:46:50.218: E/Volley(13281): [93] azn.a: Unhandled exception java.lang.IllegalArgumentException: account is null
03-29 04:46:50.218: E/Volley(13281): java.lang.IllegalArgumentException: account is null
03-29 04:46:50.218: E/Volley(13281): 	at android.accounts.AccountManager.getAuthToken(AccountManager.java:1482)
03-29 04:46:50.218: E/Volley(13281): 	at android.accounts.AccountManager.getAuthToken(AccountManager.java:1402)
03-29 04:46:50.218: E/Volley(13281): 	at bag.a(SourceFile:1)
03-29 04:46:50.218: E/Volley(13281): 	at clr.a(SourceFile:12)
03-29 04:46:50.218: E/Volley(13281): 	at crp.g(SourceFile:7)
03-29 04:46:50.218: E/Volley(13281): 	at tgt.b(SourceFile:3)
03-29 04:46:50.218: E/Volley(13281): 	at baf.a(SourceFile:1)
03-29 04:46:50.218: E/Volley(13281): 	at baj.a(SourceFile:17)
03-29 04:46:50.218: E/Volley(13281): 	at azn.a(SourceFile:8)
03-29 04:46:50.218: E/Volley(13281): 	at azn.run(SourceFile:2)
03-29 04:46:50.219: E/Volley(13281): [94] azn.a: Unhandled exception java.lang.IllegalArgumentException: account is null
03-29 04:46:50.219: E/Volley(13281): java.lang.IllegalArgumentException: account is null
03-29 04:46:50.219: E/Volley(13281): 	at android.accounts.AccountManager.getAuthToken(AccountManager.java:1482)
03-29 04:46:50.219: E/Volley(13281): 	at android.accounts.AccountManager.getAuthToken(AccountManager.java:1402)
03-29 04:46:50.219: E/Volley(13281): 	at bag.a(SourceFile:1)
03-29 04:46:50.219: E/Volley(13281): 	at clr.a(SourceFile:12)
03-29 04:46:50.219: E/Volley(13281): 	at crp.g(SourceFile:7)
03-29 04:46:50.219: E/Volley(13281): 	at tgt.b(SourceFile:3)
03-29 04:46:50.219: E/Volley(13281): 	at baf.a(SourceFile:1)
03-29 04:46:50.219: E/Volley(13281): 	at baj.a(SourceFile:17)
03-29 04:46:50.219: E/Volley(13281): 	at azn.a(SourceFile:8)
03-29 04:46:50.219: E/Volley(13281): 	at azn.run(SourceFile:2)
03-29 04:46:50.221: E/Finsky(13281): [1] gyk.a(-1): Error acking notifications [[EAMaEmZiYTAwNjdmNTdmNDJhZjM6MyDF55Kzji0oBg]]
03-29 04:46:50.224: E/Finsky(13281): [1] gyk.a(-1): Error acking notifications [[EAMaEmEzYmRiMzI4OGRiNGVjOTg6MyDruq_PlC0oBg]]
03-29 04:46:50.226: E/Volley(13281): [92] azn.a: Unhandled exception java.lang.IllegalArgumentException: account is null
03-29 04:46:50.226: E/Volley(13281): java.lang.IllegalArgumentException: account is null
03-29 04:46:50.226: E/Volley(13281): 	at android.accounts.AccountManager.getAuthToken(AccountManager.java:1482)
03-29 04:46:50.226: E/Volley(13281): 	at android.accounts.AccountManager.getAuthToken(AccountManager.java:1402)
03-29 04:46:50.226: E/Volley(13281): 	at bag.a(SourceFile:1)
03-29 04:46:50.226: E/Volley(13281): 	at clr.a(SourceFile:12)
03-29 04:46:50.226: E/Volley(13281): 	at crp.g(SourceFile:7)
03-29 04:46:50.226: E/Volley(13281): 	at tgt.b(SourceFile:3)
03-29 04:46:50.226: E/Volley(13281): 	at baf.a(SourceFile:1)
03-29 04:46:50.226: E/Volley(13281): 	at baj.a(SourceFile:17)
03-29 04:46:50.226: E/Volley(13281): 	at azn.a(SourceFile:8)
03-29 04:46:50.226: E/Volley(13281): 	at azn.run(SourceFile:2)
03-29 04:46:50.227: E/Finsky(13281): [1] gyk.a(-1): Error acking notifications [[EAMaEmQ2YzQ2NDJjMzE5NTJjNzc6MyC28dScmy0oBg]]
03-29 04:46:50.229: E/Finsky(13281): [1] gyk.a(-1): Error acking notifications [[EAMaEmNhY2FiNjg1MTdhY2RiOGE6MyCTg5fhmy0oBg]]
03-29 04:46:50.229: E/Volley(13281): [95] azn.a: Unhandled exception java.lang.IllegalArgumentException: account is null
03-29 04:46:50.229: E/Volley(13281): java.lang.IllegalArgumentException: account is null
03-29 04:46:50.229: E/Volley(13281): 	at android.accounts.AccountManager.getAuthToken(AccountManager.java:1482)
03-29 04:46:50.229: E/Volley(13281): 	at android.accounts.AccountManager.getAuthToken(AccountManager.java:1402)
03-29 04:46:50.229: E/Volley(13281): 	at bag.a(SourceFile:1)
03-29 04:46:50.229: E/Volley(13281): 	at clr.a(SourceFile:12)
03-29 04:46:50.229: E/Volley(13281): 	at crp.g(SourceFile:7)
03-29 04:46:50.229: E/Volley(13281): 	at tgt.b(SourceFile:3)
03-29 04:46:50.229: E/Volley(13281): 	at baf.a(SourceFile:1)
03-29 04:46:50.229: E/Volley(13281): 	at baj.a(SourceFile:17)
03-29 04:46:50.229: E/Volley(13281): 	at azn.a(SourceFile:8)
03-29 04:46:50.229: E/Volley(13281): 	at azn.run(SourceFile:2)
03-29 04:46:50.244: E/Volley(13281): [95] azn.a: Unhandled exception java.lang.IllegalArgumentException: account is null
03-29 04:46:50.244: E/Volley(13281): java.lang.IllegalArgumentException: account is null
03-29 04:46:50.244: E/Volley(13281): 	at android.accounts.AccountManager.getAuthToken(AccountManager.java:1482)
03-29 04:46:50.244: E/Volley(13281): 	at android.accounts.AccountManager.getAuthToken(AccountManager.java:1402)
03-29 04:46:50.244: E/Volley(13281): 	at bag.a(SourceFile:1)
03-29 04:46:50.244: E/Volley(13281): 	at clr.a(SourceFile:12)
03-29 04:46:50.244: E/Volley(13281): 	at crp.g(SourceFile:7)
03-29 04:46:50.244: E/Volley(13281): 	at tgt.b(SourceFile:3)
03-29 04:46:50.244: E/Volley(13281): 	at baf.a(SourceFile:1)
03-29 04:46:50.244: E/Volley(13281): 	at baj.a(SourceFile:17)
03-29 04:46:50.244: E/Volley(13281): 	at azn.a(SourceFile:8)
03-29 04:46:50.244: E/Volley(13281): 	at azn.run(SourceFile:2)
03-29 04:46:50.244: W/ModuleInitIntentOp(7685): Dropping unexpected action com.google.android.gms.phenotype.COMMITTED
03-29 04:46:50.245: E/Finsky(13281): [1] gyk.a(-1): Error acking notifications [[EAMaEmRkMzgyZGIyMTVmN2M3ODY6MyDcur6Nky0oBg]]
03-29 04:46:50.247: E/Finsky(13281): [1] gyk.a(-1): Error acking notifications [[EAMaEmRkMzgyZGIyMTVmN2M3ODY6MyDcur6Nky0oBg]]
03-29 04:46:50.250: E/Volley(13281): [92] azn.a: Unhandled exception java.lang.IllegalArgumentException: account is null
03-29 04:46:50.250: E/Volley(13281): java.lang.IllegalArgumentException: account is null
03-29 04:46:50.250: E/Volley(13281): 	at android.accounts.AccountManager.getAuthToken(AccountManager.java:1482)
03-29 04:46:50.250: E/Volley(13281): 	at android.accounts.AccountManager.getAuthToken(AccountManager.java:1402)
03-29 04:46:50.250: E/Volley(13281): 	at bag.a(SourceFile:1)
03-29 04:46:50.250: E/Volley(13281): 	at clr.a(SourceFile:12)
03-29 04:46:50.250: E/Volley(13281): 	at crp.g(SourceFile:7)
03-29 04:46:50.250: E/Volley(13281): 	at tgt.b(SourceFile:3)
03-29 04:46:50.250: E/Volley(13281): 	at baf.a(SourceFile:1)
03-29 04:46:50.250: E/Volley(13281): 	at baj.a(SourceFile:17)
03-29 04:46:50.250: E/Volley(13281): 	at azn.a(SourceFile:8)
03-29 04:46:50.250: E/Volley(13281): 	at azn.run(SourceFile:2)
03-29 04:46:50.256: E/Volley(13281): [93] azn.a: Unhandled exception java.lang.IllegalArgumentException: account is null
03-29 04:46:50.256: E/Volley(13281): java.lang.IllegalArgumentException: account is null
03-29 04:46:50.256: E/Volley(13281): 	at android.accounts.AccountManager.getAuthToken(AccountManager.java:1482)
03-29 04:46:50.256: E/Volley(13281): 	at android.accounts.AccountManager.getAuthToken(AccountManager.java:1402)
03-29 04:46:50.256: E/Volley(13281): 	at bag.a(SourceFile:1)
03-29 04:46:50.256: E/Volley(13281): 	at clr.a(SourceFile:12)
03-29 04:46:50.256: E/Volley(13281): 	at crp.g(SourceFile:7)
03-29 04:46:50.256: E/Volley(13281): 	at tgt.b(SourceFile:3)
03-29 04:46:50.256: E/Volley(13281): 	at baf.a(SourceFile:1)
03-29 04:46:50.256: E/Volley(13281): 	at baj.a(SourceFile:17)
03-29 04:46:50.256: E/Volley(13281): 	at azn.a(SourceFile:8)
03-29 04:46:50.256: E/Volley(13281): 	at azn.run(SourceFile:2)
03-29 04:46:50.257: I/PTCommittedOperation(7635): Receive new configuration for com.google.android.gms.beacon
03-29 04:46:50.263: E/Finsky(13281): [1] gyk.a(-1): Error acking notifications [[EAMaEjdhOTVjZDAxMzQ4NDAyNDc6MyDFx47jly0oBg]]
03-29 04:46:50.265: E/Finsky(13281): [1] gyk.a(-1): Error acking notifications [[EAMaEjYzN2Y5MGUxOTViYmFiMzE6MyDTk7ihmi0oBg]]
03-29 04:46:50.265: W/ModuleInitIntentOp(7685): Dropping unexpected action com.google.android.gms.phenotype.COMMITTED
03-29 04:46:50.267: E/Volley(13281): [92] azn.a: Unhandled exception java.lang.IllegalArgumentException: account is null
03-29 04:46:50.267: E/Volley(13281): java.lang.IllegalArgumentException: account is null
03-29 04:46:50.267: E/Volley(13281): 	at android.accounts.AccountManager.getAuthToken(AccountManager.java:1482)
03-29 04:46:50.267: E/Volley(13281): 	at android.accounts.AccountManager.getAuthToken(AccountManager.java:1402)
03-29 04:46:50.267: E/Volley(13281): 	at bag.a(SourceFile:1)
03-29 04:46:50.267: E/Volley(13281): 	at clr.a(SourceFile:12)
03-29 04:46:50.267: E/Volley(13281): 	at crp.g(SourceFile:7)
03-29 04:46:50.267: E/Volley(13281): 	at tgt.b(SourceFile:3)
03-29 04:46:50.267: E/Volley(13281): 	at baf.a(SourceFile:1)
03-29 04:46:50.267: E/Volley(13281): 	at baj.a(SourceFile:17)
03-29 04:46:50.267: E/Volley(13281): 	at azn.a(SourceFile:8)
03-29 04:46:50.267: E/Volley(13281): 	at azn.run(SourceFile:2)
03-29 04:46:50.269: E/Volley(13281): [95] azn.a: Unhandled exception java.lang.IllegalArgumentException: account is null
03-29 04:46:50.269: E/Volley(13281): java.lang.IllegalArgumentException: account is null
03-29 04:46:50.269: E/Volley(13281): 	at android.accounts.AccountManager.getAuthToken(AccountManager.java:1482)
03-29 04:46:50.269: E/Volley(13281): 	at android.accounts.AccountManager.getAuthToken(AccountManager.java:1402)
03-29 04:46:50.269: E/Volley(13281): 	at bag.a(SourceFile:1)
03-29 04:46:50.269: E/Volley(13281): 	at clr.a(SourceFile:12)
03-29 04:46:50.269: E/Volley(13281): 	at crp.g(SourceFile:7)
03-29 04:46:50.269: E/Volley(13281): 	at tgt.b(SourceFile:3)
03-29 04:46:50.269: E/Volley(13281): 	at baf.a(SourceFile:1)
03-29 04:46:50.269: E/Volley(13281): 	at baj.a(SourceFile:17)
03-29 04:46:50.269: E/Volley(13281): 	at azn.a(SourceFile:8)
03-29 04:46:50.269: E/Volley(13281): 	at azn.run(SourceFile:2)
03-29 04:46:50.280: E/Volley(13281): [94] azn.a: Unhandled exception java.lang.IllegalArgumentException: account is null
03-29 04:46:50.280: E/Volley(13281): java.lang.IllegalArgumentException: account is null
03-29 04:46:50.280: E/Volley(13281): 	at android.accounts.AccountManager.getAuthToken(AccountManager.java:1482)
03-29 04:46:50.280: E/Volley(13281): 	at android.accounts.AccountManager.getAuthToken(AccountManager.java:1402)
03-29 04:46:50.280: E/Volley(13281): 	at bag.a(SourceFile:1)
03-29 04:46:50.280: E/Volley(13281): 	at clr.a(SourceFile:12)
03-29 04:46:50.280: E/Volley(13281): 	at crp.g(SourceFile:7)
03-29 04:46:50.280: E/Volley(13281): 	at tgt.b(SourceFile:3)
03-29 04:46:50.280: E/Volley(13281): 	at baf.a(SourceFile:1)
03-29 04:46:50.280: E/Volley(13281): 	at baj.a(SourceFile:17)
03-29 04:46:50.280: E/Volley(13281): 	at azn.a(SourceFile:8)
03-29 04:46:50.280: E/Volley(13281): 	at azn.run(SourceFile:2)
03-29 04:46:50.286: E/Finsky(13281): [1] gyk.a(-1): Error acking notifications [[EAMaEmZiYTAwNjdmNTdmNDJhZjM6MyDF55Kzji0oBg]]
03-29 04:46:50.290: E/Finsky(13281): [1] gyk.a(-1): Error acking notifications [[EAMaEmEzYmRiMzI4OGRiNGVjOTg6MyDruq_PlC0oBg]]
03-29 04:46:50.292: E/Finsky(13281): [1] gyk.a(-1): Error acking notifications [[EAMaEmNhY2FiNjg1MTdhY2RiOGE6MyCTg5fhmy0oBg]]
03-29 04:46:50.300: E/Volley(13281): [93] azn.a: Unhandled exception java.lang.IllegalArgumentException: account is null
03-29 04:46:50.300: E/Volley(13281): java.lang.IllegalArgumentException: account is null
03-29 04:46:50.300: E/Volley(13281): 	at android.accounts.AccountManager.getAuthToken(AccountManager.java:1482)
03-29 04:46:50.300: E/Volley(13281): 	at android.accounts.AccountManager.getAuthToken(AccountManager.java:1402)
03-29 04:46:50.300: E/Volley(13281): 	at bag.a(SourceFile:1)
03-29 04:46:50.300: E/Volley(13281): 	at clr.a(SourceFile:12)
03-29 04:46:50.300: E/Volley(13281): 	at crp.g(SourceFile:7)
03-29 04:46:50.300: E/Volley(13281): 	at tgt.b(SourceFile:3)
03-29 04:46:50.300: E/Volley(13281): 	at baf.a(SourceFile:1)
03-29 04:46:50.300: E/Volley(13281): 	at baj.a(SourceFile:17)
03-29 04:46:50.300: E/Volley(13281): 	at azn.a(SourceFile:8)
03-29 04:46:50.300: E/Volley(13281): 	at azn.run(SourceFile:2)
