03-29 04:46:36.849: I/WCNSS_FILTER(2349): ibs_bt_device_wakeup: Writing IBS_WAKE_IND
03-29 04:46:36.849: I/WCNSS_FILTER(2349): do_write: IBS write: fd
03-29 04:46:36.852: I/WCNSS_FILTER(2349): ibs_recv_ibs_cmd: Received IBS_WAKE_ACK: 0xFC
03-29 04:46:36.854: I/WCNSS_FILTER(2349): ibs_recv_ibs_cmd: Received IBS_WAKE_IND: 0xFD
03-29 04:46:36.854: I/WCNSS_FILTER(2349): ibs_recv_ibs_cmd: Writing IBS_WAKE_ACK
03-29 04:46:36.854: I/WCNSS_FILTER(2349): do_write: IBS write: fc
03-29 04:46:36.861: D/BtGatt.GattService(2054): onScanFilterParamsConfigured() - clientIf=5, status=0, action=1, availableSpace=16
03-29 04:46:36.861: D/BtGatt.ScanManager(2054): callback done for clientIf - 5 status - 0
03-29 04:46:36.861: D/BtGatt.ScanManager(2054): configureRegularScanParams() - queue=0
03-29 04:46:36.861: D/BtGatt.ScanManager(2054): configureRegularScanParams() - ScanSetting Scan mode=-2147483648 mLastConfiguredScanSetting=0
03-29 04:46:36.861: D/BtGatt.ScanManager(2054): configureRegularScanParams() - queue emtpy, scan stopped
03-29 04:46:36.870: D/BtGatt.ScanManager(2054): regular client is null
03-29 04:46:36.870: D/BtGatt.ScanManager(2054): batch client is null
03-29 04:46:36.884: I/art(14076): Compiler allocated 4MB to compile int aojm.a(java.lang.Object, byte[], int, int, int, aofq)
03-29 04:46:36.901: I/WCNSS_FILTER(2349): ibs_recv_ibs_cmd: Received IBS_SLEEP_IND: 0xFE
03-29 04:46:36.926: D/ApplicationLoaders(14076): ignored Vulkan layer search path /data/app/com.google.android.gms-1/lib/arm64:/data/app/com.google.android.gms-1/base.apk!/lib/arm64-v8a for namespace 0x7f892c80f0
03-29 04:46:36.928: W/Conscrypt(7635): Could not set socket write timeout: java.net.SocketException: Socket closed
03-29 04:46:36.928: W/Conscrypt(7635): 	at com.google.android.gms.org.conscrypt.Platform.setSocketWriteTimeout(:com.google.android.gms@15090019@15.0.90 (040400-231259764):2)
03-29 04:46:36.928: W/Conscrypt(7635): 	at com.google.android.gms.org.conscrypt.ConscryptFileDescriptorSocket.setSoWriteTimeout(:com.google.android.gms@15090019@15.0.90 (040400-231259764):2)
03-29 04:46:36.949: E/GEL_DELAYED_EVENT_DEBUG(14076): Failed delayed event dispatch, no dispatchers.
03-29 04:46:37.011: W/Conscrypt(7635): Could not set socket write timeout: java.net.SocketException: Socket closed
03-29 04:46:37.011: W/Conscrypt(7635): 	at com.google.android.gms.org.conscrypt.Platform.setSocketWriteTimeout(:com.google.android.gms@15090019@15.0.90 (040400-231259764):2)
03-29 04:46:37.011: W/Conscrypt(7635): 	at com.google.android.gms.org.conscrypt.ConscryptFileDescriptorSocket.setSoWriteTimeout(:com.google.android.gms@15090019@15.0.90 (040400-231259764):2)
03-29 04:46:37.024: D/AndroidRuntime(14132): >>>>>> START com.android.internal.os.RuntimeInit uid 2000 <<<<<<
03-29 04:46:37.027: D/AndroidRuntime(14132): CheckJNI is OFF
03-29 04:46:37.033: D/BluetoothAdapter(7635): STATE_ON
03-29 04:46:37.034: I/art(1528): Starting a blocking GC Explicit
03-29 04:46:37.037: D/BtGatt.GattService(2054): registerClient() - UUID=2847920b-d86c-4d53-953a-83c25af9f5f8
03-29 04:46:37.038: D/BtGatt.GattService(2054): onClientRegistered() - UUID=2847920b-d86c-4d53-953a-83c25af9f5f8, clientIf=5
03-29 04:46:37.038: D/BluetoothLeScanner(7635): onClientRegistered() - status=0 clientIf=5 mClientIf=0
03-29 04:46:37.039: D/BtGatt.GattService(2054): start scan with filters
03-29 04:46:37.041: D/BtGatt.ScanManager(2054): handling starting scan
03-29 04:46:37.052: I/WCNSS_FILTER(2349): ibs_recv_ibs_cmd: Received IBS_WAKE_IND: 0xFD
03-29 04:46:37.052: I/WCNSS_FILTER(2349): ibs_recv_ibs_cmd: Writing IBS_WAKE_ACK
03-29 04:46:37.052: I/WCNSS_FILTER(2349): do_write: IBS write: fc
03-29 04:46:37.053: D/BtGatt.GattService(2054): onScanFilterEnableDisabled() - clientIf=5, status=0, action=1
03-29 04:46:37.053: D/BtGatt.ScanManager(2054): callback done for clientIf - 5 status - 0
03-29 04:46:37.054: I/BeaconBle(7635): Client requested scan, settings=BleSettings [scanMode=LOW_LATENCY, callbackType=ALL_MATCHES, reportDelayMillis=0, 5 filters, 1 clients, callingClientName=Nearby]
03-29 04:46:37.055: D/BtGatt.ScanManager(2054): addFilterToController: 6
03-29 04:46:37.058: D/BtGatt.GattService(2054): onScanFilterConfig() - clientIf=5, action = 0 status = 0, filterType=6, availableSpace=31
03-29 04:46:37.058: D/BtGatt.ScanManager(2054): callback done for clientIf - 5 status - 0
03-29 04:46:37.059: D/BtGatt.ScanManager(2054): configureFilterParamter 500 10000 1 0
03-29 04:46:37.060: D/BtGatt.GattService(2054): onScanFilterParamsConfigured() - clientIf=5, status=0, action=0, availableSpace=15
03-29 04:46:37.060: D/BtGatt.ScanManager(2054): callback done for clientIf - 5 status - 0
03-29 04:46:37.061: D/BtGatt.ScanManager(2054): configureRegularScanParams() - queue=1
03-29 04:46:37.061: D/BtGatt.ScanManager(2054): configureRegularScanParams() - ScanSetting Scan mode=0 mLastConfiguredScanSetting=-2147483648
03-29 04:46:37.061: D/BtGatt.ScanManager(2054): configureRegularScanParams - scanInterval = 8000configureRegularScanParams - scanWindow = 800
03-29 04:46:37.061: E/bt_btm(2054): btm_ble_start_scan extended scan
03-29 04:46:37.061: E/bt_btm(2054): btm_ble_start_scan extended scan
03-29 04:46:37.061: D/BtGatt.GattService(2054): onScanParamSetupCompleted : 0
03-29 04:46:37.063: D/BluetoothManagerService(1528): Registered for death Notification
03-29 04:46:37.063: D/BluetoothManagerService(1528): Updated BleAppCount1
03-29 04:46:37.063: D/BluetoothAdapter(7635): STATE_ON
03-29 04:46:37.063: D/BluetoothAdapter(7635): enableBLE(): Bluetooth already enabled
03-29 04:46:37.073: I/Icing(7685): IndexChimeraService.getServiceInterface callingPackage=com.google.android.gms componentName=AppsCorpus serviceId=SEARCH_QUERIES
03-29 04:46:37.076: I/Icing(7685): IndexChimeraService.getServiceInterface callingPackage=com.google.android.gms componentName=AppsCorpus serviceId=SEARCH_CORPORA
03-29 04:46:37.079: I/BeaconBle(7635): 'L' hardware scan: 5 filters, scanMode=2, reportdelay=0, callback type=1, #clients=1, workSource=WorkSource{10016 com.google.android.gms}
03-29 04:46:37.081: I/BeaconBle(7635): Starting scan on OS scanner. BT state: 12
03-29 04:46:37.082: I/Icing(7685): Query from package: com.google.android.gms, component: AppsCorpus, restrict package: com.google.android.gms, start: 0, num: 100 maxNumSlices: 2147483647
03-29 04:46:37.083: D/BluetoothAdapter(7635): STATE_ON
03-29 04:46:37.089: D/BtGatt.GattService(2054): registerClient() - UUID=42c4935c-599f-420e-ab36-2aee5ccab127
03-29 04:46:37.089: D/BtGatt.GattService(2054): onClientRegistered() - UUID=42c4935c-599f-420e-ab36-2aee5ccab127, clientIf=6
03-29 04:46:37.090: D/BluetoothLeScanner(7635): onClientRegistered() - status=0 clientIf=6 mClientIf=0
03-29 04:46:37.090: D/BtGatt.GattService(2054): start scan with filters
03-29 04:46:37.094: D/BtGatt.ScanManager(2054): handling starting scan
03-29 04:46:37.100: D/BtGatt.GattService(2054): onScanFilterEnableDisabled() - clientIf=6, status=0, action=1
03-29 04:46:37.100: D/BtGatt.ScanManager(2054): callback done for clientIf - 6 status - 0
03-29 04:46:37.101: D/BtGatt.ScanManager(2054): addFilterToController: 5
03-29 04:46:37.102: D/BtGatt.GattService(2054): onScanFilterConfig() - clientIf=6, action = 0 status = 0, filterType=5, availableSpace=31
03-29 04:46:37.102: D/BtGatt.ScanManager(2054): callback done for clientIf - 6 status - 0
03-29 04:46:37.103: D/BtGatt.ScanManager(2054): configureFilterParamter 500 10000 1 0
03-29 04:46:37.106: D/BtGatt.GattService(2054): onScanFilterParamsConfigured() - clientIf=6, status=0, action=0, availableSpace=14
03-29 04:46:37.106: D/BtGatt.ScanManager(2054): callback done for clientIf - 6 status - 0
03-29 04:46:37.106: D/BtGatt.ScanManager(2054): addFilterToController: 2
03-29 04:46:37.109: D/BtGatt.GattService(2054): onScanFilterConfig() - clientIf=6, action = 0 status = 0, filterType=2, availableSpace=31
03-29 04:46:37.109: D/BtGatt.ScanManager(2054): callback done for clientIf - 6 status - 0
03-29 04:46:37.109: I/art(1528): Explicit concurrent mark sweep GC freed 77522(6MB) AllocSpace objects, 3(60KB) LOS objects, 33% free, 21MB/31MB, paused 945us total 75.488ms
03-29 04:46:37.109: D/BtGatt.ScanManager(2054): configureFilterParamter 500 10000 1 0
03-29 04:46:37.111: D/BtGatt.GattService(2054): onScanFilterParamsConfigured() - clientIf=6, status=0, action=0, availableSpace=13
03-29 04:46:37.111: D/BtGatt.ScanManager(2054): callback done for clientIf - 6 status - 0
03-29 04:46:37.111: D/BtGatt.ScanManager(2054): addFilterToController: 5
03-29 04:46:37.113: D/BtGatt.GattService(2054): onScanFilterConfig() - clientIf=6, action = 0 status = 0, filterType=5, availableSpace=30
03-29 04:46:37.113: D/BtGatt.ScanManager(2054): callback done for clientIf - 6 status - 0
03-29 04:46:37.114: D/BtGatt.ScanManager(2054): configureFilterParamter 500 10000 1 0
03-29 04:46:37.115: D/BtGatt.GattService(2054): onScanFilterParamsConfigured() - clientIf=6, status=0, action=0, availableSpace=12
03-29 04:46:37.115: D/BtGatt.ScanManager(2054): callback done for clientIf - 6 status - 0
03-29 04:46:37.116: D/BtGatt.ScanManager(2054): addFilterToController: 2
03-29 04:46:37.117: D/BtGatt.GattService(2054): onScanFilterConfig() - clientIf=6, action = 0 status = 0, filterType=2, availableSpace=30
03-29 04:46:37.117: D/BtGatt.ScanManager(2054): callback done for clientIf - 6 status - 0
03-29 04:46:37.117: D/BtGatt.ScanManager(2054): configureFilterParamter 500 10000 1 0
03-29 04:46:37.119: D/BtGatt.GattService(2054): onScanFilterParamsConfigured() - clientIf=6, status=0, action=0, availableSpace=11
03-29 04:46:37.119: D/BtGatt.ScanManager(2054): callback done for clientIf - 6 status - 0
03-29 04:46:37.119: D/BtGatt.ScanManager(2054): addFilterToController: 2
03-29 04:46:37.121: D/BtGatt.GattService(2054): onScanFilterConfig() - clientIf=6, action = 0 status = 0, filterType=2, availableSpace=29
03-29 04:46:37.121: D/BtGatt.ScanManager(2054): callback done for clientIf - 6 status - 0
03-29 04:46:37.121: D/BtGatt.ScanManager(2054): configureFilterParamter 500 10000 1 0
03-29 04:46:37.123: D/BtGatt.GattService(2054): onScanFilterParamsConfigured() - clientIf=6, status=0, action=0, availableSpace=10
03-29 04:46:37.123: D/BtGatt.ScanManager(2054): callback done for clientIf - 6 status - 0
03-29 04:46:37.123: D/BtGatt.ScanManager(2054): configureRegularScanParams() - queue=2
03-29 04:46:37.123: D/BtGatt.ScanManager(2054): configureRegularScanParams() - ScanSetting Scan mode=2 mLastConfiguredScanSetting=0
03-29 04:46:37.123: D/BtGatt.ScanManager(2054): configureRegularScanParams - scanInterval = 8000configureRegularScanParams - scanWindow = 8000
03-29 04:46:37.123: E/bt_btm(2054): btm_ble_start_scan extended scan
03-29 04:46:37.123: D/BtGatt.GattService(2054): onScanParamSetupCompleted : 0
03-29 04:46:37.129: I/DynamiteModule(14076): Considering local module com.google.android.gms.ads.dynamite:0 and remote module com.google.android.gms.ads.dynamite:11140
03-29 04:46:37.131: I/DynamiteModule(14076): Selected remote version of com.google.android.gms.ads.dynamite, version >= 11140
03-29 04:46:37.146: W/System(14076): ClassLoader referenced unknown path: 
03-29 04:46:37.150: W/GCoreFlp(7635): No location to return for getLastLocation()
03-29 04:46:37.151: D/ICU(14132): No timezone override file found: /data/misc/zoneinfo/current/icu/icu_tzdata.dat
03-29 04:46:37.158: D/ApplicationLoaders(14076): ignored Vulkan layer search path /data/app/com.google.android.gms-1/lib/arm64:/data/app/com.google.android.gms-1/base.apk!/lib/arm64-v8a for namespace 0x7f892c8160
03-29 04:46:37.159: W/PrimesInit(14076): Primes instant initialization
03-29 04:46:37.162: I/WCNSS_FILTER(2349): ibs_recv_ibs_cmd: Received IBS_SLEEP_IND: 0xFE
03-29 04:46:37.164: W/Primes(14076): background initialization
03-29 04:46:37.176: I/Radio-JNI(14132): register_android_hardware_Radio DONE
03-29 04:46:37.185: W/System(14076): ClassLoader referenced unknown path: /data/user_de/0/com.google.android.gms/app_chimera/m/00000006/n/arm64-v8a
03-29 04:46:37.186: I/FirebaseCrash(13479): Sending crashes
03-29 04:46:37.188: D/AndroidRuntime(14132): Calling main entry com.android.commands.input.Input
03-29 04:46:37.190: I/Input(14132): injectKeyEvent: KeyEvent { action=ACTION_DOWN, keyCode=KEYCODE_HOME, scanCode=0, metaState=0, flags=0x0, repeatCount=0, eventTime=47277553, downTime=47277553, deviceId=-1, source=0x101 }
03-29 04:46:37.190: I/PrimesTesting(14076): GserviceFlagsSupplier.get()
03-29 04:46:37.193: I/Input(14132): injectKeyEvent: KeyEvent { action=ACTION_UP, keyCode=KEYCODE_HOME, scanCode=0, metaState=0, flags=0x0, repeatCount=0, eventTime=47277553, downTime=47277553, deviceId=-1, source=0x101 }
03-29 04:46:37.198: I/ActivityManager(1528): START u0 {act=android.intent.action.MAIN cat=[android.intent.category.HOME] flg=0x10200000 cmp=com.android.launcher3/com.android.searchlauncher.SearchLauncher (has extras)} from uid 1000 on display 0
03-29 04:46:37.200: D/NetworkSecurityConfig(14076): Using Network Security Config from resource network_security_config debugBuild: false
03-29 04:46:37.204: D/AndroidRuntime(14132): Shutting down VM
03-29 04:46:37.204: D/DynamitePackage(14076): Instantiated singleton DynamitePackage.
03-29 04:46:37.204: D/DynamitePackage(14076): Instantiating com.google.android.gms.ads.adshield.ChimeraAdShieldCreatorImpl
03-29 04:46:37.214: I/Icing(7685): Usage reports ok 0, Failed Usage reports 0, indexed 0, rejected 0, imm upload false
03-29 04:46:37.221: I/Icing(7685): IndexChimeraService.getServiceInterface callingPackage=com.google.android.gms componentName=AppsCorpus serviceId=SEARCH_QUERIES
03-29 04:46:37.221: I/Icing(7685): IndexChimeraService.getServiceInterface callingPackage=com.google.android.gms componentName=AppsCorpus serviceId=SEARCH_CORPORA
03-29 04:46:37.264: I/Icing(7685): Usage reports ok 0, Failed Usage reports 0, indexed 0, rejected 0, imm upload false
03-29 04:46:37.278: I/CrashMetricService(14076): Startup metric for 'PRIMES_CRASH_MONITORING_INITIALIZED' dropped.
03-29 04:46:37.300: I/Icing(7685): Usage reports ok 0, Failed Usage reports 0, indexed 0, rejected 0, imm upload false
03-29 04:46:37.339: I/Icing(7685): Usage reports ok 0, Failed Usage reports 0, indexed 0, rejected 0, imm upload false
03-29 04:46:37.369: I/AssistantStateReceiver(2124): Received Intent { act=com.google.android.systemui.OPA_ENABLED flg=0x10000010 cmp=com.android.systemui/com.google.android.systemui.AssistantStateReceiver (has extras) } with enabled = true userId=0
03-29 04:46:37.370: I/OpaLayout(2124): Setting opa enabled to true
03-29 04:46:37.371: I/OpaLayout(2124): Setting opa enabled to true
03-29 04:46:37.372: W/WakefulBroadcastReceiver(13479): No active wake lock id #2
03-29 04:46:37.372: W/WakefulBroadcastReceiver(13479): No active wake lock id #2
03-29 04:46:37.423: W/art(14076): Before Android 4.1, method double java.util.concurrent.ThreadLocalRandom.internalNextDouble(double, double) would have incorrectly overridden the package-private method in java.util.Random
03-29 04:46:37.423: W/art(14076): Before Android 4.1, method int java.util.concurrent.ThreadLocalRandom.internalNextInt(int, int) would have incorrectly overridden the package-private method in java.util.Random
03-29 04:46:37.423: W/art(14076): Before Android 4.1, method long java.util.concurrent.ThreadLocalRandom.internalNextLong(long, long) would have incorrectly overridden the package-private method in java.util.Random
03-29 04:46:37.463: I/alch(7635): Scheduling Phenotype for a PhenotypeSyncImmediately(13, com.google.android.googlequicksearchbox) one off with window [1, 2] in seconds [CONTEXT service_id=51 ]
03-29 04:46:37.532: D/AndroidRuntime(14220): >>>>>> START com.android.internal.os.RuntimeInit uid 2000 <<<<<<
03-29 04:46:37.534: D/AndroidRuntime(14220): CheckJNI is OFF
03-29 04:46:37.537: I/art(2941): Compiler allocated 4MB to compile int com.google.protobuf.dw.a(java.lang.Object, byte[], int, int, int, int, int, int, long, int, long, com.google.protobuf.j)
03-29 04:46:37.570: I/WCNSS_FILTER(2349): ibs_recv_ibs_cmd: Received IBS_WAKE_IND: 0xFD
03-29 04:46:37.570: I/WCNSS_FILTER(2349): ibs_recv_ibs_cmd: Writing IBS_WAKE_ACK
03-29 04:46:37.570: I/WCNSS_FILTER(2349): do_write: IBS write: fc
03-29 04:46:37.587: I/art(2941): Compiler allocated 7MB to compile void com.google.protobuf.dw.a(java.lang.Object, com.google.protobuf.ei, com.google.protobuf.az)
03-29 04:46:37.610: D/ICU(14220): No timezone override file found: /data/misc/zoneinfo/current/icu/icu_tzdata.dat
03-29 04:46:37.615: I/WCNSS_FILTER(2349): ibs_recv_ibs_cmd: Received IBS_SLEEP_IND: 0xFE
03-29 04:46:37.617: I/art(2941): Do full code cache collection, code=491KB, data=461KB
03-29 04:46:37.618: I/art(2941): Starting a blocking GC JitCodeCache
03-29 04:46:37.618: I/art(2941): After code cache collection, code=447KB, data=369KB
03-29 04:46:37.628: I/Radio-JNI(14220): register_android_hardware_Radio DONE
03-29 04:46:37.639: D/AndroidRuntime(14220): Calling main entry com.android.commands.am.Am
03-29 04:46:37.645: I/ActivityManager(1528): START u0 {flg=0x10000000 cmp=com.google.android.apps.mtaas.backdrop/.BackdropActivity} from uid 2000 on display 0
03-29 04:46:37.660: D/AndroidRuntime(14220): Shutting down VM
03-29 04:46:37.676: I/ModelDownloadListener(2941): Schdedule model download
03-29 04:46:37.698: I/ActivityManager(1528): Start proc 14262:com.google.android.apps.mtaas.backdrop/u0a91 for activity com.google.android.apps.mtaas.backdrop/.BackdropActivity
03-29 04:46:37.717: I/Dialer(13976): UpdateBroadcastReceiver.onReceive - commit succeeded: true
03-29 04:46:37.718: W/System(14262): ClassLoader referenced unknown path: /data/app/com.google.android.apps.mtaas.backdrop-1/lib/arm64
03-29 04:46:37.725: I/MultiDex(14262): VM with version 2.1.0 has multidex support
03-29 04:46:37.725: I/MultiDex(14262): install
03-29 04:46:37.725: I/MultiDex(14262): VM has multidex support, MultiDex support library is disabled.
03-29 04:46:37.732: I/art(14076): Do partial code cache collection, code=30KB, data=30KB
03-29 04:46:37.733: I/OpaEligibilityChecker(2941): send OpaEligibilityChange broadcast to CommonBroadcastReceiver
03-29 04:46:37.734: I/AssistantStateReceiver(2124): Received Intent { act=com.google.android.systemui.OPA_ENABLED flg=0x10000010 cmp=com.android.systemui/com.google.android.systemui.AssistantStateReceiver (has extras) } with enabled = true userId=0
03-29 04:46:37.739: I/OpaLayout(2124): Setting opa enabled to true
03-29 04:46:37.739: I/OpaLayout(2124): Setting opa enabled to true
03-29 04:46:37.742: I/art(14076): After code cache collection, code=29KB, data=30KB
03-29 04:46:37.742: I/art(14076): Increasing code cache capacity to 128KB
03-29 04:46:37.745: W/art(14262): Before Android 4.1, method android.graphics.PorterDuffColorFilter android.support.graphics.drawable.VectorDrawableCompat.updateTintFilter(android.graphics.PorterDuffColorFilter, android.content.res.ColorStateList, android.graphics.PorterDuff$Mode) would have incorrectly overridden the package-private method in android.graphics.drawable.Drawable
03-29 04:46:37.750: I/BgTaskExecutorImpl(2941): Starting EXCLUSIVE background task UPDATE_HOTWORD_MODELS.
03-29 04:46:37.756: I/ModelDownloadController(2941): requestHotwordModelUpdate modelType-OK_GOOGLE modelLocale-en-GB
03-29 04:46:37.757: I/ModelDownloadController(2941): Handle the downloaded hotword model
03-29 04:46:37.758: I/ModelDownloadController(2941): the model is already used
03-29 04:46:37.759: I/ModelDownloadController(2941): Model download failed
03-29 04:46:37.776: I/art(14262): Rejecting re-init on previously-failed class java.lang.Class<android.support.v4.view.ViewCompat$2>: java.lang.NoClassDefFoundError: Failed resolution of: Landroid/view/View$OnUnhandledKeyEventListener;
03-29 04:46:37.776: I/art(14262):   at void android.support.v4.view.ViewCompat.setBackground(android.view.View, android.graphics.drawable.Drawable) (ViewCompat.java:2561)
03-29 04:46:37.776: I/art(14262):   at void android.support.v7.widget.ActionBarContainer.<init>(android.content.Context, android.util.AttributeSet) (ActionBarContainer.java:62)
03-29 04:46:37.776: I/art(14262):   at java.lang.Object java.lang.reflect.Constructor.newInstance0!(java.lang.Object[]) (Constructor.java:-2)
03-29 04:46:37.776: I/art(14262):   at java.lang.Object java.lang.reflect.Constructor.newInstance(java.lang.Object[]) (Constructor.java:430)
03-29 04:46:37.776: I/art(14262):   at android.view.View android.view.LayoutInflater.createView(java.lang.String, java.lang.String, android.util.AttributeSet) (LayoutInflater.java:645)
03-29 04:46:37.776: I/art(14262):   at android.view.View android.view.LayoutInflater.createViewFromTag(android.view.View, java.lang.String, android.content.Context, android.util.AttributeSet, boolean) (LayoutInflater.java:787)
03-29 04:46:37.776: I/art(14262):   at android.view.View android.view.LayoutInflater.createViewFromTag(android.view.View, java.lang.String, android.content.Context, android.util.AttributeSet) (LayoutInflater.java:727)
03-29 04:46:37.776: I/art(14262):   at void android.view.LayoutInflater.rInflate(org.xmlpull.v1.XmlPullParser, android.view.View, android.content.Context, android.util.AttributeSet, boolean) (LayoutInflater.java:858)
03-29 04:46:37.776: I/art(14262):   at void android.view.LayoutInflater.rInflateChildren(org.xmlpull.v1.XmlPullParser, android.view.View, android.util.AttributeSet, boolean) (LayoutInflater.java:821)
03-29 04:46:37.776: I/art(14262):   at android.view.View android.view.LayoutInflater.inflate(org.xmlpull.v1.XmlPullParser, android.view.ViewGroup, boolean) (LayoutInflater.java:518)
03-29 04:46:37.776: I/art(14262):   at android.view.View android.view.LayoutInflater.inflate(int, android.view.ViewGroup, boolean) (LayoutInflater.java:426)
03-29 04:46:37.776: I/art(14262):   at android.view.View android.view.LayoutInflater.inflate(int, android.view.ViewGroup) (LayoutInflater.java:377)
03-29 04:46:37.776: I/art(14262):   at android.view.ViewGroup android.support.v7.app.AppCompatDelegateImpl.createSubDecor() (AppCompatDelegateImpl.java:621)
03-29 04:46:37.776: I/art(14262):   at void android.support.v7.app.AppCompatDelegateImpl.ensureSubDecor() (AppCompatDelegateImpl.java:532)
03-29 04:46:37.776: I/art(14262):   at void android.support.v7.app.AppCompatDelegateImpl.setContentView(int) (AppCompatDelegateImpl.java:475)
03-29 04:46:37.776: I/art(14262):   at void android.support.v7.app.AppCompatActivity.setContentView(int) (AppCompatActivity.java:129)
03-29 04:46:37.776: I/art(14262):   at void com.google.android.apps.mtaas.backdrop.BackdropActivity.showTestBackdrop() (BackdropActivity.java:136)
03-29 04:46:37.776: I/art(14262):   at void com.google.android.apps.mtaas.backdrop.BackdropActivity.onCreate(android.os.Bundle) (BackdropActivity.java:67)
03-29 04:46:37.776: I/art(14262):   at void android.app.Activity.performCreate(android.os.Bundle) (Activity.java:6720)
03-29 04:46:37.776: I/art(14262):   at void android.app.Instrumentation.callActivityOnCreate(android.app.Activity, android.os.Bundle) (Instrumentation.java:1119)
03-29 04:46:37.776: I/art(14262):   at android.app.Activity android.app.ActivityThread.performLaunchActivity(android.app.ActivityThread$ActivityClientRecord, android.content.Intent) (ActivityThread.java:2618)
03-29 04:46:37.776: I/art(14262):   at void android.app.ActivityThread.handleLaunchActivity(android.app.ActivityThread$ActivityClientRecord, android.content.Intent, java.lang.String) (ActivityThread.java:2726)
03-29 04:46:37.776: I/art(14262):   at void android.app.ActivityThread.-wrap12(android.app.ActivityThread, android.app.ActivityThread$ActivityClientRecord, android.content.Intent, java.lang.String) (ActivityThread.java:-1)
03-29 04:46:37.776: I/art(14262):   at void android.app.ActivityThread$H.handleMessage(android.os.Message) (ActivityThread.java:1477)
03-29 04:46:37.776: I/art(14262):   at void android.os.Handler.dispatchMessage(android.os.Message) (Handler.java:102)
03-29 04:46:37.776: I/art(14262):   at void android.os.Looper.loop() (Looper.java:154)
03-29 04:46:37.776: I/art(14262):   at void android.app.ActivityThread.main(java.lang.String[]) (ActivityThread.java:6126)
03-29 04:46:37.776: I/art(14262):   at java.lang.Object java.lang.reflect.Method.invoke!(java.lang.Object, java.lang.Object[]) (Method.java:-2)
03-29 04:46:37.776: I/art(14262):   at void com.android.internal.os.ZygoteInit$MethodAndArgsCaller.run() (ZygoteInit.java:886)
03-29 04:46:37.776: I/art(14262):   at void com.android.internal.os.ZygoteInit.main(java.lang.String[]) (ZygoteInit.java:776)
03-29 04:46:37.776: I/art(14262): Caused by: java.lang.ClassNotFoundException: Didn't find class "android.view.View$OnUnhandledKeyEventListener" on path: DexPathList[[zip file "/data/app/com.google.android.apps.mtaas.backdrop-1/base.apk"],nativeLibraryDirectories=[/data/app/com.google.android.apps.mtaas.backdrop-1/lib/arm64, /system/lib64, /vendor/lib64]]
03-29 04:46:37.776: I/art(14262):   at java.lang.Class dalvik.system.BaseDexClassLoader.findClass(java.lang.String) (BaseDexClassLoader.java:56)
03-29 04:46:37.776: I/art(14262):   at java.lang.Class java.lang.ClassLoader.loadClass(java.lang.String, boolean) (ClassLoader.java:380)
03-29 04:46:37.776: I/art(14262):   at java.lang.Class java.lang.ClassLoader.loadClass(java.lang.String) (ClassLoader.java:312)
03-29 04:46:37.776: I/art(14262):   at void android.support.v4.view.ViewCompat.setBackground(android.view.View, android.graphics.drawable.Drawable) (ViewCompat.java:2561)
03-29 04:46:37.776: I/art(14262):   at void android.support.v7.widget.ActionBarContainer.<init>(android.content.Context, android.util.AttributeSet) (ActionBarContainer.java:62)
03-29 04:46:37.776: I/art(14262):   at java.lang.Object java.lang.reflect.Constructor.newInstance0!(java.lang.Object[]) (Constructor.java:-2)
03-29 04:46:37.776: I/art(14262):   at java.lang.Object java.lang.reflect.Constructor.newInstance(java.lang.Object[]) (Constructor.java:430)
03-29 04:46:37.776: I/art(14262):   at android.view.View android.view.LayoutInflater.createView(java.lang.String, java.lang.String, android.util.AttributeSet) (LayoutInflater.java:645)
03-29 04:46:37.776: I/art(14262):   at android.view.View android.view.LayoutInflater.createViewFromTag(android.view.View, java.lang.String, android.content.Context, android.util.AttributeSet, boolean) (LayoutInflater.java:787)
03-29 04:46:37.776: I/art(14262):   at android.view.View android.view.LayoutInflater.createViewFromTag(android.view.View, java.lang.String, android.content.Context, android.util.AttributeSet) (LayoutInflater.java:727)
03-29 04:46:37.776: I/art(14262):   at void android.view.LayoutInflater.rInflate(org.xmlpull.v1.XmlPullParser, android.view.View, android.content.Context, android.util.AttributeSet, boolean) (LayoutInflater.java:858)
03-29 04:46:37.776: I/art(14262):   at void android.view.LayoutInflater.rInflateChildren(org.xmlpull.v1.XmlPullParser, android.view.View, android.util.AttributeSet, boolean) (LayoutInflater.java:821)
03-29 04:46:37.776: I/art(14262):   at android.view.View android.view.LayoutInflater.inflate(org.xmlpull.v1.XmlPullParser, android.view.ViewGroup, boolean) (LayoutInflater.java:518)
03-29 04:46:37.776: I/art(14262):   at android.view.View android.view.LayoutInflater.inflate(int, android.view.ViewGroup, boolean) (LayoutInflater.java:426)
03-29 04:46:37.776: I/art(14262):   at android.view.View android.view.LayoutInflater.inflate(int, android.view.ViewGroup) (LayoutInflater.java:377)
03-29 04:46:37.776: I/art(14262):   at android.view.ViewGroup android.support.v7.app.AppCompatDelegateImpl.createSubDecor() (AppCompatDelegateImpl.java:621)
03-29 04:46:37.776: I/art(14262):   at void android.support.v7.app.AppCompatDelegateImpl.ensureSubDecor() (AppCompatDelegateImpl.java:532)
03-29 04:46:37.776: I/art(14262):   at void android.support.v7.app.AppCompatDelegateImpl.setContentView(int) (AppCompatDelegateImpl.java:475)
03-29 04:46:37.776: I/art(14262):   at void android.support.v7.app.AppCompatActivity.setContentView(int) (AppCompatActivity.java:129)
03-29 04:46:37.776: I/art(14262):   at void com.google.android.apps.mtaas.backdrop.BackdropActivity.showTestBackdrop() (BackdropActivity.java:136)
03-29 04:46:37.776: I/art(14262):   at void com.google.android.apps.mtaas.backdrop.BackdropActivity.onCreate(android.os.Bundle) (BackdropActivity.java:67)
03-29 04:46:37.776: I/art(14262):   at void android.app.Activity.performCreate(android.os.Bundle) (Activity.java:6720)
03-29 04:46:37.776: I/art(14262):   at void android.app.Instrumentation.callActivityOnCreate(android.app.Activity, android.os.Bundle) (Instrumentation.java:1119)
03-29 04:46:37.776: I/art(14262):   at android.app.Activity android.app.ActivityThread.performLaunchActivity(android.app.ActivityThread$ActivityClientRecord, android.content.Intent) (ActivityThread.java:2618)
03-29 04:46:37.776: I/art(14262):   at void android.app.ActivityThread.handleLaunchActivity(android.app.ActivityThread$ActivityClientRecord, android.content.Intent, java.lang.String) (ActivityThread.java:2726)
03-29 04:46:37.776: I/art(14262):   at void android.app.ActivityThread.-wrap12(android.app.ActivityThread, android.app.ActivityThread$ActivityClientRecord, android.content.Intent, java.lang.String) (ActivityThread.java:-1)
03-29 04:46:37.776: I/art(14262):   at void android.app.ActivityThread$H.handleMessage(android.os.Message) (ActivityThread.java:1477)
03-29 04:46:37.776: I/art(14262):   at void android.os.Handler.dispatchMessage(android.os.Message) (Handler.java:102)
03-29 04:46:37.776: I/art(14262):   at void android.os.Looper.loop() (Looper.java:154)
03-29 04:46:37.776: I/art(14262):   at void android.app.ActivityThread.main(java.lang.String[]) (ActivityThread.java:6126)
03-29 04:46:37.776: I/art(14262):   at java.lang.Object java.lang.reflect.Method.invoke!(java.lang.Object, java.lang.Object[]) (Method.java:-2)
03-29 04:46:37.776: I/art(14262):   at void com.android.internal.os.ZygoteInit$MethodAndArgsCaller.run() (ZygoteInit.java:886)
03-29 04:46:37.776: I/art(14262):   at void com.android.internal.os.ZygoteInit.main(java.lang.String[]) (ZygoteInit.java:776)
03-29 04:46:37.777: I/MicroDetector(2941): Keeping mic open: false
03-29 04:46:37.777: I/DeviceStateChecker(2941): DeviceStateChecker cancelled
03-29 04:46:37.777: I/AudioController(2941): internalShutdown
03-29 04:46:37.778: I/MicroRecognitionRunner(2941): Stopping hotword detection.
03-29 04:46:37.780: I/Icing(7685): IndexChimeraService.getServiceInterface callingPackage=com.google.android.googlequicksearchbox componentName=agsa_icing_connection serviceId=SEARCH_QUERIES
03-29 04:46:37.782: I/Icing(7685): IndexChimeraService.getServiceInterface callingPackage=com.google.android.googlequicksearchbox componentName=agsa_icing_connection serviceId=GLOBAL_SEARCH_ADMIN
03-29 04:46:37.788: D/audio_hw_primary(895): in_standby: enter: stream (0xe8d6e500) usecase(16: audio-record)
03-29 04:46:37.811: D/audio_hw_primary(895): disable_audio_route: reset and update mixer path: audio-record
03-29 04:46:37.811: I/BackdropActivity(14262): android_id: 3496927422457871842
03-29 04:46:37.812: D/soundtrigger(895): audio_extn_sound_trigger_update_stream_status: uc_id 16 of type 1 for Event 2, with Raise=0
03-29 04:46:37.812: D/hardware_info(895): hw_info_append_hw_type : device_name = voice-rec-mic
03-29 04:46:37.812: D/audio_hw_primary(895): disable_snd_device: snd_device(95: voice-rec-mic)
03-29 04:46:37.812: D/msm8974_platform(895): platform_split_snd_device: snd_device(95) new_snd_devices (voice-rec-mic)
03-29 04:46:37.813: I/soundtrigger(895): audio_extn_sound_trigger_update_device_status: device 0x5f of type 1 for Event 0, with Raise=1
03-29 04:46:37.813: D/sound_trigger_platform(895): platform_stdev_check_and_update_concurrency: concurrency active 0, tx 0, rx 0, concurrency session_allowed 1
03-29 04:46:37.814: D/audio_hw_primary(895): in_set_parameters: enter: kvpairs=routing=0
03-29 04:46:37.814: I/FontsContentProvider(7685): Received query Google Sans, URI content://com.google.android.gms.fonts
03-29 04:46:37.815: I/FontsContentProvider(7685): Query [Google Sans] resolved to {Google Sans, wdth 100.0, wght 400, ital 0.0, bestEffort false}
03-29 04:46:37.819: I/SoundTriggerHwService::Module(895): void android::SoundTriggerHwService::Module::onCallbackEvent(const sp<android::SoundTriggerHwService::CallbackEvent> &) no clients
03-29 04:46:37.821: I/MicrophoneInputStream(2941): mic_close  SR : 16000 CC : 16 SO : 1999
03-29 04:46:37.821: E/AudioSource(2941): Stop listening is called on already closed AudioSource
03-29 04:46:37.823: D/audio_hw_primary(895): adev_close_input_stream: enter:stream_handle(0xe8d6e500)
03-29 04:46:37.823: D/audio_hw_primary(895): in_standby: enter: stream (0xe8d6e500) usecase(16: audio-record)
03-29 04:46:37.823: I/MicroRecognitionRunner(2941): Detection finished
03-29 04:46:37.827: I/FontsContentProvider(7685): Fetch {Google Sans, wdth 100.0, wght 400, ital 0.0, bestEffort false} end status Status{statusCode=SUCCESS, resolution=null}
03-29 04:46:37.846: I/FontsContentProvider(7685): Pulling font file for id = 1, cache size = 1
03-29 04:46:37.860: I/Dialer(13976): UpdateBroadcastReceiver.onReceive - commit succeeded: true
03-29 04:46:37.869: I/Adreno(14262): QUALCOMM build                   : 757e497, Ie809de4eed
03-29 04:46:37.869: I/Adreno(14262): Build Date                       : 07/04/17
03-29 04:46:37.869: I/Adreno(14262): OpenGL ES Shader Compiler Version: XE031.14.00.04
03-29 04:46:37.869: I/Adreno(14262): Local Branch                     : 
03-29 04:46:37.869: I/Adreno(14262): Remote Branch                    : 
03-29 04:46:37.869: I/Adreno(14262): Remote Branch                    : 
03-29 04:46:37.869: I/Adreno(14262): Reconstruct Branch               : 
03-29 04:46:37.870: I/Adreno(14262): PFP: 0x005ff087, ME: 0x005ff063
03-29 04:46:37.873: I/OpenGLRenderer(14262): Initialized EGL, version 1.4
03-29 04:46:37.873: D/OpenGLRenderer(14262): Swap behavior 1
03-29 04:46:37.880: W/ResourceType(7635): ResTable_typeSpec entry count inconsistent: given 18, previously 25
03-29 04:46:37.880: W/ResourceType(7635): ResTable_typeSpec entry count inconsistent: given 316, previously 454
03-29 04:46:37.881: W/ResourceType(7635): ResTable_typeSpec entry count inconsistent: given 18, previously 25
03-29 04:46:37.881: W/ResourceType(7635): ResTable_typeSpec entry count inconsistent: given 316, previously 454
03-29 04:46:37.895: I/FTLNetworkMonitor(14262): Network Info: [type: WIFI[], state: CONNECTED/CONNECTED, reason: (unspecified), extra: "wl-ftl-mt45-1-5", failover: false, available: true, roaming: false, metered: false]
03-29 04:46:37.896: I/FTLNetworkMonitor(14262): Network Info: [type: WIFI[], state: CONNECTED/CONNECTED, reason: (unspecified), extra: "wl-ftl-mt45-1-5", failover: false, available: true, roaming: false, metered: false]
03-29 04:46:37.900: I/ViewConfigCompat(14262): Could not find method getScaledScrollFactor() on ViewConfiguration
03-29 04:46:37.913: I/Icing(7685): Usage reports ok 0, Failed Usage reports 0, indexed 0, rejected 0, imm upload true
03-29 04:46:37.933: I/BgTaskExecutorImpl(2941): Starting EXCLUSIVE background task FETCH_CONFIGS_FROM_PHENOTYPE.
03-29 04:46:37.977: I/Icing(7685): Usage reports ok 0, Failed Usage reports 0, indexed 0, rejected 0, imm upload true
03-29 04:46:37.979: I/ActivityManager(1528): Displayed com.google.android.apps.mtaas.backdrop/.BackdropActivity: +291ms
03-29 04:46:37.981: I/Icing(7685): Indexing com.google.android.gms-internal.3p:MobileApplication from com.google.android.gms
03-29 04:46:37.994: W/Conscrypt(7635): Could not set socket write timeout: java.net.SocketException: Socket closed
03-29 04:46:37.994: W/Conscrypt(7635): 	at com.google.android.gms.org.conscrypt.Platform.setSocketWriteTimeout(:com.google.android.gms@15090019@15.0.90 (040400-231259764):2)
03-29 04:46:37.994: W/Conscrypt(7635): 	at com.google.android.gms.org.conscrypt.ConscryptFileDescriptorSocket.setSoWriteTimeout(:com.google.android.gms@15090019@15.0.90 (040400-231259764):2)
03-29 04:46:38.025: W/Conscrypt(7635): Could not set socket write timeout: java.net.SocketException: Socket closed
03-29 04:46:38.025: W/Conscrypt(7635): 	at com.google.android.gms.org.conscrypt.Platform.setSocketWriteTimeout(:com.google.android.gms@15090019@15.0.90 (040400-231259764):2)
03-29 04:46:38.026: W/Conscrypt(7635): 	at com.google.android.gms.org.conscrypt.ConscryptFileDescriptorSocket.setSoWriteTimeout(:com.google.android.gms@15090019@15.0.90 (040400-231259764):2)
03-29 04:46:38.044: D/AndroidRuntime(14283): >>>>>> START com.android.internal.os.RuntimeInit uid 2000 <<<<<<
03-29 04:46:38.046: D/AndroidRuntime(14283): CheckJNI is OFF
03-29 04:46:38.048: I/Icing(7685): Indexing done com.google.android.gms-internal.3p:MobileApplication
03-29 04:46:38.082: I/ModelDownloadListener(2941): Schdedule model download
03-29 04:46:38.088: I/BgTaskExecutorImpl(2941): Starting EXCLUSIVE background task UPDATE_HOTWORD_MODELS.
03-29 04:46:38.089: I/ModelDownloadController(2941): requestHotwordModelUpdate modelType-OK_GOOGLE modelLocale-en-GB
03-29 04:46:38.090: I/ModelDownloadController(2941): Handle the downloaded hotword model
03-29 04:46:38.090: I/ModelDownloadController(2941): the model is already used
03-29 04:46:38.090: I/EngineIdGenerator(2941): Refusing EXCLUSIVE task INTERNAL_PERIODIC_TASK_SYNC, it is already pending. Try again in 359 seconds.
03-29 04:46:38.090: I/ModelDownloadController(2941): Model download failed
03-29 04:46:38.092: I/OpaEligibilityChecker(2941): send OpaEligibilityChange broadcast to CommonBroadcastReceiver
03-29 04:46:38.092: I/AssistantStateReceiver(2124): Received Intent { act=com.google.android.systemui.OPA_ENABLED flg=0x10000010 cmp=com.android.systemui/com.google.android.systemui.AssistantStateReceiver (has extras) } with enabled = true userId=0
03-29 04:46:38.093: I/OpaLayout(2124): Setting opa enabled to true
03-29 04:46:38.093: I/OpaLayout(2124): Setting opa enabled to true
03-29 04:46:38.104: I/Icing(7685): IndexChimeraService.getServiceInterface callingPackage=com.google.android.googlequicksearchbox componentName=agsa_icing_connection serviceId=SEARCH_QUERIES
03-29 04:46:38.107: I/Icing(7685): IndexChimeraService.getServiceInterface callingPackage=com.google.android.googlequicksearchbox componentName=agsa_icing_connection serviceId=GLOBAL_SEARCH_ADMIN
03-29 04:46:38.113: D/ICU(14283): No timezone override file found: /data/misc/zoneinfo/current/icu/icu_tzdata.dat
03-29 04:46:38.128: I/Radio-JNI(14283): register_android_hardware_Radio DONE
03-29 04:46:38.135: I/ActivityManager(1528): Waited long enough for: ServiceRecord{b479d9e u0 com.google.android.apps.photos/com.google.android.libraries.social.async.BackgroundTaskService}
03-29 04:46:38.139: D/AndroidRuntime(14283): Calling main entry com.android.commands.am.Am
03-29 04:46:38.144: I/ActivityManager(1528): Force stopping com.google.android.apps.mtaas.loginutil appid=10089 user=0: start instr
03-29 04:46:38.156: I/ActivityManager(1528): Start proc 14298:com.google.android.apps.mtaas.loginutil/u0a89 for added application com.google.android.apps.mtaas.loginutil
03-29 04:46:38.163: I/Icing(7685): Usage reports ok 1, Failed Usage reports 0, indexed 0, rejected 0, imm upload true
03-29 04:46:38.174: W/System(14298): ClassLoader referenced unknown path: /data/app/com.google.android.apps.mtaas.loginutil-1/lib/arm64
03-29 04:46:38.180: I/DpmTcmClient(14298): RegisterTcmMonitor from: com.android.okhttp.TcmIdleTimerMonitor
03-29 04:46:38.182: I/Icing(7685): Usage reports ok 0, Failed Usage reports 0, indexed 0, rejected 0, imm upload true
03-29 04:46:38.182: D/NetworkSecurityConfig(14298): No Network Security Config specified, using platform default
03-29 04:46:38.255: D/LoginUtil(14298): Connected to Internet
03-29 04:46:38.257: D/LoginUtil(14298): Adding Account {name=S37FFK2YM7DQQWXYEWKTQTSGKI-00@cloudtestlabaccounts.com, type=com.google}
03-29 04:46:38.274: I/ActivityManager(1528): Start proc 14315:com.google.android.apps.auth.test.support/u0a92 for service com.google.android.apps.auth.test.support/.services.AccountService
03-29 04:46:38.283: W/System(14315): ClassLoader referenced unknown path: /data/app/com.google.android.apps.auth.test.support-1/lib/arm64
03-29 04:46:38.296: E/ActivityThread(14315): Failed to find provider info for com.google.android.apps.common.testing.services.storage.testargs
03-29 04:46:38.297: W/AuthService(14315): [TestArgsHelper] Error when calling AndroidTestUtil.getTestArgs(). Note that this behavior might be expected.
03-29 04:46:38.297: I/alal(7635): updateFromConfigurations using legacy put method [CONTEXT service_id=51 ]
03-29 04:46:38.305: I/AuthService(14315): [AddAccountOperation] Call GmsCore API.
03-29 04:46:38.312: W/ChimeraUtils(7635): Non Chimera context
03-29 04:46:38.325: I/alal(7635): updateFromConfigurations using legacy put method [CONTEXT service_id=51 ]
03-29 04:46:38.326: I/alch(7635): Scheduling adaptive one off task with window [14400, 604800] in seconds [CONTEXT service_id=51 ]
03-29 04:46:38.339: E/NetworkScheduler.ATC(7635): Received callback from client for task that is already complete. ComponentInfo{com.google.android.gms/com.google.android.gms.phenotype.service.sync.PhenotypeConfigurator} PhenotypeSyncImmediately
03-29 04:46:38.347: I/Icing(7685): Indexing com.google.android.gms-apps from com.google.android.gms
03-29 04:46:38.379: I/ActivityManager(1528): Start proc 14331:com.google.android.gms.unstable/u0a16 for service com.google.android.gms/.droidguard.DroidGuardService
03-29 04:46:38.408: W/ResourceType(7685): ResTable_typeSpec entry count inconsistent: given 18, previously 25
03-29 04:46:38.408: W/ResourceType(7685): ResTable_typeSpec entry count inconsistent: given 316, previously 454
03-29 04:46:38.408: W/ResourceType(7685): ResTable_typeSpec entry count inconsistent: given 18, previously 25
03-29 04:46:38.408: W/ResourceType(7685): ResTable_typeSpec entry count inconsistent: given 316, previously 454
03-29 04:46:38.431: W/ResourceType(7685): ResTable_typeSpec entry count inconsistent: given 1313, previously 1357
03-29 04:46:38.438: W/DynamiteModule(14331): Local module descriptor class for providerinstaller not found.
03-29 04:46:38.441: W/ProviderHelper(14331): Unknown dynamite feature providerinstaller
03-29 04:46:38.441: I/DynamiteModule(14331): Considering local module providerinstaller:0 and remote module providerinstaller:0
03-29 04:46:38.441: W/ProviderInstaller(14331): Failed to load providerinstaller module: No acceptable module found. Local version is 0 and remote version is 0.
03-29 04:46:38.444: V/NativeCrypto(14331): Registering com/google/android/gms/org/conscrypt/NativeCrypto's 287 native methods...
03-29 04:46:38.457: D/NetworkSecurityConfig(14331): Using Network Security Config from resource network_security_config debugBuild: false
03-29 04:46:38.459: I/ProviderInstaller(14331): Installed default security provider GmsCore_OpenSSL
03-29 04:46:38.460: I/PBSessionCacheImpl(2941): Deleted sessionId[43171369517750] from persistence.
03-29 04:46:38.461: I/FixerFramework(14331): Checking safeboot...
03-29 04:46:38.462: I/FixerFramework(14331): Not entering safeboot; wrong process.
03-29 04:46:38.485: W/SearchServiceCore(2941): Abort, client detached.
03-29 04:46:38.485: W/SearchServiceCore(2941): Abort, client detached.
03-29 04:46:38.488: W/SearchServiceCore(2941): Abort, client detached.
03-29 04:46:38.519: W/Primes(14331): Primes not initialized, returning default (no-op) Primes instance which will ignore all calls. Please call Primes.initialize(...) before using any Primes API.
03-29 04:46:38.574: I/WCNSS_FILTER(2349): ibs_wcnss_bt_device_sleep: TX Awake, Sending SLEEP_IND
03-29 04:46:38.574: I/WCNSS_FILTER(2349): do_write: IBS write: fe
03-29 04:46:38.574: I/WCNSS_FILTER(2349): ibs_msm_serial_clock_vote: vote UART CLK OFF using UART driver's ioctl()
03-29 04:46:38.620: I/Icing(7685): Indexing done com.google.android.gms-apps
03-29 04:46:38.639: E/FontsContentProvider(7685): Fetch {Noto Color Emoji Compat, wdth 100.0, wght 400, ital 0.0, bestEffort false} failed due to timeout
03-29 04:46:38.639: E/FontsContentProvider(7685): java.util.concurrent.TimeoutException: Waited 10000 milliseconds (plus 181465 nanoseconds delay) for bkjj@1ef986b[status=PENDING]
03-29 04:46:38.639: E/FontsContentProvider(7685): 	at bkfz.get(:com.google.android.gms@15090019@15.0.90 (040400-231259764):55)
03-29 04:46:38.639: E/FontsContentProvider(7685): 	at bkgj.get(:com.google.android.gms@15090019@15.0.90 (040400-231259764))
03-29 04:46:38.639: E/FontsContentProvider(7685): 	at yxu.query(:com.google.android.gms@15090019@15.0.90 (040400-231259764):9)
03-29 04:46:38.639: E/FontsContentProvider(7685): 	at dvt.query(:com.google.android.gms@15090019@15.0.90 (040400-231259764):3)
03-29 04:46:38.639: E/FontsContentProvider(7685): 	at pom.query(:com.google.android.gms@15090019@15.0.90 (040400-231259764):1)
03-29 04:46:38.639: E/FontsContentProvider(7685): 	at android.content.ContentProvider.query(ContentProvider.java:1020)
03-29 04:46:38.639: E/FontsContentProvider(7685): 	at dvt.superQuery(:com.google.android.gms@15090019@15.0.90 (040400-231259764))
03-29 04:46:38.639: E/FontsContentProvider(7685): 	at com.google.android.chimera.ContentProvider.query(:com.google.android.gms@15090019@15.0.90 (040400-231259764):1)
03-29 04:46:38.639: E/FontsContentProvider(7685): 	at dvt.query(:com.google.android.gms@15090019@15.0.90 (040400-231259764):6)
03-29 04:46:38.639: E/FontsContentProvider(7685): 	at pom.query(:com.google.android.gms@15090019@15.0.90 (040400-231259764):4)
03-29 04:46:38.639: E/FontsContentProvider(7685): 	at android.content.ContentProvider$Transport.query(ContentProvider.java:239)
03-29 04:46:38.639: E/FontsContentProvider(7685): 	at android.content.ContentProviderNative.onTransact(ContentProviderNative.java:112)
03-29 04:46:38.639: E/FontsContentProvider(7685): 	at android.os.Binder.execTransact(Binder.java:565)
03-29 04:46:38.642: E/Bugle(13611): EmojiCompat initialization failed
03-29 04:46:38.642: E/Bugle(13611): java.lang.RuntimeException: fetchFonts result is not OK. (2)
03-29 04:46:38.642: E/Bugle(13611): 	at od.a(SourceFile:47)
03-29 04:46:38.642: E/Bugle(13611): 	at oe.run(SourceFile:3)
03-29 04:46:38.642: E/Bugle(13611): 	at android.os.Handler.handleCallback(Handler.java:751)
03-29 04:46:38.642: E/Bugle(13611): 	at android.os.Handler.dispatchMessage(Handler.java:95)
03-29 04:46:38.642: E/Bugle(13611): 	at android.os.Looper.loop(Looper.java:154)
03-29 04:46:38.642: E/Bugle(13611): 	at android.os.HandlerThread.run(HandlerThread.java:61)
03-29 04:46:38.678: I/Auth(7635): [ReflectiveChannelBinder] Successfully bound channel!
03-29 04:46:38.724: D/WCNSS_FILTER(2349): wcnss_release_wakelock
03-29 04:46:38.804: W/Conscrypt(7635): Could not set socket write timeout: java.net.SocketException: Socket closed
03-29 04:46:38.804: W/Conscrypt(7635): 	at com.google.android.gms.org.conscrypt.Platform.setSocketWriteTimeout(:com.google.android.gms@15090019@15.0.90 (040400-231259764):2)
03-29 04:46:38.804: W/Conscrypt(7635): 	at com.google.android.gms.org.conscrypt.ConscryptFileDescriptorSocket.setSoWriteTimeout(:com.google.android.gms@15090019@15.0.90 (040400-231259764):2)
03-29 04:46:38.928: W/Conscrypt(7635): Could not set socket write timeout: java.net.SocketException: Socket closed
03-29 04:46:38.928: W/Conscrypt(7635): 	at com.google.android.gms.org.conscrypt.Platform.setSocketWriteTimeout(:com.google.android.gms@15090019@15.0.90 (040400-231259764):2)
03-29 04:46:38.928: W/Conscrypt(7635): 	at com.google.android.gms.org.conscrypt.ConscryptFileDescriptorSocket.setSoWriteTimeout(:com.google.android.gms@15090019@15.0.90 (040400-231259764):2)
03-29 04:46:39.117: W/ResourceType(7635): ResTable_typeSpec entry count inconsistent: given 18, previously 25
03-29 04:46:39.117: W/ResourceType(7635): ResTable_typeSpec entry count inconsistent: given 316, previously 454
03-29 04:46:39.117: W/ResourceType(7635): ResTable_typeSpec entry count inconsistent: given 18, previously 25
03-29 04:46:39.117: W/ResourceType(7635): ResTable_typeSpec entry count inconsistent: given 316, previously 454
03-29 04:46:39.190: W/Conscrypt(7635): Could not set socket write timeout: java.net.SocketException: Socket closed
03-29 04:46:39.190: W/Conscrypt(7635): 	at com.google.android.gms.org.conscrypt.Platform.setSocketWriteTimeout(:com.google.android.gms@15090019@15.0.90 (040400-231259764):2)
03-29 04:46:39.190: W/Conscrypt(7635): 	at com.google.android.gms.org.conscrypt.ConscryptFileDescriptorSocket.setSoWriteTimeout(:com.google.android.gms@15090019@15.0.90 (040400-231259764):2)
03-29 04:46:39.208: I/AccountManagerService(1528): the accounts changed, sending broadcast of android.accounts.LOGIN_ACCOUNTS_CHANGED
03-29 04:46:39.226: W/Conscrypt(7635): Could not set socket write timeout: java.net.SocketException: Socket closed
03-29 04:46:39.227: W/Conscrypt(7635): 	at com.google.android.gms.org.conscrypt.Platform.setSocketWriteTimeout(:com.google.android.gms@15090019@15.0.90 (040400-231259764):2)
03-29 04:46:39.227: W/Conscrypt(7635): 	at com.google.android.gms.org.conscrypt.ConscryptFileDescriptorSocket.setSoWriteTimeout(:com.google.android.gms@15090019@15.0.90 (040400-231259764):2)
03-29 04:46:39.245: I/AccountManagerService(1528): the accounts changed, sending broadcast of android.accounts.LOGIN_ACCOUNTS_CHANGED
03-29 04:46:39.255: I/Icing(7685): updateResources: need to parse abiz{com.google.android.gm}
03-29 04:46:39.383: I/ContactsProvider(10176): Accounts changed
03-29 04:46:39.389: I/Icing(7685): updateResources: need to parse abiz{com.google.android.gms}
03-29 04:46:39.409: I/alal(7635): updateFromConfigurations using legacy put method [CONTEXT service_id=51 ]
03-29 04:46:39.423: I/alal(7635): updateFromConfigurations using legacy put method [CONTEXT service_id=51 ]
