03-29 04:50:35.060: D/AndroidRuntime(3815): >>>>>> AndroidRuntime START com.android.internal.os.RuntimeInit <<<<<<
03-29 04:50:35.060: W/linker(3815): libdvm.so has text relocations. This is wasting memory and is a security risk. Please fix.
03-29 04:50:35.060: D/AndroidRuntime(3815): CheckJNI is OFF
03-29 04:50:35.060: D/dalvikvm(3815): Trying to load lib libjavacore.so 0x0
03-29 04:50:35.060: D/dalvikvm(3815): Added shared lib libjavacore.so 0x0
03-29 04:50:35.060: D/dalvikvm(3815): Trying to load lib libnativehelper.so 0x0
03-29 04:50:35.060: D/dalvikvm(3815): Added shared lib libnativehelper.so 0x0
03-29 04:50:35.060: D/dalvikvm(3815): No JNI_OnLoad found in libnativehelper.so 0x0, skipping init
03-29 04:50:35.070: D/dalvikvm(3815): Note: class Landroid/app/ActivityManagerNative; has 179 unimplemented (abstract) methods
03-29 04:50:35.110: E/memtrack(3815): Couldn't load memtrack module (No such file or directory)
03-29 04:50:35.110: E/android.os.Debug(3815): failed to load memtrack module: -2
03-29 04:50:35.120: D/AndroidRuntime(3815): Calling main entry com.android.commands.settings.SettingsCmd
03-29 04:50:35.130: D/AndroidRuntime(3815): Shutting down VM
03-29 04:50:35.130: I/AndroidRuntime(3815): NOTE: attach of thread 'Binder_1' failed
03-29 04:50:35.130: D/dalvikvm(3815): GC_CONCURRENT freed 94K, 16% free 553K/652K, paused 0ms+0ms, total 0ms
03-29 04:50:35.130: I/Remoter(1351): Saved screenshot to '/data/screenshots/__pmv__-0074.jpg'
03-29 04:50:35.430: D/AndroidRuntime(3828): >>>>>> AndroidRuntime START com.android.internal.os.RuntimeInit <<<<<<
03-29 04:50:35.430: W/linker(3828): libdvm.so has text relocations. This is wasting memory and is a security risk. Please fix.
03-29 04:50:35.430: D/AndroidRuntime(3828): CheckJNI is OFF
03-29 04:50:35.440: D/dalvikvm(3828): Trying to load lib libjavacore.so 0x0
03-29 04:50:35.440: D/dalvikvm(3828): Added shared lib libjavacore.so 0x0
03-29 04:50:35.440: D/dalvikvm(3828): Trying to load lib libnativehelper.so 0x0
03-29 04:50:35.440: D/dalvikvm(3828): Added shared lib libnativehelper.so 0x0
03-29 04:50:35.440: D/dalvikvm(3828): No JNI_OnLoad found in libnativehelper.so 0x0, skipping init
03-29 04:50:35.440: D/dalvikvm(3828): Note: class Landroid/app/ActivityManagerNative; has 179 unimplemented (abstract) methods
03-29 04:50:35.470: E/memtrack(3828): Couldn't load memtrack module (No such file or directory)
03-29 04:50:35.470: E/android.os.Debug(3828): failed to load memtrack module: -2
03-29 04:50:35.480: D/AndroidRuntime(3828): Calling main entry com.android.commands.settings.SettingsCmd
03-29 04:50:35.490: D/AndroidRuntime(3828): Shutting down VM
03-29 04:50:35.490: D/dalvikvm(3828): GC_CONCURRENT freed 94K, 16% free 553K/652K, paused 0ms+0ms, total 1ms
03-29 04:50:35.740: W/GLSUser(1940): [AppCertManager] IOException while requesting key: 
03-29 04:50:35.740: W/GLSUser(1940): java.io.IOException: Invalid device key response.
03-29 04:50:35.740: W/GLSUser(1940): 	at hpi.a(:com.google.android.gms@14367005@14.3.67 (000700-216465562):13)
03-29 04:50:35.740: W/GLSUser(1940): 	at hpi.a(:com.google.android.gms@14367005@14.3.67 (000700-216465562):61)
03-29 04:50:35.740: W/GLSUser(1940): 	at hpg.a(:com.google.android.gms@14367005@14.3.67 (000700-216465562):6)
03-29 04:50:35.740: W/GLSUser(1940): 	at hpc.a(:com.google.android.gms@14367005@14.3.67 (000700-216465562))
03-29 04:50:35.740: W/GLSUser(1940): 	at hpb.a(:com.google.android.gms@14367005@14.3.67 (000700-216465562):9)
03-29 04:50:35.740: W/GLSUser(1940): 	at com.google.android.gms.auth.account.be.legacy.AuthCronChimeraService.b(:com.google.android.gms@14367005@14.3.67 (000700-216465562):6)
03-29 04:50:35.740: W/GLSUser(1940): 	at got.call(:com.google.android.gms@14367005@14.3.67 (000700-216465562):3)
03-29 04:50:35.740: W/GLSUser(1940): 	at java.util.concurrent.FutureTask.run(FutureTask.java:237)
03-29 04:50:35.740: W/GLSUser(1940): 	at nby.run(:com.google.android.gms@14367005@14.3.67 (000700-216465562):35)
03-29 04:50:35.740: W/GLSUser(1940): 	at java.util.concurrent.ThreadPoolExecutor.runWorker(ThreadPoolExecutor.java:1112)
03-29 04:50:35.740: W/GLSUser(1940): 	at java.util.concurrent.ThreadPoolExecutor$Worker.run(ThreadPoolExecutor.java:587)
03-29 04:50:35.740: W/GLSUser(1940): 	at nhz.run(:com.google.android.gms@14367005@14.3.67 (000700-216465562))
03-29 04:50:35.740: W/GLSUser(1940): 	at java.lang.Thread.run(Thread.java:841)
03-29 04:50:35.750: D/dalvikvm(1940): GC_CONCURRENT freed 587K, 35% free 5208K/7972K, paused 0ms+1ms, total 10ms
03-29 04:50:36.160: I/Remoter(1351): Saved screenshot to '/data/screenshots/__pmv__-0075.jpg'
03-29 04:50:37.190: I/Remoter(1351): Saved screenshot to '/data/screenshots/__pmv__-0076.jpg'
03-29 04:50:38.170: D/AndroidRuntime(3865): >>>>>> AndroidRuntime START com.android.internal.os.RuntimeInit <<<<<<
03-29 04:50:38.170: W/linker(3865): libdvm.so has text relocations. This is wasting memory and is a security risk. Please fix.
03-29 04:50:38.170: D/AndroidRuntime(3865): CheckJNI is OFF
03-29 04:50:38.170: D/dalvikvm(3865): Trying to load lib libjavacore.so 0x0
03-29 04:50:38.170: D/dalvikvm(3865): Added shared lib libjavacore.so 0x0
03-29 04:50:38.170: D/dalvikvm(3865): Trying to load lib libnativehelper.so 0x0
03-29 04:50:38.170: D/dalvikvm(3865): Added shared lib libnativehelper.so 0x0
03-29 04:50:38.170: D/dalvikvm(3865): No JNI_OnLoad found in libnativehelper.so 0x0, skipping init
03-29 04:50:38.210: D/dalvikvm(3865): Note: class Landroid/app/ActivityManagerNative; has 179 unimplemented (abstract) methods
03-29 04:50:38.230: I/Remoter(1351): Saved screenshot to '/data/screenshots/__pmv__-0077.jpg'
03-29 04:50:38.250: E/memtrack(3865): Couldn't load memtrack module (No such file or directory)
03-29 04:50:38.250: E/android.os.Debug(3865): failed to load memtrack module: -2
03-29 04:50:38.260: D/AndroidRuntime(3865): Calling main entry com.android.commands.pm.Pm
03-29 04:50:38.270: I/ActivityManager(1712): Start proc com.android.defcontainer for service com.android.defcontainer/.DefaultContainerService: pid=3875 uid=10005 gids={50005, 1028, 1015, 1023, 2001, 1035}
03-29 04:50:38.290: W/ActivityManager(1712): No content provider found for permission revoke: file:///data/local/tmp/com.google.android.apps.mtaas.tools.apk
03-29 04:50:38.290: W/ActivityManager(1712): No content provider found for permission revoke: file:///data/local/tmp/com.google.android.apps.mtaas.tools.apk
03-29 04:50:38.290: I/PackageManager(1712): Copying native libraries to /data/app-lib/vmdl23322253
03-29 04:50:38.350: I/PackageManager(1712): Running dexopt on: com.google.android.apps.mtaas.tools
03-29 04:50:38.350: W/linker(3890): libdvm.so has text relocations. This is wasting memory and is a security risk. Please fix.
03-29 04:50:38.400: D/dalvikvm(3890): DexOpt: 'Landroid/content/pm/IPackageStatsObserver;' has an earlier definition; blocking out
03-29 04:50:38.410: D/dalvikvm(3890): DexOpt: 'Ljunit/extensions/ActiveTestSuite$1;' has an earlier definition; blocking out
03-29 04:50:38.410: D/dalvikvm(3890): DexOpt: 'Ljunit/framework/Assert;' has an earlier definition; blocking out
03-29 04:50:38.410: D/dalvikvm(3890): DexOpt: 'Ljunit/framework/AssertionFailedError;' has an earlier definition; blocking out
03-29 04:50:38.410: D/dalvikvm(3890): DexOpt: 'Ljunit/framework/ComparisonCompactor;' has an earlier definition; blocking out
03-29 04:50:38.410: D/dalvikvm(3890): DexOpt: 'Ljunit/framework/Protectable;' has an earlier definition; blocking out
03-29 04:50:38.410: D/dalvikvm(3890): DexOpt: 'Ljunit/framework/Test;' has an earlier definition; blocking out
03-29 04:50:38.410: D/dalvikvm(3890): DexOpt: 'Ljunit/framework/TestFailure;' has an earlier definition; blocking out
03-29 04:50:38.410: D/dalvikvm(3890): DexOpt: 'Ljunit/framework/TestListener;' has an earlier definition; blocking out
03-29 04:50:38.410: D/dalvikvm(3890): DexOpt: 'Ljunit/framework/TestResult;' has an earlier definition; blocking out
03-29 04:50:38.410: D/dalvikvm(3890): DexOpt: 'Landroid/content/pm/IPackageStatsObserver$Stub$Proxy;' has an earlier definition; blocking out
03-29 04:50:38.410: D/dalvikvm(3890): DexOpt: 'Landroid/content/pm/IPackageStatsObserver$Stub;' has an earlier definition; blocking out
03-29 04:50:38.410: D/dalvikvm(3890): DexOpt: 'Ljunit/extensions/TestDecorator;' has an earlier definition; blocking out
03-29 04:50:38.410: D/dalvikvm(3890): DexOpt: 'Ljunit/extensions/TestSetup$1;' has an earlier definition; blocking out
03-29 04:50:38.420: D/dalvikvm(3890): DexOpt: 'Ljunit/framework/ComparisonFailure;' has an earlier definition; blocking out
03-29 04:50:38.420: D/dalvikvm(3890): DexOpt: 'Ljunit/framework/TestCase;' has an earlier definition; blocking out
03-29 04:50:38.420: D/dalvikvm(3890): DexOpt: 'Ljunit/framework/TestResult$1;' has an earlier definition; blocking out
03-29 04:50:38.420: D/dalvikvm(3890): DexOpt: 'Ljunit/framework/TestSuite;' has an earlier definition; blocking out
03-29 04:50:38.420: D/dalvikvm(3890): DexOpt: 'Ljunit/extensions/ActiveTestSuite;' has an earlier definition; blocking out
03-29 04:50:38.420: D/dalvikvm(3890): DexOpt: 'Ljunit/extensions/RepeatedTest;' has an earlier definition; blocking out
03-29 04:50:38.420: D/dalvikvm(3890): DexOpt: 'Ljunit/extensions/TestSetup;' has an earlier definition; blocking out
03-29 04:50:38.420: D/dalvikvm(3890): DexOpt: 'Ljunit/framework/TestSuite$1;' has an earlier definition; blocking out
03-29 04:50:38.420: D/dalvikvm(3890): DexOpt: not verifying/optimizing 'Landroid/content/pm/IPackageStatsObserver;': multiple definitions
03-29 04:50:38.430: I/dalvikvm(3890): DexOpt: not resolving ambiguous class 'Ljunit/framework/Test;'
03-29 04:50:38.430: I/dalvikvm(3890): DexOpt: not resolving ambiguous class 'Ljunit/framework/TestCase;'
03-29 04:50:38.440: D/dalvikvm(3890): Note: class Landroid/app/ActivityManagerNative; has 179 unimplemented (abstract) methods
03-29 04:50:38.440: D/dalvikvm(3890): DexOpt: couldn't find static field Landroid/os/Build$VERSION;.PREVIEW_SDK_INT
03-29 04:50:38.470: D/dalvikvm(3890): DexOpt: not verifying/optimizing 'Ljunit/extensions/ActiveTestSuite$1;': multiple definitions
03-29 04:50:38.470: D/dalvikvm(3890): DexOpt: not verifying/optimizing 'Ljunit/framework/Assert;': multiple definitions
03-29 04:50:38.470: D/dalvikvm(3890): DexOpt: not verifying/optimizing 'Ljunit/framework/AssertionFailedError;': multiple definitions
03-29 04:50:38.470: D/dalvikvm(3890): DexOpt: not verifying/optimizing 'Ljunit/framework/ComparisonCompactor;': multiple definitions
03-29 04:50:38.470: I/dalvikvm(3890): DexOpt: not resolving ambiguous class 'Ljunit/framework/Test;'
03-29 04:50:38.470: D/dalvikvm(3890): DexOpt: not verifying/optimizing 'Ljunit/framework/Protectable;': multiple definitions
03-29 04:50:38.470: D/dalvikvm(3890): DexOpt: not verifying/optimizing 'Ljunit/framework/Test;': multiple definitions
03-29 04:50:38.470: D/dalvikvm(3890): DexOpt: not verifying/optimizing 'Ljunit/framework/TestFailure;': multiple definitions
03-29 04:50:38.470: D/dalvikvm(3890): DexOpt: not verifying/optimizing 'Ljunit/framework/TestListener;': multiple definitions
03-29 04:50:38.470: D/dalvikvm(3890): DexOpt: not verifying/optimizing 'Ljunit/framework/TestResult;': multiple definitions
03-29 04:50:38.470: I/dalvikvm(3890): DexOpt: not resolving ambiguous class 'Ljunit/framework/TestSuite;'
03-29 04:50:38.470: D/dalvikvm(3890): DexOpt: not verifying/optimizing 'Landroid/content/pm/IPackageStatsObserver$Stub$Proxy;': multiple definitions
03-29 04:50:38.470: D/dalvikvm(3890): DexOpt: not verifying/optimizing 'Landroid/content/pm/IPackageStatsObserver$Stub;': multiple definitions
03-29 04:50:38.470: I/dalvikvm(3890): DexOpt: not resolving ambiguous class 'Ljunit/framework/TestSuite;'
03-29 04:50:38.470: I/dalvikvm(3890): DexOpt: not resolving ambiguous class 'Ljunit/framework/TestResult;'
03-29 04:50:38.470: I/dalvikvm(3890): DexOpt: not resolving ambiguous class 'Ljunit/framework/TestCase;'
03-29 04:50:38.470: I/dalvikvm(3890): DexOpt: not resolving ambiguous class 'Ljunit/framework/Test;'
03-29 04:50:38.480: D/dalvikvm(3890): DexOpt: couldn't find field Landroid/content/pm/InstrumentationInfo;.targetProcesses
03-29 04:50:38.480: I/dalvikvm(3890): DexOpt: not resolving ambiguous class 'Ljunit/framework/Assert;'
03-29 04:50:38.480: D/dalvikvm(3890): DexOpt: couldn't find static field Landroid/os/Build$VERSION;.PREVIEW_SDK_INT
03-29 04:50:38.480: I/dalvikvm(3890): DexOpt: not resolving ambiguous class 'Landroid/content/pm/IPackageStatsObserver;'
03-29 04:50:38.490: D/dalvikvm(3890): DexOpt: not verifying/optimizing 'Ljunit/extensions/TestDecorator;': multiple definitions
03-29 04:50:38.490: D/dalvikvm(3890): DexOpt: not verifying/optimizing 'Ljunit/extensions/TestSetup$1;': multiple definitions
03-29 04:50:38.490: D/dalvikvm(3890): DexOpt: not verifying/optimizing 'Ljunit/framework/ComparisonFailure;': multiple definitions
03-29 04:50:38.490: I/dalvikvm(3890): DexOpt: not resolving ambiguous class 'Ljunit/framework/TestResult;'
03-29 04:50:38.490: D/dalvikvm(3890): DexOpt: not verifying/optimizing 'Ljunit/framework/TestCase;': multiple definitions
03-29 04:50:38.490: D/dalvikvm(3890): DexOpt: not verifying/optimizing 'Ljunit/framework/TestResult$1;': multiple definitions
03-29 04:50:38.490: D/dalvikvm(3890): DexOpt: not verifying/optimizing 'Ljunit/framework/TestSuite;': multiple definitions
03-29 04:50:38.490: I/dalvikvm(3890): DexOpt: not resolving ambiguous class 'Ljunit/framework/Test;'
03-29 04:50:38.490: I/dalvikvm(3890): DexOpt: not resolving ambiguous class 'Ljunit/framework/TestFailure;'
03-29 04:50:38.490: I/dalvikvm(3890): DexOpt: not resolving ambiguous class 'Ljunit/framework/TestCase;'
03-29 04:50:38.490: I/dalvikvm(3890): DexOpt: not resolving ambiguous class 'Ljunit/framework/TestCase;'
03-29 04:50:38.490: I/dalvikvm(3890): DexOpt: not resolving ambiguous class 'Ljunit/framework/TestSuite;'
03-29 04:50:38.490: I/dalvikvm(3890): DexOpt: not resolving ambiguous class 'Ljunit/framework/Protectable;'
03-29 04:50:38.490: I/dalvikvm(3890): DexOpt: not resolving ambiguous class 'Ljunit/framework/TestSuite;'
03-29 04:50:38.490: I/dalvikvm(3890): DexOpt: not resolving ambiguous class 'Ljunit/framework/TestSuite;'
03-29 04:50:38.500: I/dalvikvm(3890): DexOpt: not resolving ambiguous class 'Ljunit/framework/TestSuite;'
03-29 04:50:38.500: I/dalvikvm(3890): DexOpt: not resolving ambiguous class 'Landroid/content/pm/IPackageStatsObserver$Stub;'
03-29 04:50:38.510: D/dalvikvm(3890): DexOpt: not verifying/optimizing 'Ljunit/extensions/ActiveTestSuite;': multiple definitions
03-29 04:50:38.510: D/dalvikvm(3890): DexOpt: not verifying/optimizing 'Ljunit/extensions/RepeatedTest;': multiple definitions
03-29 04:50:38.510: D/dalvikvm(3890): DexOpt: not verifying/optimizing 'Ljunit/extensions/TestSetup;': multiple definitions
03-29 04:50:38.510: D/dalvikvm(3890): DexOpt: not verifying/optimizing 'Ljunit/framework/TestSuite$1;': multiple definitions
03-29 04:50:38.510: I/dalvikvm(3890): DexOpt: not resolving ambiguous class 'Ljunit/framework/TestResult;'
03-29 04:50:38.510: I/dalvikvm(3890): DexOpt: not resolving ambiguous class 'Ljunit/framework/TestSuite;'
03-29 04:50:38.510: I/dalvikvm(3890): DexOpt: not resolving ambiguous class 'Ljunit/framework/TestSuite;'
03-29 04:50:38.510: I/dalvikvm(3890): DexOpt: not resolving ambiguous class 'Ljunit/framework/Test;'
03-29 04:50:38.510: I/dalvikvm(3890): DexOpt: not resolving ambiguous class 'Ljunit/framework/TestSuite;'
03-29 04:50:38.520: D/dalvikvm(3890): DexOpt: load 21ms, verify+opt 98ms, 2158428 bytes
03-29 04:50:38.530: I/ActivityManager(1712): Force stopping com.google.android.apps.mtaas.tools appid=10067 user=-1: update pkg
03-29 04:50:38.540: D/dalvikvm(1712): GC_FOR_ALLOC freed 818K, 17% free 8730K/10440K, paused 14ms, total 15ms
03-29 04:50:38.560: W/PackageManager(1712): Not granting permission android.permission.SET_ANIMATION_SCALE to package com.google.android.apps.mtaas.tools (protectionLevel=50 flags=0x8be44)
03-29 04:50:38.560: W/PackageManager(1712): Not granting permission android.permission.CHANGE_CONFIGURATION to package com.google.android.apps.mtaas.tools (protectionLevel=50 flags=0x8be44)
03-29 04:50:38.590: D/Launcher.Model(1887): shortcutWasRestored is false for com.google.android.apps.mtaas.tools/com.google.android.apps.mtaas.tools.activities.MainActivity
03-29 04:50:38.590: D/Launcher.Workspace(1887): 11683562 - removeExtraEmptyScreen()
03-29 04:50:38.590: D/Launcher.Workspace(1887): 11683562 - convertFinalScreenToEmptyScreenIfNecessary()
03-29 04:50:38.590: I/InputReader(1712): Reconfiguring input devices.  changes=0x00000010
03-29 04:50:38.600: I/PackageManager(1712):   Action: "android.intent.action.SENDTO"
03-29 04:50:38.600: I/PackageManager(1712):   Category: "android.intent.category.DEFAULT"
03-29 04:50:38.600: I/PackageManager(1712):   Scheme: "sms"
03-29 04:50:38.600: I/PackageManager(1712): Adding preferred activity ComponentInfo{com.android.mms/com.android.mms.ui.ComposeMessageActivity} for user 0 :
03-29 04:50:38.600: D/dalvikvm(1873): GC_CONCURRENT freed 442K, 15% free 3610K/4228K, paused 0ms+1ms, total 10ms
03-29 04:50:38.610: D/dalvikvm(1339): GC_EXPLICIT freed 40K, 4% free 3012K/3108K, paused 1ms+0ms, total 6ms
03-29 04:50:38.610: I/ActivityManager(1712): Start proc com.google.android.partnersetup for broadcast com.google.android.partnersetup/.RlzPingBroadcastReceiver: pid=3891 uid=10012 gids={50012, 3003}
03-29 04:50:38.620: I/PackageManager(1712):   Action: "android.intent.action.SENDTO"
03-29 04:50:38.620: I/PackageManager(1712):   Category: "android.intent.category.DEFAULT"
03-29 04:50:38.620: I/PackageManager(1712):   Scheme: "smsto"
03-29 04:50:38.620: D/dalvikvm(1339): GC_EXPLICIT freed <1K, 4% free 3012K/3108K, paused 0ms+1ms, total 4ms
03-29 04:50:38.620: D/dalvikvm(1339): GC_EXPLICIT freed <1K, 4% free 3012K/3108K, paused 0ms+1ms, total 4ms
03-29 04:50:38.620: I/PackageManager(1712):   Action: "android.intent.action.SENDTO"
03-29 04:50:38.620: I/PackageManager(1712):   Category: "android.intent.category.DEFAULT"
03-29 04:50:38.620: I/PackageManager(1712):   Scheme: "mms"
03-29 04:50:38.620: I/PackageManager(1712): Adding preferred activity ComponentInfo{com.android.mms/com.android.mms.ui.ComposeMessageActivity} for user 0 :
03-29 04:50:38.620: I/PackageManager(1712): Adding preferred activity ComponentInfo{com.android.mms/com.android.mms.ui.ComposeMessageActivity} for user 0 :
03-29 04:50:38.630: I/PackageManager(1712):   Action: "android.intent.action.SENDTO"
03-29 04:50:38.630: I/PackageManager(1712):   Category: "android.intent.category.DEFAULT"
03-29 04:50:38.630: I/PackageManager(1712):   Scheme: "mmsto"
03-29 04:50:38.630: I/PackageManager(1712): Adding preferred activity ComponentInfo{com.android.mms/com.android.mms.ui.ComposeMessageActivity} for user 0 :
03-29 04:50:38.640: W/ResourceType(1712): Failure getting entry for 0x7f060000 (t=5 e=0) in package 0 (error -75)
03-29 04:50:38.640: D/dalvikvm(1873): GC_FOR_ALLOC freed 411K, 14% free 3658K/4228K, paused 4ms, total 4ms
03-29 04:50:38.640: D/BackupManagerService(1712): Received broadcast Intent { act=android.intent.action.PACKAGE_ADDED dat=package:com.google.android.apps.mtaas.tools flg=0x4000010 (has extras) }
03-29 04:50:38.640: V/BackupManagerService(1712): addPackageParticipantsLocked: #1
03-29 04:50:38.650: D/dalvikvm(1873): GC_CONCURRENT freed 57K, 14% free 3637K/4228K, paused 0ms+1ms, total 3ms
03-29 04:50:38.660: D/dalvikvm(1712): GC_EXPLICIT freed 1381K, 16% free 8783K/10440K, paused 10ms+2ms, total 60ms
03-29 04:50:38.660: D/dalvikvm(1712): WAIT_FOR_CONCURRENT_GC blocked 22ms
03-29 04:50:38.660: D/AndroidRuntime(3865): Shutting down VM
03-29 04:50:38.660: D/dalvikvm(1712): WAIT_FOR_CONCURRENT_GC blocked 23ms
03-29 04:50:38.660: D/dalvikvm(1712): WAIT_FOR_CONCURRENT_GC blocked 17ms
03-29 04:50:38.660: D/dalvikvm(1712): WAIT_FOR_CONCURRENT_GC blocked 20ms
03-29 04:50:38.660: D/dalvikvm(3865): GC_CONCURRENT freed 93K, 15% free 552K/648K, paused 0ms+0ms, total 0ms
03-29 04:50:38.670: I/PackageManager(1712):   Action: "android.intent.action.SENDTO"
03-29 04:50:38.670: I/PackageManager(1712):   Category: "android.intent.category.DEFAULT"
03-29 04:50:38.670: I/PackageManager(1712):   Scheme: "sms"
03-29 04:50:38.670: I/PackageManager(1712): Adding preferred activity ComponentInfo{com.android.mms/com.android.mms.ui.ComposeMessageActivity} for user 0 :
03-29 04:50:38.670: I/PackageManager(1712):   Action: "android.intent.action.SENDTO"
03-29 04:50:38.670: I/PackageManager(1712):   Category: "android.intent.category.DEFAULT"
03-29 04:50:38.670: I/PackageManager(1712):   Scheme: "smsto"
03-29 04:50:38.670: I/PackageManager(1712): Adding preferred activity ComponentInfo{com.android.mms/com.android.mms.ui.ComposeMessageActivity} for user 0 :
03-29 04:50:38.680: I/PackageManager(1712):   Action: "android.intent.action.SENDTO"
03-29 04:50:38.680: I/PackageManager(1712):   Category: "android.intent.category.DEFAULT"
03-29 04:50:38.680: I/PackageManager(1712):   Scheme: "mms"
03-29 04:50:38.680: I/PackageManager(1712): Adding preferred activity ComponentInfo{com.android.mms/com.android.mms.ui.ComposeMessageActivity} for user 0 :
03-29 04:50:38.690: I/PackageManager(1712):   Action: "android.intent.action.SENDTO"
03-29 04:50:38.690: I/PackageManager(1712):   Category: "android.intent.category.DEFAULT"
03-29 04:50:38.690: I/PackageManager(1712):   Scheme: "mmsto"
03-29 04:50:38.690: I/PackageManager(1712): Adding preferred activity ComponentInfo{com.android.mms/com.android.mms.ui.ComposeMessageActivity} for user 0 :
03-29 04:50:38.690: I/ActivityManager(1712): Delay finish: com.android.musicfx/.Compatibility$Receiver
03-29 04:50:38.700: D/dalvikvm(1873): GC_CONCURRENT freed 365K, 14% free 3657K/4228K, paused 1ms+1ms, total 7ms
03-29 04:50:38.700: I/ActivityManager(1712): Resuming delayed broadcast
03-29 04:50:38.710: I/Icing.InternalIcingCorporaProvider(2598): Updating corpora: A: com.google.android.apps.mtaas.tools, C: MAYBE
03-29 04:50:38.720: D/dalvikvm(2598): GC_CONCURRENT freed 401K, 11% free 3904K/4356K, paused 0ms+0ms, total 5ms
03-29 04:50:38.730: D/dalvikvm(2216): DexOpt: couldn't find field Landroid/content/pm/PackageInfo;.signingInfo
03-29 04:50:38.730: W/dalvikvm(2216): VFY: unable to resolve instance field 8226
03-29 04:50:38.730: D/dalvikvm(2216): VFY: replacing opcode 0x54 at 0x00c6
03-29 04:50:38.730: I/Icing(2216): IndexChimeraService.getServiceInterface callingPackage=com.google.android.googlequicksearchbox componentName=null serviceId=21
03-29 04:50:38.750: I/Icing(2216): Usage reports ok 0, Failed Usage reports 0, indexed 0, rejected 0, imm upload true
03-29 04:50:38.780: I/Icing.InternalIcingCorporaProvider(2598): UpdateCorporaTask done [took 73 ms] updated apps [took 73 ms] 
03-29 04:50:38.780: I/Auth(2216): [SupervisedAccountIntentOperation] onHandleIntent(): android.intent.action.PACKAGE_ADDED
03-29 04:50:38.790: I/ChromeSync(2216): [Sync,SyncIntentOperation] Handling the intent: Intent { act=android.intent.action.PACKAGE_ADDED dat=package:com.google.android.apps.mtaas.tools flg=0x4000010 cmp=com.google.android.gms/.chimera.GmsIntentOperationService (has extras) }.
03-29 04:50:38.790: I/FontsPackageChangeOp(2216): Package com.google.android.apps.mtaas.tools has no metadata
03-29 04:50:38.800: I/ChromeSync(2216): [Persistence,AffiliationManager] No affiliation data for android://N50vJU0zrJ8WOzDt6r3GDtfqrkROFOSiqHcmppwn3vxaRC4hFpNn4UsL7XlvjtlfcWuDAQhmck0qjQPwsrpMNg==@com.google.android.apps.mtaas.tools/. Marking affiliation data as stale...
03-29 04:50:38.800: I/Auth(2216): [SupervisedAccountIntentOperation] This operation is disabled
03-29 04:50:38.800: I/ChromeSync(2216): [Persistence,AffiliationManager] Fetching affiliations from the server.
03-29 04:50:38.830: D/dalvikvm(1857): GC_CONCURRENT freed 2015K, 24% free 8797K/11428K, paused 1ms+2ms, total 41ms
03-29 04:50:38.830: D/dalvikvm(1857): WAIT_FOR_CONCURRENT_GC blocked 14ms
03-29 04:50:38.830: D/dalvikvm(1857): WAIT_FOR_CONCURRENT_GC blocked 25ms
03-29 04:50:38.850: D/dalvikvm(2216): GC_CONCURRENT freed 1922K, 23% free 9506K/12204K, paused 2ms+1ms, total 21ms
03-29 04:50:38.850: D/dalvikvm(2216): WAIT_FOR_CONCURRENT_GC blocked 11ms
03-29 04:50:38.850: D/dalvikvm(2216): WAIT_FOR_CONCURRENT_GC blocked 12ms
03-29 04:50:38.850: D/dalvikvm(2216): WAIT_FOR_CONCURRENT_GC blocked 12ms
03-29 04:50:38.870: D/dalvikvm(2216): WAIT_FOR_CONCURRENT_GC blocked 28ms
03-29 04:50:38.900: I/Icing(2216): IndexChimeraService.getServiceInterface callingPackage=com.google.android.gms componentName=AppsCorpus serviceId=32
03-29 04:50:38.900: I/Icing(2216): IndexChimeraService.getServiceInterface callingPackage=com.google.android.gms componentName=AppsCorpus serviceId=36
03-29 04:50:38.900: D/dalvikvm(1712): GC_CONCURRENT freed 1306K, 16% free 8810K/10440K, paused 0ms+3ms, total 43ms
03-29 04:50:38.910: I/Icing(2216): Usage reports ok 0, Failed Usage reports 0, indexed 0, rejected 0, imm upload false
03-29 04:50:38.910: I/Icing(2216): Usage reports ok 0, Failed Usage reports 0, indexed 0, rejected 0, imm upload false
03-29 04:50:38.930: I/PeopleContactsSync(2216): triggerPendingContactsCleanup: no accounts
03-29 04:50:38.930: I/PeopleDatabaseHelper(2216): cleanUpNonGplusAccounts done.
03-29 04:50:38.930: I/PeopleSearchIndexManage(2216): Index version changed from 3
03-29 04:50:38.940: I/PeopleSearchIndexManage(2216): Rebuilding index...
03-29 04:50:38.950: I/PeopleASM(2216): Rebuilding autocomplete index...
03-29 04:50:38.950: I/PeopleSearchIndexManage(2216): Rebuilding index done.
03-29 04:50:39.270: I/Remoter(1351): Saved screenshot to '/data/screenshots/__pmv__-0078.jpg'
03-29 04:50:39.400: D/AndroidRuntime(3947): >>>>>> AndroidRuntime START com.android.internal.os.RuntimeInit <<<<<<
03-29 04:50:39.400: W/linker(3947): libdvm.so has text relocations. This is wasting memory and is a security risk. Please fix.
03-29 04:50:39.400: D/AndroidRuntime(3947): CheckJNI is OFF
03-29 04:50:39.410: D/dalvikvm(3947): Trying to load lib libjavacore.so 0x0
03-29 04:50:39.410: D/dalvikvm(3947): Added shared lib libjavacore.so 0x0
03-29 04:50:39.410: D/dalvikvm(3947): Trying to load lib libnativehelper.so 0x0
03-29 04:50:39.410: D/dalvikvm(3947): Added shared lib libnativehelper.so 0x0
03-29 04:50:39.410: D/dalvikvm(3947): No JNI_OnLoad found in libnativehelper.so 0x0, skipping init
03-29 04:50:39.410: D/dalvikvm(3947): Note: class Landroid/app/ActivityManagerNative; has 179 unimplemented (abstract) methods
03-29 04:50:39.440: E/memtrack(3947): Couldn't load memtrack module (No such file or directory)
03-29 04:50:39.440: E/android.os.Debug(3947): failed to load memtrack module: -2
03-29 04:50:39.450: D/AndroidRuntime(3947): Calling main entry com.android.commands.pm.Pm
03-29 04:50:39.460: W/ActivityManager(1712): No content provider found for permission revoke: file:///data/local/tmp/com.google.android.apps.mtaas.loginutil.apk
03-29 04:50:39.460: W/ActivityManager(1712): No content provider found for permission revoke: file:///data/local/tmp/com.google.android.apps.mtaas.loginutil.apk
03-29 04:50:39.460: I/PackageManager(1712): Copying native libraries to /data/app-lib/vmdl-410342449
03-29 04:50:39.460: I/PackageParser(1712): com.google.android.apps.mtaas.loginutil: compat added android.permission.WRITE_EXTERNAL_STORAGE android.permission.READ_PHONE_STATE
03-29 04:50:39.480: I/PackageManager(1712): Running dexopt on: com.google.android.apps.mtaas.loginutil
03-29 04:50:39.480: W/linker(3957): libdvm.so has text relocations. This is wasting memory and is a security risk. Please fix.
03-29 04:50:39.570: D/dalvikvm(3957): DexOpt: load 9ms, verify+opt 50ms, 1081420 bytes
03-29 04:50:39.570: I/ActivityManager(1712): Force stopping com.google.android.apps.mtaas.loginutil appid=10068 user=-1: update pkg
03-29 04:50:39.600: I/InputReader(1712): Reconfiguring input devices.  changes=0x00000010
03-29 04:50:39.610: I/PackageManager(1712):   Action: "android.intent.action.SENDTO"
03-29 04:50:39.610: I/PackageManager(1712):   Category: "android.intent.category.DEFAULT"
03-29 04:50:39.610: I/PackageManager(1712):   Scheme: "sms"
03-29 04:50:39.610: I/PackageManager(1712): Adding preferred activity ComponentInfo{com.android.mms/com.android.mms.ui.ComposeMessageActivity} for user 0 :
03-29 04:50:39.620: I/ActivityManager(1712): Delay finish: com.google.android.googlequicksearchbox/com.google.android.search.core.summons.icing.InternalIcingCorporaProvider$CorporaChangedReceiver
03-29 04:50:39.630: I/PackageManager(1712):   Action: "android.intent.action.SENDTO"
03-29 04:50:39.630: I/PackageManager(1712):   Category: "android.intent.category.DEFAULT"
03-29 04:50:39.630: I/PackageManager(1712):   Scheme: "smsto"
03-29 04:50:39.630: I/Icing.InternalIcingCorporaProvider(2598): Updating corpora: A: com.google.android.apps.mtaas.loginutil, C: MAYBE
03-29 04:50:39.630: I/PackageManager(1712): Adding preferred activity ComponentInfo{com.android.mms/com.android.mms.ui.ComposeMessageActivity} for user 0 :
03-29 04:50:39.640: I/Icing.InternalIcingCorporaProvider(2598): UpdateCorporaTask done [took 9 ms] updated apps [took 9 ms] 
03-29 04:50:39.640: I/PackageManager(1712):   Action: "android.intent.action.SENDTO"
03-29 04:50:39.640: I/PackageManager(1712):   Category: "android.intent.category.DEFAULT"
03-29 04:50:39.640: I/PackageManager(1712):   Scheme: "mms"
03-29 04:50:39.640: I/ActivityManager(1712): Resuming delayed broadcast
03-29 04:50:39.640: I/PackageManager(1712): Adding preferred activity ComponentInfo{com.android.mms/com.android.mms.ui.ComposeMessageActivity} for user 0 :
03-29 04:50:39.650: D/dalvikvm(1873): GC_FOR_ALLOC freed 421K, 14% free 3657K/4228K, paused 3ms, total 4ms
03-29 04:50:39.660: D/dalvikvm(1873): GC_CONCURRENT freed <1K, 14% free 3659K/4228K, paused 1ms+1ms, total 5ms
03-29 04:50:39.670: D/dalvikvm(1712): GC_EXPLICIT freed 1393K, 16% free 8872K/10440K, paused 1ms+2ms, total 68ms
03-29 04:50:39.670: D/dalvikvm(1712): WAIT_FOR_CONCURRENT_GC blocked 18ms
03-29 04:50:39.670: D/dalvikvm(1712): WAIT_FOR_CONCURRENT_GC blocked 18ms
03-29 04:50:39.670: D/dalvikvm(1712): WAIT_FOR_CONCURRENT_GC blocked 18ms
03-29 04:50:39.670: D/dalvikvm(1712): WAIT_FOR_CONCURRENT_GC blocked 18ms
03-29 04:50:39.670: W/ResourceType(1712): Failure getting entry for 0x7f060000 (t=5 e=0) in package 0 (error -75)
03-29 04:50:39.670: D/dalvikvm(1712): WAIT_FOR_CONCURRENT_GC blocked 15ms
03-29 04:50:39.670: D/dalvikvm(1712): WAIT_FOR_CONCURRENT_GC blocked 10ms
03-29 04:50:39.670: D/AndroidRuntime(3947): Shutting down VM
03-29 04:50:39.670: I/PackageManager(1712):   Action: "android.intent.action.SENDTO"
03-29 04:50:39.670: I/PackageManager(1712):   Category: "android.intent.category.DEFAULT"
03-29 04:50:39.670: I/PackageManager(1712):   Scheme: "mmsto"
03-29 04:50:39.670: D/dalvikvm(3947): GC_CONCURRENT freed 93K, 15% free 552K/648K, paused 0ms+0ms, total 1ms
03-29 04:50:39.670: D/BackupManagerService(1712): Received broadcast Intent { act=android.intent.action.PACKAGE_ADDED dat=package:com.google.android.apps.mtaas.loginutil flg=0x4000010 (has extras) }
03-29 04:50:39.670: V/BackupManagerService(1712): addPackageParticipantsLocked: #1
03-29 04:50:39.670: I/PackageManager(1712): Adding preferred activity ComponentInfo{com.android.mms/com.android.mms.ui.ComposeMessageActivity} for user 0 :
03-29 04:50:39.680: I/PackageManager(1712):   Action: "android.intent.action.SENDTO"
03-29 04:50:39.680: I/PackageManager(1712):   Category: "android.intent.category.DEFAULT"
03-29 04:50:39.680: I/PackageManager(1712):   Scheme: "sms"
03-29 04:50:39.680: I/PackageManager(1712): Adding preferred activity ComponentInfo{com.android.mms/com.android.mms.ui.ComposeMessageActivity} for user 0 :
03-29 04:50:39.690: I/Auth(2216): [SupervisedAccountIntentOperation] onHandleIntent(): android.intent.action.PACKAGE_ADDED
03-29 04:50:39.690: I/Auth(2216): [SupervisedAccountIntentOperation] This operation is disabled
03-29 04:50:39.690: I/ChromeSync(2216): [Sync,SyncIntentOperation] Handling the intent: Intent { act=android.intent.action.PACKAGE_ADDED dat=package:com.google.android.apps.mtaas.loginutil flg=0x4000010 cmp=com.google.android.gms/.chimera.GmsIntentOperationService (has extras) }.
03-29 04:50:39.690: I/ChromeSync(2216): [Persistence,AffiliationManager] No affiliation data for android://hYLDYwB34REMzRkkDCAO41RDCu83EJUgrh0yR4QTKzoWic4CFOf47MQAfK5OsrL3bydJNBPokUImRnqAa33Xng==@com.google.android.apps.mtaas.loginutil/. Marking affiliation data as stale...
03-29 04:50:39.700: I/PackageManager(1712):   Action: "android.intent.action.SENDTO"
03-29 04:50:39.700: I/PackageManager(1712):   Category: "android.intent.category.DEFAULT"
03-29 04:50:39.700: I/PackageManager(1712):   Scheme: "smsto"
03-29 04:50:39.700: I/ChromeSync(2216): [Persistence,AffiliationManager] Fetching affiliations from the server.
03-29 04:50:39.700: I/FontsPackageChangeOp(2216): Package com.google.android.apps.mtaas.loginutil has no metadata
03-29 04:50:39.700: I/PackageManager(1712): Adding preferred activity ComponentInfo{com.android.mms/com.android.mms.ui.ComposeMessageActivity} for user 0 :
03-29 04:50:39.710: D/dalvikvm(1873): GC_FOR_ALLOC freed 393K, 14% free 3656K/4228K, paused 4ms, total 5ms
03-29 04:50:39.710: D/dalvikvm(1873): GC_CONCURRENT freed <1K, 14% free 3660K/4228K, paused 2ms+0ms, total 5ms
03-29 04:50:39.720: I/PackageManager(1712):   Action: "android.intent.action.SENDTO"
03-29 04:50:39.720: I/PackageManager(1712):   Category: "android.intent.category.DEFAULT"
03-29 04:50:39.720: I/PackageManager(1712):   Scheme: "mms"
03-29 04:50:39.720: I/PackageManager(1712): Adding preferred activity ComponentInfo{com.android.mms/com.android.mms.ui.ComposeMessageActivity} for user 0 :
03-29 04:50:39.720: I/PeopleContactsSync(2216): triggerPendingContactsCleanup: no accounts
03-29 04:50:39.720: I/PackageManager(1712):   Action: "android.intent.action.SENDTO"
03-29 04:50:39.720: I/PackageManager(1712):   Category: "android.intent.category.DEFAULT"
03-29 04:50:39.720: I/PackageManager(1712):   Scheme: "mmsto"
03-29 04:50:39.720: I/PackageManager(1712): Adding preferred activity ComponentInfo{com.android.mms/com.android.mms.ui.ComposeMessageActivity} for user 0 :
03-29 04:50:39.730: I/Icing(2216): IndexChimeraService.getServiceInterface callingPackage=com.google.android.gms componentName=AppsCorpus serviceId=36
03-29 04:50:39.730: I/Icing(2216): IndexChimeraService.getServiceInterface callingPackage=com.google.android.gms componentName=AppsCorpus serviceId=32
03-29 04:50:39.740: I/Icing(2216): Usage reports ok 0, Failed Usage reports 0, indexed 0, rejected 0, imm upload false
03-29 04:50:39.740: I/Icing(2216): Usage reports ok 0, Failed Usage reports 0, indexed 0, rejected 0, imm upload false
03-29 04:50:39.770: D/dalvikvm(2216): GC_CONCURRENT freed 2108K, 22% free 9587K/12204K, paused 2ms+3ms, total 26ms
03-29 04:50:39.770: D/dalvikvm(2216): WAIT_FOR_CONCURRENT_GC blocked 9ms
03-29 04:50:39.810: I/Icing(2216): Indexing com.google.android.googlequicksearchbox-applications__id from com.google.android.googlequicksearchbox
03-29 04:50:39.820: D/dalvikvm(1712): GC_CONCURRENT freed 1366K, 16% free 8860K/10440K, paused 1ms+2ms, total 33ms
03-29 04:50:39.860: I/Icing(2216): Indexing done com.google.android.googlequicksearchbox-applications__id
03-29 04:50:39.930: I/Icing(2216): Indexing com.google.android.gms-apps from com.google.android.gms
03-29 04:50:39.930: I/Icing(2216): Indexing done com.google.android.gms-apps
03-29 04:50:40.300: I/Remoter(1351): Saved screenshot to '/data/screenshots/__pmv__-0079.jpg'
03-29 04:50:40.490: I/MetadataService(1351): Processed 0 update/creates for instance/attributes/
03-29 04:50:40.490: I/MetadataService(1351): Processed 0 update/creates for project/attributes/
03-29 04:50:40.490: I/MetadataService(1351): Processed 0 update/creates for testing/attributes/
03-29 04:50:40.700: D/AndroidRuntime(3985): >>>>>> AndroidRuntime START com.android.internal.os.RuntimeInit <<<<<<
03-29 04:50:40.700: W/linker(3985): libdvm.so has text relocations. This is wasting memory and is a security risk. Please fix.
03-29 04:50:40.700: D/AndroidRuntime(3985): CheckJNI is OFF
03-29 04:50:40.710: D/dalvikvm(3985): Trying to load lib libjavacore.so 0x0
03-29 04:50:40.710: D/dalvikvm(3985): Added shared lib libjavacore.so 0x0
03-29 04:50:40.710: D/dalvikvm(3985): Trying to load lib libnativehelper.so 0x0
03-29 04:50:40.710: D/dalvikvm(3985): Added shared lib libnativehelper.so 0x0
03-29 04:50:40.710: D/dalvikvm(3985): No JNI_OnLoad found in libnativehelper.so 0x0, skipping init
03-29 04:50:40.710: D/dalvikvm(3985): Note: class Landroid/app/ActivityManagerNative; has 179 unimplemented (abstract) methods
03-29 04:50:40.720: I/ActivityManager(1712): Killing 3374:com.google.android.play.games.ui/u0a56 (adj 15): empty #17
03-29 04:50:40.750: E/memtrack(3985): Couldn't load memtrack module (No such file or directory)
03-29 04:50:40.750: E/android.os.Debug(3985): failed to load memtrack module: -2
03-29 04:50:40.760: D/AndroidRuntime(3985): Calling main entry com.android.commands.pm.Pm
03-29 04:50:40.770: W/ActivityManager(1712): No content provider found for permission revoke: file:///data/local/tmp/com.google.android.apps.mtaas.backdrop.apk
03-29 04:50:40.770: W/ActivityManager(1712): No content provider found for permission revoke: file:///data/local/tmp/com.google.android.apps.mtaas.backdrop.apk
03-29 04:50:40.770: I/PackageManager(1712): Copying native libraries to /data/app-lib/vmdl746154148
03-29 04:50:40.790: I/Icing(2216): Indexing com.google.android.gms-apps from com.google.android.gms
03-29 04:50:40.790: I/Icing(2216): Indexing done com.google.android.gms-apps
03-29 04:50:40.820: D/dalvikvm(1712): GC_FOR_ALLOC freed 326K, 14% free 9042K/10440K, paused 14ms, total 14ms
03-29 04:50:40.830: D/dalvikvm(1712): GC_FOR_ALLOC freed 71K, 14% free 9097K/10568K, paused 14ms, total 14ms
03-29 04:50:40.850: D/dalvikvm(1712): GC_FOR_ALLOC freed 186K, 15% free 9098K/10636K, paused 14ms, total 14ms
03-29 04:50:40.860: D/dalvikvm(1712): GC_FOR_ALLOC freed 62K, 14% free 9162K/10636K, paused 13ms, total 13ms
03-29 04:50:40.880: D/dalvikvm(1712): GC_FOR_ALLOC freed 180K, 15% free 9165K/10704K, paused 13ms, total 13ms
03-29 04:50:40.890: D/dalvikvm(1712): GC_FOR_ALLOC freed 62K, 14% free 9229K/10704K, paused 13ms, total 13ms
03-29 04:50:41.050: D/dalvikvm(1712): GC_CONCURRENT freed 1160K, 12% free 9618K/10840K, paused 2ms+2ms, total 20ms
03-29 04:50:41.050: D/dalvikvm(1712): WAIT_FOR_CONCURRENT_GC blocked 9ms
03-29 04:50:41.090: D/dalvikvm(1712): GC_CONCURRENT freed 1543K, 15% free 9649K/11324K, paused 1ms+2ms, total 19ms
03-29 04:50:41.090: D/dalvikvm(1712): WAIT_FOR_CONCURRENT_GC blocked 17ms
03-29 04:50:41.120: D/dalvikvm(1712): GC_CONCURRENT freed 1582K, 16% free 9640K/11372K, paused 1ms+2ms, total 18ms
03-29 04:50:41.120: D/dalvikvm(1712): WAIT_FOR_CONCURRENT_GC blocked 18ms
03-29 04:50:41.160: D/dalvikvm(1712): GC_CONCURRENT freed 1574K, 16% free 9660K/11372K, paused 0ms+1ms, total 19ms
03-29 04:50:41.160: D/dalvikvm(1712): WAIT_FOR_CONCURRENT_GC blocked 18ms
03-29 04:50:41.200: D/dalvikvm(1712): GC_CONCURRENT freed 1644K, 16% free 9673K/11384K, paused 1ms+2ms, total 18ms
03-29 04:50:41.200: D/dalvikvm(1712): WAIT_FOR_CONCURRENT_GC blocked 16ms
03-29 04:50:41.210: I/PackageManager(1712): Running dexopt on: com.google.android.apps.mtaas.backdrop
03-29 04:50:41.210: W/linker(3995): libdvm.so has text relocations. This is wasting memory and is a security risk. Please fix.
03-29 04:50:41.350: I/Remoter(1351): Saved screenshot to '/data/screenshots/__pmv__-0080.jpg'
03-29 04:50:41.370: D/dalvikvm(3995): DexOpt: couldn't find static field Landroid/view/View;.TRANSLATION_Z
03-29 04:50:41.390: D/dalvikvm(3995): DexOpt: load 33ms, verify+opt 69ms, 1972564 bytes
03-29 04:50:41.400: I/ActivityManager(1712): Force stopping com.google.android.apps.mtaas.backdrop appid=10069 user=-1: update pkg
03-29 04:50:41.440: I/InputReader(1712): Reconfiguring input devices.  changes=0x00000010
03-29 04:50:41.440: I/PackageManager(1712):   Action: "android.intent.action.SENDTO"
03-29 04:50:41.440: I/PackageManager(1712):   Category: "android.intent.category.DEFAULT"
03-29 04:50:41.440: I/PackageManager(1712):   Scheme: "sms"
03-29 04:50:41.440: W/ResourceType(1712): Failure getting entry for 0x7f060000 (t=5 e=0) in package 0 (error -75)
03-29 04:50:41.440: D/Launcher.Model(1887): shortcutWasRestored is false for com.google.android.apps.mtaas.backdrop/com.google.android.apps.mtaas.backdrop.BackdropActivity
03-29 04:50:41.440: D/Launcher.Workspace(1887): 11683562 - removeExtraEmptyScreen()
03-29 04:50:41.440: D/Launcher.Workspace(1887): 11683562 - convertFinalScreenToEmptyScreenIfNecessary()
03-29 04:50:41.440: I/PackageManager(1712): Adding preferred activity ComponentInfo{com.android.mms/com.android.mms.ui.ComposeMessageActivity} for user 0 :
03-29 04:50:41.460: D/dalvikvm(1873): GC_CONCURRENT freed 446K, 15% free 3624K/4228K, paused 1ms+0ms, total 7ms
03-29 04:50:41.460: D/dalvikvm(1873): WAIT_FOR_CONCURRENT_GC blocked 7ms
03-29 04:50:41.470: I/PackageManager(1712):   Action: "android.intent.action.SENDTO"
03-29 04:50:41.470: I/PackageManager(1712):   Category: "android.intent.category.DEFAULT"
03-29 04:50:41.470: I/PackageManager(1712):   Scheme: "smsto"
03-29 04:50:41.470: I/PackageManager(1712): Adding preferred activity ComponentInfo{com.android.mms/com.android.mms.ui.ComposeMessageActivity} for user 0 :
03-29 04:50:41.470: D/BackupManagerService(1712): Received broadcast Intent { act=android.intent.action.PACKAGE_ADDED dat=package:com.google.android.apps.mtaas.backdrop flg=0x4000010 (has extras) }
03-29 04:50:41.470: V/BackupManagerService(1712): addPackageParticipantsLocked: #1
03-29 04:50:41.480: I/PackageManager(1712):   Action: "android.intent.action.SENDTO"
03-29 04:50:41.480: I/PackageManager(1712):   Category: "android.intent.category.DEFAULT"
03-29 04:50:41.480: I/PackageManager(1712):   Scheme: "mms"
03-29 04:50:41.480: I/PackageManager(1712):   Action: "android.intent.action.SENDTO"
03-29 04:50:41.480: I/PackageManager(1712):   Category: "android.intent.category.DEFAULT"
03-29 04:50:41.480: I/PackageManager(1712):   Scheme: "mmsto"
03-29 04:50:41.480: I/PackageManager(1712): Adding preferred activity ComponentInfo{com.android.mms/com.android.mms.ui.ComposeMessageActivity} for user 0 :
03-29 04:50:41.480: I/PackageManager(1712): Adding preferred activity ComponentInfo{com.android.mms/com.android.mms.ui.ComposeMessageActivity} for user 0 :
03-29 04:50:41.490: I/Icing.InternalIcingCorporaProvider(2598): Updating corpora: A: com.google.android.apps.mtaas.backdrop, C: MAYBE
03-29 04:50:41.510: D/dalvikvm(1712): GC_EXPLICIT freed 1530K, 14% free 9800K/11384K, paused 1ms+6ms, total 84ms
03-29 04:50:41.510: D/AndroidRuntime(3985): Shutting down VM
03-29 04:50:41.510: D/dalvikvm(3985): GC_CONCURRENT freed 93K, 15% free 552K/648K, paused 0ms+0ms, total 1ms
03-29 04:50:41.510: I/PackageManager(1712):   Action: "android.intent.action.SENDTO"
03-29 04:50:41.510: I/PackageManager(1712):   Category: "android.intent.category.DEFAULT"
03-29 04:50:41.510: I/PackageManager(1712):   Scheme: "sms"
03-29 04:50:41.510: D/dalvikvm(2598): GC_CONCURRENT freed 492K, 13% free 3904K/4448K, paused 0ms+0ms, total 11ms
03-29 04:50:41.510: I/PackageManager(1712): Adding preferred activity ComponentInfo{com.android.mms/com.android.mms.ui.ComposeMessageActivity} for user 0 :
03-29 04:50:41.520: I/Icing(2216): IndexChimeraService.getServiceInterface callingPackage=com.google.android.googlequicksearchbox componentName=null serviceId=21
03-29 04:50:41.530: D/dalvikvm(1873): GC_CONCURRENT freed 410K, 14% free 3666K/4228K, paused 1ms+1ms, total 7ms
03-29 04:50:41.530: D/dalvikvm(1873): WAIT_FOR_CONCURRENT_GC blocked 5ms
03-29 04:50:41.530: I/PackageManager(1712):   Action: "android.intent.action.SENDTO"
03-29 04:50:41.530: I/PackageManager(1712):   Category: "android.intent.category.DEFAULT"
03-29 04:50:41.530: I/PackageManager(1712):   Scheme: "smsto"
03-29 04:50:41.530: I/PackageManager(1712): Adding preferred activity ComponentInfo{com.android.mms/com.android.mms.ui.ComposeMessageActivity} for user 0 :
03-29 04:50:41.540: I/PackageManager(1712):   Action: "android.intent.action.SENDTO"
03-29 04:50:41.540: I/PackageManager(1712):   Category: "android.intent.category.DEFAULT"
03-29 04:50:41.540: I/PackageManager(1712):   Scheme: "mms"
03-29 04:50:41.540: I/PackageManager(1712): Adding preferred activity ComponentInfo{com.android.mms/com.android.mms.ui.ComposeMessageActivity} for user 0 :
03-29 04:50:41.550: I/ChromeSync(2216): [Sync,SyncIntentOperation] Handling the intent: Intent { act=android.intent.action.PACKAGE_ADDED dat=package:com.google.android.apps.mtaas.backdrop flg=0x4000010 cmp=com.google.android.gms/.chimera.GmsIntentOperationService (has extras) }.
03-29 04:50:41.550: I/Auth(2216): [SupervisedAccountIntentOperation] onHandleIntent(): android.intent.action.PACKAGE_ADDED
03-29 04:50:41.550: I/Auth(2216): [SupervisedAccountIntentOperation] This operation is disabled
03-29 04:50:41.550: I/ChromeSync(2216): [Persistence,AffiliationManager] No affiliation data for android://N50vJU0zrJ8WOzDt6r3GDtfqrkROFOSiqHcmppwn3vxaRC4hFpNn4UsL7XlvjtlfcWuDAQhmck0qjQPwsrpMNg==@com.google.android.apps.mtaas.backdrop/. Marking affiliation data as stale...
03-29 04:50:41.550: I/FontsPackageChangeOp(2216): Package com.google.android.apps.mtaas.backdrop has no metadata
03-29 04:50:41.550: I/ChromeSync(2216): [Persistence,AffiliationManager] Fetching affiliations from the server.
03-29 04:50:41.560: I/PackageManager(1712):   Action: "android.intent.action.SENDTO"
03-29 04:50:41.560: I/PackageManager(1712):   Category: "android.intent.category.DEFAULT"
03-29 04:50:41.560: I/PackageManager(1712):   Scheme: "mmsto"
03-29 04:50:41.560: I/PackageManager(1712): Adding preferred activity ComponentInfo{com.android.mms/com.android.mms.ui.ComposeMessageActivity} for user 0 :
03-29 04:50:41.580: D/dalvikvm(1873): GC_FOR_ALLOC freed 383K, 14% free 3658K/4228K, paused 9ms, total 9ms
03-29 04:50:41.580: I/PeopleContactsSync(2216): triggerPendingContactsCleanup: no accounts
03-29 04:50:41.590: I/Icing.InternalIcingCorporaProvider(2598): UpdateCorporaTask done [took 95 ms] updated apps [took 95 ms] 
03-29 04:50:41.590: D/dalvikvm(1887): GC_CONCURRENT freed 1155K, 16% free 6846K/8132K, paused 2ms+1ms, total 6ms
03-29 04:50:41.600: D/dalvikvm(1887): WAIT_FOR_CONCURRENT_GC blocked 5ms
03-29 04:50:41.610: I/Icing(2216): Usage reports ok 0, Failed Usage reports 0, indexed 0, rejected 0, imm upload true
03-29 04:50:41.630: I/Icing(2216): IndexChimeraService.getServiceInterface callingPackage=com.google.android.gms componentName=AppsCorpus serviceId=36
03-29 04:50:41.630: I/Icing(2216): IndexChimeraService.getServiceInterface callingPackage=com.google.android.gms componentName=AppsCorpus serviceId=32
03-29 04:50:41.650: D/dalvikvm(2216): GC_CONCURRENT freed 2112K, 21% free 9686K/12204K, paused 5ms+12ms, total 34ms
03-29 04:50:41.660: I/Icing(2216): Usage reports ok 0, Failed Usage reports 0, indexed 0, rejected 0, imm upload false
03-29 04:50:41.670: I/Icing(2216): Usage reports ok 0, Failed Usage reports 0, indexed 0, rejected 0, imm upload false
03-29 04:50:42.220: D/AndroidRuntime(4020): >>>>>> AndroidRuntime START com.android.internal.os.RuntimeInit <<<<<<
03-29 04:50:42.220: W/linker(4020): libdvm.so has text relocations. This is wasting memory and is a security risk. Please fix.
03-29 04:50:42.230: D/AndroidRuntime(4020): CheckJNI is OFF
03-29 04:50:42.230: D/dalvikvm(4020): Trying to load lib libjavacore.so 0x0
03-29 04:50:42.230: D/dalvikvm(4020): Added shared lib libjavacore.so 0x0
03-29 04:50:42.230: D/dalvikvm(4020): Trying to load lib libnativehelper.so 0x0
03-29 04:50:42.230: D/dalvikvm(4020): Added shared lib libnativehelper.so 0x0
03-29 04:50:42.230: D/dalvikvm(4020): No JNI_OnLoad found in libnativehelper.so 0x0, skipping init
03-29 04:50:42.240: D/dalvikvm(4020): Note: class Landroid/app/ActivityManagerNative; has 179 unimplemented (abstract) methods
03-29 04:50:42.270: E/memtrack(4020): Couldn't load memtrack module (No such file or directory)
03-29 04:50:42.270: E/android.os.Debug(4020): failed to load memtrack module: -2
03-29 04:50:42.280: D/AndroidRuntime(4020): Calling main entry com.android.commands.pm.Pm
03-29 04:50:42.290: W/ActivityManager(1712): No content provider found for permission revoke: file:///data/local/tmp/com.google.android.apps.auth.test.support.apk
03-29 04:50:42.290: W/ActivityManager(1712): No content provider found for permission revoke: file:///data/local/tmp/com.google.android.apps.auth.test.support.apk
03-29 04:50:42.290: I/PackageManager(1712): Copying native libraries to /data/app-lib/vmdl-1957328981
03-29 04:50:42.290: I/PackageParser(1712): com.google.android.apps.auth.test.support: compat added android.permission.WRITE_EXTERNAL_STORAGE android.permission.READ_PHONE_STATE
03-29 04:50:42.320: D/dalvikvm(1712): GC_CONCURRENT freed 2286K, 21% free 9121K/11540K, paused 2ms+3ms, total 22ms
03-29 04:50:42.350: D/dalvikvm(1712): GC_FOR_ALLOC freed 1007K, 22% free 9074K/11540K, paused 14ms, total 14ms
03-29 04:50:42.370: I/PackageManager(1712): Running dexopt on: com.google.android.apps.auth.test.support
03-29 04:50:42.380: W/linker(4030): libdvm.so has text relocations. This is wasting memory and is a security risk. Please fix.
03-29 04:50:42.390: I/Remoter(1351): Saved screenshot to '/data/screenshots/__pmv__-0081.jpg'
03-29 04:50:42.400: D/dalvikvm(4030): DexOpt: 'Ljunit/framework/Assert;' has an earlier definition; blocking out
03-29 04:50:42.400: D/dalvikvm(4030): DexOpt: 'Ljunit/framework/AssertionFailedError;' has an earlier definition; blocking out
03-29 04:50:42.400: D/dalvikvm(4030): DexOpt: 'Ljunit/framework/ComparisonCompactor;' has an earlier definition; blocking out
