03-29 04:51:00.470: D/dalvikvm(4800): VFY: replacing opcode 0x6e at 0x0254
03-29 04:51:00.470: I/dalvikvm(4800): Could not find method android.app.Notification$Builder.setBadgeIconType, referenced from method android.support.v4.app.NotificationCompatBuilder.<init>
03-29 04:51:00.470: W/dalvikvm(4800): VFY: unable to resolve virtual method 197: Landroid/app/Notification$Builder;.setBadgeIconType (I)Landroid/app/Notification$Builder;
03-29 04:51:00.470: D/dalvikvm(4800): VFY: replacing opcode 0x6e at 0x0280
03-29 04:51:00.470: E/dalvikvm(4800): Could not find class 'android.app.Notification$Action$Builder', referenced from method android.support.v4.app.NotificationCompatBuilder.addAction
03-29 04:51:00.470: W/dalvikvm(4800): VFY: unable to resolve new-instance 39 (Landroid/app/Notification$Action$Builder;) in Landroid/support/v4/app/NotificationCompatBuilder;
03-29 04:51:00.470: D/dalvikvm(4800): VFY: replacing opcode 0x22 at 0x0006
03-29 04:51:00.470: D/dalvikvm(4800): DexOpt: couldn't find field Landroid/app/Notification;.headsUpContentView
03-29 04:51:00.470: W/dalvikvm(4800): VFY: unable to resolve instance field 8
03-29 04:51:00.470: D/dalvikvm(4800): VFY: replacing opcode 0x5b at 0x0048
03-29 04:51:00.470: I/dalvikvm(4800): Could not find method android.app.Notification.getGroup, referenced from method android.support.v4.app.NotificationCompatBuilder.buildInternal
03-29 04:51:00.470: W/dalvikvm(4800): VFY: unable to resolve virtual method 245: Landroid/app/Notification;.getGroup ()Ljava/lang/String;
03-29 04:51:00.470: D/dalvikvm(4800): VFY: replacing opcode 0x6e at 0x001f
03-29 04:51:00.470: D/dalvikvm(4800): DexOpt: couldn't find field Landroid/app/Notification;.headsUpContentView
03-29 04:51:00.470: W/dalvikvm(4800): VFY: unable to resolve instance field 8
03-29 04:51:00.470: D/dalvikvm(4800): VFY: replacing opcode 0x5b at 0x0069
03-29 04:51:00.470: I/dalvikvm(4800): Could not find method android.app.Notification.getGroup, referenced from method android.support.v4.app.NotificationCompatBuilder.buildInternal
03-29 04:51:00.470: W/dalvikvm(4800): VFY: unable to resolve virtual method 245: Landroid/app/Notification;.getGroup ()Ljava/lang/String;
03-29 04:51:00.470: D/dalvikvm(4800): VFY: replacing opcode 0x6e at 0x006f
03-29 04:51:00.470: I/dalvikvm(4800): Could not find method android.app.Notification.getGroup, referenced from method android.support.v4.app.NotificationCompatBuilder.buildInternal
03-29 04:51:00.470: W/dalvikvm(4800): VFY: unable to resolve virtual method 245: Landroid/app/Notification;.getGroup ()Ljava/lang/String;
03-29 04:51:00.470: D/dalvikvm(4800): VFY: replacing opcode 0x6e at 0x00b9
03-29 04:51:00.470: D/dalvikvm(4800): DexOpt: unable to opt direct call 0x00b8 at 0x14 in Landroid/support/v4/app/NotificationCompatBuilder;.addAction
03-29 04:51:00.520: I/dalvikvm(1940): Could not find method android.accounts.AccountManager.removeAccount, referenced from method glk.a
03-29 04:51:00.520: W/dalvikvm(1940): VFY: unable to resolve virtual method 2542: Landroid/accounts/AccountManager;.removeAccount (Landroid/accounts/Account;Landroid/app/Activity;Landroid/accounts/AccountManagerCallback;Landroid/os/Handler;)Landroid/accounts/AccountManagerFuture;
03-29 04:51:00.520: D/dalvikvm(1940): VFY: replacing opcode 0x6e at 0x0024
03-29 04:51:00.520: W/ChimeraUtils(1940): Non Chimera context
03-29 04:51:00.520: D/dalvikvm(4885): GC_CONCURRENT freed 220K, 8% free 3198K/3472K, paused 0ms+1ms, total 4ms
03-29 04:51:00.520: D/Finsky(4885): [1] FinskyApp.onCreate: Initializing network with DFE https://android.clients.google.com/fdfe/
03-29 04:51:00.540: D/OpenGLRenderer(4800): Enabling debug mode 0
03-29 04:51:00.540: D/Finsky(4885): [1] DailyHygiene.goMakeHygieneIfDirty: Dirty, need more hygiene.
03-29 04:51:00.540: I/ActivityManager(1712): Start proc com.google.android.exchange for content provider com.google.android.exchange/com.android.exchange.provider.ExchangeDirectoryProvider: pid=4916 uid=10034 gids={50034, 3003, 1028, 1015}
03-29 04:51:00.560: I/FTLNetworkMonitor(4800): Network Info: NetworkInfo: type: mobile[UMTS], state: CONNECTED/CONNECTED, reason: connected, extra: epc.tmobile.com, roaming: false, failover: false, isAvailable: true, isConnectedToProvisioningNetwork: false
03-29 04:51:00.560: I/FTLNetworkMonitor(4800): Network Info: NetworkInfo: type: mobile[UMTS], state: CONNECTED/CONNECTED, reason: connected, extra: epc.tmobile.com, roaming: false, failover: false, isAvailable: true, isConnectedToProvisioningNetwork: false
03-29 04:51:00.560: I/dalvikvm(4800): Could not find method android.view.ViewConfiguration.getScaledHorizontalScrollFactor, referenced from method android.support.v4.view.ViewConfigurationCompat.getScaledHorizontalScrollFactor
03-29 04:51:00.560: W/dalvikvm(4800): VFY: unable to resolve virtual method 11840: Landroid/view/ViewConfiguration;.getScaledHorizontalScrollFactor ()F
03-29 04:51:00.560: D/dalvikvm(4800): VFY: replacing opcode 0x6e at 0x0006
03-29 04:51:00.560: I/dalvikvm(4800): Could not find method android.view.ViewConfiguration.getScaledHoverSlop, referenced from method android.support.v4.view.ViewConfigurationCompat.getScaledHoverSlop
03-29 04:51:00.560: W/dalvikvm(4800): VFY: unable to resolve virtual method 11841: Landroid/view/ViewConfiguration;.getScaledHoverSlop ()I
03-29 04:51:00.560: D/dalvikvm(4800): VFY: replacing opcode 0x6e at 0x0006
03-29 04:51:00.560: I/dalvikvm(4800): Could not find method android.view.ViewConfiguration.getScaledVerticalScrollFactor, referenced from method android.support.v4.view.ViewConfigurationCompat.getScaledVerticalScrollFactor
03-29 04:51:00.560: W/dalvikvm(4800): VFY: unable to resolve virtual method 11846: Landroid/view/ViewConfiguration;.getScaledVerticalScrollFactor ()F
03-29 04:51:00.560: D/dalvikvm(4800): VFY: replacing opcode 0x6e at 0x0006
03-29 04:51:00.560: I/dalvikvm(4800): Could not find method android.view.ViewConfiguration.shouldShowMenuShortcutsWhenKeyboardPresent, referenced from method android.support.v4.view.ViewConfigurationCompat.shouldShowMenuShortcutsWhenKeyboardPresent
03-29 04:51:00.560: W/dalvikvm(4800): VFY: unable to resolve virtual method 11848: Landroid/view/ViewConfiguration;.shouldShowMenuShortcutsWhenKeyboardPresent ()Z
03-29 04:51:00.560: D/dalvikvm(4800): VFY: replacing opcode 0x6e at 0x0006
03-29 04:51:00.560: I/dalvikvm(1940): Could not find method android.accounts.AccountManager.renameAccount, referenced from method gnv.b
03-29 04:51:00.560: W/dalvikvm(1940): VFY: unable to resolve virtual method 2544: Landroid/accounts/AccountManager;.renameAccount (Landroid/accounts/Account;Ljava/lang/String;Landroid/accounts/AccountManagerCallback;Landroid/os/Handler;)Landroid/accounts/AccountManagerFuture;
03-29 04:51:00.560: D/dalvikvm(1940): VFY: replacing opcode 0x6e at 0x0046
03-29 04:51:00.570: I/dalvikvm(4800): Could not find method android.view.View.setTooltipText, referenced from method android.support.v7.widget.TooltipCompat.setTooltipText
03-29 04:51:00.570: W/dalvikvm(4800): VFY: unable to resolve virtual method 12466: Landroid/view/View;.setTooltipText (Ljava/lang/CharSequence;)V
03-29 04:51:00.570: D/dalvikvm(4800): VFY: replacing opcode 0x6e at 0x0006
03-29 04:51:00.570: W/dalvikvm(4800): method Landroid/support/v7/widget/DropDownListView;.lookForSelectablePosition incorrectly overrides package-private method with same name in Landroid/widget/ListView;
03-29 04:51:00.570: W/Settings(4885): Setting download_manager_max_bytes_over_mobile has moved from android.provider.Settings.Secure to android.provider.Settings.Global.
03-29 04:51:00.590: I/ActivityManager(1712): Start proc com.google.android.email for content provider com.google.android.email/com.android.email.provider.EmailProvider: pid=4943 uid=10033 gids={50033, 3003, 1028, 1015}
03-29 04:51:00.590: I/ActivityManager(1712): Killing 3044:com.android.chrome/u0a29 (adj 15): empty #17
03-29 04:51:00.600: W/Settings(4885): Setting download_manager_recommended_max_bytes_over_mobile has moved from android.provider.Settings.Secure to android.provider.Settings.Global.
03-29 04:51:00.610: D/dalvikvm(1339): GC_EXPLICIT freed 40K, 4% free 3012K/3108K, paused 1ms+0ms, total 27ms
03-29 04:51:00.620: D/dalvikvm(4885): GC_CONCURRENT freed 242K, 9% free 3344K/3644K, paused 3ms+1ms, total 6ms
03-29 04:51:00.630: D/dalvikvm(1339): GC_EXPLICIT freed <1K, 4% free 3012K/3108K, paused 0ms+0ms, total 23ms
03-29 04:51:00.650: I/ContactDirectoryManager(1995): deleted 0 stale rows which don't have any relevant directory
03-29 04:51:00.650: D/Volley(4885): [174] DiskBasedCache.clear: Cache cleared.
03-29 04:51:00.650: D/Volley(4885): [178] DiskBasedCache.clear: Cache cleared.
03-29 04:51:00.650: D/ActivityThread(4943): Loading provider com.google.android.email.provider;com.google.android.email.notifier: com.android.email.provider.EmailProvider
03-29 04:51:00.670: D/dalvikvm(1339): GC_EXPLICIT freed <1K, 4% free 3012K/3108K, paused 0ms+1ms, total 26ms
03-29 04:51:00.670: D/Finsky(4885): [1] 2.run: Loaded library for account: [6v9qxX6E7BlAmTS8cYnLy2jTgiE]
03-29 04:51:00.670: D/Finsky(4885): [1] 2.run: Finished loading 1 libraries.
03-29 04:51:00.670: I/Auth(1940): [ReflectiveChannelBinder] Successfully bound channel!
03-29 04:51:00.670: D/Finsky(4885): [1] UpdateWidgetsReceiver.onReceive: Updated 0 MarketWidgetProvider widgets (android.accounts.LOGIN_ACCOUNTS_CHANGED)
03-29 04:51:00.670: D/Finsky(4885): [1] UpdateWidgetsReceiver.onReceive: Updated 0 RecommendedWidgetProvider widgets (android.accounts.LOGIN_ACCOUNTS_CHANGED)
03-29 04:51:00.670: D/Finsky(4885): [1] UpdateWidgetsReceiver.onReceive: Updated 0 NowPlayingWidgetProvider widgets (android.accounts.LOGIN_ACCOUNTS_CHANGED)
03-29 04:51:00.670: D/Finsky(4885): [1] GmsCoreHelper.cleanupNlp: result=false type=4
03-29 04:51:00.670: D/ActivityThread(4943): Loading provider com.google.android.email.provider;com.google.android.email.notifier: com.android.email.provider.EmailProvider
03-29 04:51:00.680: D/dalvikvm(1940): GC_CONCURRENT freed 626K, 34% free 5333K/7972K, paused 2ms+1ms, total 12ms
03-29 04:51:00.690: D/dalvikvm(2598): GC_CONCURRENT freed 377K, 15% free 3843K/4472K, paused 2ms+1ms, total 6ms
03-29 04:51:00.690: D/Finsky(4885): [1] RestoreTracker.stopServiceIfDone: Restore complete with 0 success and 0 failed.
03-29 04:51:00.690: W/Conscrypt(1940): Could not set socket write timeout: java.net.SocketException: Socket closed
03-29 04:51:00.690: W/Conscrypt(1940): 	at com.google.android.gms.org.conscrypt.Platform.setSocketWriteTimeout(:com.google.android.gms@14367005@14.3.67 (000700-216465562):2)
03-29 04:51:00.690: W/Conscrypt(1940): 	at com.google.android.gms.org.conscrypt.ConscryptFileDescriptorSocket.setSoWriteTimeout(:com.google.android.gms@14367005@14.3.67 (000700-216465562):2)
03-29 04:51:00.690: W/Conscrypt(1940): Could not set socket write timeout: java.net.SocketException: Socket closed
03-29 04:51:00.690: W/Conscrypt(1940): 	at com.google.android.gms.org.conscrypt.Platform.setSocketWriteTimeout(:com.google.android.gms@14367005@14.3.67 (000700-216465562):2)
03-29 04:51:00.690: W/Conscrypt(1940): 	at com.google.android.gms.org.conscrypt.ConscryptFileDescriptorSocket.setSoWriteTimeout(:com.google.android.gms@14367005@14.3.67 (000700-216465562):2)
03-29 04:51:00.710: I/ContactDirectoryManager(1995): Discovered 1 contact directories in 604ms
03-29 04:51:00.720: I/ActivityManager(1712): Delay finish: com.google.android.calendar/com.google.android.syncadapters.calendar.CalendarSyncAdapterBroadcastReceiver
03-29 04:51:00.750: D/dalvikvm(4943): GC_CONCURRENT freed 261K, 9% free 3178K/3492K, paused 1ms+1ms, total 8ms
03-29 04:51:00.750: D/dalvikvm(4621): GC_CONCURRENT freed 296K, 11% free 3103K/3452K, paused 4ms+26ms, total 33ms
03-29 04:51:00.750: I/ActivityManager(1712): Resuming delayed broadcast
03-29 04:51:00.770: I/ActivityManager(1712): Start proc com.android.chrome for broadcast com.android.chrome/com.google.android.apps.chrome.services.AccountsChangedReceiver: pid=4977 uid=10029 gids={50029, 3003, 1028, 1015}
03-29 04:51:00.780: I/FontsSharedState(2216): Updating from directory version 0 to 14 from disk
03-29 04:51:00.780: I/FontsContentProvider(2216): Received query Google Sans, URI content://com.google.android.gms.fonts
03-29 04:51:00.800: W/AbstractGoogleClient(4621): Application name is not set. Call Builder#setApplicationName.
03-29 04:51:00.820: I/FontsContentProvider(2216): Query [Google Sans] resolved to {Google Sans, wdth 100.0, wght 400, ital 0.0, bestEffort false}
03-29 04:51:00.820: W/ActivityManager(1712): Unable to start service Intent { cmp=com.google.android.email/com.android.email.service.AttachmentDownloadService } U=0: not found
03-29 04:51:00.820: I/ActivityManager(1712): Killing 3535:com.android.mms/u0a14 (adj 15): empty #17
03-29 04:51:00.830: D/CountryDetector(1712): No listener is left
03-29 04:51:00.840: I/Exchange(4916): Accounts changed - requesting FolderSync for unsynced accounts
03-29 04:51:00.860: I/ActivityManager(1712): Start proc com.google.android.videos for broadcast com.google.android.videos/.accounts.AccountsChangedService$AccountsChangedReceiver: pid=5000 uid=10061 gids={50061, 3003, 1028, 1015, 3002}
03-29 04:51:00.860: W/ActivityManager(1712): Unable to start service Intent { cmp=com.google.android.email/com.android.email.service.AttachmentDownloadService } U=0: not found
03-29 04:51:00.860: I/FontsContentProvider(2216): Fetch {Google Sans, wdth 100.0, wght 400, ital 0.0, bestEffort false} end status Status{statusCode=SUCCESS, resolution=null}
03-29 04:51:00.860: W/ActivityManager(1712): Unable to start service Intent { cmp=com.google.android.email/com.android.email.service.AttachmentDownloadService } U=0: not found
03-29 04:51:00.870: I/FontsContentProvider(2216): Pulling font file for id = 1, cache size = 1
03-29 04:51:00.870: I/Email(4943): System accounts updated.
03-29 04:51:00.880: D/dalvikvm(2598): GC_CONCURRENT freed 397K, 14% free 3856K/4472K, paused 16ms+1ms, total 20ms
03-29 04:51:00.890: I/ActivityManager(1712): Killing 3518:com.android.musicfx/u0a15 (adj 15): empty #17
03-29 04:51:00.920: I/Email(4943): Observing account changes for notifications
03-29 04:51:00.950: D/dalvikvm(5000): GC_CONCURRENT freed 204K, 8% free 3229K/3492K, paused 1ms+0ms, total 4ms
03-29 04:51:00.970: D/PlayMovies(5000): PersistentCache.cleanup:126 Cache is below limit, no need to shrink: [size=0, limit=5242880]
03-29 04:51:00.980: D/dalvikvm(5000): GC_FOR_ALLOC freed 420K, 13% free 3321K/3792K, paused 3ms, total 3ms
03-29 04:51:00.990: D/dalvikvm(5000): GC_CONCURRENT freed 452K, 15% free 3321K/3880K, paused 1ms+1ms, total 4ms
03-29 04:51:01.000: D/dalvikvm(5000): GC_FOR_ALLOC freed 495K, 15% free 3324K/3884K, paused 3ms, total 3ms
03-29 04:51:01.000: I/CalendarProvider2(2365): Sending notification intent: Intent { act=android.intent.action.PROVIDER_CHANGED dat=content://com.android.calendar }
03-29 04:51:01.000: W/ContentResolver(2365): Failed to get type for: content://com.android.calendar (Unknown URL content://com.android.calendar)
03-29 04:51:01.010: D/dalvikvm(5000): GC_CONCURRENT freed 400K, 15% free 3324K/3884K, paused 2ms+0ms, total 5ms
03-29 04:51:01.010: I/ActivityManager(1712): Killing 2727:com.android.voicedialer/u0a21 (adj 15): empty #17
03-29 04:51:01.020: D/dalvikvm(5000): GC_FOR_ALLOC freed 479K, 15% free 3314K/3888K, paused 4ms, total 4ms
03-29 04:51:01.030: I/CalendarProvider2(2365): Sending notification intent: Intent { act=android.intent.action.PROVIDER_CHANGED dat=content://com.android.calendar }
03-29 04:51:01.030: W/ContentResolver(2365): Failed to get type for: content://com.android.calendar (Unknown URL content://com.android.calendar)
03-29 04:51:01.030: D/dalvikvm(5000): GC_FOR_ALLOC freed 498K, 15% free 3314K/3888K, paused 3ms, total 3ms
03-29 04:51:01.030: D/dalvikvm(5000): GC_CONCURRENT freed 38K, 15% free 3314K/3888K, paused 0ms+0ms, total 3ms
03-29 04:51:01.040: D/dalvikvm(5000): GC_FOR_ALLOC freed 500K, 15% free 3317K/3888K, paused 3ms, total 3ms
03-29 04:51:01.050: D/dalvikvm(5000): GC_CONCURRENT freed 442K, 15% free 3316K/3888K, paused 1ms+1ms, total 4ms
03-29 04:51:01.060: D/dalvikvm(5000): GC_FOR_ALLOC freed 466K, 15% free 3316K/3888K, paused 4ms, total 4ms
03-29 04:51:01.060: D/dalvikvm(5000): GC_FOR_ALLOC freed 497K, 15% free 3316K/3888K, paused 3ms, total 3ms
03-29 04:51:01.070: D/dalvikvm(5000): GC_FOR_ALLOC freed 497K, 15% free 3316K/3888K, paused 3ms, total 3ms
03-29 04:51:01.080: D/dalvikvm(5000): GC_CONCURRENT freed 337K, 15% free 3318K/3888K, paused 2ms+1ms, total 5ms
03-29 04:51:01.100: I/MediaRouter(5000): Found default route: MediaRouter.RouteInfo{ uniqueId=android/.support.v7.media.SystemMediaRouteProvider:DEFAULT_ROUTE, name=Phone, description=null, enabled=true, connecting=false, playbackType=0, playbackStream=3, volumeHandling=1, volume=11, volumeMax=15, presentationDisplayId=-1, extras=null, providerPackageName=android }
03-29 04:51:01.100: D/PlayMovies(5000): MediaRouteManager.onRouteSelected:125 routeInfo: MediaRouter.RouteInfo{ uniqueId=android/.support.v7.media.SystemMediaRouteProvider:DEFAULT_ROUTE, name=Phone, description=null, enabled=true, connecting=false, playbackType=0, playbackStream=3, volumeHandling=1, volume=11, volumeMax=15, presentationDisplayId=-1, extras=null, providerPackageName=android }
03-29 04:51:01.120: D/PlayMovies(5000): TransferService.onCreate:52 creating transfer service
03-29 04:51:01.120: I/ActivityManager(1712): Delay finish: com.google.android.gm/.AccountsChangedReceiver
03-29 04:51:01.140: D/dalvikvm(5000): GC_CONCURRENT freed 250K, 12% free 3456K/3888K, paused 1ms+0ms, total 8ms
03-29 04:51:01.180: D/dalvikvm(1712): GC_CONCURRENT freed 1917K, 22% free 9799K/12516K, paused 1ms+3ms, total 52ms
03-29 04:51:01.180: D/dalvikvm(1712): WAIT_FOR_CONCURRENT_GC blocked 36ms
03-29 04:51:01.190: D/PlayMovies(5000): MediaRouteManager.onRouteSelected:125 routeInfo: MediaRouter.RouteInfo{ uniqueId=android/.support.v7.media.SystemMediaRouteProvider:DEFAULT_ROUTE, name=Phone, description=null, enabled=true, connecting=false, playbackType=0, playbackStream=3, volumeHandling=1, volume=11, volumeMax=15, presentationDisplayId=-1, extras=null, providerPackageName=android }
03-29 04:51:01.200: I/ActivityManager(1712): Resuming delayed broadcast
03-29 04:51:01.210: I/Icing(2216): IndexChimeraService.getServiceInterface callingPackage=com.google.android.videos componentName=null serviceId=21
03-29 04:51:01.210: D/dalvikvm(5000): GC_CONCURRENT freed 395K, 12% free 3462K/3912K, paused 2ms+0ms, total 6ms
03-29 04:51:01.210: I/ActivityManager(1712): Delay finish: com.google.android.gm/com.android.email.service.EmailBroadcastReceiver
03-29 04:51:01.220: D/dalvikvm(4648): GC_CONCURRENT freed 332K, 10% free 3883K/4312K, paused 1ms+0ms, total 7ms
03-29 04:51:01.220: I/ActivityManager(1712): Resuming delayed broadcast
03-29 04:51:01.240: D/dalvikvm(5000): GC_CONCURRENT freed 474K, 14% free 3457K/3992K, paused 1ms+1ms, total 4ms
03-29 04:51:01.260: D/dalvikvm(5000): GC_CONCURRENT freed 492K, 14% free 3459K/4008K, paused 1ms+1ms, total 4ms
03-29 04:51:01.270: I/dalvikvm(2216): Could not find method android.content.res.Configuration.getLocales, referenced from method grm.a
03-29 04:51:01.270: W/dalvikvm(2216): VFY: unable to resolve virtual method 3332: Landroid/content/res/Configuration;.getLocales ()Landroid/os/LocaleList;
03-29 04:51:01.270: D/dalvikvm(2216): VFY: replacing opcode 0x6e at 0x000e
03-29 04:51:01.270: I/dalvikvm(2216): Could not find method java.util.Locale.toLanguageTag, referenced from method grm.a
03-29 04:51:01.270: W/dalvikvm(2216): VFY: unable to resolve virtual method 39258: Ljava/util/Locale;.toLanguageTag ()Ljava/lang/String;
03-29 04:51:01.270: D/dalvikvm(2216): VFY: replacing opcode 0x6e at 0x001d
03-29 04:51:01.280: W/ChimeraUtils(1940): Non Chimera context
03-29 04:51:01.280: W/ChimeraUtils(1940): Non Chimera context
03-29 04:51:01.280: I/afeh(1857): Scheduling Phenotype for a PhenotypeSyncImmediately(5, null) one off with window [1, 2] in seconds [CONTEXT service_id=51 ]
03-29 04:51:01.300: I/Auth(1940): [BroadcastManager] Broadcasting account change.
03-29 04:51:01.300: W/WakefulBroadcastReceiv.(1940): No active wake lock id #1
03-29 04:51:01.310: D/dalvikvm(5000): GC_CONCURRENT freed 386K, 14% free 3459K/4008K, paused 0ms+0ms, total 4ms
03-29 04:51:01.320: I/Auth(1940): [GoogleAccountHistoryStore] creating database.
03-29 04:51:01.320: D/dalvikvm(2216): GC_CONCURRENT freed 1636K, 26% free 10857K/14588K, paused 2ms+3ms, total 63ms
03-29 04:51:01.320: D/dalvikvm(2216): WAIT_FOR_CONCURRENT_GC blocked 25ms
03-29 04:51:01.320: D/dalvikvm(2216): WAIT_FOR_CONCURRENT_GC blocked 31ms
03-29 04:51:01.320: D/dalvikvm(2216): WAIT_FOR_CONCURRENT_GC blocked 31ms
03-29 04:51:01.320: D/dalvikvm(2216): WAIT_FOR_CONCURRENT_GC blocked 18ms
03-29 04:51:01.320: D/dalvikvm(2216): WAIT_FOR_CONCURRENT_GC blocked 11ms
03-29 04:51:01.330: D/dalvikvm(2216): WAIT_FOR_CONCURRENT_GC blocked 12ms
03-29 04:51:01.330: D/dalvikvm(2216): WAIT_FOR_CONCURRENT_GC blocked 12ms
03-29 04:51:01.330: D/dalvikvm(2216): WAIT_FOR_CONCURRENT_GC blocked 12ms
03-29 04:51:01.330: D/dalvikvm(2216): WAIT_FOR_CONCURRENT_GC blocked 12ms
03-29 04:51:01.330: I/PmtsSwAccountIntentOp(2216): Processing intent action=android.accounts.LOGIN_ACCOUNTS_CHANGED
03-29 04:51:01.330: I/PmtsSwAccountIntentOp(2216): Device isn't of sufficient API level
03-29 04:51:01.340: I/GamesDatabaseHelper(2216): Bootstrapping database version: 2300
03-29 04:51:01.370: I/ActivityManager(1712): Killing 4400:com.google.android.gmscore.testing.testsupport/u0a79 (adj 15): empty #17
03-29 04:51:01.430: I/Icing(2216): Usage reports ok 0, Failed Usage reports 0, indexed 0, rejected 0, imm upload false
03-29 04:51:01.470: I/Remoter(1351): Saved screenshot to '/data/screenshots/__pmv__-0099.jpg'
03-29 04:51:01.490: I/ActivityManager(1712): Displayed com.google.android.apps.mtaas.backdrop/.BackdropActivity: +2s452ms
03-29 04:51:01.570: I/Icing(2216): Indexing com.google.android.videos-movies_video_id from com.google.android.videos
03-29 04:51:01.580: D/dalvikvm(1712): GC_CONCURRENT freed 1732K, 22% free 9769K/12516K, paused 11ms+2ms, total 43ms
03-29 04:51:01.580: D/dalvikvm(1712): WAIT_FOR_CONCURRENT_GC blocked 40ms
03-29 04:51:01.580: D/dalvikvm(1712): WAIT_FOR_CONCURRENT_GC blocked 22ms
03-29 04:51:01.580: D/dalvikvm(1712): WAIT_FOR_CONCURRENT_GC blocked 22ms
03-29 04:51:01.580: D/dalvikvm(1712): WAIT_FOR_CONCURRENT_GC blocked 14ms
03-29 04:51:01.580: D/dalvikvm(1712): WAIT_FOR_CONCURRENT_GC blocked 16ms
03-29 04:51:01.590: D/Volley(4885): [174] DiskBasedCache.clear: Cache cleared.
03-29 04:51:01.590: D/Volley(4885): [178] DiskBasedCache.clear: Cache cleared.
03-29 04:51:01.610: D/Finsky(4885): [1] UpdateWidgetsReceiver.onReceive: Updated 0 MarketWidgetProvider widgets (android.accounts.LOGIN_ACCOUNTS_CHANGED)
03-29 04:51:01.610: D/Finsky(4885): [1] UpdateWidgetsReceiver.onReceive: Updated 0 RecommendedWidgetProvider widgets (android.accounts.LOGIN_ACCOUNTS_CHANGED)
03-29 04:51:01.610: D/Finsky(4885): [1] UpdateWidgetsReceiver.onReceive: Updated 0 NowPlayingWidgetProvider widgets (android.accounts.LOGIN_ACCOUNTS_CHANGED)
03-29 04:51:01.610: I/ActivityManager(1712): Delay finish: com.google.android.email/com.android.email.service.EmailBroadcastReceiver
03-29 04:51:01.620: I/Email(4943): System accounts updated.
03-29 04:51:01.620: D/dalvikvm(2216): DexOpt: couldn't find field Landroid/os/Message;.sendingUid
03-29 04:51:01.620: W/dalvikvm(2216): VFY: unable to resolve instance field 1752
03-29 04:51:01.620: D/dalvikvm(2216): VFY: replacing opcode 0x52 at 0x0002
03-29 04:51:01.630: I/Exchange(4916): Accounts changed - requesting FolderSync for unsynced accounts
03-29 04:51:01.630: I/ActivityManager(1712): Delaying start of: ServiceRecord{95615588 u0 com.google.android.exchange/com.android.exchange.service.EmailSyncAdapterService}
03-29 04:51:01.630: I/ActivityManager(1712): Resuming delayed broadcast
03-29 04:51:01.650: I/Icing(2216): Indexing done com.google.android.videos-movies_video_id
03-29 04:51:01.670: I/ActivityManager(1712): Delay finish: com.google.android.gm/.AccountsChangedReceiver
03-29 04:51:01.670: I/ActivityManager(1712): Resuming delayed broadcast
03-29 04:51:01.670: I/ActivityManager(1712): Delay finish: com.google.android.gm/com.android.email.service.EmailBroadcastReceiver
03-29 04:51:01.680: D/dalvikvm(5000): GC_FOR_ALLOC freed 510K, 15% free 3459K/4024K, paused 18ms, total 18ms
03-29 04:51:01.690: D/dalvikvm(5000): GC_CONCURRENT freed 197K, 15% free 3459K/4024K, paused 0ms+1ms, total 4ms
03-29 04:51:01.700: I/ActivityManager(1712): Resuming delayed broadcast
03-29 04:51:01.720: W/ChimeraUtils(1940): Non Chimera context
03-29 04:51:01.750: W/WakefulBroadcastReceiv.(1940): No active wake lock id #2
03-29 04:51:01.760: I/afeh(1857): Scheduling Phenotype for a PhenotypeSyncImmediately(5, null) one off with window [1, 2] in seconds [CONTEXT service_id=51 ]
03-29 04:51:01.770: D/dalvikvm(5000): GC_CONCURRENT freed 420K, 14% free 3462K/4024K, paused 3ms+0ms, total 7ms
03-29 04:51:01.790: I/PmtsSwAccountIntentOp(2216): Processing intent action=android.accounts.LOGIN_ACCOUNTS_CHANGED
03-29 04:51:01.790: I/PmtsSwAccountIntentOp(2216): Device isn't of sufficient API level
03-29 04:51:01.790: I/dalvikvm(2216): Could not find method android.os.PowerManager.isInteractive, referenced from method fwr.a
03-29 04:51:01.800: W/dalvikvm(2216): VFY: unable to resolve virtual method 4438: Landroid/os/PowerManager;.isInteractive ()Z
03-29 04:51:01.800: D/dalvikvm(2216): VFY: replacing opcode 0x6e at 0x0006
03-29 04:51:01.810: I/Icing(2216): Indexing com.google.android.videos-shows_show_id from com.google.android.videos
03-29 04:51:01.810: I/ActivityManager(1712): Start proc com.google.android.play.games.ui for content provider com.google.android.gms/.games.provider.NotificationStubContentProvider: pid=5126 uid=10008 gids={50008, 3003, 1007, 1028, 1015, 3002, 3001, 3007, 2001, 3006}
03-29 04:51:01.810: I/ActivityManager(1712): Killing 4419:com.google.android.configupdater/u0a2 (adj 15): empty #17
03-29 04:51:01.820: I/Auth(2216): [SupervisedAccountIntentOperation] onHandleIntent(): com.google.android.gms.auth.ACCOUNT_SERVICES_CHANGED
03-29 04:51:01.820: W/dalvikvm(5126): VFY: unable to resolve static field 2147 (PR_SET_DUMPABLE) in Landroid/system/OsConstants;
03-29 04:51:01.820: D/dalvikvm(5126): VFY: replacing opcode 0x60 at 0x001d
03-29 04:51:01.830: I/dalvikvm(5126): Could not find method android.os.StrictMode$VmPolicy$Builder.detectContentUriWithoutPermission, referenced from method com.google.android.gms.common.app.GmsApplication.onCreate
03-29 04:51:01.830: W/dalvikvm(5126): VFY: unable to resolve virtual method 5219: Landroid/os/StrictMode$VmPolicy$Builder;.detectContentUriWithoutPermission ()Landroid/os/StrictMode$VmPolicy$Builder;
03-29 04:51:01.830: D/dalvikvm(5126): VFY: replacing opcode 0x6e at 0x0245
03-29 04:51:01.830: I/dalvikvm(5126): Could not find method android.content.Context.getSystemService, referenced from method xm.a
03-29 04:51:01.830: W/dalvikvm(5126): VFY: unable to resolve virtual method 4580: Landroid/content/Context;.getSystemService (Ljava/lang/Class;)Ljava/lang/Object;
03-29 04:51:01.830: D/dalvikvm(5126): VFY: replacing opcode 0x6e at 0x0008
03-29 04:51:01.830: I/dalvikvm(5126): Could not find method android.content.Context.createDeviceProtectedStorageContext, referenced from method mft.a
03-29 04:51:01.830: W/dalvikvm(5126): VFY: unable to resolve virtual method 4551: Landroid/content/Context;.createDeviceProtectedStorageContext ()Landroid/content/Context;
03-29 04:51:01.830: D/dalvikvm(5126): VFY: replacing opcode 0x6e at 0x0046
03-29 04:51:01.830: I/dalvikvm(5126): Could not find method android.content.Context.createDeviceProtectedStorageContext, referenced from method mft.b
03-29 04:51:01.830: W/dalvikvm(5126): VFY: unable to resolve virtual method 4551: Landroid/content/Context;.createDeviceProtectedStorageContext ()Landroid/content/Context;
03-29 04:51:01.830: D/dalvikvm(5126): VFY: replacing opcode 0x6e at 0x0004
03-29 04:51:01.830: I/dalvikvm(5126): Could not find method android.content.Context.getSystemService, referenced from method mft.c
03-29 04:51:01.830: W/dalvikvm(5126): VFY: unable to resolve virtual method 4580: Landroid/content/Context;.getSystemService (Ljava/lang/Class;)Ljava/lang/Object;
03-29 04:51:01.830: D/dalvikvm(5126): VFY: replacing opcode 0x6e at 0x0009
03-29 04:51:01.830: I/dalvikvm(5126): Could not find method android.content.Context.isDeviceProtectedStorage, referenced from method asnm.a
03-29 04:51:01.830: W/dalvikvm(5126): VFY: unable to resolve virtual method 4586: Landroid/content/Context;.isDeviceProtectedStorage ()Z
03-29 04:51:01.830: D/dalvikvm(5126): VFY: replacing opcode 0x6e at 0x001f
03-29 04:51:01.830: I/dalvikvm(5126): Could not find method android.content.Context.createDeviceProtectedStorageContext, referenced from method asnm.b
03-29 04:51:01.830: W/dalvikvm(5126): VFY: unable to resolve virtual method 4551: Landroid/content/Context;.createDeviceProtectedStorageContext ()Landroid/content/Context;
03-29 04:51:01.830: D/dalvikvm(5126): VFY: replacing opcode 0x6e at 0x0042
03-29 04:51:01.830: I/dalvikvm(5126): Could not find method android.content.Context.isDeviceProtectedStorage, referenced from method afah.a
03-29 04:51:01.830: W/dalvikvm(5126): VFY: unable to resolve virtual method 4586: Landroid/content/Context;.isDeviceProtectedStorage ()Z
03-29 04:51:01.830: D/dalvikvm(5126): VFY: replacing opcode 0x6e at 0x0022
03-29 04:51:01.830: I/dalvikvm(5126): Could not find method android.content.Context.isDeviceProtectedStorage, referenced from method afah.b
03-29 04:51:01.830: W/dalvikvm(5126): VFY: unable to resolve virtual method 4586: Landroid/content/Context;.isDeviceProtectedStorage ()Z
03-29 04:51:01.830: D/dalvikvm(5126): VFY: replacing opcode 0x6e at 0x003b
03-29 04:51:01.830: W/GmsApplication(5126): Failed to invoke the SupplierSetterRegistry.
03-29 04:51:01.840: I/dalvikvm(5126): Could not find method android.os.PowerManager.isInteractive, referenced from method mql.a
03-29 04:51:01.840: W/dalvikvm(5126): VFY: unable to resolve virtual method 5187: Landroid/os/PowerManager;.isInteractive ()Z
03-29 04:51:01.840: D/dalvikvm(5126): VFY: replacing opcode 0x6e at 0x0011
03-29 04:51:01.840: I/dalvikvm(5126): Could not find method android.content.ContextWrapper.createCredentialProtectedStorageContext, referenced from method com.google.android.chimera.ModuleContext.createCredentialProtectedStorageContext
03-29 04:51:01.840: W/dalvikvm(5126): VFY: unable to resolve virtual method 4605: Landroid/content/ContextWrapper;.createCredentialProtectedStorageContext ()Landroid/content/Context;
03-29 04:51:01.840: D/dalvikvm(5126): VFY: replacing opcode 0x6f at 0x0002
03-29 04:51:01.840: I/dalvikvm(5126): Could not find method android.content.ContextWrapper.createDeviceProtectedStorageContext, referenced from method com.google.android.chimera.ModuleContext.createDeviceProtectedStorageContext
03-29 04:51:01.840: W/dalvikvm(5126): VFY: unable to resolve virtual method 4606: Landroid/content/ContextWrapper;.createDeviceProtectedStorageContext ()Landroid/content/Context;
03-29 04:51:01.840: D/dalvikvm(5126): VFY: replacing opcode 0x6f at 0x0002
03-29 04:51:01.840: I/dalvikvm(5126): Could not find method android.content.Context.isCredentialProtectedStorage, referenced from method dnw.a
03-29 04:51:01.840: W/dalvikvm(5126): VFY: unable to resolve virtual method 4585: Landroid/content/Context;.isCredentialProtectedStorage ()Z
03-29 04:51:01.840: D/dalvikvm(5126): VFY: replacing opcode 0x6e at 0x0000
03-29 04:51:01.840: I/dalvikvm(5126): Could not find method android.os.UserManager.isUserUnlocked, referenced from method dnw.a
03-29 04:51:01.840: W/dalvikvm(5126): VFY: unable to resolve virtual method 5246: Landroid/os/UserManager;.isUserUnlocked ()Z
03-29 04:51:01.840: D/dalvikvm(5126): VFY: replacing opcode 0x6e at 0x001b
03-29 04:51:01.840: I/dalvikvm(5126): Could not find method android.content.Context.isDeviceProtectedStorage, referenced from method dnw.b
03-29 04:51:01.840: W/dalvikvm(5126): VFY: unable to resolve virtual method 4586: Landroid/content/Context;.isDeviceProtectedStorage ()Z
03-29 04:51:01.840: D/dalvikvm(5126): VFY: replacing opcode 0x6e at 0x0000
03-29 04:51:01.840: I/dalvikvm(5126): Could not find method android.content.Context.isDeviceProtectedStorage, referenced from method dnw.c
03-29 04:51:01.840: W/dalvikvm(5126): VFY: unable to resolve virtual method 4586: Landroid/content/Context;.isDeviceProtectedStorage ()Z
03-29 04:51:01.840: D/dalvikvm(5126): VFY: replacing opcode 0x6e at 0x0000
03-29 04:51:01.840: I/dalvikvm(5126): Could not find method android.content.ContextWrapper.createCredentialProtectedStorageContext, referenced from method mcd.createCredentialProtectedStorageContext
03-29 04:51:01.840: W/dalvikvm(5126): VFY: unable to resolve virtual method 4605: Landroid/content/ContextWrapper;.createCredentialProtectedStorageContext ()Landroid/content/Context;
03-29 04:51:01.840: D/dalvikvm(5126): VFY: replacing opcode 0x6f at 0x0002
03-29 04:51:01.840: I/dalvikvm(5126): Could not find method android.content.ContextWrapper.createDeviceProtectedStorageContext, referenced from method mcd.createDeviceProtectedStorageContext
03-29 04:51:01.840: W/dalvikvm(5126): VFY: unable to resolve virtual method 4606: Landroid/content/ContextWrapper;.createDeviceProtectedStorageContext ()Landroid/content/Context;
03-29 04:51:01.840: D/dalvikvm(5126): VFY: replacing opcode 0x6f at 0x0002
03-29 04:51:01.900: I/Auth(2216): [SupervisedAccountIntentOperation] This operation is disabled
03-29 04:51:01.910: D/Finsky(4885): [1] BaseWidgetProvider.onReceive: Received ACTION_APPWIDGET_UPDATE, updating 0 widgets.
03-29 04:51:01.910: D/Finsky(4885): [1] BaseWidgetProvider.onReceive: Received ACTION_APPWIDGET_UPDATE, updating 0 widgets.
03-29 04:51:01.910: D/Finsky(4885): [1] BaseWidgetProvider.onReceive: Received ACTION_APPWIDGET_UPDATE, updating 0 widgets.
03-29 04:51:01.910: D/AlertReceiver(4621): onReceive: a=android.intent.action.PROVIDER_CHANGED Intent { act=android.intent.action.PROVIDER_CHANGED dat=content://com.android.calendar flg=0x10 cmp=com.google.android.calendar/com.android.calendar.alerts.AlertReceiver }
03-29 04:51:01.910: D/AlertService(4621): 0 Action = android.intent.action.PROVIDER_CHANGED
03-29 04:51:01.930: I/IcingInternalCorpora(2216): Received calendar change notification.
03-29 04:51:01.930: D/AlertReceiver(4621): onReceive: a=android.intent.action.PROVIDER_CHANGED Intent { act=android.intent.action.PROVIDER_CHANGED dat=content://com.android.calendar flg=0x10 cmp=com.google.android.calendar/com.android.calendar.alerts.AlertReceiver }
03-29 04:51:01.980: I/IcingInternalCorpora(2216): Received calendar change notification.
03-29 04:51:02.000: E/NetworkScheduler(1857): Invalid component specified.
03-29 04:51:02.000: W/AccountUtils(2216): Unable to get accounts by type and service flag/feature
03-29 04:51:02.000: W/AccountUtils(2216): android.accounts.OperationCanceledException
03-29 04:51:02.000: W/AccountUtils(2216): 	at android.accounts.AccountManager$Future2Task.internalGetResult(AccountManager.java:1694)
03-29 04:51:02.000: W/AccountUtils(2216): 	at android.accounts.AccountManager$Future2Task.getResult(AccountManager.java:1699)
03-29 04:51:02.000: W/AccountUtils(2216): 	at fvw.g(:com.google.android.play.games@65460070@5.11.6546 (206212302.206212302-000700):3)
03-29 04:51:02.000: W/AccountUtils(2216): 	at fvw.e(:com.google.android.play.games@65460070@5.11.6546 (206212302.206212302-000700):2)
03-29 04:51:02.000: W/AccountUtils(2216): 	at ifo.a(:com.google.android.play.games@65460070@5.11.6546 (206212302.206212302-000700):310)
03-29 04:51:02.000: W/AccountUtils(2216): 	at ifo.a(:com.google.android.play.games@65460070@5.11.6546 (206212302.206212302-000700):304)
03-29 04:51:02.000: W/AccountUtils(2216): 	at fuu.onPerformSync(:com.google.android.play.games@65460070@5.11.6546 (206212302.206212302-000700):5)
03-29 04:51:02.000: W/AccountUtils(2216): 	at android.content.AbstractThreadedSyncAdapter$SyncThread.run(AbstractThreadedSyncAdapter.java:259)
03-29 04:51:02.000: I/GamesSyncAdapter PII_LOG(2216): Starting sync for S37FFK2YM7DQQWXYEWKTQTSGKI-01@cloudtestlabaccounts.com
03-29 04:51:02.000: I/GamesSyncAdapter(2216): Starting sync for 989155ba
03-29 04:51:02.040: I/Authzen(1857): [AccountChangeProcessingIntentOperation] Received onHandleIntent() call: Intent { act=com.google.android.gms.auth.GOOGLE_ACCOUNT_CHANGE cat=[com.google.android.gms.auth.category.ACCOUNT_ADDED] flg=0x10 cmp=com.google.android.gms/.chimera.GmsIntentOperationService$PersistentInternalReceiver (has extras) }
03-29 04:51:02.040: I/Authzen(1857): [AccountChangeProcessingIntentOperation] Handling added account: <ELLIDED:1746923884>
03-29 04:51:02.050: E/NetworkScheduler(1857): Invalid component specified.
03-29 04:51:02.050: D/Finsky(4885): [1] BaseWidgetProvider.onReceive: Received ACTION_APPWIDGET_UPDATE, updating 0 widgets.
03-29 04:51:02.050: D/Finsky(4885): [1] BaseWidgetProvider.onReceive: Received ACTION_APPWIDGET_UPDATE, updating 0 widgets.
03-29 04:51:02.050: D/Finsky(4885): [1] BaseWidgetProvider.onReceive: Received ACTION_APPWIDGET_UPDATE, updating 0 widgets.
03-29 04:51:02.060: I/CheckinChimeraService(2216): Starting Checkin Task: CheckinNowTaskTag Reason : 4 Force : true UserId: 0
03-29 04:51:02.060: I/GCoreUlr(1857): Starting service, intent=Intent { act=com.google.android.location.reporting.ACTION_UPDATE_WORLD cmp=com.google.android.gms/com.google.android.location.reporting.service.DispatchingService (has extras) }, extras=Bundle[{receiverAction=com.google.android.gms.auth.GOOGLE_ACCOUNT_CHANGE, accountsAdded=[Account {name=S37FFK2YM7DQQWXYEWKTQTSGKI-01@cloudtestlabaccounts.com, type=com.google}]}]
03-29 04:51:02.060: E/NetworkScheduler(1857): Invalid component specified.
03-29 04:51:02.060: I/Ads(2216): Accounts have changed: com.google.android.gms.auth.GOOGLE_ACCOUNT_CHANGE
03-29 04:51:02.100: I/Authzen(1857): [SyncManager] Sync requested for event 100, account S37FFK2YM7DQQWXYEWKTQTSGKI-01@cloudtestlabaccounts.com, and components 3, with reason 7
03-29 04:51:02.100: I/Authzen(1857): [SyncManager] Triggering AuthZen registration...
03-29 04:51:02.110: E/NetworkScheduler(1857): Invalid component specified.
03-29 04:51:02.120: E/NetworkScheduler(1857): Invalid component specified.
03-29 04:51:02.130: D/dalvikvm(1940): GC_EXPLICIT freed 651K, 32% free 5422K/7972K, paused 0ms+1ms, total 94ms
03-29 04:51:02.130: I/ChromeSync(2216): [Sync,SyncIntentOperation] Handling the intent: Intent { act=com.google.android.gms.auth.GOOGLE_ACCOUNT_CHANGE cat=[com.google.android.gms.auth.category.ACCOUNT_ADDED] flg=0x10 cmp=com.google.android.gms/.chimera.GmsIntentOperationService$PersistentInternalReceiver (has extras) }.
03-29 04:51:02.130: E/NetworkScheduler(1857): Invalid component specified.
03-29 04:51:02.140: E/NetworkScheduler(1857): Invalid component specified.
03-29 04:51:02.180: W/Conscrypt(2216): Could not set socket write timeout: java.net.SocketException: Socket closed
03-29 04:51:02.180: W/Conscrypt(2216): 	at com.google.android.gms.org.conscrypt.Platform.setSocketWriteTimeout(:com.google.android.gms@14367005@14.3.67 (000700-216465562):2)
03-29 04:51:02.180: W/Conscrypt(2216): 	at com.google.android.gms.org.conscrypt.ConscryptFileDescriptorSocket.setSoWriteTimeout(:com.google.android.gms@14367005@14.3.67 (000700-216465562):2)
03-29 04:51:02.200: D/dalvikvm(1712): GC_CONCURRENT freed 1601K, 22% free 9856K/12516K, paused 1ms+3ms, total 52ms
03-29 04:51:02.210: I/GCoreUlr(1857): WorldUpdater received intent Intent { act=com.google.android.location.reporting.ACTION_UPDATE_WORLD cmp=com.google.android.gms/com.google.android.location.reporting.service.DispatchingService (has extras) } with receiverAction com.google.android.gms.auth.GOOGLE_ACCOUNT_CHANGE
03-29 04:51:02.220: W/Conscrypt(2216): Could not set socket write timeout: java.net.SocketException: Socket closed
03-29 04:51:02.220: W/Conscrypt(2216): 	at com.google.android.gms.org.conscrypt.Platform.setSocketWriteTimeout(:com.google.android.gms@14367005@14.3.67 (000700-216465562):2)
03-29 04:51:02.220: W/Conscrypt(2216): 	at com.google.android.gms.org.conscrypt.ConscryptFileDescriptorSocket.setSoWriteTimeout(:com.google.android.gms@14367005@14.3.67 (000700-216465562):2)
03-29 04:51:02.230: I/Icing(2216): Indexing done com.google.android.videos-shows_show_id
03-29 04:51:02.280: D/dalvikvm(2216): GC_EXPLICIT freed 2190K, 23% free 11296K/14588K, paused 2ms+4ms, total 65ms
03-29 04:51:02.280: D/dalvikvm(2216): WAIT_FOR_CONCURRENT_GC blocked 36ms
03-29 04:51:02.290: I/MS_RegisterService(2216): Tachyon host: instantmessaging-pa.googleapis.com, Tachyon port: 443
03-29 04:51:02.300: I/constellation(2216): [gaia_id_checker] GAIA id checker has been disabled.
03-29 04:51:02.300: I/GCoreUlr(1857): WorldUpdater:com.google.android.gms.auth.GOOGLE_ACCOUNT_CHANGE: Ensuring that reporting is stopped because of reasons: {account#-18#=[InactiveReason{mIdentifier=6, mName='ReportingNotEnabled'}, InactiveReason{mIdentifier=14, mName='HistoryNotEnabled'}]}
03-29 04:51:02.300: W/SemanticLocation(2216): Personalization not enabled; ignoring AccountChangeBroadcast.
03-29 04:51:02.310: W/SemanticLocation(2216): Personalization not enabled; won't try to improve personalization account.
03-29 04:51:02.320: I/SemanticLocation(2216): Cancel DailyWhamDataUpload
03-29 04:51:02.320: I/dalvikvm(2216): Could not find method android.telephony.SubscriptionManager.from, referenced from method arga.a
03-29 04:51:02.320: W/dalvikvm(2216): VFY: unable to resolve static method 24170: Landroid/telephony/SubscriptionManager;.from (Landroid/content/Context;)Landroid/telephony/SubscriptionManager;
03-29 04:51:02.320: D/dalvikvm(2216): VFY: replacing opcode 0x71 at 0x0016
03-29 04:51:02.320: I/GCoreUlr(1857): Unbound from all signal providers.
03-29 04:51:02.320: W/SemanticLocation(2216): Personalization not enabled; won't try to improve personalization account.
03-29 04:51:02.330: I/SemanticLocation(2216): Cancel ReverseGeoBatch
03-29 04:51:02.330: I/dalvikvm(2216): Could not find method android.app.KeyguardManager.isDeviceSecure, referenced from method ibf.a
03-29 04:51:02.330: W/dalvikvm(2216): VFY: unable to resolve virtual method 2799: Landroid/app/KeyguardManager;.isDeviceSecure ()Z
03-29 04:51:02.330: I/MS_RegisterService(2216): RegisterService intent:Intent { act=com.google.android.gms.matchstick.register_intent_google_account_change cat=[targeted_intent_op_prefix:com.google.android.libraries.matchstick.net.SilentRegisterIntentOperation] cmp=com.google.android.gms/.chimera.GmsIntentOperationService } isPeriodic:false
03-29 04:51:02.330: I/SemanticLocation(2216): Cancel WhamDailyActiveUserReport
03-29 04:51:02.340: I/dalvikvm(2216): Could not find method android.telephony.SubscriptionManager.from, referenced from method args.a
03-29 04:51:02.340: W/dalvikvm(2216): VFY: unable to resolve static method 24170: Landroid/telephony/SubscriptionManager;.from (Landroid/content/Context;)Landroid/telephony/SubscriptionManager;
03-29 04:51:02.340: D/dalvikvm(2216): VFY: replacing opcode 0x71 at 0x0041
03-29 04:51:02.340: I/PeopleDatabaseHelper(2216): cleanUpNonGplusAccounts done.
03-29 04:51:02.360: D/dalvikvm(2216): VFY: replacing opcode 0x6e at 0x0167
03-29 04:51:02.370: I/UdcContextInitChimeraSe(2216): Scheduling context registration change job.
03-29 04:51:02.420: I/CheckinRequestProcessor(2216): Gmscore running on device, checkin will use Gmscore context
03-29 04:51:02.420: I/CheckinRequestBuilder(2216): Checkin reason type: 4 attempt count: 1
03-29 04:51:02.440: D/dalvikvm(1857): GC_CONCURRENT freed 2049K, 20% free 9148K/11412K, paused 12ms+13ms, total 110ms
03-29 04:51:02.440: D/dalvikvm(1857): WAIT_FOR_CONCURRENT_GC blocked 56ms
03-29 04:51:02.440: D/dalvikvm(1857): WAIT_FOR_CONCURRENT_GC blocked 55ms
03-29 04:51:02.440: D/dalvikvm(1857): WAIT_FOR_CONCURRENT_GC blocked 50ms
03-29 04:51:02.440: D/dalvikvm(1857): WAIT_FOR_CONCURRENT_GC blocked 58ms
03-29 04:51:02.440: D/dalvikvm(1857): WAIT_FOR_CONCURRENT_GC blocked 28ms
03-29 04:51:02.440: D/dalvikvm(1857): WAIT_FOR_CONCURRENT_GC blocked 29ms
03-29 04:51:02.440: E/NetworkScheduler(1857): Invalid component specified.
03-29 04:51:02.460: E/NetworkScheduler(1857): Invalid component specified.
03-29 04:51:02.470: I/AccountManagerService(1712): the accounts changed, sending broadcast of android.accounts.LOGIN_ACCOUNTS_CHANGED
03-29 04:51:02.500: I/TachyonSyncUtils(2216): removeSyncAccount. Success: true
03-29 04:51:02.510: I/Places(1857): ?: Couldn't find platform key file.
03-29 04:51:02.510: D/AndroidRuntime(5174): >>>>>> AndroidRuntime START com.android.internal.os.RuntimeInit <<<<<<
03-29 04:51:02.510: I/GCoreUlr(1857): Unbound from all signal providers.
03-29 04:51:02.510: W/linker(5174): libdvm.so has text relocations. This is wasting memory and is a security risk. Please fix.
03-29 04:51:02.510: I/GCoreUlr(1857): Stopping handler for UlrDispSvcFast
03-29 04:51:02.520: D/AndroidRuntime(5174): CheckJNI is OFF
03-29 04:51:02.530: D/dalvikvm(5174): Trying to load lib libjavacore.so 0x0
03-29 04:51:02.530: D/dalvikvm(5174): Added shared lib libjavacore.so 0x0
03-29 04:51:02.530: D/dalvikvm(5174): Trying to load lib libnativehelper.so 0x0
03-29 04:51:02.530: D/dalvikvm(5174): Added shared lib libnativehelper.so 0x0
03-29 04:51:02.530: D/dalvikvm(5174): No JNI_OnLoad found in libnativehelper.so 0x0, skipping init
03-29 04:51:02.550: D/Volley(4885): [174] DiskBasedCache.clear: Cache cleared.
03-29 04:51:02.550: D/Volley(4885): [178] DiskBasedCache.clear: Cache cleared.
03-29 04:51:02.550: D/Finsky(4885): [1] UpdateWidgetsReceiver.onReceive: Updated 0 MarketWidgetProvider widgets (android.accounts.LOGIN_ACCOUNTS_CHANGED)
03-29 04:51:02.550: D/Finsky(4885): [1] UpdateWidgetsReceiver.onReceive: Updated 0 RecommendedWidgetProvider widgets (android.accounts.LOGIN_ACCOUNTS_CHANGED)
03-29 04:51:02.550: D/Finsky(4885): [1] UpdateWidgetsReceiver.onReceive: Updated 0 NowPlayingWidgetProvider widgets (android.accounts.LOGIN_ACCOUNTS_CHANGED)
03-29 04:51:02.570: I/ActivityManager(1712): Delay finish: com.google.android.googlequicksearchbox/com.google.android.sidekick.main.AccountsChangedReceiver
03-29 04:51:02.590: I/GCoreUlr(1857): DispatchingService ignoring Intent { act=android.net.wifi.WIFI_STATE_CHANGED flg=0x4000010 (has extras) } because ULR inactive
03-29 04:51:02.590: I/ActivityManager(1712): Resuming delayed broadcast
03-29 04:51:02.590: I/ActivityManager(1712): Delay finish: com.google.android.calendar/com.google.android.syncadapters.calendar.CalendarSyncAdapterBroadcastReceiver
03-29 04:51:02.600: W/ampg(1857): Empty context buffer. Thus might mean that the context is not synced down.
03-29 04:51:02.600: W/amlj(1857): Empty context model while retrieving upload opt-in status!
03-29 04:51:02.620: I/ActivityManager(1712): Resuming delayed broadcast
03-29 04:51:02.630: I/ActivityManager(1712): Delay finish: com.google.android.email/com.android.email.service.EmailBroadcastReceiver
03-29 04:51:02.630: I/Remoter(1351): Saved screenshot to '/data/screenshots/__pmv__-0100.jpg'
03-29 04:51:02.650: I/Email(4943): System accounts updated.
03-29 04:51:02.650: I/GeofencerStateMachine(1857): removeGeofences: removeRequest=RemoveGeofencingRequest[REMOVE_BY_PENDING_INTENT pendingIntent=PendingIntent[creatorPackage=com.google.android.gms], packageName=null]
03-29 04:51:02.660: I/ActivityManager(1712): Delaying start of: ServiceRecord{95784f50 u0 com.google.android.exchange/com.android.exchange.service.EmailSyncAdapterService}
03-29 04:51:02.680: I/GeofencerStateMachine(1857): removeGeofences: removeRequest=RemoveGeofencingRequest[REMOVE_BY_PENDING_INTENT pendingIntent=PendingIntent[creatorPackage=com.google.android.gms], packageName=null]
03-29 04:51:02.680: D/dalvikvm(5174): Note: class Landroid/app/ActivityManagerNative; has 179 unimplemented (abstract) methods
03-29 04:51:02.700: I/ActivityManager(1712): Resuming delayed broadcast
03-29 04:51:02.700: I/Exchange(4916): Accounts changed - requesting FolderSync for unsynced accounts
03-29 04:51:02.710: I/CryptauthV2(2216): [EnrollKeyName] ClientName calling Cryptauth is ForceRegistration
03-29 04:51:02.720: D/dalvikvm(2216): GC_EXPLICIT freed 1324K, 23% free 11304K/14588K, paused 9ms+44ms, total 88ms
03-29 04:51:02.720: I/ActivityManager(1712): Delay finish: com.google.android.videos/.accounts.AccountsChangedService$AccountsChangedReceiver
03-29 04:51:02.730: D/dalvikvm(5000): GC_FOR_ALLOC freed 509K, 14% free 3462K/4024K, paused 4ms, total 4ms
03-29 04:51:02.740: D/dalvikvm(5000): GC_CONCURRENT freed 122K, 15% free 3454K/4024K, paused 0ms+1ms, total 4ms
03-29 04:51:02.770: I/Auth(1940): [BroadcastManager] Broadcasting account services changed.
03-29 04:51:02.790: D/dalvikvm(5000): GC_CONCURRENT freed 504K, 15% free 3457K/4024K, paused 5ms+0ms, total 9ms
03-29 04:51:02.800: D/dalvikvm(5000): GC_CONCURRENT freed 451K, 15% free 3456K/4024K, paused 3ms+0ms, total 7ms
03-29 04:51:02.810: E/memtrack(5174): Couldn't load memtrack module (No such file or directory)
03-29 04:51:02.810: E/android.os.Debug(5174): failed to load memtrack module: -2
03-29 04:51:02.820: D/dalvikvm(1712): GC_EXPLICIT freed 1430K, 22% free 9835K/12516K, paused 1ms+8ms, total 94ms
03-29 04:51:02.830: D/dalvikvm(5000): GC_FOR_ALLOC freed 509K, 15% free 3456K/4024K, paused 14ms, total 14ms
03-29 04:51:02.840: W/Conscrypt(2216): Could not set socket write timeout: java.net.SocketException: Socket closed
03-29 04:51:02.840: W/Conscrypt(2216): 	at com.google.android.gms.org.conscrypt.Platform.setSocketWriteTimeout(:com.google.android.gms@14367005@14.3.67 (000700-216465562):2)
