03-29 04:51:00.110: I/dalvikvm(4800): Could not find method android.content.res.TypedArray.getType, referenced from method android.support.v7.widget.TintTypedArray.getType
03-29 04:51:00.110: W/dalvikvm(4800): VFY: unable to resolve virtual method 615: Landroid/content/res/TypedArray;.getType (I)I
03-29 04:51:00.110: D/dalvikvm(4800): VFY: replacing opcode 0x6e at 0x0008
03-29 04:51:00.120: I/dalvikvm(4800): Could not find method android.content.Context.createDeviceProtectedStorageContext, referenced from method android.support.v4.content.ContextCompat.createDeviceProtectedStorageContext
03-29 04:51:00.120: W/dalvikvm(4800): VFY: unable to resolve virtual method 451: Landroid/content/Context;.createDeviceProtectedStorageContext ()Landroid/content/Context;
03-29 04:51:00.120: D/dalvikvm(4800): VFY: replacing opcode 0x6e at 0x0006
03-29 04:51:00.120: I/dalvikvm(4800): Could not find method android.content.Context.getCodeCacheDir, referenced from method android.support.v4.content.ContextCompat.getCodeCacheDir
03-29 04:51:00.120: W/dalvikvm(4800): VFY: unable to resolve virtual method 457: Landroid/content/Context;.getCodeCacheDir ()Ljava/io/File;
03-29 04:51:00.120: D/dalvikvm(4800): VFY: replacing opcode 0x6e at 0x0006
03-29 04:51:00.120: I/dalvikvm(4800): Could not find method android.content.Context.getColor, referenced from method android.support.v4.content.ContextCompat.getColor
03-29 04:51:00.120: W/dalvikvm(4800): VFY: unable to resolve virtual method 458: Landroid/content/Context;.getColor (I)I
03-29 04:51:00.120: D/dalvikvm(4800): VFY: replacing opcode 0x6e at 0x0006
03-29 04:51:00.120: I/dalvikvm(4800): Could not find method android.content.Context.getColorStateList, referenced from method android.support.v4.content.ContextCompat.getColorStateList
03-29 04:51:00.120: W/dalvikvm(4800): VFY: unable to resolve virtual method 459: Landroid/content/Context;.getColorStateList (I)Landroid/content/res/ColorStateList;
03-29 04:51:00.120: D/dalvikvm(4800): VFY: replacing opcode 0x6e at 0x0006
03-29 04:51:00.120: I/dalvikvm(4800): Could not find method android.content.Context.getDataDir, referenced from method android.support.v4.content.ContextCompat.getDataDir
03-29 04:51:00.120: W/dalvikvm(4800): VFY: unable to resolve virtual method 461: Landroid/content/Context;.getDataDir ()Ljava/io/File;
03-29 04:51:00.120: D/dalvikvm(4800): VFY: replacing opcode 0x6e at 0x0006
03-29 04:51:00.120: I/dalvikvm(4800): Could not find method android.content.Context.getDrawable, referenced from method android.support.v4.content.ContextCompat.getDrawable
03-29 04:51:00.120: W/dalvikvm(4800): VFY: unable to resolve virtual method 462: Landroid/content/Context;.getDrawable (I)Landroid/graphics/drawable/Drawable;
03-29 04:51:00.120: D/dalvikvm(4800): VFY: replacing opcode 0x6e at 0x0006
03-29 04:51:00.120: I/dalvikvm(4800): Could not find method android.content.Context.getMainExecutor, referenced from method android.support.v4.content.ContextCompat.getMainExecutor
03-29 04:51:00.120: W/dalvikvm(4800): VFY: unable to resolve virtual method 468: Landroid/content/Context;.getMainExecutor ()Ljava/util/concurrent/Executor;
03-29 04:51:00.120: D/dalvikvm(4800): VFY: replacing opcode 0x6e at 0x0006
03-29 04:51:00.120: I/dalvikvm(4800): Could not find method android.content.Context.getNoBackupFilesDir, referenced from method android.support.v4.content.ContextCompat.getNoBackupFilesDir
03-29 04:51:00.120: W/dalvikvm(4800): VFY: unable to resolve virtual method 470: Landroid/content/Context;.getNoBackupFilesDir ()Ljava/io/File;
03-29 04:51:00.120: D/dalvikvm(4800): VFY: replacing opcode 0x6e at 0x0006
03-29 04:51:00.120: I/dalvikvm(4800): Could not find method android.content.Context.getSystemService, referenced from method android.support.v4.content.ContextCompat.getSystemService
03-29 04:51:00.120: W/dalvikvm(4800): VFY: unable to resolve virtual method 479: Landroid/content/Context;.getSystemService (Ljava/lang/Class;)Ljava/lang/Object;
03-29 04:51:00.120: D/dalvikvm(4800): VFY: replacing opcode 0x6e at 0x0006
03-29 04:51:00.120: I/dalvikvm(4800): Could not find method android.content.Context.getSystemServiceName, referenced from method android.support.v4.content.ContextCompat.getSystemServiceName
03-29 04:51:00.120: W/dalvikvm(4800): VFY: unable to resolve virtual method 481: Landroid/content/Context;.getSystemServiceName (Ljava/lang/Class;)Ljava/lang/String;
03-29 04:51:00.120: D/dalvikvm(4800): VFY: replacing opcode 0x6e at 0x0006
03-29 04:51:00.120: I/dalvikvm(4800): Could not find method android.content.Context.isDeviceProtectedStorage, referenced from method android.support.v4.content.ContextCompat.isDeviceProtectedStorage
03-29 04:51:00.120: W/dalvikvm(4800): VFY: unable to resolve virtual method 484: Landroid/content/Context;.isDeviceProtectedStorage ()Z
03-29 04:51:00.120: D/dalvikvm(4800): VFY: replacing opcode 0x6e at 0x0006
03-29 04:51:00.120: I/dalvikvm(4800): Could not find method android.content.Context.startForegroundService, referenced from method android.support.v4.content.ContextCompat.startForegroundService
03-29 04:51:00.120: W/dalvikvm(4800): VFY: unable to resolve virtual method 495: Landroid/content/Context;.startForegroundService (Landroid/content/Intent;)Landroid/content/ComponentName;
03-29 04:51:00.120: D/dalvikvm(4800): VFY: replacing opcode 0x6e at 0x0006
03-29 04:51:00.130: D/dalvikvm(1712): GC_FOR_ALLOC freed 201K, 21% free 9839K/12384K, paused 23ms, total 23ms
03-29 04:51:00.130: I/dalvikvm-heap(1712): Grow heap (frag case) to 9.791MB for 134706-byte allocation
03-29 04:51:00.140: D/dalvikvm(1712): GC_FOR_ALLOC freed <1K, 21% free 9970K/12516K, paused 16ms, total 16ms
03-29 04:51:00.150: I/Icing(2216): updateResources: need to parse waf{com.google.android.gms}
03-29 04:51:00.150: E/dual_mode_controller(2351): LE scan
03-29 04:51:00.160: D/dalvikvm(1995): GC_CONCURRENT freed 432K, 13% free 3524K/4008K, paused 0ms+0ms, total 4ms
03-29 04:51:00.170: D/dalvikvm(4800): GC_CONCURRENT freed 297K, 10% free 3340K/3692K, paused 2ms+1ms, total 5ms
03-29 04:51:00.180: I/dalvikvm(4800): Could not find method android.widget.FrameLayout.startActionModeForChild, referenced from method android.support.v7.widget.ActionBarContainer.startActionModeForChild
03-29 04:51:00.180: W/dalvikvm(4800): VFY: unable to resolve virtual method 12941: Landroid/widget/FrameLayout;.startActionModeForChild (Landroid/view/View;Landroid/view/ActionMode$Callback;I)Landroid/view/ActionMode;
03-29 04:51:00.180: D/dalvikvm(4800): VFY: replacing opcode 0x6f at 0x0002
03-29 04:51:00.180: W/dalvikvm(4800): VFY: unable to find class referenced in signature (Landroid/graphics/Outline;)
03-29 04:51:00.180: I/dalvikvm(4800): Could not find method android.graphics.drawable.Drawable.getOutline, referenced from method android.support.v7.widget.ActionBarBackgroundDrawable.getOutline
03-29 04:51:00.180: W/dalvikvm(4800): VFY: unable to resolve virtual method 874: Landroid/graphics/drawable/Drawable;.getOutline (Landroid/graphics/Outline;)V
03-29 04:51:00.180: D/dalvikvm(4800): VFY: replacing opcode 0x6e at 0x0010
03-29 04:51:00.180: I/dalvikvm(4800): Could not find method android.graphics.drawable.Drawable.getOutline, referenced from method android.support.v7.widget.ActionBarBackgroundDrawable.getOutline
03-29 04:51:00.180: W/dalvikvm(4800): VFY: unable to resolve virtual method 874: Landroid/graphics/drawable/Drawable;.getOutline (Landroid/graphics/Outline;)V
03-29 04:51:00.180: D/dalvikvm(4800): VFY: replacing opcode 0x6e at 0x001e
03-29 04:51:00.180: I/dalvikvm(4800): Could not find method android.view.View.addKeyboardNavigationClusters, referenced from method android.support.v4.view.ViewCompat.addKeyboardNavigationClusters
03-29 04:51:00.180: W/dalvikvm(4800): VFY: unable to resolve virtual method 11603: Landroid/view/View;.addKeyboardNavigationClusters (Ljava/util/Collection;I)V
03-29 04:51:00.180: D/dalvikvm(4800): VFY: replacing opcode 0x6e at 0x0006
03-29 04:51:00.180: I/dalvikvm(4800): Failed resolving Landroid/support/v4/view/ViewCompat$2; interface 1983 'Landroid/view/View$OnUnhandledKeyEventListener;'
03-29 04:51:00.180: W/dalvikvm(4800): Link of class 'Landroid/support/v4/view/ViewCompat$2;' failed
03-29 04:51:00.180: E/dalvikvm(4800): Could not find class 'android.support.v4.view.ViewCompat$2', referenced from method android.support.v4.view.ViewCompat.addOnUnhandledKeyEventListener
03-29 04:51:00.180: W/dalvikvm(4800): VFY: unable to resolve new-instance 1579 (Landroid/support/v4/view/ViewCompat$2;) in Landroid/support/v4/view/ViewCompat;
03-29 04:51:00.180: D/dalvikvm(4800): VFY: replacing opcode 0x22 at 0x001b
03-29 04:51:00.180: I/dalvikvm(4800): Could not find method android.view.View.cancelDragAndDrop, referenced from method android.support.v4.view.ViewCompat.cancelDragAndDrop
03-29 04:51:00.180: W/dalvikvm(4800): VFY: unable to resolve virtual method 11612: Landroid/view/View;.cancelDragAndDrop ()V
03-29 04:51:00.180: D/dalvikvm(4800): VFY: replacing opcode 0x6e at 0x0006
03-29 04:51:00.180: E/dalvikvm(4800): Could not find class 'android.view.WindowInsets', referenced from method android.support.v4.view.ViewCompat.dispatchApplyWindowInsets
03-29 04:51:00.180: W/dalvikvm(4800): VFY: unable to resolve check-cast 2005 (Landroid/view/WindowInsets;) in Landroid/support/v4/view/ViewCompat;
03-29 04:51:00.180: D/dalvikvm(4800): VFY: replacing opcode 0x1f at 0x000a
03-29 04:51:00.180: I/dalvikvm(4800): Could not find method android.view.View.dispatchNestedFling, referenced from method android.support.v4.view.ViewCompat.dispatchNestedFling
03-29 04:51:00.180: W/dalvikvm(4800): VFY: unable to resolve virtual method 11619: Landroid/view/View;.dispatchNestedFling (FFZ)Z
03-29 04:51:00.180: D/dalvikvm(4800): VFY: replacing opcode 0x6e at 0x0006
03-29 04:51:00.180: I/dalvikvm(4800): Could not find method android.view.View.dispatchNestedPreFling, referenced from method android.support.v4.view.ViewCompat.dispatchNestedPreFling
03-29 04:51:00.180: W/dalvikvm(4800): VFY: unable to resolve virtual method 11620: Landroid/view/View;.dispatchNestedPreFling (FF)Z
03-29 04:51:00.180: D/dalvikvm(4800): VFY: replacing opcode 0x6e at 0x0006
03-29 04:51:00.180: I/dalvikvm(4800): Could not find method android.view.View.dispatchNestedPreScroll, referenced from method android.support.v4.view.ViewCompat.dispatchNestedPreScroll
03-29 04:51:00.180: W/dalvikvm(4800): VFY: unable to resolve virtual method 11621: Landroid/view/View;.dispatchNestedPreScroll (II[I[I)Z
03-29 04:51:00.180: D/dalvikvm(4800): VFY: replacing opcode 0x6e at 0x0006
03-29 04:51:00.180: I/dalvikvm(4800): Could not find method android.view.View.dispatchNestedScroll, referenced from method android.support.v4.view.ViewCompat.dispatchNestedScroll
03-29 04:51:00.180: W/dalvikvm(4800): VFY: unable to resolve virtual method 11622: Landroid/view/View;.dispatchNestedScroll (IIII[I)Z
03-29 04:51:00.180: D/dalvikvm(4800): VFY: replacing opcode 0x74 at 0x0006
03-29 04:51:00.190: D/dalvikvm(1995): WAIT_FOR_CONCURRENT_GC blocked 29ms
03-29 04:51:00.190: I/dalvikvm(4800): Could not find method android.view.View.getBackgroundTintList, referenced from method android.support.v4.view.ViewCompat.getBackgroundTintList
03-29 04:51:00.190: W/dalvikvm(4800): VFY: unable to resolve virtual method 11634: Landroid/view/View;.getBackgroundTintList ()Landroid/content/res/ColorStateList;
03-29 04:51:00.190: D/dalvikvm(4800): VFY: replacing opcode 0x6e at 0x0006
03-29 04:51:00.190: I/dalvikvm(4800): Could not find method android.view.View.getBackgroundTintMode, referenced from method android.support.v4.view.ViewCompat.getBackgroundTintMode
03-29 04:51:00.190: W/dalvikvm(4800): VFY: unable to resolve virtual method 11635: Landroid/view/View;.getBackgroundTintMode ()Landroid/graphics/PorterDuff$Mode;
03-29 04:51:00.190: D/dalvikvm(4800): VFY: replacing opcode 0x6e at 0x0006
03-29 04:51:00.190: I/dalvikvm(4800): Could not find method android.view.View.getElevation, referenced from method android.support.v4.view.ViewCompat.getElevation
03-29 04:51:00.190: W/dalvikvm(4800): VFY: unable to resolve virtual method 11643: Landroid/view/View;.getElevation ()F
03-29 04:51:00.190: D/dalvikvm(4800): VFY: replacing opcode 0x6e at 0x0006
03-29 04:51:00.190: I/dalvikvm(4800): Could not find method android.view.View.getImportantForAutofill, referenced from method android.support.v4.view.ViewCompat.getImportantForAutofill
03-29 04:51:00.190: W/dalvikvm(4800): VFY: unable to resolve virtual method 11648: Landroid/view/View;.getImportantForAutofill ()I
03-29 04:51:00.190: D/dalvikvm(4800): VFY: replacing opcode 0x6e at 0x0006
03-29 04:51:00.190: I/dalvikvm(4800): Could not find method android.view.View.getNextClusterForwardId, referenced from method android.support.v4.view.ViewCompat.getNextClusterForwardId
03-29 04:51:00.190: W/dalvikvm(4800): VFY: unable to resolve virtual method 11665: Landroid/view/View;.getNextClusterForwardId ()I
03-29 04:51:00.190: D/dalvikvm(4800): VFY: replacing opcode 0x6e at 0x0006
03-29 04:51:00.190: I/dalvikvm(4800): Could not find method android.view.View.getScrollIndicators, referenced from method android.support.v4.view.ViewCompat.getScrollIndicators
03-29 04:51:00.190: W/dalvikvm(4800): VFY: unable to resolve virtual method 11684: Landroid/view/View;.getScrollIndicators ()I
03-29 04:51:00.190: D/dalvikvm(4800): VFY: replacing opcode 0x6e at 0x0006
03-29 04:51:00.190: I/dalvikvm(4800): Could not find method android.view.View.getTransitionName, referenced from method android.support.v4.view.ViewCompat.getTransitionName
03-29 04:51:00.190: W/dalvikvm(4800): VFY: unable to resolve virtual method 11689: Landroid/view/View;.getTransitionName ()Ljava/lang/String;
03-29 04:51:00.190: D/dalvikvm(4800): VFY: replacing opcode 0x6e at 0x0006
03-29 04:51:00.190: I/dalvikvm(4800): Could not find method android.view.View.getTranslationZ, referenced from method android.support.v4.view.ViewCompat.getTranslationZ
03-29 04:51:00.190: W/dalvikvm(4800): VFY: unable to resolve virtual method 11692: Landroid/view/View;.getTranslationZ ()F
03-29 04:51:00.190: D/dalvikvm(4800): VFY: replacing opcode 0x6e at 0x0006
03-29 04:51:00.190: I/dalvikvm(4800): Could not find method android.view.View.getZ, referenced from method android.support.v4.view.ViewCompat.getZ
03-29 04:51:00.190: W/dalvikvm(4800): VFY: unable to resolve virtual method 11701: Landroid/view/View;.getZ ()F
03-29 04:51:00.190: D/dalvikvm(4800): VFY: replacing opcode 0x6e at 0x0006
03-29 04:51:00.190: I/dalvikvm(4800): Could not find method android.view.View.hasExplicitFocusable, referenced from method android.support.v4.view.ViewCompat.hasExplicitFocusable
03-29 04:51:00.190: W/dalvikvm(4800): VFY: unable to resolve virtual method 11702: Landroid/view/View;.hasExplicitFocusable ()Z
03-29 04:51:00.190: D/dalvikvm(4800): VFY: replacing opcode 0x6e at 0x0006
03-29 04:51:00.190: I/dalvikvm(4800): Could not find method android.view.View.hasNestedScrollingParent, referenced from method android.support.v4.view.ViewCompat.hasNestedScrollingParent
03-29 04:51:00.190: W/dalvikvm(4800): VFY: unable to resolve virtual method 11705: Landroid/view/View;.hasNestedScrollingParent ()Z
03-29 04:51:00.190: D/dalvikvm(4800): VFY: replacing opcode 0x6e at 0x0006
03-29 04:51:00.190: I/dalvikvm(4800): Could not find method android.view.View.isFocusedByDefault, referenced from method android.support.v4.view.ViewCompat.isFocusedByDefault
03-29 04:51:00.190: W/dalvikvm(4800): VFY: unable to resolve virtual method 11716: Landroid/view/View;.isFocusedByDefault ()Z
03-29 04:51:00.190: D/dalvikvm(4800): VFY: replacing opcode 0x6e at 0x0006
03-29 04:51:00.190: I/dalvikvm(4800): Could not find method android.view.View.isImportantForAutofill, referenced from method android.support.v4.view.ViewCompat.isImportantForAutofill
03-29 04:51:00.190: W/dalvikvm(4800): VFY: unable to resolve virtual method 11718: Landroid/view/View;.isImportantForAutofill ()Z
03-29 04:51:00.190: D/dalvikvm(4800): VFY: replacing opcode 0x6e at 0x0006
03-29 04:51:00.190: I/dalvikvm(4800): Could not find method android.view.View.isKeyboardNavigationCluster, referenced from method android.support.v4.view.ViewCompat.isKeyboardNavigationCluster
03-29 04:51:00.190: W/dalvikvm(4800): VFY: unable to resolve virtual method 11720: Landroid/view/View;.isKeyboardNavigationCluster ()Z
03-29 04:51:00.190: D/dalvikvm(4800): VFY: replacing opcode 0x6e at 0x0006
03-29 04:51:00.190: I/dalvikvm(4800): Could not find method android.view.View.isNestedScrollingEnabled, referenced from method android.support.v4.view.ViewCompat.isNestedScrollingEnabled
03-29 04:51:00.190: W/dalvikvm(4800): VFY: unable to resolve virtual method 11724: Landroid/view/View;.isNestedScrollingEnabled ()Z
03-29 04:51:00.190: D/dalvikvm(4800): VFY: replacing opcode 0x6e at 0x0006
03-29 04:51:00.190: I/dalvikvm(4800): Could not find method android.view.View.keyboardNavigationClusterSearch, referenced from method android.support.v4.view.ViewCompat.keyboardNavigationClusterSearch
03-29 04:51:00.190: W/dalvikvm(4800): VFY: unable to resolve virtual method 11730: Landroid/view/View;.keyboardNavigationClusterSearch (Landroid/view/View;I)Landroid/view/View;
03-29 04:51:00.190: D/dalvikvm(4800): VFY: replacing opcode 0x6e at 0x0006
03-29 04:51:00.190: E/dalvikvm(4800): Could not find class 'android.view.WindowInsets', referenced from method android.support.v4.view.ViewCompat.onApplyWindowInsets
03-29 04:51:00.190: W/dalvikvm(4800): VFY: unable to resolve check-cast 2005 (Landroid/view/WindowInsets;) in Landroid/support/v4/view/ViewCompat;
03-29 04:51:00.190: D/dalvikvm(4800): VFY: replacing opcode 0x1f at 0x000a
03-29 04:51:00.190: E/dalvikvm(4800): Could not find class 'android.view.View$OnUnhandledKeyEventListener', referenced from method android.support.v4.view.ViewCompat.removeOnUnhandledKeyEventListener
03-29 04:51:00.190: W/dalvikvm(4800): VFY: unable to resolve check-cast 1983 (Landroid/view/View$OnUnhandledKeyEventListener;) in Landroid/support/v4/view/ViewCompat;
03-29 04:51:00.190: D/dalvikvm(4800): VFY: replacing opcode 0x1f at 0x0015
03-29 04:51:00.190: I/dalvikvm(4800): Could not find method android.view.View.requestApplyInsets, referenced from method android.support.v4.view.ViewCompat.requestApplyInsets
03-29 04:51:00.190: W/dalvikvm(4800): VFY: unable to resolve virtual method 11754: Landroid/view/View;.requestApplyInsets ()V
03-29 04:51:00.190: D/dalvikvm(4800): VFY: replacing opcode 0x6e at 0x0006
03-29 04:51:00.190: I/dalvikvm(4800): Could not find method android.view.View.requireViewById, referenced from method android.support.v4.view.ViewCompat.requireViewById
03-29 04:51:00.190: W/dalvikvm(4800): VFY: unable to resolve virtual method 11760: Landroid/view/View;.requireViewById (I)Landroid/view/View;
03-29 04:51:00.190: D/dalvikvm(4800): VFY: replacing opcode 0x6e at 0x0006
03-29 04:51:00.190: I/dalvikvm(4800): Could not find method android.view.View.restoreDefaultFocus, referenced from method android.support.v4.view.ViewCompat.restoreDefaultFocus
03-29 04:51:00.190: W/dalvikvm(4800): VFY: unable to resolve virtual method 11762: Landroid/view/View;.restoreDefaultFocus ()Z
03-29 04:51:00.190: D/dalvikvm(4800): VFY: replacing opcode 0x6e at 0x0006
03-29 04:51:00.190: I/dalvikvm(4800): Could not find method android.view.View.setAutofillHints, referenced from method android.support.v4.view.ViewCompat.setAutofillHints
03-29 04:51:00.190: W/dalvikvm(4800): VFY: unable to resolve virtual method 11773: Landroid/view/View;.setAutofillHints ([Ljava/lang/String;)V
03-29 04:51:00.190: D/dalvikvm(4800): VFY: replacing opcode 0x6e at 0x0006
03-29 04:51:00.190: I/dalvikvm(4800): Could not find method android.view.View.setBackgroundTintList, referenced from method android.support.v4.view.ViewCompat.setBackgroundTintList
03-29 04:51:00.190: W/dalvikvm(4800): VFY: unable to resolve virtual method 11777: Landroid/view/View;.setBackgroundTintList (Landroid/content/res/ColorStateList;)V
03-29 04:51:00.190: D/dalvikvm(4800): VFY: replacing opcode 0x6e at 0x0006
03-29 04:51:00.190: I/dalvikvm(4800): Could not find method android.view.View.setBackgroundTintMode, referenced from method android.support.v4.view.ViewCompat.setBackgroundTintMode
03-29 04:51:00.190: W/dalvikvm(4800): VFY: unable to resolve virtual method 11778: Landroid/view/View;.setBackgroundTintMode (Landroid/graphics/PorterDuff$Mode;)V
03-29 04:51:00.190: D/dalvikvm(4800): VFY: replacing opcode 0x6e at 0x0006
03-29 04:51:00.190: I/dalvikvm(4800): Could not find method android.view.View.setElevation, referenced from method android.support.v4.view.ViewCompat.setElevation
03-29 04:51:00.190: W/dalvikvm(4800): VFY: unable to resolve virtual method 11782: Landroid/view/View;.setElevation (F)V
03-29 04:51:00.190: D/dalvikvm(4800): VFY: replacing opcode 0x6e at 0x0006
03-29 04:51:00.190: I/dalvikvm(4800): Could not find method android.view.View.setFocusedByDefault, referenced from method android.support.v4.view.ViewCompat.setFocusedByDefault
03-29 04:51:00.190: W/dalvikvm(4800): VFY: unable to resolve virtual method 11786: Landroid/view/View;.setFocusedByDefault (Z)V
03-29 04:51:00.190: D/dalvikvm(4800): VFY: replacing opcode 0x6e at 0x0006
03-29 04:51:00.190: I/dalvikvm(4800): Could not find method android.view.View.setImportantForAutofill, referenced from method android.support.v4.view.ViewCompat.setImportantForAutofill
03-29 04:51:00.190: W/dalvikvm(4800): VFY: unable to resolve virtual method 11790: Landroid/view/View;.setImportantForAutofill (I)V
03-29 04:51:00.190: D/dalvikvm(4800): VFY: replacing opcode 0x6e at 0x0006
03-29 04:51:00.190: I/dalvikvm(4800): Could not find method android.view.View.setKeyboardNavigationCluster, referenced from method android.support.v4.view.ViewCompat.setKeyboardNavigationCluster
03-29 04:51:00.190: W/dalvikvm(4800): VFY: unable to resolve virtual method 11791: Landroid/view/View;.setKeyboardNavigationCluster (Z)V
03-29 04:51:00.190: D/dalvikvm(4800): VFY: replacing opcode 0x6e at 0x0006
03-29 04:51:00.190: I/dalvikvm(4800): Could not find method android.view.View.setNestedScrollingEnabled, referenced from method android.support.v4.view.ViewCompat.setNestedScrollingEnabled
03-29 04:51:00.190: W/dalvikvm(4800): VFY: unable to resolve virtual method 11798: Landroid/view/View;.setNestedScrollingEnabled (Z)V
03-29 04:51:00.190: D/dalvikvm(4800): VFY: replacing opcode 0x6e at 0x0006
03-29 04:51:00.190: I/dalvikvm(4800): Could not find method android.view.View.setNextClusterForwardId, referenced from method android.support.v4.view.ViewCompat.setNextClusterForwardId
03-29 04:51:00.190: W/dalvikvm(4800): VFY: unable to resolve virtual method 11799: Landroid/view/View;.setNextClusterForwardId (I)V
03-29 04:51:00.190: D/dalvikvm(4800): VFY: replacing opcode 0x6e at 0x0006
03-29 04:51:00.190: I/dalvikvm(4800): Could not find method android.view.View.setOnApplyWindowInsetsListener, referenced from method android.support.v4.view.ViewCompat.setOnApplyWindowInsetsListener
03-29 04:51:00.190: W/dalvikvm(4800): VFY: unable to resolve virtual method 11800: Landroid/view/View;.setOnApplyWindowInsetsListener (Landroid/view/View$OnApplyWindowInsetsListener;)V
03-29 04:51:00.190: D/dalvikvm(4800): VFY: replacing opcode 0x6e at 0x0009
03-29 04:51:00.190: I/dalvikvm(4800): Failed resolving Landroid/support/v4/view/ViewCompat$1; interface 1978 'Landroid/view/View$OnApplyWindowInsetsListener;'
03-29 04:51:00.190: W/dalvikvm(4800): Link of class 'Landroid/support/v4/view/ViewCompat$1;' failed
03-29 04:51:00.190: E/dalvikvm(4800): Could not find class 'android.support.v4.view.ViewCompat$1', referenced from method android.support.v4.view.ViewCompat.setOnApplyWindowInsetsListener
03-29 04:51:00.190: W/dalvikvm(4800): VFY: unable to resolve new-instance 1578 (Landroid/support/v4/view/ViewCompat$1;) in Landroid/support/v4/view/ViewCompat;
03-29 04:51:00.190: D/dalvikvm(4800): VFY: replacing opcode 0x22 at 0x000d
03-29 04:51:00.190: I/dalvikvm(4800): Could not find method android.view.View.setPointerIcon, referenced from method android.support.v4.view.ViewCompat.setPointerIcon
03-29 04:51:00.190: W/dalvikvm(4800): VFY: unable to resolve virtual method 11809: Landroid/view/View;.setPointerIcon (Landroid/view/PointerIcon;)V
03-29 04:51:00.190: D/dalvikvm(4800): VFY: replacing opcode 0x6e at 0x0012
03-29 04:51:00.190: I/dalvikvm(4800): Could not find method android.view.View.setScrollIndicators, referenced from method android.support.v4.view.ViewCompat.setScrollIndicators
03-29 04:51:00.190: W/dalvikvm(4800): VFY: unable to resolve virtual method 11817: Landroid/view/View;.setScrollIndicators (I)V
03-29 04:51:00.190: D/dalvikvm(4800): VFY: replacing opcode 0x6e at 0x0006
03-29 04:51:00.190: I/dalvikvm(4800): Could not find method android.view.View.setScrollIndicators, referenced from method android.support.v4.view.ViewCompat.setScrollIndicators
03-29 04:51:00.190: W/dalvikvm(4800): VFY: unable to resolve virtual method 11818: Landroid/view/View;.setScrollIndicators (II)V
03-29 04:51:00.190: D/dalvikvm(4800): VFY: replacing opcode 0x6e at 0x0006
03-29 04:51:00.190: I/dalvikvm(4800): Could not find method android.view.View.setTooltipText, referenced from method android.support.v4.view.ViewCompat.setTooltipText
03-29 04:51:00.190: W/dalvikvm(4800): VFY: unable to resolve virtual method 11822: Landroid/view/View;.setTooltipText (Ljava/lang/CharSequence;)V
03-29 04:51:00.190: D/dalvikvm(4800): VFY: replacing opcode 0x6e at 0x0006
03-29 04:51:00.190: I/dalvikvm(4800): Could not find method android.view.View.setTransitionName, referenced from method android.support.v4.view.ViewCompat.setTransitionName
03-29 04:51:00.190: W/dalvikvm(4800): VFY: unable to resolve virtual method 11823: Landroid/view/View;.setTransitionName (Ljava/lang/String;)V
03-29 04:51:00.190: D/dalvikvm(4800): VFY: replacing opcode 0x6e at 0x0006
03-29 04:51:00.190: I/dalvikvm(4800): Could not find method android.view.View.setTranslationZ, referenced from method android.support.v4.view.ViewCompat.setTranslationZ
03-29 04:51:00.190: W/dalvikvm(4800): VFY: unable to resolve virtual method 11826: Landroid/view/View;.setTranslationZ (F)V
03-29 04:51:00.190: D/dalvikvm(4800): VFY: replacing opcode 0x6e at 0x0006
03-29 04:51:00.190: I/dalvikvm(4800): Could not find method android.view.View.setZ, referenced from method android.support.v4.view.ViewCompat.setZ
03-29 04:51:00.190: W/dalvikvm(4800): VFY: unable to resolve virtual method 11831: Landroid/view/View;.setZ (F)V
03-29 04:51:00.190: D/dalvikvm(4800): VFY: replacing opcode 0x6e at 0x0006
03-29 04:51:00.190: I/dalvikvm(4800): Could not find method android.view.View.startDragAndDrop, referenced from method android.support.v4.view.ViewCompat.startDragAndDrop
03-29 04:51:00.190: W/dalvikvm(4800): VFY: unable to resolve virtual method 11833: Landroid/view/View;.startDragAndDrop (Landroid/content/ClipData;Landroid/view/View$DragShadowBuilder;Ljava/lang/Object;I)Z
03-29 04:51:00.190: D/dalvikvm(4800): VFY: replacing opcode 0x6e at 0x0006
03-29 04:51:00.190: I/dalvikvm(4800): Could not find method android.view.View.startNestedScroll, referenced from method android.support.v4.view.ViewCompat.startNestedScroll
03-29 04:51:00.190: W/dalvikvm(4800): VFY: unable to resolve virtual method 11834: Landroid/view/View;.startNestedScroll (I)Z
03-29 04:51:00.190: D/dalvikvm(4800): VFY: replacing opcode 0x6e at 0x0006
03-29 04:51:00.190: I/dalvikvm(4800): Could not find method android.view.View.stopNestedScroll, referenced from method android.support.v4.view.ViewCompat.stopNestedScroll
03-29 04:51:00.190: W/dalvikvm(4800): VFY: unable to resolve virtual method 11835: Landroid/view/View;.stopNestedScroll ()V
03-29 04:51:00.190: D/dalvikvm(4800): VFY: replacing opcode 0x6e at 0x0006
03-29 04:51:00.190: I/dalvikvm(4800): Could not find method android.view.View.updateDragShadow, referenced from method android.support.v4.view.ViewCompat.updateDragShadow
03-29 04:51:00.190: W/dalvikvm(4800): VFY: unable to resolve virtual method 11836: Landroid/view/View;.updateDragShadow (Landroid/view/View$DragShadowBuilder;)V
03-29 04:51:00.190: D/dalvikvm(4800): VFY: replacing opcode 0x6e at 0x0006
03-29 04:51:00.190: I/dalvikvm(4800): Failed resolving Landroid/support/v4/view/ViewCompat$2; interface 1983 'Landroid/view/View$OnUnhandledKeyEventListener;'
03-29 04:51:00.190: W/dalvikvm(4800): Link of class 'Landroid/support/v4/view/ViewCompat$2;' failed
03-29 04:51:00.190: D/dalvikvm(4800): DexOpt: unable to opt direct call 0x1f0d at 0x1d in Landroid/support/v4/view/ViewCompat;.addOnUnhandledKeyEventListener
03-29 04:51:00.190: D/dalvikvm(4800): DexOpt: unable to opt direct call 0x2ee5 at 0x18 in Landroid/support/v4/view/ViewCompat;.dispatchApplyWindowInsets
03-29 04:51:00.190: D/dalvikvm(4800): DexOpt: unable to opt direct call 0x2ee5 at 0x18 in Landroid/support/v4/view/ViewCompat;.onApplyWindowInsets
03-29 04:51:00.190: I/dalvikvm(4800): Failed resolving Landroid/support/v4/view/ViewCompat$1; interface 1978 'Landroid/view/View$OnApplyWindowInsetsListener;'
03-29 04:51:00.190: W/dalvikvm(4800): Link of class 'Landroid/support/v4/view/ViewCompat$1;' failed
03-29 04:51:00.190: D/dalvikvm(4800): DexOpt: unable to opt direct call 0x1f0b at 0x0f in Landroid/support/v4/view/ViewCompat;.setOnApplyWindowInsetsListener
03-29 04:51:00.200: I/dalvikvm(4800): Could not find method android.content.Context.getColorStateList, referenced from method android.support.v7.content.res.AppCompatResources.getColorStateList
03-29 04:51:00.200: W/dalvikvm(4800): VFY: unable to resolve virtual method 459: Landroid/content/Context;.getColorStateList (I)Landroid/content/res/ColorStateList;
03-29 04:51:00.200: D/dalvikvm(4800): VFY: replacing opcode 0x6e at 0x0006
03-29 04:51:00.200: I/dalvikvm(4800): Could not find method android.content.res.Resources.getDrawable, referenced from method android.support.v7.widget.ResourcesWrapper.getDrawable
03-29 04:51:00.200: W/dalvikvm(4800): VFY: unable to resolve virtual method 543: Landroid/content/res/Resources;.getDrawable (ILandroid/content/res/Resources$Theme;)Landroid/graphics/drawable/Drawable;
03-29 04:51:00.200: D/dalvikvm(4800): VFY: replacing opcode 0x6e at 0x0002
03-29 04:51:00.200: I/dalvikvm(4800): Could not find method android.content.res.Resources.getDrawableForDensity, referenced from method android.support.v7.widget.ResourcesWrapper.getDrawableForDensity
03-29 04:51:00.200: W/dalvikvm(4800): VFY: unable to resolve virtual method 545: Landroid/content/res/Resources;.getDrawableForDensity (IILandroid/content/res/Resources$Theme;)Landroid/graphics/drawable/Drawable;
03-29 04:51:00.200: D/dalvikvm(4800): VFY: replacing opcode 0x6e at 0x0002
03-29 04:51:00.200: E/dalvikvm(4800): Could not find class 'android.graphics.drawable.RippleDrawable', referenced from method android.support.v7.widget.AppCompatImageHelper.hasOverlappingRendering
03-29 04:51:00.200: W/dalvikvm(4800): VFY: unable to resolve instanceof 219 (Landroid/graphics/drawable/RippleDrawable;) in Landroid/support/v7/widget/AppCompatImageHelper;
03-29 04:51:00.200: D/dalvikvm(4800): VFY: replacing opcode 0x20 at 0x000c
03-29 04:51:00.210: I/dalvikvm(4800): Could not find method android.widget.TextView.getAutoSizeMaxTextSize, referenced from method android.support.v7.widget.AppCompatTextView.getAutoSizeMaxTextSize
03-29 04:51:00.210: W/dalvikvm(4800): VFY: unable to resolve virtual method 12518: Landroid/widget/TextView;.getAutoSizeMaxTextSize ()I
03-29 04:51:00.210: D/dalvikvm(4800): VFY: replacing opcode 0x6f at 0x0004
03-29 04:51:00.210: I/dalvikvm(4800): Could not find method android.widget.TextView.getAutoSizeMinTextSize, referenced from method android.support.v7.widget.AppCompatTextView.getAutoSizeMinTextSize
03-29 04:51:00.210: W/dalvikvm(4800): VFY: unable to resolve virtual method 12519: Landroid/widget/TextView;.getAutoSizeMinTextSize ()I
03-29 04:51:00.210: D/dalvikvm(4800): VFY: replacing opcode 0x6f at 0x0004
03-29 04:51:00.210: I/dalvikvm(4800): Could not find method android.widget.TextView.getAutoSizeStepGranularity, referenced from method android.support.v7.widget.AppCompatTextView.getAutoSizeStepGranularity
03-29 04:51:00.210: W/dalvikvm(4800): VFY: unable to resolve virtual method 12520: Landroid/widget/TextView;.getAutoSizeStepGranularity ()I
03-29 04:51:00.210: D/dalvikvm(4800): VFY: replacing opcode 0x6f at 0x0004
03-29 04:51:00.210: I/dalvikvm(4800): Could not find method android.widget.TextView.getAutoSizeTextAvailableSizes, referenced from method android.support.v7.widget.AppCompatTextView.getAutoSizeTextAvailableSizes
03-29 04:51:00.210: W/dalvikvm(4800): VFY: unable to resolve virtual method 12521: Landroid/widget/TextView;.getAutoSizeTextAvailableSizes ()[I
03-29 04:51:00.210: D/dalvikvm(4800): VFY: replacing opcode 0x6f at 0x0004
03-29 04:51:00.210: I/dalvikvm(4800): Could not find method android.widget.TextView.getAutoSizeTextType, referenced from method android.support.v7.widget.AppCompatTextView.getAutoSizeTextType
03-29 04:51:00.210: W/dalvikvm(4800): VFY: unable to resolve virtual method 12522: Landroid/widget/TextView;.getAutoSizeTextType ()I
03-29 04:51:00.210: D/dalvikvm(4800): VFY: replacing opcode 0x6f at 0x0005
03-29 04:51:00.210: I/dalvikvm(4800): Could not find method android.widget.TextView.getTextClassifier, referenced from method android.support.v7.widget.AppCompatTextView.getTextClassifier
03-29 04:51:00.210: W/dalvikvm(4800): VFY: unable to resolve virtual method 12554: Landroid/widget/TextView;.getTextClassifier ()Landroid/view/textclassifier/TextClassifier;
03-29 04:51:00.210: D/dalvikvm(4800): VFY: replacing opcode 0x6f at 0x0010
03-29 04:51:00.210: W/dalvikvm(4800): VFY: unable to find class referenced in signature (Landroid/view/textclassifier/TextClassifier;)
03-29 04:51:00.210: W/dalvikvm(4800): VFY: unable to find class referenced in signature (Landroid/view/textclassifier/TextClassifier;)
03-29 04:51:00.210: I/dalvikvm(4800): Could not find method android.widget.TextView.setAutoSizeTextTypeUniformWithConfiguration, referenced from method android.support.v7.widget.AppCompatTextView.setAutoSizeTextTypeUniformWithConfiguration
03-29 04:51:00.210: W/dalvikvm(4800): VFY: unable to resolve virtual method 12573: Landroid/widget/TextView;.setAutoSizeTextTypeUniformWithConfiguration (IIII)V
03-29 04:51:00.210: D/dalvikvm(4800): VFY: replacing opcode 0x6f at 0x0004
03-29 04:51:00.210: I/dalvikvm(4800): Could not find method android.widget.TextView.setAutoSizeTextTypeUniformWithPresetSizes, referenced from method android.support.v7.widget.AppCompatTextView.setAutoSizeTextTypeUniformWithPresetSizes
03-29 04:51:00.210: W/dalvikvm(4800): VFY: unable to resolve virtual method 12574: Landroid/widget/TextView;.setAutoSizeTextTypeUniformWithPresetSizes ([II)V
03-29 04:51:00.210: D/dalvikvm(4800): VFY: replacing opcode 0x6f at 0x0004
03-29 04:51:00.210: I/dalvikvm(4800): Could not find method android.widget.TextView.setAutoSizeTextTypeWithDefaults, referenced from method android.support.v7.widget.AppCompatTextView.setAutoSizeTextTypeWithDefaults
03-29 04:51:00.210: W/dalvikvm(4800): VFY: unable to resolve virtual method 12575: Landroid/widget/TextView;.setAutoSizeTextTypeWithDefaults (I)V
03-29 04:51:00.210: D/dalvikvm(4800): VFY: replacing opcode 0x6f at 0x0004
03-29 04:51:00.210: I/dalvikvm(4800): Could not find method android.widget.TextView.setFirstBaselineToTopHeight, referenced from method android.support.v7.widget.AppCompatTextView.setFirstBaselineToTopHeight
03-29 04:51:00.210: W/dalvikvm(4800): VFY: unable to resolve virtual method 12591: Landroid/widget/TextView;.setFirstBaselineToTopHeight (I)V
03-29 04:51:00.210: D/dalvikvm(4800): VFY: replacing opcode 0x6f at 0x0006
03-29 04:51:00.210: I/dalvikvm(4800): Could not find method android.widget.TextView.setLastBaselineToBottomHeight, referenced from method android.support.v7.widget.AppCompatTextView.setLastBaselineToBottomHeight
03-29 04:51:00.210: W/dalvikvm(4800): VFY: unable to resolve virtual method 12597: Landroid/widget/TextView;.setLastBaselineToBottomHeight (I)V
03-29 04:51:00.210: D/dalvikvm(4800): VFY: replacing opcode 0x6f at 0x0006
03-29 04:51:00.210: W/dalvikvm(4800): VFY: unable to find class referenced in signature (Landroid/view/textclassifier/TextClassifier;)
03-29 04:51:00.210: I/dalvikvm(4800): Could not find method android.widget.TextView.setTextClassifier, referenced from method android.support.v7.widget.AppCompatTextView.setTextClassifier
03-29 04:51:00.210: W/dalvikvm(4800): VFY: unable to resolve virtual method 12613: Landroid/widget/TextView;.setTextClassifier (Landroid/view/textclassifier/TextClassifier;)V
03-29 04:51:00.210: D/dalvikvm(4800): VFY: replacing opcode 0x6f at 0x000f
03-29 04:51:00.210: W/dalvikvm(4800): VFY: unable to find class referenced in signature (Landroid/view/textclassifier/TextClassifier;)
03-29 04:51:00.210: I/ActivityManager(1712): Start proc com.android.vending for broadcast com.android.vending/com.google.android.finsky.receivers.AccountsChangedReceiver: pid=4885 uid=10016 gids={50016, 3003, 1028, 1015}
03-29 04:51:00.220: I/dalvikvm(4800): Could not find method android.graphics.Typeface.create, referenced from method android.support.v7.widget.AppCompatTextHelper.updateTypefaceAndStyle
03-29 04:51:00.220: W/dalvikvm(4800): VFY: unable to resolve static method 798: Landroid/graphics/Typeface;.create (Landroid/graphics/Typeface;IZ)Landroid/graphics/Typeface;
03-29 04:51:00.220: D/dalvikvm(4800): VFY: replacing opcode 0x71 at 0x00aa
03-29 04:51:00.220: I/dalvikvm(4800): Could not find method android.graphics.Typeface.create, referenced from method android.support.v7.widget.AppCompatTextHelper.updateTypefaceAndStyle
03-29 04:51:00.220: W/dalvikvm(4800): VFY: unable to resolve static method 798: Landroid/graphics/Typeface;.create (Landroid/graphics/Typeface;IZ)Landroid/graphics/Typeface;
03-29 04:51:00.220: D/dalvikvm(4800): VFY: replacing opcode 0x71 at 0x00df
03-29 04:51:00.220: I/dalvikvm(4800): Could not find method android.widget.TextView.setFontVariationSettings, referenced from method android.support.v7.widget.AppCompatTextHelper.loadFromAttributes
03-29 04:51:00.220: W/dalvikvm(4800): VFY: unable to resolve virtual method 12592: Landroid/widget/TextView;.setFontVariationSettings (Ljava/lang/String;)Z
03-29 04:51:00.220: D/dalvikvm(4800): VFY: replacing opcode 0x6e at 0x0211
03-29 04:51:00.220: I/dalvikvm(4800): Could not find method android.os.LocaleList.forLanguageTags, referenced from method android.support.v7.widget.AppCompatTextHelper.loadFromAttributes
03-29 04:51:00.220: W/dalvikvm(4800): VFY: unable to resolve static method 1115: Landroid/os/LocaleList;.forLanguageTags (Ljava/lang/String;)Landroid/os/LocaleList;
03-29 04:51:00.220: D/dalvikvm(4800): VFY: replacing opcode 0x71 at 0x021e
03-29 04:51:00.220: I/dalvikvm(4800): Could not find method java.util.Locale.forLanguageTag, referenced from method android.support.v7.widget.AppCompatTextHelper.loadFromAttributes
03-29 04:51:00.220: W/dalvikvm(4800): VFY: unable to resolve static method 17350: Ljava/util/Locale;.forLanguageTag (Ljava/lang/String;)Ljava/util/Locale;
03-29 04:51:00.220: D/dalvikvm(4800): VFY: replacing opcode 0x71 at 0x0239
03-29 04:51:00.220: I/dalvikvm(4800): Could not find method android.widget.TextView.getAutoSizeStepGranularity, referenced from method android.support.v7.widget.AppCompatTextHelper.loadFromAttributes
03-29 04:51:00.220: W/dalvikvm(4800): VFY: unable to resolve virtual method 12520: Landroid/widget/TextView;.getAutoSizeStepGranularity ()I
03-29 04:51:00.220: D/dalvikvm(4800): VFY: replacing opcode 0x6e at 0x025c
03-29 04:51:00.220: I/dalvikvm(4800): Could not find method android.widget.TextView.setFontVariationSettings, referenced from method android.support.v7.widget.AppCompatTextHelper.onSetTextAppearance
03-29 04:51:00.220: W/dalvikvm(4800): VFY: unable to resolve virtual method 12592: Landroid/widget/TextView;.setFontVariationSettings (Ljava/lang/String;)Z
03-29 04:51:00.220: D/dalvikvm(4800): VFY: replacing opcode 0x6e at 0x0065
03-29 04:51:00.220: I/dalvikvm(4800): Could not find method android.text.StaticLayout$Builder.obtain, referenced from method android.support.v7.widget.AppCompatTextViewAutoSizeHelper.createStaticLayoutForMeasuring
03-29 04:51:00.220: W/dalvikvm(4800): VFY: unable to resolve static method 12028: Landroid/text/StaticLayout$Builder;.obtain (Ljava/lang/CharSequence;IILandroid/text/TextPaint;I)Landroid/text/StaticLayout$Builder;
03-29 04:51:00.220: D/dalvikvm(4800): VFY: replacing opcode 0x71 at 0x0014
03-29 04:51:00.220: I/AuthService(4845): [AccountService] Execution time for add account with authorization code, options: Bundle[{}] is 591 ms.
03-29 04:51:00.230: E/dalvikvm(4800): Could not find class 'android.view.textclassifier.TextClassificationManager', referenced from method android.support.v7.widget.AppCompatTextClassifierHelper.getTextClassifier
03-29 04:51:00.230: W/dalvikvm(4800): VFY: unable to resolve const-class 1873 (Landroid/view/textclassifier/TextClassificationManager;) in Landroid/support/v7/widget/AppCompatTextClassifierHelper;
03-29 04:51:00.230: D/dalvikvm(4800): VFY: replacing opcode 0x1c at 0x000a
03-29 04:51:00.230: W/dalvikvm(4800): VFY: unable to find class referenced in signature (Landroid/view/textclassifier/TextClassifier;)
03-29 04:51:00.230: W/dalvikvm(4800): VFY: unable to find class referenced in signature (Landroid/view/textclassifier/TextClassifier;)
03-29 04:51:00.230: I/dalvikvm(4800): Could not find method android.graphics.Typeface.create, referenced from method android.support.v7.widget.AppCompatTextHelper$1.onFontRetrieved
03-29 04:51:00.230: W/dalvikvm(4800): VFY: unable to resolve static method 815: Landroid/graphics/Typeface;.create (Landroid/graphics/Typeface;IZ)Landroid/graphics/Typeface;
03-29 04:51:00.230: D/dalvikvm(4800): VFY: replacing opcode 0x71 at 0x0014
03-29 04:51:00.230: I/dalvikvm(4800): Could not find method android.content.res.Resources.getColor, referenced from method android.support.v4.content.res.ResourcesCompat.getColor
03-29 04:51:00.230: W/dalvikvm(4800): VFY: unable to resolve virtual method 563: Landroid/content/res/Resources;.getColor (ILandroid/content/res/Resources$Theme;)I
03-29 04:51:00.230: D/dalvikvm(4800): VFY: replacing opcode 0x6e at 0x0006
03-29 04:51:00.230: I/dalvikvm(4800): Could not find method android.content.res.Resources.getColorStateList, referenced from method android.support.v4.content.res.ResourcesCompat.getColorStateList
03-29 04:51:00.230: W/dalvikvm(4800): VFY: unable to resolve virtual method 565: Landroid/content/res/Resources;.getColorStateList (ILandroid/content/res/Resources$Theme;)Landroid/content/res/ColorStateList;
03-29 04:51:00.230: D/dalvikvm(4800): VFY: replacing opcode 0x6e at 0x0006
03-29 04:51:00.230: I/dalvikvm(4800): Could not find method android.content.res.Resources.getDrawable, referenced from method android.support.v4.content.res.ResourcesCompat.getDrawable
03-29 04:51:00.230: W/dalvikvm(4800): VFY: unable to resolve virtual method 572: Landroid/content/res/Resources;.getDrawable (ILandroid/content/res/Resources$Theme;)Landroid/graphics/drawable/Drawable;
03-29 04:51:00.230: D/dalvikvm(4800): VFY: replacing opcode 0x6e at 0x0006
03-29 04:51:00.230: I/dalvikvm(4800): Could not find method android.content.res.Resources.getDrawableForDensity, referenced from method android.support.v4.content.res.ResourcesCompat.getDrawableForDensity
03-29 04:51:00.230: W/dalvikvm(4800): VFY: unable to resolve virtual method 574: Landroid/content/res/Resources;.getDrawableForDensity (IILandroid/content/res/Resources$Theme;)Landroid/graphics/drawable/Drawable;
03-29 04:51:00.230: D/dalvikvm(4800): VFY: replacing opcode 0x6e at 0x0006
03-29 04:51:00.230: I/dalvikvm(4800): Could not find method android.content.res.TypedArray.getType, referenced from method android.support.v4.content.res.FontResourcesParserCompat.getType
03-29 04:51:00.230: W/dalvikvm(4800): VFY: unable to resolve virtual method 615: Landroid/content/res/TypedArray;.getType (I)I
03-29 04:51:00.230: D/dalvikvm(4800): VFY: replacing opcode 0x6e at 0x0006
03-29 04:51:00.230: D/LoginUtil(4828): Instrumentation completed successfully
03-29 04:51:00.240: D/AndroidRuntime(4818): Shutting down VM
03-29 04:51:00.240: D/dalvikvm(4818): GC_CONCURRENT freed 95K, 15% free 559K/656K, paused 0ms+0ms, total 1ms
03-29 04:51:00.240: D/dalvikvm(4800): GC_CONCURRENT freed 474K, 14% free 3273K/3804K, paused 2ms+1ms, total 7ms
03-29 04:51:00.250: D/dalvikvm(2216): GC_CONCURRENT freed 2545K, 31% free 10105K/14588K, paused 5ms+6ms, total 89ms
03-29 04:51:00.250: D/dalvikvm(4800): GC_FOR_ALLOC freed 26K, 15% free 3256K/3804K, paused 4ms, total 4ms
03-29 04:51:00.250: I/dalvikvm-heap(4800): Grow heap (frag case) to 3.323MB for 100236-byte allocation
03-29 04:51:00.250: D/dalvikvm(4800): GC_FOR_ALLOC freed <1K, 15% free 3353K/3904K, paused 4ms, total 4ms
03-29 04:51:00.250: D/dalvikvm(4800): GC_FOR_ALLOC freed <1K, 15% free 3354K/3904K, paused 3ms, total 3ms
03-29 04:51:00.250: I/dalvikvm-heap(4800): Grow heap (frag case) to 4.399MB for 1127532-byte allocation
03-29 04:51:00.260: D/dalvikvm(4800): GC_CONCURRENT freed 0K, 12% free 4455K/5008K, paused 2ms+0ms, total 5ms
03-29 04:51:00.280: I/Icing(2216): updateResources: need to parse waf{com.google.android.gm}
03-29 04:51:00.300: I/Icing(2216): updateResources: need to parse waf{com.google.android.gms}
03-29 04:51:00.320: I/BeaconBle(1857): Client requested scan, settings=BleSettings [scanMode=ZERO_POWER, callbackType=ALL_MATCHES, reportDelayMillis=0, 6 filters, 1 clients, callingClientName=Nearby]
03-29 04:51:00.320: D/BluetoothAdapter(1857): stopLeScan()
03-29 04:51:00.320: D/BtGatt.GattService(2351): stopScan() - queue=1
03-29 04:51:00.320: D/BtGatt.GattService(2351): stopScan() - queue empty; stopping scan
03-29 04:51:00.320: D/BtGatt.btif(2351): btif_gattc_scan
03-29 04:51:00.320: D/BtGatt.btif(2351): btgattc_handle_event: Event 1003
03-29 04:51:00.320: D/BtGatt.GattService(2351): unregisterClient() - clientIf=5
03-29 04:51:00.320: D/BtGatt.btif(2351): btif_gattc_unregister_app
03-29 04:51:00.320: D/BtGatt.btif(2351): btgattc_handle_event: Event 1001
03-29 04:51:00.320: D/BtGatt.btif(2351): btif_gattc_upstreams_evt: Event 1
03-29 04:51:00.320: I/BeaconBle(1857): Scan : No clients left, canceling alarm.
03-29 04:51:00.340: I/Icing(2216): Not indexing corpus from package com.google.android.gm as it has never connected
03-29 04:51:00.340: E/Icing(2216): Aborting indexing of corpus messages/com.google/S37FFK2YM7DQQWXYEWKTQTSGKI-01%40cloudtestlabaccounts.com
03-29 04:51:00.360: I/Remoter(1351): Saved screenshot to '/data/screenshots/__pmv__-0098.jpg'
03-29 04:51:00.450: I/ActivityManager(1712): Force stopping com.google.android.apps.mtaas.loginutil appid=10068 user=0: finished inst
03-29 04:51:00.450: I/ActivityManager(1712): Killing 4828:com.google.android.apps.mtaas.loginutil/u0a68 (adj 0): stop com.google.android.apps.mtaas.loginutil
03-29 04:51:00.460: I/BackdropActivity(4800): android_id: 3662444140250689404
03-29 04:51:00.470: E/dalvikvm(4800): Could not find class 'android.media.AudioAttributes$Builder', referenced from method android.support.v4.app.NotificationCompat$Builder.setSound
03-29 04:51:00.470: W/dalvikvm(4800): VFY: unable to resolve new-instance 223 (Landroid/media/AudioAttributes$Builder;) in Landroid/support/v4/app/NotificationCompat$Builder;
03-29 04:51:00.470: D/dalvikvm(4800): VFY: replacing opcode 0x22 at 0x000f
03-29 04:51:00.470: E/dalvikvm(4800): Could not find class 'android.media.AudioAttributes$Builder', referenced from method android.support.v4.app.NotificationCompat$Builder.setSound
03-29 04:51:00.470: W/dalvikvm(4800): VFY: unable to resolve new-instance 223 (Landroid/media/AudioAttributes$Builder;) in Landroid/support/v4/app/NotificationCompat$Builder;
03-29 04:51:00.470: D/dalvikvm(4800): VFY: replacing opcode 0x22 at 0x000e
03-29 04:51:00.470: D/dalvikvm(4800): DexOpt: unable to opt direct call 0x037c at 0x11 in Landroid/support/v4/app/NotificationCompat$Builder;.setSound
03-29 04:51:00.470: D/dalvikvm(4800): DexOpt: unable to opt direct call 0x037c at 0x10 in Landroid/support/v4/app/NotificationCompat$Builder;.setSound
03-29 04:51:00.470: I/dalvikvm(4800): Could not find method android.app.Notification$Builder.<init>, referenced from method android.support.v4.app.NotificationCompatBuilder.<init>
03-29 04:51:00.470: W/dalvikvm(4800): VFY: unable to resolve direct method 191: Landroid/app/Notification$Builder;.<init> (Landroid/content/Context;Ljava/lang/String;)V
03-29 04:51:00.470: D/dalvikvm(4800): VFY: replacing opcode 0x70 at 0x001f
03-29 04:51:00.470: I/dalvikvm(4800): Could not find method android.app.Notification$Builder.setLocalOnly, referenced from method android.support.v4.app.NotificationCompatBuilder.<init>
03-29 04:51:00.470: W/dalvikvm(4800): VFY: unable to resolve virtual method 218: Landroid/app/Notification$Builder;.setLocalOnly (Z)Landroid/app/Notification$Builder;
03-29 04:51:00.470: D/dalvikvm(4800): VFY: replacing opcode 0x6e at 0x0199
03-29 04:51:00.470: I/dalvikvm(4800): Could not find method android.app.Notification$Builder.setCategory, referenced from method android.support.v4.app.NotificationCompatBuilder.<init>
03-29 04:51:00.470: W/dalvikvm(4800): VFY: unable to resolve virtual method 198: Landroid/app/Notification$Builder;.setCategory (Ljava/lang/String;)Landroid/app/Notification$Builder;
03-29 04:51:00.470: D/dalvikvm(4800): VFY: replacing opcode 0x6e at 0x01ba
03-29 04:51:00.470: I/dalvikvm(4800): Could not find method android.app.Notification$Builder.setRemoteInputHistory, referenced from method android.support.v4.app.NotificationCompatBuilder.<init>
03-29 04:51:00.470: W/dalvikvm(4800): VFY: unable to resolve virtual method 225: Landroid/app/Notification$Builder;.setRemoteInputHistory ([Ljava/lang/CharSequence;)Landroid/app/Notification$Builder;
