03-29 04:50:56.510: W/Primes(4648): background initialization
03-29 04:50:56.520: I/dalvikvm(4648): Could not find method android.content.Context.createDeviceProtectedStorageContext, referenced from method lem.a
03-29 04:50:56.520: W/dalvikvm(4648): VFY: unable to resolve virtual method 1511: Landroid/content/Context;.createDeviceProtectedStorageContext ()Landroid/content/Context;
03-29 04:50:56.520: D/dalvikvm(4648): VFY: replacing opcode 0x6e at 0x003c
03-29 04:50:56.530: I/dalvikvm(4648): Could not find method android.app.AppOpsManager.permissionToOp, referenced from method pn.a
03-29 04:50:56.530: W/dalvikvm(4648): VFY: unable to resolve static method 13744: Landroid/app/AppOpsManager;.permissionToOp (Ljava/lang/String;)Ljava/lang/String;
03-29 04:50:56.530: D/dalvikvm(4648): VFY: replacing opcode 0x71 at 0x000d
03-29 04:50:56.530: I/dalvikvm(4648): Could not find method android.content.Context.getSystemService, referenced from method pn.a
03-29 04:50:56.530: W/dalvikvm(4648): VFY: unable to resolve virtual method 14238: Landroid/content/Context;.getSystemService (Ljava/lang/Class;)Ljava/lang/Object;
03-29 04:50:56.530: D/dalvikvm(4648): VFY: replacing opcode 0x6e at 0x002f
03-29 04:50:56.530: I/dalvikvm(4648): Could not find method android.os.UserManager.isUserUnlocked, referenced from method kfq.a
03-29 04:50:56.530: W/dalvikvm(4648): VFY: unable to resolve virtual method 2279: Landroid/os/UserManager;.isUserUnlocked ()Z
03-29 04:50:56.530: D/dalvikvm(4648): VFY: replacing opcode 0x6e at 0x0014
03-29 04:50:56.530: I/dalvikvm(4648): Could not find method android.content.Context.getSystemService, referenced from method kfq.b
03-29 04:50:56.530: W/dalvikvm(4648): VFY: unable to resolve virtual method 1527: Landroid/content/Context;.getSystemService (Ljava/lang/Class;)Ljava/lang/Object;
03-29 04:50:56.530: D/dalvikvm(4648): VFY: replacing opcode 0x6e at 0x000d
03-29 04:50:56.530: W/GAV2(4648): Thread[main,5,main]: Need to call initialize() and be in fallback mode to start dispatch.
03-29 04:50:56.540: D/dalvikvm(4648): GC_CONCURRENT freed 231K, 8% free 3522K/3804K, paused 1ms+1ms, total 4ms
03-29 04:50:56.560: I/dalvikvm(4648): Could not find method android.os.PowerManager.isInteractive, referenced from method lfz.onActivityPaused
03-29 04:50:56.560: W/dalvikvm(4648): VFY: unable to resolve virtual method 15375: Landroid/os/PowerManager;.isInteractive ()Z
03-29 04:50:56.560: D/dalvikvm(4648): VFY: replacing opcode 0x6e at 0x0021
03-29 04:50:56.570: D/dalvikvm(4648): GC_CONCURRENT freed 376K, 11% free 3533K/3968K, paused 0ms+0ms, total 4ms
03-29 04:50:56.570: I/PrimesTesting(4648): GserviceFlagsSupplier.get()
03-29 04:50:56.580: I/dalvikvm(4648): Could not find method android.os.PowerManager.isInteractive, referenced from method ldb.c
03-29 04:50:56.580: W/dalvikvm(4648): VFY: unable to resolve virtual method 2258: Landroid/os/PowerManager;.isInteractive ()Z
03-29 04:50:56.580: D/dalvikvm(4648): VFY: replacing opcode 0x6e at 0x000e
03-29 04:50:56.600: D/dalvikvm(4648): GC_CONCURRENT freed 356K, 11% free 3668K/4080K, paused 2ms+0ms, total 5ms
03-29 04:50:56.610: I/dalvikvm(4648): Could not find method android.accounts.AccountManager.removeAccountExplicitly, referenced from method etw.a
03-29 04:50:56.610: W/dalvikvm(4648): VFY: unable to resolve virtual method 13537: Landroid/accounts/AccountManager;.removeAccountExplicitly (Landroid/accounts/Account;)Z
03-29 04:50:56.610: D/dalvikvm(4648): VFY: replacing opcode 0x6e at 0x0012
03-29 04:50:56.610: I/dalvikvm(4648): Could not find method android.accounts.AccountManager.removeAccountExplicitly, referenced from method etw.a
03-29 04:50:56.610: W/dalvikvm(4648): VFY: unable to resolve virtual method 13537: Landroid/accounts/AccountManager;.removeAccountExplicitly (Landroid/accounts/Account;)Z
03-29 04:50:56.610: D/dalvikvm(4648): VFY: replacing opcode 0x6e at 0x000a
03-29 04:50:56.610: W/Gmail(4648): Gmail:For b/73513912, load account content://com.android.gmail.ui/account.-2137146394 from MailAppProvider. Is account valid result: 1.
03-29 04:50:56.610: W/Gmail(4648): Gmail:For b/73513912, load account content://com.google.android.gm.email.provider/account.-437561172?suppress_combined%3Dtrue from MailAppProvider. Is account valid result: 1.
03-29 04:50:56.620: I/dalvikvm(4648): Could not find method android.app.RemoteInput.getResultsFromIntent, referenced from method com.google.android.gm.GmailIntentService.onHandleIntent
03-29 04:50:56.620: W/dalvikvm(4648): VFY: unable to resolve static method 13993: Landroid/app/RemoteInput;.getResultsFromIntent (Landroid/content/Intent;)Landroid/os/Bundle;
03-29 04:50:56.620: D/dalvikvm(4648): VFY: replacing opcode 0x77 at 0x0327
03-29 04:50:56.630: I/dalvikvm(1857): Could not find method android.content.Context.isDeviceProtectedStorage, referenced from method bcry.a
03-29 04:50:56.630: W/dalvikvm(1857): VFY: unable to resolve virtual method 4586: Landroid/content/Context;.isDeviceProtectedStorage ()Z
03-29 04:50:56.630: D/dalvikvm(1857): VFY: replacing opcode 0x6e at 0x0006
03-29 04:50:56.640: E/dalvikvm(2216): Could not find class 'android.app.NotificationChannel', referenced from method com.google.android.gms.auth.uiflows.LocaleChangedIntentOperation.onHandleIntent
03-29 04:50:56.640: W/dalvikvm(2216): VFY: unable to resolve check-cast 675 (Landroid/app/NotificationChannel;) in Lcom/google/android/gms/auth/uiflows/LocaleChangedIntentOperation;
03-29 04:50:56.640: D/dalvikvm(2216): VFY: replacing opcode 0x1f at 0x0022
03-29 04:50:56.650: W/ChimeraUtils(2216): Non Chimera context
03-29 04:50:56.650: E/dalvikvm(2216): Could not find class 'android.app.NotificationChannelGroup', referenced from method iro.a
03-29 04:50:56.650: W/dalvikvm(2216): VFY: unable to resolve new-instance 676 (Landroid/app/NotificationChannelGroup;) in Liro;
03-29 04:50:56.650: D/dalvikvm(2216): VFY: replacing opcode 0x22 at 0x0000
03-29 04:50:56.650: E/dalvikvm(2216): Could not find class 'android.app.NotificationChannel', referenced from method iro.a
03-29 04:50:56.650: W/dalvikvm(2216): VFY: unable to resolve new-instance 675 (Landroid/app/NotificationChannel;) in Liro;
03-29 04:50:56.650: D/dalvikvm(2216): VFY: replacing opcode 0x22 at 0x0038
03-29 04:50:56.650: E/dalvikvm(2216): Could not find class 'android.app.NotificationChannel', referenced from method iro.a
03-29 04:50:56.650: W/dalvikvm(2216): VFY: unable to resolve new-instance 675 (Landroid/app/NotificationChannel;) in Liro;
03-29 04:50:56.650: D/dalvikvm(2216): VFY: replacing opcode 0x22 at 0x0052
03-29 04:50:56.650: D/dalvikvm(2216): DexOpt: unable to opt direct call 0x0b29 at 0x0b in Liro;.a
03-29 04:50:56.650: D/dalvikvm(2216): DexOpt: unable to opt direct call 0x0b22 at 0x43 in Liro;.a
03-29 04:50:56.650: D/dalvikvm(2216): DexOpt: unable to opt direct call 0x0b22 at 0x5d in Liro;.a
03-29 04:50:56.650: I/PeopleDatabaseHelper(2216): Updating DB locale: en_US -> en_GB
03-29 04:50:56.680: W/ChimeraUtils(1857): Non Chimera context
03-29 04:50:56.720: I/PeopleSearchIndexManage(2216): Marking for index update.
03-29 04:50:56.730: D/dalvikvm(1940): GC_EXPLICIT freed 191K, 35% free 5203K/7972K, paused 1ms+1ms, total 12ms
03-29 04:50:56.790: E/dalvikvm(2216): Could not find class 'android.app.NotificationChannel', referenced from method aqkv.<init>
03-29 04:50:56.790: W/dalvikvm(2216): VFY: unable to resolve new-instance 5639 (Landroid/app/NotificationChannel;) in Laqkv;
03-29 04:50:56.790: D/dalvikvm(2216): VFY: replacing opcode 0x22 at 0x001a
03-29 04:50:56.790: I/dalvikvm(2216): Could not find method android.app.Notification$Builder.addExtras, referenced from method aqkv.a
03-29 04:50:56.790: W/dalvikvm(2216): VFY: unable to resolve virtual method 22632: Landroid/app/Notification$Builder;.addExtras (Landroid/os/Bundle;)Landroid/app/Notification$Builder;
03-29 04:50:56.790: D/dalvikvm(2216): VFY: replacing opcode 0x6e at 0x0085
03-29 04:50:56.790: I/dalvikvm(2216): Could not find method android.app.Notification$Builder.setColor, referenced from method aqkv.a
03-29 04:50:56.790: W/dalvikvm(2216): VFY: unable to resolve virtual method 22638: Landroid/app/Notification$Builder;.setColor (I)Landroid/app/Notification$Builder;
03-29 04:50:56.790: D/dalvikvm(2216): VFY: replacing opcode 0x6e at 0x0090
03-29 04:50:56.790: I/dalvikvm(2216): Could not find method android.app.Notification$Builder.setGroup, referenced from method aqkv.a
03-29 04:50:56.790: W/dalvikvm(2216): VFY: unable to resolve virtual method 22644: Landroid/app/Notification$Builder;.setGroup (Ljava/lang/String;)Landroid/app/Notification$Builder;
03-29 04:50:56.790: D/dalvikvm(2216): VFY: replacing opcode 0x6e at 0x00d7
03-29 04:50:56.790: I/dalvikvm(2216): Could not find method android.app.Notification$Builder.setChannelId, referenced from method aqkv.a
03-29 04:50:56.790: W/dalvikvm(2216): VFY: unable to resolve virtual method 22637: Landroid/app/Notification$Builder;.setChannelId (Ljava/lang/String;)Landroid/app/Notification$Builder;
03-29 04:50:56.790: D/dalvikvm(2216): VFY: replacing opcode 0x6e at 0x00f7
03-29 04:50:56.790: I/dalvikvm(2216): Could not find method android.graphics.drawable.Icon.createWithBitmap, referenced from method aqkv.a
03-29 04:50:56.790: W/dalvikvm(2216): VFY: unable to resolve static method 23451: Landroid/graphics/drawable/Icon;.createWithBitmap (Landroid/graphics/Bitmap;)Landroid/graphics/drawable/Icon;
03-29 04:50:56.790: D/dalvikvm(2216): VFY: replacing opcode 0x71 at 0x000e
03-29 04:50:56.790: I/dalvikvm(2216): Could not find method android.app.Notification$Builder.setChannelId, referenced from method aqkv.a
03-29 04:50:56.790: W/dalvikvm(2216): VFY: unable to resolve virtual method 22637: Landroid/app/Notification$Builder;.setChannelId (Ljava/lang/String;)Landroid/app/Notification$Builder;
03-29 04:50:56.790: D/dalvikvm(2216): VFY: replacing opcode 0x6e at 0x0121
03-29 04:50:56.790: I/dalvikvm(2216): Could not find method android.app.Notification$Builder.addPerson, referenced from method aqkv.a
03-29 04:50:56.790: W/dalvikvm(2216): VFY: unable to resolve virtual method 22633: Landroid/app/Notification$Builder;.addPerson (Ljava/lang/String;)Landroid/app/Notification$Builder;
03-29 04:50:56.790: D/dalvikvm(2216): VFY: replacing opcode 0x6e at 0x0142
03-29 04:50:56.790: I/dalvikvm(2216): Could not find method android.app.Notification$Builder.setChannelId, referenced from method aqkv.a
03-29 04:50:56.790: W/dalvikvm(2216): VFY: unable to resolve virtual method 22637: Landroid/app/Notification$Builder;.setChannelId (Ljava/lang/String;)Landroid/app/Notification$Builder;
03-29 04:50:56.790: D/dalvikvm(2216): VFY: replacing opcode 0x6e at 0x0195
03-29 04:50:56.800: D/dalvikvm(2216): DexOpt: unable to opt direct call 0x5885 at 0x23 in Laqkv;.<init>
03-29 04:50:56.800: D/dalvikvm(2216): DexOpt: unable to opt direct call 0x5885 at 0x2f in Laqkv;.<init>
03-29 04:50:56.800: I/dalvikvm(2216): Could not find method android.app.NotificationManager.areNotificationsEnabled, referenced from method tr.a
03-29 04:50:56.800: W/dalvikvm(2216): VFY: unable to resolve virtual method 2859: Landroid/app/NotificationManager;.areNotificationsEnabled ()Z
03-29 04:50:56.800: D/dalvikvm(2216): VFY: replacing opcode 0x6e at 0x000a
03-29 04:50:56.800: W/ChimeraUtils(2216): Non Chimera context
03-29 04:50:56.840: E/NetworkScheduler(1857): Invalid component specified.
03-29 04:50:56.840: I/dalvikvm(4648): Could not find method android.app.NotificationManager.getNotificationChannelGroups, referenced from method exv.a
03-29 04:50:56.840: W/dalvikvm(4648): VFY: unable to resolve virtual method 13964: Landroid/app/NotificationManager;.getNotificationChannelGroups ()Ljava/util/List;
03-29 04:50:56.840: D/dalvikvm(4648): VFY: replacing opcode 0x6e at 0x0056
03-29 04:50:56.850: D/Launcher(1887): 11683562 - bindAddScreens()
03-29 04:50:56.850: D/Launcher(1887): 11683562 -   orderedScreenIds: 3
03-29 04:50:56.850: D/Launcher.Workspace(1887): 11683562 - insertNewWorkspaceScreen(): 3 at index: 0
03-29 04:50:56.850: E/dalvikvm(4648): Could not find class 'android.app.NotificationChannel', referenced from method exv.b
03-29 04:50:56.850: W/dalvikvm(4648): VFY: unable to resolve new-instance 2224 (Landroid/app/NotificationChannel;) in Lexv;
03-29 04:50:56.850: D/dalvikvm(4648): VFY: replacing opcode 0x22 at 0x0014
03-29 04:50:56.850: D/dalvikvm(4648): DexOpt: unable to opt direct call 0x3679 at 0x19 in Lexv;.b
03-29 04:50:56.860: I/dalvikvm(4648): Could not find method android.app.NotificationManager.areNotificationsEnabled, referenced from method oj.b
03-29 04:50:56.860: W/dalvikvm(4648): VFY: unable to resolve virtual method 13956: Landroid/app/NotificationManager;.areNotificationsEnabled ()Z
03-29 04:50:56.860: I/PeopleSearchIndexManage(2216): Index version changed from 0
03-29 04:50:56.860: D/dalvikvm(4648): VFY: replacing opcode 0x6e at 0x0008
03-29 04:50:56.860: I/PeopleSearchIndexManage(2216): Rebuilding index...
03-29 04:50:56.880: I/PeopleASM(2216): Rebuilding autocomplete index...
03-29 04:50:56.890: D/dalvikvm(4648): GC_CONCURRENT freed 229K, 7% free 3827K/4108K, paused 0ms+1ms, total 6ms
03-29 04:50:56.900: I/PeopleSearchIndexManage(2216): Rebuilding index done.
03-29 04:50:56.900: D/AndroidRuntime(4709): >>>>>> AndroidRuntime START com.android.internal.os.RuntimeInit <<<<<<
03-29 04:50:56.900: W/linker(4709): libdvm.so has text relocations. This is wasting memory and is a security risk. Please fix.
03-29 04:50:56.910: D/dalvikvm(2216): GC_CONCURRENT freed 2223K, 31% free 10168K/14588K, paused 4ms+3ms, total 44ms
03-29 04:50:56.920: D/AndroidRuntime(4709): CheckJNI is OFF
03-29 04:50:56.940: D/dalvikvm(4709): Trying to load lib libjavacore.so 0x0
03-29 04:50:56.940: D/dalvikvm(4709): Added shared lib libjavacore.so 0x0
03-29 04:50:56.940: D/dalvikvm(4709): Trying to load lib libnativehelper.so 0x0
03-29 04:50:56.940: D/dalvikvm(4709): Added shared lib libnativehelper.so 0x0
03-29 04:50:56.940: D/dalvikvm(4709): No JNI_OnLoad found in libnativehelper.so 0x0, skipping init
03-29 04:50:56.990: D/dalvikvm(4709): Note: class Landroid/app/ActivityManagerNative; has 179 unimplemented (abstract) methods
03-29 04:50:57.080: E/memtrack(4709): Couldn't load memtrack module (No such file or directory)
03-29 04:50:57.080: E/android.os.Debug(4709): failed to load memtrack module: -2
03-29 04:50:57.100: D/AndroidRuntime(4709): Calling main entry com.android.commands.settings.SettingsCmd
03-29 04:50:57.100: D/SettingsProvider(1712): User 0 external modification to /data/data/com.android.providers.settings/databases/settings.db; event=2
03-29 04:50:57.100: D/SettingsProvider(1712): User 0 updating our caches for /data/data/com.android.providers.settings/databases/settings.db
03-29 04:50:57.120: D/AndroidRuntime(4709): Shutting down VM
03-29 04:50:57.120: D/dalvikvm(4709): GC_CONCURRENT freed 94K, 16% free 553K/652K, paused 0ms+0ms, total 1ms
03-29 04:50:57.120: D/dalvikvm(1887): GC_FOR_ALLOC freed 651K, 11% free 8016K/8916K, paused 82ms, total 83ms
03-29 04:50:57.150: I/dalvikvm(4648): Could not find method android.content.Context.startForegroundService, referenced from method com.android.email.service.AttachmentService.a
03-29 04:50:57.150: W/dalvikvm(4648): VFY: unable to resolve virtual method 14260: Landroid/content/Context;.startForegroundService (Landroid/content/Intent;)Landroid/content/ComponentName;
03-29 04:50:57.150: D/dalvikvm(4648): VFY: replacing opcode 0x6e at 0x0014
03-29 04:50:57.160: D/dalvikvm(1857): GC_CONCURRENT freed 1781K, 20% free 9204K/11412K, paused 2ms+20ms, total 56ms
03-29 04:50:57.160: D/dalvikvm(1857): WAIT_FOR_CONCURRENT_GC blocked 40ms
03-29 04:50:57.160: D/dalvikvm(1857): WAIT_FOR_CONCURRENT_GC blocked 39ms
03-29 04:50:57.170: D/dalvikvm(1857): WAIT_FOR_CONCURRENT_GC blocked 44ms
03-29 04:50:57.170: D/dalvikvm(1857): WAIT_FOR_CONCURRENT_GC blocked 45ms
03-29 04:50:57.170: I/dalvikvm(3612): Could not find method android.app.NotificationManager.getNotificationChannels, referenced from method abna.a
03-29 04:50:57.170: W/dalvikvm(3612): VFY: unable to resolve virtual method 40830: Landroid/app/NotificationManager;.getNotificationChannels ()Ljava/util/List;
03-29 04:50:57.170: D/dalvikvm(3612): VFY: replacing opcode 0x6e at 0x00c4
03-29 04:50:57.170: I/dalvikvm(3612): Could not find method android.app.NotificationManager.getNotificationChannels, referenced from method abna.d
03-29 04:50:57.170: W/dalvikvm(3612): VFY: unable to resolve virtual method 40830: Landroid/app/NotificationManager;.getNotificationChannels ()Ljava/util/List;
03-29 04:50:57.170: D/dalvikvm(3612): VFY: replacing opcode 0x6e at 0x0066
03-29 04:50:57.180: I/BeaconBle(1857): Scan : No clients left, canceling alarm.
03-29 04:50:57.180: I/BeaconBle(1857): Nearby requested to stop scan
03-29 04:50:57.190: I/BeaconBle(1857): Scan canceled successfully.
03-29 04:50:57.200: I/Remoter(1351): Saved screenshot to '/data/screenshots/__pmv__-0095.jpg'
03-29 04:50:57.210: I/dalvikvm(3612): Could not find method android.app.NotificationManager.areNotificationsEnabled, referenced from method rs.a
03-29 04:50:57.210: W/dalvikvm(3612): VFY: unable to resolve virtual method 40823: Landroid/app/NotificationManager;.areNotificationsEnabled ()Z
03-29 04:50:57.210: D/dalvikvm(3612): VFY: replacing opcode 0x6e at 0x0008
03-29 04:50:57.210: W/ActivityManager(1712): Unable to start service Intent { cmp=com.google.android.gm/com.android.email.service.AttachmentService } U=0: not found
03-29 04:50:57.310: I/BeaconBle(1857): Client requested scan, settings=BleSettings [scanMode=LOW_LATENCY, callbackType=ALL_MATCHES, reportDelayMillis=0, 6 filters, 1 clients, callingClientName=Nearby]
03-29 04:50:57.320: D/BluetoothAdapter(1857): startLeScan(): null
03-29 04:50:57.320: D/BtGatt.GattService(2351): registerClient() - UUID=db3a6076-bbe9-4160-b735-cdc5985e1400
03-29 04:50:57.320: D/BtGatt.btif(2351): btif_gattc_register_app
03-29 04:50:57.320: D/BtGatt.btif(2351): btgattc_handle_event: Event 1000
03-29 04:50:57.320: D/BtGatt.btif(2351): btif_gattc_upstreams_evt: Event 0
03-29 04:50:57.320: D/BtGatt.GattService(2351): onClientRegistered() - UUID=db3a6076-bbe9-4160-b735-cdc5985e1400, clientIf=5
03-29 04:50:57.320: D/BluetoothAdapter(1857): onClientRegistered() - status=0 clientIf=5
03-29 04:50:57.320: D/BtGatt.GattService(2351): startScan() - queue=0
03-29 04:50:57.320: D/BtGatt.GattService(2351): startScan() - adding client=5
03-29 04:50:57.320: D/BtGatt.btif(2351): btif_gattc_scan
03-29 04:50:57.330: D/BtGatt.btif(2351): btgattc_handle_event: Event 1002
03-29 04:50:57.330: W/GCoreFlp(1857): No location to return for getLastLocation()
03-29 04:50:57.340: W/NearbyMessages(1857): LocationProvider returns null [CONTEXT service_id=62 ]
03-29 04:50:57.350: I/Icing(2216): Indexing com.google.android.googlequicksearchbox-applications__id from com.google.android.googlequicksearchbox
03-29 04:50:57.350: I/NearbyMessages(1857): NetworkPollManager:  RPC was requested, but deemed unnecessary. [CONTEXT service_id=62 ]
03-29 04:50:57.380: D/dalvikvm(1887): GC_FOR_ALLOC freed 1043K, 16% free 8158K/9696K, paused 21ms, total 25ms
03-29 04:50:57.440: D/AndroidRuntime(4744): >>>>>> AndroidRuntime START com.android.internal.os.RuntimeInit <<<<<<
03-29 04:50:57.440: W/linker(4744): libdvm.so has text relocations. This is wasting memory and is a security risk. Please fix.
03-29 04:50:57.450: D/AndroidRuntime(4744): CheckJNI is OFF
03-29 04:50:57.450: D/dalvikvm(4744): Trying to load lib libjavacore.so 0x0
03-29 04:50:57.460: D/dalvikvm(4744): Added shared lib libjavacore.so 0x0
03-29 04:50:57.460: D/dalvikvm(4744): Trying to load lib libnativehelper.so 0x0
03-29 04:50:57.460: D/dalvikvm(4744): Added shared lib libnativehelper.so 0x0
03-29 04:50:57.460: D/dalvikvm(4744): No JNI_OnLoad found in libnativehelper.so 0x0, skipping init
03-29 04:50:57.470: D/dalvikvm(4744): Note: class Landroid/app/ActivityManagerNative; has 179 unimplemented (abstract) methods
03-29 04:50:57.480: D/dalvikvm(1887): GC_FOR_ALLOC freed 243K, 14% free 8494K/9876K, paused 23ms, total 25ms
03-29 04:50:57.510: E/memtrack(4744): Couldn't load memtrack module (No such file or directory)
03-29 04:50:57.510: E/android.os.Debug(4744): failed to load memtrack module: -2
03-29 04:50:57.520: D/dalvikvm(2216): GC_CONCURRENT freed 2253K, 30% free 10257K/14588K, paused 5ms+2ms, total 45ms
03-29 04:50:57.530: D/AndroidRuntime(4744): Calling main entry com.android.commands.settings.SettingsCmd
03-29 04:50:57.540: D/AndroidRuntime(4744): Shutting down VM
03-29 04:50:57.540: D/dalvikvm(4744): GC_CONCURRENT freed 94K, 16% free 554K/652K, paused 0ms+0ms, total 0ms
03-29 04:50:57.600: D/dalvikvm(2598): GC_CONCURRENT freed 421K, 15% free 3814K/4472K, paused 0ms+0ms, total 3ms
03-29 04:50:57.630: I/Icing(2216): Indexing done com.google.android.googlequicksearchbox-applications__id
03-29 04:50:57.640: I/Icing(2216): IndexChimeraService.getServiceInterface callingPackage=com.google.android.gms componentName=AppsCorpus serviceId=32
03-29 04:50:57.650: I/Icing(2216): IndexChimeraService.getServiceInterface callingPackage=com.google.android.gms componentName=AppsCorpus serviceId=36
03-29 04:50:57.650: I/Icing(2216): Query from package: com.google.android.gms, component: AppsCorpus, restrict package: com.google.android.gms, start: 0, num: 100 maxNumSlices: 2147483647
03-29 04:50:57.650: I/Icing(2216): Usage reports ok 0, Failed Usage reports 0, indexed 0, rejected 0, imm upload false
03-29 04:50:57.660: I/Icing(2216): Usage reports ok 0, Failed Usage reports 0, indexed 0, rejected 0, imm upload false
03-29 04:50:57.670: I/Icing(2216): IndexChimeraService.getServiceInterface callingPackage=com.google.android.gms componentName=AppsCorpus serviceId=32
03-29 04:50:57.670: I/Icing(2216): IndexChimeraService.getServiceInterface callingPackage=com.google.android.gms componentName=AppsCorpus serviceId=36
03-29 04:50:57.680: I/Icing(2216): Usage reports ok 0, Failed Usage reports 0, indexed 0, rejected 0, imm upload false
03-29 04:50:57.680: I/Icing(2216): Usage reports ok 0, Failed Usage reports 0, indexed 0, rejected 0, imm upload false
03-29 04:50:57.700: D/dalvikvm(2216): GC_CONCURRENT freed 2573K, 31% free 10090K/14588K, paused 1ms+1ms, total 21ms
03-29 04:50:57.910: D/AndroidRuntime(4760): >>>>>> AndroidRuntime START com.android.internal.os.RuntimeInit <<<<<<
03-29 04:50:57.910: W/linker(4760): libdvm.so has text relocations. This is wasting memory and is a security risk. Please fix.
03-29 04:50:57.910: D/AndroidRuntime(4760): CheckJNI is OFF
03-29 04:50:57.920: D/dalvikvm(4760): Trying to load lib libjavacore.so 0x0
03-29 04:50:57.920: D/dalvikvm(4760): Added shared lib libjavacore.so 0x0
03-29 04:50:57.920: D/dalvikvm(4760): Trying to load lib libnativehelper.so 0x0
03-29 04:50:57.920: D/dalvikvm(4760): Added shared lib libnativehelper.so 0x0
03-29 04:50:57.920: D/dalvikvm(4760): No JNI_OnLoad found in libnativehelper.so 0x0, skipping init
03-29 04:50:57.920: D/dalvikvm(4760): Note: class Landroid/app/ActivityManagerNative; has 179 unimplemented (abstract) methods
03-29 04:50:57.950: E/memtrack(4760): Couldn't load memtrack module (No such file or directory)
03-29 04:50:57.950: E/android.os.Debug(4760): failed to load memtrack module: -2
03-29 04:50:57.960: D/AndroidRuntime(4760): Calling main entry com.android.commands.settings.SettingsCmd
03-29 04:50:57.970: D/AndroidRuntime(4760): Shutting down VM
03-29 04:50:57.970: D/dalvikvm(4760): GC_CONCURRENT freed 94K, 16% free 553K/652K, paused 0ms+0ms, total 0ms
03-29 04:50:58.160: E/dual_mode_controller(2351): LE scan
03-29 04:50:58.230: I/Remoter(1351): Saved screenshot to '/data/screenshots/__pmv__-0096.jpg'
03-29 04:50:58.280: D/AndroidRuntime(4774): >>>>>> AndroidRuntime START com.android.internal.os.RuntimeInit <<<<<<
03-29 04:50:58.280: W/linker(4774): libdvm.so has text relocations. This is wasting memory and is a security risk. Please fix.
03-29 04:50:58.280: D/AndroidRuntime(4774): CheckJNI is OFF
03-29 04:50:58.280: D/dalvikvm(4774): Trying to load lib libjavacore.so 0x0
03-29 04:50:58.280: D/dalvikvm(4774): Added shared lib libjavacore.so 0x0
03-29 04:50:58.280: D/dalvikvm(4774): Trying to load lib libnativehelper.so 0x0
03-29 04:50:58.280: D/dalvikvm(4774): Added shared lib libnativehelper.so 0x0
03-29 04:50:58.280: D/dalvikvm(4774): No JNI_OnLoad found in libnativehelper.so 0x0, skipping init
03-29 04:50:58.290: D/dalvikvm(4774): Note: class Landroid/app/ActivityManagerNative; has 179 unimplemented (abstract) methods
03-29 04:50:58.320: E/memtrack(4774): Couldn't load memtrack module (No such file or directory)
03-29 04:50:58.320: E/android.os.Debug(4774): failed to load memtrack module: -2
03-29 04:50:58.330: D/AndroidRuntime(4774): Calling main entry com.android.commands.input.Input
03-29 04:50:58.330: I/Input(4774): injectKeyEvent: KeyEvent { action=ACTION_DOWN, keyCode=KEYCODE_HOME, scanCode=0, metaState=0, flags=0x0, repeatCount=0, eventTime=382707, downTime=382707, deviceId=-1, source=0x101 }
03-29 04:50:58.340: I/Input(4774): injectKeyEvent: KeyEvent { action=ACTION_UP, keyCode=KEYCODE_HOME, scanCode=0, metaState=0, flags=0x0, repeatCount=0, eventTime=382707, downTime=382707, deviceId=-1, source=0x101 }
03-29 04:50:58.340: I/GceLights(1712): set_light: dev 0xb7d79390 state 0x7d3449a4
03-29 04:50:58.340: I/GceLights(1712): set_light: state value -16053493
03-29 04:50:58.340: D/AndroidRuntime(4774): Shutting down VM
03-29 04:50:58.340: D/dalvikvm(4774): GC_CONCURRENT freed 96K, 15% free 554K/652K, paused 0ms+0ms, total 1ms
03-29 04:50:58.340: I/ActivityManager(1712): START u0 {act=android.intent.action.MAIN cat=[android.intent.category.HOME] flg=0x10200000 cmp=com.android.launcher3/.Launcher} from pid 1712
03-29 04:50:58.350: I/GceLights(1712): set_light: dev 0xb7d79390 state 0x7b52d9a4
03-29 04:50:58.350: I/GceLights(1712): set_light: state value -15856114
03-29 04:50:58.370: I/GceLights(1712): set_light: dev 0xb7d79390 state 0x7bb219a4
03-29 04:50:58.370: I/GceLights(1712): set_light: state value -15658735
03-29 04:50:58.390: I/GceLights(1712): set_light: dev 0xb7d79390 state 0x7d3449a4
03-29 04:50:58.390: I/GceLights(1712): set_light: state value -15395563
03-29 04:50:58.400: I/GceLights(1712): set_light: dev 0xb7d79390 state 0x7b52d9a4
03-29 04:50:58.400: I/GceLights(1712): set_light: state value -15198184
03-29 04:50:58.430: I/GceLights(1712): set_light: dev 0xb7d79390 state 0x7bb219a4
03-29 04:50:58.430: I/GceLights(1712): set_light: state value -15000805
03-29 04:50:58.440: I/GceLights(1712): set_light: dev 0xb7d79390 state 0x7d3449a4
03-29 04:50:58.440: I/GceLights(1712): set_light: state value -14737633
03-29 04:50:58.450: I/GceLights(1712): set_light: dev 0xb7d79390 state 0x7b52d9a4
03-29 04:50:58.450: I/GceLights(1712): set_light: state value -14540254
03-29 04:50:58.470: I/GceLights(1712): set_light: dev 0xb7d79390 state 0x7bb219a4
03-29 04:50:58.470: I/GceLights(1712): set_light: state value -14342875
03-29 04:50:58.490: I/GceLights(1712): set_light: dev 0xb7d79390 state 0x7d3449a4
03-29 04:50:58.490: I/GceLights(1712): set_light: state value -14079703
03-29 04:50:58.500: I/GceLights(1712): set_light: dev 0xb7d79390 state 0x7b52d9a4
03-29 04:50:58.500: I/GceLights(1712): set_light: state value -13882324
03-29 04:50:58.530: I/GceLights(1712): set_light: dev 0xb7d79390 state 0x7bb219a4
03-29 04:50:58.530: I/GceLights(1712): set_light: state value -13684945
03-29 04:50:58.530: D/dalvikvm(1712): GC_EXPLICIT freed 1016K, 23% free 8878K/11456K, paused 1ms+2ms, total 33ms
03-29 04:50:58.540: I/GceLights(1712): set_light: dev 0xb7d79390 state 0x7d3449a4
03-29 04:50:58.540: I/GceLights(1712): set_light: state value -13421773
03-29 04:50:58.550: I/GceLights(1712): set_light: dev 0xb7d79390 state 0x7b52d9a4
03-29 04:50:58.550: I/GceLights(1712): set_light: state value -13224394
03-29 04:50:58.570: I/GceLights(1712): set_light: dev 0xb7d79390 state 0x7bb219a4
03-29 04:50:58.570: I/GceLights(1712): set_light: state value -13027015
03-29 04:50:58.590: I/GceLights(1712): set_light: dev 0xb7d79390 state 0x7d3449a4
03-29 04:50:58.590: I/GceLights(1712): set_light: state value -12763843
03-29 04:50:58.600: I/GceLights(1712): set_light: dev 0xb7d79390 state 0x7b52d9a4
03-29 04:50:58.600: I/GceLights(1712): set_light: state value -12566464
03-29 04:50:58.620: I/GceLights(1712): set_light: dev 0xb7d79390 state 0x7bb219a4
03-29 04:50:58.620: I/GceLights(1712): set_light: state value -12369085
03-29 04:50:58.640: I/GceLights(1712): set_light: dev 0xb7d79390 state 0x7d3449a4
03-29 04:50:58.640: I/GceLights(1712): set_light: state value -12105913
03-29 04:50:58.650: I/GceLights(1712): set_light: dev 0xb7d79390 state 0x7b52d9a4
03-29 04:50:58.650: I/GceLights(1712): set_light: state value -11908534
03-29 04:50:58.670: I/GceLights(1712): set_light: dev 0xb7d79390 state 0x7bb219a4
03-29 04:50:58.670: I/GceLights(1712): set_light: state value -11711155
03-29 04:50:58.680: D/AndroidRuntime(4790): >>>>>> AndroidRuntime START com.android.internal.os.RuntimeInit <<<<<<
03-29 04:50:58.680: W/linker(4790): libdvm.so has text relocations. This is wasting memory and is a security risk. Please fix.
03-29 04:50:58.680: D/AndroidRuntime(4790): CheckJNI is OFF
03-29 04:50:58.690: I/GceLights(1712): set_light: dev 0xb7d79390 state 0x7d3449a4
03-29 04:50:58.690: I/GceLights(1712): set_light: state value -11447983
03-29 04:50:58.690: D/dalvikvm(4790): Trying to load lib libjavacore.so 0x0
03-29 04:50:58.690: D/dalvikvm(4790): Added shared lib libjavacore.so 0x0
03-29 04:50:58.690: D/dalvikvm(4790): Trying to load lib libnativehelper.so 0x0
03-29 04:50:58.690: D/dalvikvm(4790): Added shared lib libnativehelper.so 0x0
03-29 04:50:58.690: D/dalvikvm(4790): No JNI_OnLoad found in libnativehelper.so 0x0, skipping init
03-29 04:50:58.700: I/Icing(2216): Indexing com.google.android.gms-apps from com.google.android.gms
03-29 04:50:58.710: I/GceLights(1712): set_light: dev 0xb7d79390 state 0x7b52d9a4
03-29 04:50:58.710: I/GceLights(1712): set_light: state value -11250604
03-29 04:50:58.720: I/GceLights(1712): set_light: dev 0xb7d79390 state 0x7bb219a4
03-29 04:50:58.720: I/GceLights(1712): set_light: state value -11053225
03-29 04:50:58.740: I/GceLights(1712): set_light: dev 0xb7d79390 state 0x7d3449a4
03-29 04:50:58.740: I/GceLights(1712): set_light: state value -10790053
03-29 04:50:58.760: D/dalvikvm(4790): Note: class Landroid/app/ActivityManagerNative; has 179 unimplemented (abstract) methods
03-29 04:50:58.770: I/GceLights(1712): set_light: dev 0xb7d79390 state 0x7b52d9a4
03-29 04:50:58.770: I/GceLights(1712): set_light: state value -10592674
03-29 04:50:58.770: I/GceLights(1712): set_light: dev 0xb7d79390 state 0x7bb219a4
03-29 04:50:58.770: I/GceLights(1712): set_light: state value -10395295
03-29 04:50:58.790: I/GceLights(1712): set_light: dev 0xb7d79390 state 0x7d3449a4
03-29 04:50:58.790: I/GceLights(1712): set_light: state value -10132123
03-29 04:50:58.800: I/GceLights(1712): set_light: dev 0xb7d79390 state 0x7b52d9a4
03-29 04:50:58.800: I/GceLights(1712): set_light: state value -10066330
03-29 04:50:58.810: E/memtrack(4790): Couldn't load memtrack module (No such file or directory)
03-29 04:50:58.810: E/android.os.Debug(4790): failed to load memtrack module: -2
03-29 04:50:58.830: D/AndroidRuntime(4790): Calling main entry com.android.commands.am.Am
03-29 04:50:58.840: I/ActivityManager(1712): START u0 {flg=0x10000000 cmp=com.google.android.apps.mtaas.backdrop/.BackdropActivity} from pid 4790
03-29 04:50:58.890: D/dalvikvm(1712): GC_FOR_ALLOC freed 217K, 23% free 8852K/11456K, paused 24ms, total 24ms
03-29 04:50:58.890: I/dalvikvm-heap(1712): Grow heap (frag case) to 9.061MB for 380492-byte allocation
03-29 04:50:58.920: D/dalvikvm(1712): GC_FOR_ALLOC freed 5K, 23% free 9218K/11828K, paused 23ms, total 23ms
03-29 04:50:58.940: D/dalvikvm(1712): GC_FOR_ALLOC freed 2K, 22% free 9226K/11828K, paused 19ms, total 19ms
03-29 04:50:58.940: I/dalvikvm-heap(1712): Grow heap (frag case) to 9.426MB for 380492-byte allocation
03-29 04:50:58.980: D/dalvikvm(1712): GC_FOR_ALLOC freed <1K, 22% free 9597K/12200K, paused 44ms, total 44ms
03-29 04:50:58.980: D/AndroidRuntime(4790): Shutting down VM
03-29 04:50:58.980: D/dalvikvm(4790): GC_CONCURRENT freed 94K, 15% free 576K/672K, paused 0ms+0ms, total 1ms
03-29 04:50:59.050: D/dalvikvm(2216): GC_CONCURRENT freed 2241K, 30% free 10232K/14588K, paused 1ms+1ms, total 29ms
03-29 04:50:59.050: D/dalvikvm(2216): WAIT_FOR_CONCURRENT_GC blocked 18ms
03-29 04:50:59.050: I/ActivityManager(1712): Start proc com.google.android.apps.mtaas.backdrop for activity com.google.android.apps.mtaas.backdrop/.BackdropActivity: pid=4800 uid=10069 gids={50069}
03-29 04:50:59.100: I/MultiDex(4800): VM with version 1.6.0 does not have multidex support
03-29 04:50:59.100: I/MultiDex(4800): install
03-29 04:50:59.100: I/MultiDex(4800): MultiDexExtractor.load(/data/app/com.google.android.apps.mtaas.backdrop-1.apk, false)
03-29 04:50:59.100: I/MultiDex(4800): Blocking on lock /data/data/com.google.android.apps.mtaas.backdrop/code_cache/secondary-dexes/MultiDex.lock
03-29 04:50:59.100: I/MultiDex(4800): /data/data/com.google.android.apps.mtaas.backdrop/code_cache/secondary-dexes/MultiDex.lock locked
03-29 04:50:59.110: I/MultiDex(4800): Detected that extraction must be performed.
03-29 04:50:59.110: I/MultiDex(4800): Extraction is needed for file /data/data/com.google.android.apps.mtaas.backdrop/code_cache/secondary-dexes/com.google.android.apps.mtaas.backdrop-1.apk.classes2.zip
03-29 04:50:59.110: I/MultiDex(4800): Extracting /data/data/com.google.android.apps.mtaas.backdrop/code_cache/secondary-dexes/tmp-com.google.android.apps.mtaas.backdrop-1.apk.classes90918256.zip
03-29 04:50:59.130: D/dalvikvm(4800): GC_CONCURRENT freed 153K, 7% free 3253K/3464K, paused 3ms+0ms, total 6ms
03-29 04:50:59.150: E/dual_mode_controller(2351): LE scan
03-29 04:50:59.340: I/Remoter(1351): Saved screenshot to '/data/screenshots/__pmv__-0097.jpg'
03-29 04:50:59.350: D/AndroidRuntime(4818): >>>>>> AndroidRuntime START com.android.internal.os.RuntimeInit <<<<<<
03-29 04:50:59.360: W/linker(4818): libdvm.so has text relocations. This is wasting memory and is a security risk. Please fix.
03-29 04:50:59.360: D/AndroidRuntime(4818): CheckJNI is OFF
03-29 04:50:59.380: D/BluetoothAdapter(1857): stopLeScan()
03-29 04:50:59.400: D/BtGatt.GattService(2351): stopScan() - queue=1
03-29 04:50:59.400: D/BtGatt.GattService(2351): stopScan() - queue empty; stopping scan
03-29 04:50:59.400: D/BtGatt.btif(2351): btif_gattc_scan
03-29 04:50:59.400: D/BtGatt.btif(2351): btgattc_handle_event: Event 1003
03-29 04:50:59.400: D/BtGatt.GattService(2351): unregisterClient() - clientIf=5
03-29 04:50:59.400: D/BtGatt.btif(2351): btif_gattc_unregister_app
03-29 04:50:59.400: D/BtGatt.btif(2351): btgattc_handle_event: Event 1001
03-29 04:50:59.400: D/BtGatt.btif(2351): btif_gattc_upstreams_evt: Event 1
03-29 04:50:59.460: D/dalvikvm(4818): Trying to load lib libjavacore.so 0x0
03-29 04:50:59.460: D/dalvikvm(4818): Added shared lib libjavacore.so 0x0
03-29 04:50:59.460: D/dalvikvm(4818): Trying to load lib libnativehelper.so 0x0
03-29 04:50:59.460: D/dalvikvm(4818): Added shared lib libnativehelper.so 0x0
03-29 04:50:59.460: D/dalvikvm(4818): No JNI_OnLoad found in libnativehelper.so 0x0, skipping init
03-29 04:50:59.500: I/Icing(2216): Indexing done com.google.android.gms-apps
03-29 04:50:59.500: D/dalvikvm(4818): Note: class Landroid/app/ActivityManagerNative; has 179 unimplemented (abstract) methods
03-29 04:50:59.540: E/memtrack(4818): Couldn't load memtrack module (No such file or directory)
03-29 04:50:59.540: E/android.os.Debug(4818): failed to load memtrack module: -2
03-29 04:50:59.560: D/AndroidRuntime(4818): Calling main entry com.android.commands.am.Am
03-29 04:50:59.560: I/ActivityManager(1712): Force stopping com.google.android.apps.mtaas.loginutil appid=10068 user=0: start instr
03-29 04:50:59.570: I/ActivityManager(1712): Start proc com.google.android.apps.mtaas.loginutil for added application com.google.android.apps.mtaas.loginutil: pid=4828 uid=10068 gids={50068, 3003, 1028, 1015}
03-29 04:50:59.580: D/BluetoothAdapter(1857): startLeScan(): null
03-29 04:50:59.580: D/BtGatt.GattService(2351): registerClient() - UUID=c4b84996-fb58-4965-bcd6-7671a679e9b2
03-29 04:50:59.580: D/BtGatt.btif(2351): btif_gattc_register_app
03-29 04:50:59.580: D/BtGatt.btif(2351): btgattc_handle_event: Event 1000
03-29 04:50:59.580: D/BtGatt.btif(2351): btif_gattc_upstreams_evt: Event 0
03-29 04:50:59.580: D/BtGatt.GattService(2351): onClientRegistered() - UUID=c4b84996-fb58-4965-bcd6-7671a679e9b2, clientIf=5
03-29 04:50:59.580: D/BluetoothAdapter(1857): onClientRegistered() - status=0 clientIf=5
03-29 04:50:59.580: D/BtGatt.GattService(2351): startScan() - queue=0
03-29 04:50:59.580: D/BtGatt.GattService(2351): startScan() - adding client=5
03-29 04:50:59.580: D/BtGatt.btif(2351): btif_gattc_scan
03-29 04:50:59.580: D/BtGatt.btif(2351): btgattc_handle_event: Event 1002
03-29 04:50:59.600: D/LoginUtil(4828): Connected to Internet
03-29 04:50:59.600: D/LoginUtil(4828): Adding Account {name=S37FFK2YM7DQQWXYEWKTQTSGKI-01@cloudtestlabaccounts.com, type=com.google}
03-29 04:50:59.620: I/ActivityManager(1712): Start proc com.google.android.apps.auth.test.support for service com.google.android.apps.auth.test.support/.services.AccountService: pid=4845 uid=10070 gids={50070, 3003, 1028, 1015}
03-29 04:50:59.630: W/AuthService(4845): [TestArgsHelper] Error when calling AndroidTestUtil.getTestArgs(). Note that this behavior might be expected.
03-29 04:50:59.630: E/ActivityThread(4845): Failed to find provider info for com.google.android.apps.common.testing.services.storage.testargs
03-29 04:50:59.640: I/dalvikvm(4845): Could not find method android.content.pm.PackageManager.getPackageInstaller, referenced from method bx.a
03-29 04:50:59.640: W/dalvikvm(4845): VFY: unable to resolve virtual method 127: Landroid/content/pm/PackageManager;.getPackageInstaller ()Landroid/content/pm/PackageInstaller;
03-29 04:50:59.640: D/dalvikvm(4845): VFY: replacing opcode 0x6e at 0x000b
03-29 04:50:59.640: I/AuthService(4845): [AddAccountOperation] Call GmsCore API.
03-29 04:50:59.650: I/dalvikvm(1940): Could not find method android.accounts.AccountManager.notifyAccountAuthenticated, referenced from method ied.a
03-29 04:50:59.650: W/dalvikvm(1940): VFY: unable to resolve virtual method 2539: Landroid/accounts/AccountManager;.notifyAccountAuthenticated (Landroid/accounts/Account;)Z
03-29 04:50:59.650: D/dalvikvm(1940): VFY: replacing opcode 0x6e at 0x00b7
03-29 04:50:59.650: I/dalvikvm(1940): Could not find method android.accounts.AccountManager.setAccountVisibility, referenced from method ied.a
03-29 04:50:59.650: W/dalvikvm(1940): VFY: unable to resolve virtual method 2545: Landroid/accounts/AccountManager;.setAccountVisibility (Landroid/accounts/Account;Ljava/lang/String;I)Z
03-29 04:50:59.650: D/dalvikvm(1940): VFY: replacing opcode 0x6e at 0x002b
03-29 04:50:59.650: I/dalvikvm(1940): Could not find method android.accounts.AccountManager.setAccountVisibility, referenced from method ied.a
03-29 04:50:59.650: W/dalvikvm(1940): VFY: unable to resolve virtual method 2545: Landroid/accounts/AccountManager;.setAccountVisibility (Landroid/accounts/Account;Ljava/lang/String;I)Z
03-29 04:50:59.650: D/dalvikvm(1940): VFY: replacing opcode 0x6e at 0x00c5
03-29 04:50:59.650: I/dalvikvm(1940): Could not find method android.accounts.AccountManager.removeAccountExplicitly, referenced from method goy.a
03-29 04:50:59.650: W/dalvikvm(1940): VFY: unable to resolve virtual method 2543: Landroid/accounts/AccountManager;.removeAccountExplicitly (Landroid/accounts/Account;)Z
03-29 04:50:59.650: D/dalvikvm(1940): VFY: replacing opcode 0x6e at 0x0034
03-29 04:50:59.650: I/dalvikvm(1940): Could not find method java.util.Locale.toLanguageTag, referenced from method goy.c
03-29 04:50:59.650: W/dalvikvm(1940): VFY: unable to resolve virtual method 44857: Ljava/util/Locale;.toLanguageTag ()Ljava/lang/String;
03-29 04:50:59.650: D/dalvikvm(1940): VFY: replacing opcode 0x6e at 0x0091
03-29 04:50:59.650: I/dalvikvm(1940): Could not find method android.database.sqlite.SQLiteOpenHelper.setIdleConnectionTimeout, referenced from method nfk.a
03-29 04:50:59.650: W/dalvikvm(1940): VFY: unable to resolve virtual method 3685: Landroid/database/sqlite/SQLiteOpenHelper;.setIdleConnectionTimeout (J)V
03-29 04:50:59.650: D/dalvikvm(1940): VFY: replacing opcode 0x6e at 0x0036
03-29 04:50:59.650: I/dalvikvm(1940): Could not find method android.accounts.AccountManager.removeAccountExplicitly, referenced from method gqz.a
03-29 04:50:59.650: W/dalvikvm(1940): VFY: unable to resolve virtual method 2543: Landroid/accounts/AccountManager;.removeAccountExplicitly (Landroid/accounts/Account;)Z
03-29 04:50:59.650: D/dalvikvm(1940): VFY: replacing opcode 0x6e at 0x000c
03-29 04:50:59.650: I/dalvikvm(1940): Could not find method android.accounts.AccountManager.addAccountExplicitly, referenced from method gqz.a
03-29 04:50:59.650: W/dalvikvm(1940): VFY: unable to resolve virtual method 2521: Landroid/accounts/AccountManager;.addAccountExplicitly (Landroid/accounts/Account;Ljava/lang/String;Landroid/os/Bundle;Ljava/util/Map;)Z
03-29 04:50:59.650: D/dalvikvm(1940): VFY: replacing opcode 0x6e at 0x0073
03-29 04:50:59.650: W/ChimeraUtils(1940): Non Chimera context
03-29 04:50:59.670: E/BaseAppContext(1940): Tried to stop global GMSCore RequestQueue. This is likely unintended, so ignoring.
03-29 04:50:59.670: I/dalvikvm(1940): Could not find method android.accounts.AccountManager.getAccountsAndVisibilityForPackage, referenced from method gtq.b
03-29 04:50:59.670: W/dalvikvm(1940): VFY: unable to resolve virtual method 2528: Landroid/accounts/AccountManager;.getAccountsAndVisibilityForPackage (Ljava/lang/String;Ljava/lang/String;)Ljava/util/Map;
03-29 04:50:59.670: D/dalvikvm(1940): VFY: replacing opcode 0x6e at 0x0013
03-29 04:50:59.680: I/dalvikvm(1940): Could not find method android.app.admin.DevicePolicyManager.getProfileOwner, referenced from method gph.a
03-29 04:50:59.680: W/dalvikvm(1940): VFY: unable to resolve virtual method 2982: Landroid/app/admin/DevicePolicyManager;.getProfileOwner ()Landroid/content/ComponentName;
03-29 04:50:59.680: D/dalvikvm(1940): VFY: replacing opcode 0x6e at 0x00b9
03-29 04:50:59.700: D/dalvikvm(1857): GC_CONCURRENT freed 2057K, 21% free 9127K/11412K, paused 2ms+3ms, total 39ms
03-29 04:50:59.790: I/MultiDex(4800): Renaming to /data/data/com.google.android.apps.mtaas.backdrop/code_cache/secondary-dexes/com.google.android.apps.mtaas.backdrop-1.apk.classes2.zip
03-29 04:50:59.790: I/MultiDex(4800): Extraction succeeded - length /data/data/com.google.android.apps.mtaas.backdrop/code_cache/secondary-dexes/com.google.android.apps.mtaas.backdrop-1.apk.classes2.zip: 1297261 - crc: 2230816815
03-29 04:50:59.790: I/MultiDex(4800): load found 1 secondary dex files
03-29 04:50:59.820: D/dalvikvm(4800): DexOpt: --- BEGIN 'com.google.android.apps.mtaas.backdrop-1.apk.classes2.zip' (bootstrap=0) ---
03-29 04:50:59.820: W/linker(4868): libdvm.so has text relocations. This is wasting memory and is a security risk. Please fix.
03-29 04:50:59.870: D/dalvikvm(1940): GC_CONCURRENT freed 548K, 34% free 5299K/7972K, paused 1ms+1ms, total 12ms
03-29 04:50:59.880: W/dalvikvm(4868): method Landroid/support/v7/widget/DropDownListView;.lookForSelectablePosition incorrectly overrides package-private method with same name in Landroid/widget/ListView;
03-29 04:50:59.920: D/dalvikvm(4868): DexOpt: couldn't find field Landroid/view/inputmethod/EditorInfo;.contentMimeTypes
03-29 04:50:59.940: I/AccountManagerService(1712): the accounts changed, sending broadcast of android.accounts.LOGIN_ACCOUNTS_CHANGED
03-29 04:50:59.960: I/ContactsProvider(1995): Accounts changed
03-29 04:50:59.960: I/AccountManagerService(1712): the accounts changed, sending broadcast of android.accounts.LOGIN_ACCOUNTS_CHANGED
03-29 04:50:59.970: I/Auth(1940): [BroadcastManager] Broadcasting account services changed.
03-29 04:50:59.980: I/AuthService(4845): [AddAccountOperation] Succeeded.
03-29 04:50:59.990: D/dalvikvm(2182): GC_CONCURRENT freed 353K, 12% free 3057K/3472K, paused 0ms+1ms, total 3ms
03-29 04:51:00.020: D/dalvikvm(3891): GC_CONCURRENT freed 285K, 10% free 3248K/3584K, paused 0ms+0ms, total 3ms
03-29 04:51:00.020: D/dalvikvm(4868): DexOpt: load 38ms, verify+opt 119ms, 2669684 bytes
03-29 04:51:00.030: I/RlzPingService(3891): Setting next ping for 1553935860013
03-29 04:51:00.030: D/dalvikvm(1712): GC_CONCURRENT freed 1409K, 20% free 9833K/12200K, paused 2ms+2ms, total 33ms
03-29 04:51:00.030: D/dalvikvm(1712): WAIT_FOR_CONCURRENT_GC blocked 24ms
03-29 04:51:00.050: I/ContactsProvider(1995): Accounts changed
03-29 04:51:00.060: D/dalvikvm(4800): DexOpt: --- END 'com.google.android.apps.mtaas.backdrop-1.apk.classes2.zip' (success) ---
03-29 04:51:00.060: D/dalvikvm(4800): DEX prep '/data/data/com.google.android.apps.mtaas.backdrop/code_cache/secondary-dexes/com.google.android.apps.mtaas.backdrop-1.apk.classes2.zip': unzip in 25ms, rewrite 239ms
03-29 04:51:00.060: I/MultiDex(4800): install done
03-29 04:51:00.060: E/GCoreUlr(1857): Create new device tag of 139863968 after device reboot.
03-29 04:51:00.060: E/dalvikvm(4800): Could not find class 'android.app.NotificationChannel', referenced from method com.google.android.apps.mtaas.backdrop.BackdropActivity.showNotification
03-29 04:51:00.060: W/dalvikvm(4800): VFY: unable to resolve new-instance 46 (Landroid/app/NotificationChannel;) in Lcom/google/android/apps/mtaas/backdrop/BackdropActivity;
03-29 04:51:00.060: D/dalvikvm(4800): VFY: replacing opcode 0x22 at 0x0018
03-29 04:51:00.060: I/dalvikvm(4800): Could not find method com.google.android.apps.mtaas.backdrop.BackdropActivity.setTurnScreenOn, referenced from method com.google.android.apps.mtaas.backdrop.BackdropActivity.unlockScreen
03-29 04:51:00.060: W/dalvikvm(4800): VFY: unable to resolve virtual method 15013: Lcom/google/android/apps/mtaas/backdrop/BackdropActivity;.setTurnScreenOn (Z)V
03-29 04:51:00.060: D/dalvikvm(4800): VFY: replacing opcode 0x6e at 0x000f
03-29 04:51:00.060: I/dalvikvm(4800): Could not find method android.app.KeyguardManager.requestDismissKeyguard, referenced from method com.google.android.apps.mtaas.backdrop.BackdropActivity.unlockScreen
03-29 04:51:00.060: W/dalvikvm(4800): VFY: unable to resolve virtual method 183: Landroid/app/KeyguardManager;.requestDismissKeyguard (Landroid/app/Activity;Landroid/app/KeyguardManager$KeyguardDismissCallback;)V
03-29 04:51:00.060: D/dalvikvm(4800): VFY: replacing opcode 0x6e at 0x0023
03-29 04:51:00.060: D/dalvikvm(4800): DexOpt: unable to opt direct call 0x00f7 at 0x1b in Lcom/google/android/apps/mtaas/backdrop/BackdropActivity;.showNotification
03-29 04:51:00.080: D/dalvikvm(1712): GC_FOR_ALLOC freed 839K, 20% free 9803K/12200K, paused 19ms, total 19ms
03-29 04:51:00.080: I/dalvikvm-heap(1712): Grow heap (frag case) to 9.806MB for 187626-byte allocation
03-29 04:51:00.100: D/dalvikvm(1712): GC_FOR_ALLOC freed 17K, 20% free 9969K/12384K, paused 16ms, total 16ms
03-29 04:51:00.110: I/dalvikvm(4800): Could not find method android.content.Context.getSystemService, referenced from method android.support.v7.app.AppCompatDelegateImpl.mapNightMode
03-29 04:51:00.110: W/dalvikvm(4800): VFY: unable to resolve virtual method 479: Landroid/content/Context;.getSystemService (Ljava/lang/Class;)Ljava/lang/Object;
03-29 04:51:00.110: D/dalvikvm(4800): VFY: replacing opcode 0x6e at 0x0012
03-29 04:51:00.110: I/dalvikvm(4800): Could not find method android.view.Window$Callback.onPointerCaptureChanged, referenced from method android.support.v7.view.WindowCallbackWrapper.onPointerCaptureChanged
03-29 04:51:00.110: W/dalvikvm(4800): VFY: unable to resolve interface method 12618: Landroid/view/Window$Callback;.onPointerCaptureChanged (Z)V
03-29 04:51:00.110: D/dalvikvm(4800): VFY: replacing opcode 0x72 at 0x0002
03-29 04:51:00.110: I/dalvikvm(4800): Could not find method android.view.Window$Callback.onProvideKeyboardShortcuts, referenced from method android.support.v7.view.WindowCallbackWrapper.onProvideKeyboardShortcuts
03-29 04:51:00.110: W/dalvikvm(4800): VFY: unable to resolve interface method 12620: Landroid/view/Window$Callback;.onProvideKeyboardShortcuts (Ljava/util/List;Landroid/view/Menu;I)V
03-29 04:51:00.110: D/dalvikvm(4800): VFY: replacing opcode 0x72 at 0x0002
03-29 04:51:00.110: W/dalvikvm(4800): VFY: unable to find class referenced in signature (Landroid/view/SearchEvent;)
03-29 04:51:00.110: I/dalvikvm(4800): Could not find method android.view.Window$Callback.onSearchRequested, referenced from method android.support.v7.view.WindowCallbackWrapper.onSearchRequested
03-29 04:51:00.110: W/dalvikvm(4800): VFY: unable to resolve interface method 12622: Landroid/view/Window$Callback;.onSearchRequested (Landroid/view/SearchEvent;)Z
03-29 04:51:00.110: D/dalvikvm(4800): VFY: replacing opcode 0x72 at 0x0002
03-29 04:51:00.110: I/dalvikvm(4800): Could not find method android.view.Window$Callback.onWindowStartingActionMode, referenced from method android.support.v7.view.WindowCallbackWrapper.onWindowStartingActionMode
03-29 04:51:00.110: W/dalvikvm(4800): VFY: unable to resolve interface method 12626: Landroid/view/Window$Callback;.onWindowStartingActionMode (Landroid/view/ActionMode$Callback;I)Landroid/view/ActionMode;
03-29 04:51:00.110: D/dalvikvm(4800): VFY: replacing opcode 0x72 at 0x0002
03-29 04:51:00.110: I/dalvikvm(4800): Could not find method android.content.res.TypedArray.getChangingConfigurations, referenced from method android.support.v7.widget.TintTypedArray.getChangingConfigurations
03-29 04:51:00.110: W/dalvikvm(4800): VFY: unable to resolve virtual method 593: Landroid/content/res/TypedArray;.getChangingConfigurations ()I
03-29 04:51:00.110: D/dalvikvm(4800): VFY: replacing opcode 0x6e at 0x0002
