03-29 01:51:05.662: I/TSDRIVER(4620): Got command: PACKAGE
03-29 01:51:05.662: I/TSDRIVER(4620): flag package: Eitjb20uZ29vZ2xlLmFuZHJvaWQuZ21zLmF1dGguYXBpLmNyZWRlbnRpYWxzGh4KGlNhdmVTdHJhdGVneV9fZW5hYmxlU2F2aW5nGAA
03-29 01:51:05.662: I/TSDRIVER(4620): flag package: com.google.android.gms.auth.api.credentials
03-29 01:51:05.676: W/ActivityManager(1690): Unable to start service Intent { cmp=com.google.android.gms/.analytics.service.RefreshEnabledStateService } U=0: not found
03-29 01:51:05.689: I/art(1971): Explicit concurrent mark sweep GC freed 43501(2MB) AllocSpace objects, 4(64KB) LOS objects, 31% free, 34MB/50MB, paused 703us total 158.266ms
03-29 01:51:05.690: W/NetRec(1971): [243] ConfigChangedIntentOperation.onHandleIntent: Device does not support scoring, exiting
03-29 01:51:05.691: W/ChimeraUtils(2202): Non Chimera context
03-29 01:51:05.697: D/CAR.SETUP(2202): Received GService flag change intent.
03-29 01:51:05.697: I/ChromeSync(2202): [Sync,SyncIntentOperation] Handling the intent: Intent { act=com.google.gservices.intent.action.GSERVICES_CHANGED flg=0x10 cmp=com.google.android.gms/.chimera.GmsIntentOperationService$PersistentInternalReceiver }.
03-29 01:51:05.701: I/GCoreUlr(1971): Starting service, intent=Intent { act=com.google.android.location.reporting.ACTION_UPDATE_WORLD cmp=com.google.android.gms/com.google.android.location.reporting.service.DispatchingService (has extras) }, extras=Bundle[{receiverAction=com.google.gservices.intent.action.GSERVICES_CHANGED}]
03-29 01:51:05.701: D/CAR.SETUP(2202): update DrivingMode components to false
03-29 01:51:05.710: I/MobileDataHub(2202): Scheduling periodic tasks
03-29 01:51:05.711: W/MobileDataHub(2202): [Service] appsupload-periodic periodic task disabled
03-29 01:51:05.716: I/MS_Utils(2202): version of com.google.android.apps.maps = 804010023
03-29 01:51:05.717: E/NetworkScheduler(1971): Invalid component specified.
03-29 01:51:05.719: I/art(2147): Explicit concurrent mark sweep GC freed 3764(167KB) AllocSpace objects, 0(0B) LOS objects, 40% free, 21MB/35MB, paused 1.920ms total 31.001ms
03-29 01:51:05.733: V/EmulatedCamera_Factory(1339): getCameraInfo: id = 0
03-29 01:51:05.733: V/EmulatedCamera_Camera(1339): getCameraInfo
03-29 01:51:05.733: V/EmulatedCamera_BaseCamera(1339): getCameraInfo
03-29 01:51:05.737: I/OcrModelUpStIntentOp(2202): Updating ocr activity enabled=true (phenotypeFlag=true, lowRamDevice=false, prereqCheck=true)
03-29 01:51:05.741: I/SystemUpdate(2202): [Installation,ReceiverIntentOperation] Received intent: Intent { act=com.google.gservices.intent.action.GSERVICES_CHANGED flg=0x10 cmp=com.google.android.gms/.chimera.GmsIntentOperationService$PersistentInternalReceiver }.
03-29 01:51:05.757: I/SystemUpdate(2202): [Execution,InstallationEventIntentOperation] Handling event of type 2.
03-29 01:51:05.761: I/SystemUpdate(2202): [Execution,InstallationIntentOperation] Received intent: Intent { act=com.google.android.gms.update.INSTALL_UPDATE cat=[targeted_intent_op_prefix:.update.execution.InstallationIntentOperation] cmp=com.google.android.gms/.chimera.GmsIntentOperationService }.
03-29 01:51:05.765: I/GCoreUlr(1971): WorldUpdater received intent Intent { act=com.google.android.location.reporting.ACTION_UPDATE_WORLD cmp=com.google.android.gms/com.google.android.location.reporting.service.DispatchingService (has extras) } with receiverAction com.google.gservices.intent.action.GSERVICES_CHANGED
03-29 01:51:05.767: E/NetworkScheduler(1971): Invalid component specified.
03-29 01:51:05.768: I/SystemUpdate(2202): [Execution,ExecutionManager] Action finished-execution executed for 0.00 seconds.
03-29 01:51:05.785: I/OcrModelUpStIntentOp(2202): Downloading text recognizer
03-29 01:51:05.788: I/Vision(2202): Details: ocr_x86.zip, ff3dcfd5e3828224849fbeffe1ed2e71a7ad3400
03-29 01:51:05.789: I/Vision(2202): Engine already satisfied by existing download for ocr
03-29 01:51:05.798: I/Vision(2202): Details: ocr_x86.zip, ff3dcfd5e3828224849fbeffe1ed2e71a7ad3400
03-29 01:51:05.799: I/Vision(2202): Engine already satisfied by existing download for ocr
03-29 01:51:05.799: E/NetworkScheduler(1971): Invalid component specified.
03-29 01:51:05.803: I/GCoreUlr(1971): WorldUpdater:com.google.gservices.intent.action.GSERVICES_CHANGED: Ensuring that reporting is stopped because of reasons: (no Google accounts)
03-29 01:51:05.810: I/GCoreUlr(1971): Unbound from all signal providers.
03-29 01:51:05.815: I/GCoreUlr(1971): Unbound from all signal providers.
03-29 01:51:05.815: I/GCoreUlr(1971): Stopping handler for UlrDispSvcFast
03-29 01:51:05.820: I/art(2202): DexFile_isDexOptNeeded failed to open oat file '/data/dalvik-cache/x86/data@data@com.google.android.gms@app_chimera@m@00000006@AdsDynamite.apk@classes.dex' for file location '/data/data/com.google.android.gms/app_chimera/m/00000006/AdsDynamite.apk': Failed to open oat filename for reading: No such file or directory
03-29 01:51:05.821: I/art(2202): DexFile_isDexOptNeeded failed to open oat file '/data/dalvik-cache/x86/data@data@com.google.android.gms@app_chimera@m@00000007@CronetDynamite.apk@classes.dex' for file location '/data/data/com.google.android.gms/app_chimera/m/00000007/CronetDynamite.apk': Failed to open oat filename for reading: No such file or directory
03-29 01:51:05.821: I/art(2202): DexFile_isDexOptNeeded failed to open oat file '/data/dalvik-cache/x86/data@data@com.google.android.gms@app_chimera@m@00000008@DynamiteLoader.apk@classes.dex' for file location '/data/data/com.google.android.gms/app_chimera/m/00000008/DynamiteLoader.apk': Failed to open oat filename for reading: No such file or directory
03-29 01:51:05.821: I/art(2202): DexFile_isDexOptNeeded failed to open oat file '/data/dalvik-cache/x86/data@data@com.google.android.gms@app_chimera@m@00000009@DynamiteModulesA.apk@classes.dex' for file location '/data/data/com.google.android.gms/app_chimera/m/00000009/DynamiteModulesA.apk': Failed to open oat filename for reading: No such file or directory
03-29 01:51:05.821: I/art(2202): DexFile_isDexOptNeeded failed to open oat file '/data/dalvik-cache/x86/data@data@com.google.android.gms@app_chimera@m@0000000b@DynamiteModulesC.apk@classes.dex' for file location '/data/data/com.google.android.gms/app_chimera/m/0000000b/DynamiteModulesC.apk': Failed to open oat filename for reading: No such file or directory
03-29 01:51:05.822: I/art(2202): DexFile_isDexOptNeeded failed to open oat file '/data/dalvik-cache/x86/data@data@com.google.android.gms@app_chimera@m@0000000c@GoogleCertificates.apk@classes.dex' for file location '/data/data/com.google.android.gms/app_chimera/m/0000000c/GoogleCertificates.apk': Failed to open oat filename for reading: No such file or directory
03-29 01:51:05.822: I/art(2202): DexFile_isDexOptNeeded failed to open oat file '/data/dalvik-cache/x86/data@data@com.google.android.gms@app_chimera@m@0000000d@MapsDynamite.apk@classes.dex' for file location '/data/data/com.google.android.gms/app_chimera/m/0000000d/MapsDynamite.apk': Failed to open oat filename for reading: No such file or directory
03-29 01:51:05.849: I/art(2202): Explicit concurrent mark sweep GC freed 40496(2MB) AllocSpace objects, 42(12MB) LOS objects, 16% free, 39MB/47MB, paused 547us total 179.016ms
03-29 01:51:05.850: I/art(2202): WaitForGcToComplete blocked for 103.492ms for cause Background
03-29 01:51:05.869: I/TestSupport(2202): SetOverrideOperation: gms:phenotype:phenotype_flag:debug_bypass_phenotype = false
03-29 01:51:05.904: I/GservicesProvider(2147): override update completed
03-29 01:51:05.906: I/CertBlacklister(1690): Certificate blacklist changed, updating...
03-29 01:51:05.907: I/CertBlacklister(1690): Certificate blacklist updated
03-29 01:51:05.928: I/TrustAgent(1971): [PlaceTrustletChimeraService] Trusted Places isSupported: true
03-29 01:51:05.931: I/art(2202): DexFile_isDexOptNeeded failed to open oat file '/data/dalvik-cache/x86/data@data@com.google.android.gms@app_chimera@m@00000007@CronetDynamite.apk@classes.dex' for file location '/data/data/com.google.android.gms/app_chimera/m/00000007/CronetDynamite.apk': Failed to open oat filename for reading: No such file or directory
03-29 01:51:05.931: I/art(2202): DexFile_isDexOptNeeded failed to open oat file '/data/dalvik-cache/x86/data@data@com.google.android.gms@app_chimera@m@0000000c@GoogleCertificates.apk@classes.dex' for file location '/data/data/com.google.android.gms/app_chimera/m/0000000c/GoogleCertificates.apk': Failed to open oat filename for reading: No such file or directory
03-29 01:51:05.931: I/art(2202): DexFile_isDexOptNeeded failed to open oat file '/data/dalvik-cache/x86/data@data@com.google.android.gms@app_chimera@m@00000009@DynamiteModulesA.apk@classes.dex' for file location '/data/data/com.google.android.gms/app_chimera/m/00000009/DynamiteModulesA.apk': Failed to open oat filename for reading: No such file or directory
03-29 01:51:05.931: I/art(2202): DexFile_isDexOptNeeded failed to open oat file '/data/dalvik-cache/x86/data@data@com.google.android.gms@app_chimera@m@00000008@DynamiteLoader.apk@classes.dex' for file location '/data/data/com.google.android.gms/app_chimera/m/00000008/DynamiteLoader.apk': Failed to open oat filename for reading: No such file or directory
03-29 01:51:05.932: I/art(2202): DexFile_isDexOptNeeded failed to open oat file '/data/dalvik-cache/x86/data@data@com.google.android.gms@app_chimera@m@0000000b@DynamiteModulesC.apk@classes.dex' for file location '/data/data/com.google.android.gms/app_chimera/m/0000000b/DynamiteModulesC.apk': Failed to open oat filename for reading: No such file or directory
03-29 01:51:05.932: I/art(2202): DexFile_isDexOptNeeded failed to open oat file '/data/dalvik-cache/x86/data@data@com.google.android.gms@app_chimera@m@0000000d@MapsDynamite.apk@classes.dex' for file location '/data/data/com.google.android.gms/app_chimera/m/0000000d/MapsDynamite.apk': Failed to open oat filename for reading: No such file or directory
03-29 01:51:05.932: I/art(2202): DexFile_isDexOptNeeded failed to open oat file '/data/dalvik-cache/x86/data@data@com.google.android.gms@app_chimera@m@00000006@AdsDynamite.apk@classes.dex' for file location '/data/data/com.google.android.gms/app_chimera/m/00000006/AdsDynamite.apk': Failed to open oat filename for reading: No such file or directory
03-29 01:51:05.935: I/ContactAccountLoggerTas(2175): canRun() : Opted Out
03-29 01:51:05.938: E/UpdateRequestReceiver(3499): Received malformed URL while handling Gservices.CHANGED_ACTION
03-29 01:51:05.938: I/Search.GservicesUpdateTask(2175): Updating Gservices keys
03-29 01:51:05.940: E/UpdateRequestReceiver(3499): Received malformed URL while handling Gservices.CHANGED_ACTION
03-29 01:51:05.941: E/UpdateRequestReceiver(3499): Received malformed URL while handling Gservices.CHANGED_ACTION
03-29 01:51:05.942: E/UpdateRequestReceiver(3499): Received malformed URL while handling Gservices.CHANGED_ACTION
03-29 01:51:05.949: I/TrustAgent(1971): [VoiceUnlockTrustletChimeraService] incorrect version code.
03-29 01:51:05.973: I/art(2147): Explicit concurrent mark sweep GC freed 18884(1312KB) AllocSpace objects, 1(13KB) LOS objects, 40% free, 21MB/35MB, paused 1.156ms total 18.379ms
03-29 01:51:05.979: I/GeofencerStateMachine(1971): sendQueryLocationOptIn
03-29 01:51:05.985: I/GeofencerStateMachine(1971): sendQueryLocationOptIn
03-29 01:51:05.988: I/GeofencerStateMachine(1971): sendQueryLocationOptIn
03-29 01:51:05.991: I/GeofencerStateMachine(1971): sendQueryLocationOptIn
03-29 01:51:05.994: I/GeofencerStateMachine(1971): sendQueryLocationOptIn
03-29 01:51:05.996: I/GeofencerStateMachine(1971): sendQueryLocationOptIn
03-29 01:51:05.998: I/GeofencerStateMachine(1971): sendQueryLocationOptIn
03-29 01:51:06.002: I/ContactAccountLoggerTas(2175): canRun() : Opted Out
03-29 01:51:06.002: I/ContactAccountLoggerTas(2175): canRun() : Opted Out
03-29 01:51:06.002: I/ContactAccountLoggerTas(2175): canRun() : Opted Out
03-29 01:51:06.035: I/art(2147): Explicit concurrent mark sweep GC freed 4665(205KB) AllocSpace objects, 0(0B) LOS objects, 24% free, 21MB/28MB, paused 67us total 5.418ms
03-29 01:51:06.042: I/TestSupport(2202): Broadcast sent: gms:phenotype:phenotype_flag:debug_bypass_phenotype
03-29 01:51:06.044: I/TestSupport(2202): GServices override confirmed: gms:phenotype:phenotype_flag:debug_bypass_phenotype=false
03-29 01:51:06.066: I/TestSupport(2202): SetFlagOverridesOperation: com.google.android.gms.auth.api.credentials, '', [Flag(SaveStrategy__enableSaving, false, 2, 0)]
03-29 01:51:06.126: I/art(2202): Explicit concurrent mark sweep GC freed 18907(1180KB) AllocSpace objects, 22(7MB) LOS objects, 17% free, 37MB/45MB, paused 627us total 78.290ms
03-29 01:51:06.144: D/AndroidRuntime(4707): >>>>>> AndroidRuntime START com.android.internal.os.RuntimeInit <<<<<<
03-29 01:51:06.145: D/AndroidRuntime(4707): CheckJNI is OFF
03-29 01:51:06.170: W/NetRec(1971): [290] ConfigChangedIntentOperation.onHandleIntent: Device does not support scoring, exiting
03-29 01:51:06.172: I/GCoreUlr(1971): Starting service, intent=Intent { act=com.google.android.location.reporting.ACTION_UPDATE_WORLD cmp=com.google.android.gms/com.google.android.location.reporting.service.DispatchingService (has extras) }, extras=Bundle[{receiverAction=com.google.gservices.intent.action.GSERVICES_CHANGED}]
03-29 01:51:06.182: E/memtrack(4707): Couldn't load memtrack module (No such file or directory)
03-29 01:51:06.182: E/android.os.Debug(4707): failed to load memtrack module: -2
03-29 01:51:06.204: D/AndroidRuntime(4707): Calling main entry com.android.commands.am.Am
03-29 01:51:06.234: D/AndroidRuntime(4707): Shutting down VM
03-29 01:51:06.256: I/GCoreUlr(1971): WorldUpdater received intent Intent { act=com.google.android.location.reporting.ACTION_UPDATE_WORLD cmp=com.google.android.gms/com.google.android.location.reporting.service.DispatchingService (has extras) } with receiverAction com.google.gservices.intent.action.GSERVICES_CHANGED
03-29 01:51:06.258: W/ActivityManager(1690): Unable to start service Intent { cmp=com.google.android.gms/.analytics.service.RefreshEnabledStateService } U=0: not found
03-29 01:51:06.264: W/ChimeraUtils(2202): Non Chimera context
03-29 01:51:06.271: D/CAR.SETUP(2202): Received GService flag change intent.
03-29 01:51:06.273: I/Remoter(1323): Saved screenshot to '/data/screenshots/__pmv__-0093.jpg'
03-29 01:51:06.274: D/CAR.SETUP(2202): update DrivingMode components to false
03-29 01:51:06.282: I/ChromeSync(2202): [Sync,SyncIntentOperation] Handling the intent: Intent { act=com.google.gservices.intent.action.GSERVICES_CHANGED flg=0x10 cmp=com.google.android.gms/.chimera.GmsIntentOperationService$PersistentInternalReceiver }.
03-29 01:51:06.293: I/art(2147): Explicit concurrent mark sweep GC freed 3466(154KB) AllocSpace objects, 0(0B) LOS objects, 40% free, 21MB/35MB, paused 182us total 14.596ms
03-29 01:51:06.307: E/IntentOperationSvc(1971): Failed to instantiate Chimera operation impl com.google.android.gms.instantapps.routing.PhenotypeUpdateIntentOperation, dropping operation
03-29 01:51:06.307: E/IntentOperationSvc(1971): java.lang.NoSuchMethodException: <init> []
03-29 01:51:06.307: E/IntentOperationSvc(1971): 	at java.lang.Class.getConstructor(Class.java:531)
03-29 01:51:06.307: E/IntentOperationSvc(1971): 	at java.lang.Class.getConstructor(Class.java:495)
03-29 01:51:06.307: E/IntentOperationSvc(1971): 	at doj.a(:com.google.android.gms@14367013@14.3.67 (020700-216465562):12)
03-29 01:51:06.307: E/IntentOperationSvc(1971): 	at dok.run(:com.google.android.gms@14367013@14.3.67 (020700-216465562):67)
03-29 01:51:06.307: E/IntentOperationSvc(1971): 	at java.util.concurrent.ThreadPoolExecutor.runWorker(ThreadPoolExecutor.java:1112)
03-29 01:51:06.307: E/IntentOperationSvc(1971): 	at java.util.concurrent.ThreadPoolExecutor$Worker.run(ThreadPoolExecutor.java:587)
03-29 01:51:06.307: E/IntentOperationSvc(1971): 	at java.lang.Thread.run(Thread.java:818)
03-29 01:51:06.324: E/NetworkScheduler(1971): Invalid component specified.
03-29 01:51:06.333: I/TestSupport(2202): AwaitCommitOperation: SaveStrategy__enableSaving
03-29 01:51:06.362: I/art(2202): DexFile_isDexOptNeeded failed to open oat file '/data/dalvik-cache/x86/data@data@com.google.android.gms@app_chimera@m@00000006@AdsDynamite.apk@classes.dex' for file location '/data/data/com.google.android.gms/app_chimera/m/00000006/AdsDynamite.apk': Failed to open oat filename for reading: No such file or directory
03-29 01:51:06.362: I/art(2202): DexFile_isDexOptNeeded failed to open oat file '/data/dalvik-cache/x86/data@data@com.google.android.gms@app_chimera@m@00000007@CronetDynamite.apk@classes.dex' for file location '/data/data/com.google.android.gms/app_chimera/m/00000007/CronetDynamite.apk': Failed to open oat filename for reading: No such file or directory
03-29 01:51:06.363: I/art(2202): DexFile_isDexOptNeeded failed to open oat file '/data/dalvik-cache/x86/data@data@com.google.android.gms@app_chimera@m@00000008@DynamiteLoader.apk@classes.dex' for file location '/data/data/com.google.android.gms/app_chimera/m/00000008/DynamiteLoader.apk': Failed to open oat filename for reading: No such file or directory
03-29 01:51:06.363: I/art(2202): DexFile_isDexOptNeeded failed to open oat file '/data/dalvik-cache/x86/data@data@com.google.android.gms@app_chimera@m@00000009@DynamiteModulesA.apk@classes.dex' for file location '/data/data/com.google.android.gms/app_chimera/m/00000009/DynamiteModulesA.apk': Failed to open oat filename for reading: No such file or directory
03-29 01:51:06.363: I/art(2202): DexFile_isDexOptNeeded failed to open oat file '/data/dalvik-cache/x86/data@data@com.google.android.gms@app_chimera@m@0000000b@DynamiteModulesC.apk@classes.dex' for file location '/data/data/com.google.android.gms/app_chimera/m/0000000b/DynamiteModulesC.apk': Failed to open oat filename for reading: No such file or directory
03-29 01:51:06.364: I/art(2202): DexFile_isDexOptNeeded failed to open oat file '/data/dalvik-cache/x86/data@data@com.google.android.gms@app_chimera@m@0000000c@GoogleCertificates.apk@classes.dex' for file location '/data/data/com.google.android.gms/app_chimera/m/0000000c/GoogleCertificates.apk': Failed to open oat filename for reading: No such file or directory
03-29 01:51:06.364: I/art(2202): DexFile_isDexOptNeeded failed to open oat file '/data/dalvik-cache/x86/data@data@com.google.android.gms@app_chimera@m@0000000d@MapsDynamite.apk@classes.dex' for file location '/data/data/com.google.android.gms/app_chimera/m/0000000d/MapsDynamite.apk': Failed to open oat filename for reading: No such file or directory
03-29 01:51:06.372: I/MobileDataHub(2202): Scheduling periodic tasks
03-29 01:51:06.374: W/MobileDataHub(2202): [Service] appsupload-periodic periodic task disabled
03-29 01:51:06.397: I/TestSupport(2202): AwaitCommitOperation: FlagOverride(com.google.android.gms.auth.api.credentials, , Flag(SaveStrategy__enableSaving, false, 2, 0), true) committed
03-29 01:51:06.397: I/TestSupport(2202): AwaitCommitOperation: no more uncommitted overrides
03-29 01:51:06.398: E/NetworkScheduler(1971): Invalid component specified.
03-29 01:51:06.434: I/art(2147): Explicit concurrent mark sweep GC freed 3618(160KB) AllocSpace objects, 0(0B) LOS objects, 40% free, 21MB/35MB, paused 744us total 8.204ms
03-29 01:51:06.434: W/art(2202): Suspending all threads took: 9.228ms
03-29 01:51:06.439: W/NetRec(1971): [291] ConfigChangedIntentOperation.onHandleIntent: Device does not support scoring, exiting
03-29 01:51:06.442: I/art(2202): Explicit concurrent mark sweep GC freed 10912(577KB) AllocSpace objects, 4(1741KB) LOS objects, 17% free, 37MB/45MB, paused 15.032ms total 66.857ms
03-29 01:51:06.448: I/art(1971): Explicit concurrent mark sweep GC freed 48553(2MB) AllocSpace objects, 3(48KB) LOS objects, 31% free, 34MB/50MB, paused 669us total 60.558ms
03-29 01:51:06.450: W/ModuleInitIntentOp(2202): Dropping unexpected action com.google.android.gms.phenotype.COMMITTED
03-29 01:51:06.459: I/PTCommittedOperation(1971): Receive new configuration for com.google.android.gms.auth.api.credentials
03-29 01:51:06.471: I/MS_Utils(2202): version of com.google.android.apps.maps = 804010023
03-29 01:51:06.485: I/SystemUpdate(2202): [Installation,ReceiverIntentOperation] Received intent: Intent { act=com.google.gservices.intent.action.GSERVICES_CHANGED flg=0x10 cmp=com.google.android.gms/.chimera.GmsIntentOperationService$PersistentInternalReceiver }.
03-29 01:51:06.490: W/ChimeraUtils(2202): Non Chimera context
03-29 01:51:06.490: W/ChimeraUtils(2202): Non Chimera context
03-29 01:51:06.500: I/SystemUpdate(2202): [Execution,InstallationEventIntentOperation] Handling event of type 2.
03-29 01:51:06.503: I/TestSupport(2202): AwaitCommitOperation: *
03-29 01:51:06.504: I/SystemUpdate(2202): [Execution,InstallationIntentOperation] Received intent: Intent { act=com.google.android.gms.update.INSTALL_UPDATE cat=[targeted_intent_op_prefix:.update.execution.InstallationIntentOperation] cmp=com.google.android.gms/.chimera.GmsIntentOperationService }.
03-29 01:51:06.507: I/SystemUpdate(2202): [Execution,ExecutionManager] Action finished-execution executed for 0.00 seconds.
03-29 01:51:06.511: I/art(2147): Explicit concurrent mark sweep GC freed 3694(164KB) AllocSpace objects, 0(0B) LOS objects, 40% free, 21MB/35MB, paused 1.098ms total 14.431ms
03-29 01:51:06.515: I/GCoreUlr(1971): WorldUpdater:com.google.gservices.intent.action.GSERVICES_CHANGED: Ensuring that reporting is stopped because of reasons: (no Google accounts)
03-29 01:51:06.517: I/TestSupport(2202): AwaitCommitOperation: FlagOverride(com.google.android.gms.auth.api.credentials, , Flag(SaveStrategy__enableSaving, false, 2, 0), true) committed
03-29 01:51:06.517: I/TestSupport(2202): AwaitCommitOperation: no more uncommitted overrides
03-29 01:51:06.520: I/GCoreUlr(1971): Unbound from all signal providers.
03-29 01:51:06.530: I/GCoreUlr(1971): Unbound from all signal providers.
03-29 01:51:06.530: I/GCoreUlr(1971): Stopping handler for UlrDispSvcFast
03-29 01:51:06.594: I/art(2202): Explicit concurrent mark sweep GC freed 15002(1002KB) AllocSpace objects, 15(3MB) LOS objects, 16% free, 39MB/47MB, paused 603us total 80.169ms
03-29 01:51:06.594: I/TSDRIVER(4620): Handled command: PACKAGE
03-29 01:51:06.599: I/TSDRIVER(4620): CommandService onHandleIntent()
03-29 01:51:06.599: I/TSDRIVER(4620): Got command: PACKAGE
03-29 01:51:06.599: I/TSDRIVER(4620): flag package: Eh9jb20uZ29vZ2xlLmFuZHJvaWQuZ21zLmF1dG9maWxsGhQKEGF1dG9maWxsX2VuYWJsZWQYAA
03-29 01:51:06.599: I/TSDRIVER(4620): flag package: com.google.android.gms.autofill
03-29 01:51:06.603: I/TestSupport(2202): SetFlagOverridesOperation: com.google.android.gms.autofill, '', [Flag(autofill_enabled, false, 2, 0)]
03-29 01:51:06.610: E/NetworkScheduler(1971): Invalid component specified.
03-29 01:51:06.620: E/IntentOperationSvc(1971): Failed to instantiate Chimera operation impl com.google.android.gms.instantapps.routing.PhenotypeUpdateIntentOperation, dropping operation
03-29 01:51:06.620: E/IntentOperationSvc(1971): java.lang.NoSuchMethodException: <init> []
03-29 01:51:06.620: E/IntentOperationSvc(1971): 	at java.lang.Class.getConstructor(Class.java:531)
03-29 01:51:06.620: E/IntentOperationSvc(1971): 	at java.lang.Class.getConstructor(Class.java:495)
03-29 01:51:06.620: E/IntentOperationSvc(1971): 	at doj.a(:com.google.android.gms@14367013@14.3.67 (020700-216465562):12)
03-29 01:51:06.620: E/IntentOperationSvc(1971): 	at dok.run(:com.google.android.gms@14367013@14.3.67 (020700-216465562):67)
03-29 01:51:06.620: E/IntentOperationSvc(1971): 	at java.util.concurrent.ThreadPoolExecutor.runWorker(ThreadPoolExecutor.java:1112)
03-29 01:51:06.620: E/IntentOperationSvc(1971): 	at java.util.concurrent.ThreadPoolExecutor$Worker.run(ThreadPoolExecutor.java:587)
03-29 01:51:06.620: E/IntentOperationSvc(1971): 	at java.lang.Thread.run(Thread.java:818)
03-29 01:51:06.639: I/art(2147): Explicit concurrent mark sweep GC freed 4013(178KB) AllocSpace objects, 0(0B) LOS objects, 25% free, 21MB/28MB, paused 128us total 8.624ms
03-29 01:51:06.654: I/TestSupport(2202): AwaitCommitOperation: autofill_enabled
03-29 01:51:06.664: V/EmulatedCamera_Factory(1339): getCameraInfo: id = 0
03-29 01:51:06.664: V/EmulatedCamera_Camera(1339): getCameraInfo
03-29 01:51:06.664: V/EmulatedCamera_BaseCamera(1339): getCameraInfo
03-29 01:51:06.664: I/art(2202): DexFile_isDexOptNeeded failed to open oat file '/data/dalvik-cache/x86/data@data@com.google.android.gms@app_chimera@m@00000007@CronetDynamite.apk@classes.dex' for file location '/data/data/com.google.android.gms/app_chimera/m/00000007/CronetDynamite.apk': Failed to open oat filename for reading: No such file or directory
03-29 01:51:06.664: I/art(2202): DexFile_isDexOptNeeded failed to open oat file '/data/dalvik-cache/x86/data@data@com.google.android.gms@app_chimera@m@0000000c@GoogleCertificates.apk@classes.dex' for file location '/data/data/com.google.android.gms/app_chimera/m/0000000c/GoogleCertificates.apk': Failed to open oat filename for reading: No such file or directory
03-29 01:51:06.665: I/art(2202): DexFile_isDexOptNeeded failed to open oat file '/data/dalvik-cache/x86/data@data@com.google.android.gms@app_chimera@m@00000009@DynamiteModulesA.apk@classes.dex' for file location '/data/data/com.google.android.gms/app_chimera/m/00000009/DynamiteModulesA.apk': Failed to open oat filename for reading: No such file or directory
03-29 01:51:06.665: I/art(2202): DexFile_isDexOptNeeded failed to open oat file '/data/dalvik-cache/x86/data@data@com.google.android.gms@app_chimera@m@00000008@DynamiteLoader.apk@classes.dex' for file location '/data/data/com.google.android.gms/app_chimera/m/00000008/DynamiteLoader.apk': Failed to open oat filename for reading: No such file or directory
03-29 01:51:06.665: I/OcrModelUpStIntentOp(2202): Updating ocr activity enabled=true (phenotypeFlag=true, lowRamDevice=false, prereqCheck=true)
03-29 01:51:06.666: I/art(2202): DexFile_isDexOptNeeded failed to open oat file '/data/dalvik-cache/x86/data@data@com.google.android.gms@app_chimera@m@0000000b@DynamiteModulesC.apk@classes.dex' for file location '/data/data/com.google.android.gms/app_chimera/m/0000000b/DynamiteModulesC.apk': Failed to open oat filename for reading: No such file or directory
03-29 01:51:06.666: I/art(2202): DexFile_isDexOptNeeded failed to open oat file '/data/dalvik-cache/x86/data@data@com.google.android.gms@app_chimera@m@0000000d@MapsDynamite.apk@classes.dex' for file location '/data/data/com.google.android.gms/app_chimera/m/0000000d/MapsDynamite.apk': Failed to open oat filename for reading: No such file or directory
03-29 01:51:06.667: I/art(2202): DexFile_isDexOptNeeded failed to open oat file '/data/dalvik-cache/x86/data@data@com.google.android.gms@app_chimera@m@00000006@AdsDynamite.apk@classes.dex' for file location '/data/data/com.google.android.gms/app_chimera/m/00000006/AdsDynamite.apk': Failed to open oat filename for reading: No such file or directory
03-29 01:51:06.685: I/TestSupport(2202): AwaitCommitOperation: FlagOverride(com.google.android.gms.autofill, , Flag(autofill_enabled, false, 2, 0), true) committed
03-29 01:51:06.685: I/TestSupport(2202): AwaitCommitOperation: no more uncommitted overrides
03-29 01:51:06.710: D/AndroidRuntime(4727): >>>>>> AndroidRuntime START com.android.internal.os.RuntimeInit <<<<<<
03-29 01:51:06.711: D/AndroidRuntime(4727): CheckJNI is OFF
03-29 01:51:06.715: I/art(1690): Explicit concurrent mark sweep GC freed 20512(968KB) AllocSpace objects, 0(0B) LOS objects, 33% free, 32MB/48MB, paused 536us total 36.543ms
03-29 01:51:06.720: W/NetRec(1971): [243] ConfigChangedIntentOperation.onHandleIntent: Device does not support scoring, exiting
03-29 01:51:06.724: W/ModuleInitIntentOp(2202): Dropping unexpected action com.google.android.gms.phenotype.COMMITTED
03-29 01:51:06.729: I/PTCommittedOperation(1971): Receive new configuration for com.google.android.gms.autofill
03-29 01:51:06.741: I/OcrModelUpStIntentOp(2202): Downloading text recognizer
03-29 01:51:06.750: I/Vision(2202): Details: ocr_x86.zip, ff3dcfd5e3828224849fbeffe1ed2e71a7ad3400
03-29 01:51:06.750: I/Vision(2202): Engine already satisfied by existing download for ocr
03-29 01:51:06.754: E/memtrack(4727): Couldn't load memtrack module (No such file or directory)
03-29 01:51:06.754: E/android.os.Debug(4727): failed to load memtrack module: -2
03-29 01:51:06.763: I/TestSupport(2202): AwaitCommitOperation: *
03-29 01:51:06.766: D/AndroidRuntime(4727): Calling main entry com.android.commands.am.Am
03-29 01:51:06.766: I/TestSupport(2202): AwaitCommitOperation: FlagOverride(com.google.android.gms.autofill, , Flag(autofill_enabled, false, 2, 0), true) committed
03-29 01:51:06.766: I/TestSupport(2202): AwaitCommitOperation: no more uncommitted overrides
03-29 01:51:06.770: D/AndroidRuntime(4727): Shutting down VM
03-29 01:51:06.842: I/TSDRIVER(4620): Handled command: PACKAGE
03-29 01:51:06.842: I/TSDRIVER(4620): CommandService onHandleIntent()
03-29 01:51:06.842: I/TSDRIVER(4620): Got command: PACKAGE
03-29 01:51:06.842: I/TSDRIVER(4620): flag package: EiNjb20uZ29vZ2xlLmFuZHJvaWQuZ21zLmF1dGhfYWNjb3VudBodChlhdXRoX3NpZ19vdmVycmlkZV9lbmFibGVkGAA
03-29 01:51:06.842: I/TSDRIVER(4620): flag package: com.google.android.gms.auth_account
03-29 01:51:06.844: I/TestSupport(2202): SetFlagOverridesOperation: com.google.android.gms.auth_account, '', [Flag(auth_sig_override_enabled, false, 2, 0)]
03-29 01:51:06.853: E/IntentOperationSvc(1971): Failed to instantiate Chimera operation impl com.google.android.gms.instantapps.routing.PhenotypeUpdateIntentOperation, dropping operation
03-29 01:51:06.853: E/IntentOperationSvc(1971): java.lang.NoSuchMethodException: <init> []
03-29 01:51:06.853: E/IntentOperationSvc(1971): 	at java.lang.Class.getConstructor(Class.java:531)
03-29 01:51:06.853: E/IntentOperationSvc(1971): 	at java.lang.Class.getConstructor(Class.java:495)
03-29 01:51:06.853: E/IntentOperationSvc(1971): 	at doj.a(:com.google.android.gms@14367013@14.3.67 (020700-216465562):12)
03-29 01:51:06.853: E/IntentOperationSvc(1971): 	at dok.run(:com.google.android.gms@14367013@14.3.67 (020700-216465562):67)
03-29 01:51:06.853: E/IntentOperationSvc(1971): 	at java.util.concurrent.ThreadPoolExecutor.runWorker(ThreadPoolExecutor.java:1112)
03-29 01:51:06.853: E/IntentOperationSvc(1971): 	at java.util.concurrent.ThreadPoolExecutor$Worker.run(ThreadPoolExecutor.java:587)
03-29 01:51:06.853: E/IntentOperationSvc(1971): 	at java.lang.Thread.run(Thread.java:818)
03-29 01:51:06.855: I/TestSupport(2202): AwaitCommitOperation: auth_sig_override_enabled
03-29 01:51:06.856: I/TestSupport(2202): AwaitCommitOperation: uncommitted: FlagOverride(com.google.android.gms.auth_account, , Flag(auth_sig_override_enabled, false, 2, 0), false)
03-29 01:51:06.856: I/TestSupport(2202): AwaitCommitOperation:  sleeping for 10 msec.
03-29 01:51:06.864: W/NetRec(1971): [342] ConfigChangedIntentOperation.onHandleIntent: Device does not support scoring, exiting
03-29 01:51:06.866: W/ModuleInitIntentOp(2202): Dropping unexpected action com.google.android.gms.phenotype.COMMITTED
03-29 01:51:06.871: I/PTCommittedOperation(1971): Receive new configuration for com.google.android.gms.auth_account
03-29 01:51:06.875: I/TestSupport(2202): AwaitCommitOperation: FlagOverride(com.google.android.gms.auth_account, , Flag(auth_sig_override_enabled, false, 2, 0), true) committed
03-29 01:51:06.875: I/TestSupport(2202): AwaitCommitOperation: no more uncommitted overrides
03-29 01:51:07.001: I/TestSupport(2202): AwaitCommitOperation: *
03-29 01:51:07.004: I/TestSupport(2202): AwaitCommitOperation: FlagOverride(com.google.android.gms.auth_account, , Flag(auth_sig_override_enabled, false, 2, 0), true) committed
03-29 01:51:07.004: I/TestSupport(2202): AwaitCommitOperation: no more uncommitted overrides
03-29 01:51:07.080: I/TSDRIVER(4620): Handled command: PACKAGE
03-29 01:51:07.117: D/AndroidRuntime(4743): >>>>>> AndroidRuntime START com.android.internal.os.RuntimeInit <<<<<<
03-29 01:51:07.118: D/AndroidRuntime(4743): CheckJNI is OFF
03-29 01:51:07.136: E/memtrack(4743): Couldn't load memtrack module (No such file or directory)
03-29 01:51:07.136: E/android.os.Debug(4743): failed to load memtrack module: -2
03-29 01:51:07.146: D/AndroidRuntime(4743): Calling main entry com.android.commands.pm.Pm
03-29 01:51:07.153: D/AndroidRuntime(4743): Shutting down VM
03-29 01:51:07.379: I/Remoter(1323): Saved screenshot to '/data/screenshots/__pmv__-0094.jpg'
03-29 01:51:07.489: D/AndroidRuntime(4758): >>>>>> AndroidRuntime START com.android.internal.os.RuntimeInit <<<<<<
03-29 01:51:07.490: D/AndroidRuntime(4758): CheckJNI is OFF
03-29 01:51:07.508: E/memtrack(4758): Couldn't load memtrack module (No such file or directory)
03-29 01:51:07.508: E/android.os.Debug(4758): failed to load memtrack module: -2
03-29 01:51:07.518: D/AndroidRuntime(4758): Calling main entry com.android.commands.am.Am
03-29 01:51:07.520: I/ActivityManager(1690): Force stopping com.google.android.apps.mtaas.tools appid=10079 user=0: start instr
03-29 01:51:07.531: I/ActivityManager(1690): Start proc com.google.android.apps.mtaas.tools for added application com.google.android.apps.mtaas.tools: pid=4769 uid=10079 gids={50079, 9997, 1028, 1015, 3003} abi=x86
03-29 01:51:07.562: I/ActivityManager(1690): Config changes=2004 {1.0 310mcc260mnc en_GB ldltr sw411dp w411dp h658dp 560dpi nrml port finger qwerty/v/v -nav/h s.6}
03-29 01:51:07.567: D/ActivityManager(1690): Storing locale en-GB for decryption UI
03-29 01:51:07.676: I/GceGrallocRegionRegistry(1333): Mapped gralloc-1333.26 hnd=0xb6b18180 fd=36 base=0xb0065000 format=RGBA_8888(0x1) width=1440 height=2560
03-29 01:51:07.859: D/ChangeLocale(4769): Instrumentation completed successfully
03-29 01:51:07.861: W/art(1690): Long monitor contention event with owner method=void com.android.server.am.ActivityManagerService.updateConfiguration(android.content.res.Configuration) from ActivityManagerService.java:16217 waiters=1 for 247ms
03-29 01:51:07.866: D/AndroidRuntime(4758): Shutting down VM
03-29 01:51:07.869: D/Finsky(2644): [1] ClearCacheReceiver.onReceive: Received android.intent.action.LOCALE_CHANGED. Clearing cache and exiting.
03-29 01:51:07.869: W/ResourcesManager(1690): Asset path '/system/framework/com.google.android.maps.jar' does not exist or contains no resources.
03-29 01:51:07.870: D/Volley(2644): [154] DiskBasedCache.clear: Cache cleared.
03-29 01:51:07.872: D/Volley(2644): [158] DiskBasedCache.clear: Cache cleared.
03-29 01:51:07.874: I/ContactLocale(2105): AddressBook Labels [en-GB]: [, A, B, C, D, E, F, G, H, I, J, K, L, M, N, O, P, Q, R, S, T, U, V, W, X, Y, Z, , , , , , , , , , , , , , , , , , , , , , , , , , , , , , , , , , , , , , , , , , , , , , , , , , , , , , , , , , , , , , , , , , , , , , , , , , , , , , , , , , , , , , , , , , , , , , , , , , , , , , , , , , , , , , , , , , , , , , , , , , , , , , , , , , , , , , , , , , , , , , , , , , , , , , , , , , , , , , , , , , , , , , , , , , , , , , , , , , , , , , , , , , , , #, ]
03-29 01:51:07.876: I/art(2644): System.exit called, status: 0
03-29 01:51:07.876: I/AndroidRuntime(2644): VM exiting with result code 0, cleanup skipped.
03-29 01:51:07.905: I/GceGrallocRegionRegistry(1763): Mapped gralloc-1333.23 hnd=0x9c902840 fd=62 base=0x9a907000 format=RGBA_8888(0x1) width=1440 height=168
03-29 01:51:07.965: I/ContactsProvider(2105): Locale has changed from en-US to en-GB
03-29 01:51:07.976: I/ContactsDatabaseHelper(2105): Switching to locale en-GB (ICU v53.1.0.1)
03-29 01:51:08.136: I/ActivityManager(1690): Force stopping com.google.android.apps.mtaas.tools appid=10079 user=0: finished inst
03-29 01:51:08.136: I/ActivityManager(1690): Killing 4769:com.google.android.apps.mtaas.tools/u0a79 (adj 0): stop com.google.android.apps.mtaas.tools
03-29 01:51:08.138: I/ContactsDatabaseHelper(2105): Locale change completed in 162ms
03-29 01:51:08.138: I/ContactsDatabaseHelper(2105): Switching to locale en-GB (ICU v53.1.0.1)
03-29 01:51:08.144: I/ContactsDatabaseHelper(2105): Locale change completed in 7ms
03-29 01:51:08.150: I/ContactsFTS(2105): Rebuild contact search index in 4ms, 0 contacts
03-29 01:51:08.243: W/art(1690): Long monitor contention event with owner method=void com.android.server.am.ActivityManagerService.finishInstrumentation(android.app.IApplicationThread, int, android.os.Bundle) from ActivityManagerService.java:16150 waiters=1 for 375ms
03-29 01:51:08.243: W/art(1690): Long monitor contention event with owner method=void com.android.server.am.ActivityManagerService.finishInstrumentation(android.app.IApplicationThread, int, android.os.Bundle) from ActivityManagerService.java:16150 waiters=2 for 375ms
03-29 01:51:08.247: W/art(1690): Long monitor contention event with owner method=void com.android.server.am.ActivityManagerService.finishInstrumentation(android.app.IApplicationThread, int, android.os.Bundle) from ActivityManagerService.java:16150 waiters=3 for 378ms
03-29 01:51:08.250: W/art(1690): Long monitor contention event with owner method=void com.android.server.am.ActivityManagerService.finishInstrumentation(android.app.IApplicationThread, int, android.os.Bundle) from ActivityManagerService.java:16150 waiters=4 for 378ms
03-29 01:51:08.265: W/art(1690): Long monitor contention event with owner method=void com.android.server.am.ActivityManagerService.finishInstrumentation(android.app.IApplicationThread, int, android.os.Bundle) from ActivityManagerService.java:16150 waiters=8 for 340ms
03-29 01:51:08.266: I/ActivityManager(1690): Process com.android.vending (pid 2644) has died
03-29 01:51:08.278: W/ActivityManager(1690): Spurious death for ProcessRecord{1b2070b4 4769:com.google.android.apps.mtaas.tools/u0a79}, curProc for 4769: null
03-29 01:51:08.284: I/GceGrallocRegionRegistry(2062): Unmapped gralloc-1333.18 hnd=0x9e56ea80 fd=53 base=0x9a223000
03-29 01:51:08.284: I/GceGrallocRegionRegistry(2062): Unmapped gralloc-1333.19 hnd=0x9b51fd00 fd=54 base=0x99411000
03-29 01:51:08.285: I/GceGrallocRegionRegistry(2062): Unmapped gralloc-1333.20 hnd=0x9e56ec00 fd=55 base=0x94b45000
03-29 01:51:08.285: I/GceGrallocRegionRegistry(1333): Unmapped gralloc-1333.18 hnd=0xb6915280 fd=18 base=0xaa4ee000
03-29 01:51:08.285: I/ContactAccountLoggerTas(2175): canRun() : Opted Out
03-29 01:51:08.288: I/GceGrallocRegionRegistry(1333): Unmapped gralloc-1333.19 hnd=0xb69152c0 fd=26 base=0xa96dc000
03-29 01:51:08.291: I/Icing(2202): IndexChimeraService.getServiceInterface callingPackage=com.google.android.inputmethod.latin componentName=null serviceId=21
03-29 01:51:08.295: W/Launcher(2062): setApplicationContext called twice! old=com.android.launcher3.LauncherApplication@319b2eaa new=com.android.launcher3.LauncherApplication@319b2eaa
03-29 01:51:08.329: I/InputMethodManagerService(1690): Selected default: com.google.android.inputmethod.latin/com.android.inputmethod.latin.LatinIME
03-29 01:51:08.360: W/InputMethodManagerService(1690): Illegal subtype state: old subtype = null, new subtype = android.view.inputmethod.InputMethodSubtype@b045e755
03-29 01:51:08.407: W/KeyphraseEnrollmentInfo(1917): Enrollment application doesn't support keyphrases
03-29 01:51:08.412: D/Launcher(2062): 11683562 - bindAddScreens()
03-29 01:51:08.412: D/Launcher(2062): 11683562 -   orderedScreenIds: 3
03-29 01:51:08.412: D/Launcher.Workspace(2062): 11683562 - insertNewWorkspaceScreen(): 3 at index: 0
03-29 01:51:08.414: I/Icing(2202): Usage reports ok 0, Failed Usage reports 0, indexed 0, rejected 0, imm upload false
03-29 01:51:08.416: I/ContactAccountLoggerTas(2175): canRun() : Opted Out
03-29 01:51:08.428: V/AlarmClock(3573): AlarmInitReceiver android.intent.action.LOCALE_CHANGED
03-29 01:51:08.434: I/GceGrallocRegionRegistry(1333): Unmapped gralloc-1333.20 hnd=0xb6915300 fd=27 base=0xa88ca000
03-29 01:51:08.467: I/UpdateIcingCorporaServi(2175): Updating corpora: APPS=FORCE_ALL, CONTACTS=FORCE_ALL
03-29 01:51:08.472: D/AndroidRuntime(4791): >>>>>> AndroidRuntime START com.android.internal.os.RuntimeInit <<<<<<
03-29 01:51:08.473: D/AndroidRuntime(4791): CheckJNI is OFF
03-29 01:51:08.517: V/AlarmClock(3573): AlarmInitReceiver finished
03-29 01:51:08.526: W/asset(2175): Asset path /system/framework/com.google.android.dialer.support.jar is neither a directory nor file (type=1).
03-29 01:51:08.526: W/ResourcesManager(2175): Asset path '/system/framework/com.google.android.dialer.support.jar' does not exist or contains no resources.
03-29 01:51:08.551: I/ActivityManager(1690): Start proc com.google.android.apps.fitness for broadcast com.google.android.apps.fitness/.FitnessLocaleChangedReceiver: pid=4804 uid=10038 gids={50038, 9997, 3003, 1028, 1015, 3002, 3001} abi=x86
03-29 01:51:08.567: E/memtrack(4791): Couldn't load memtrack module (No such file or directory)
03-29 01:51:08.567: E/android.os.Debug(4791): failed to load memtrack module: -2
03-29 01:51:08.606: D/AndroidRuntime(4791): Calling main entry com.android.commands.settings.SettingsCmd
03-29 01:51:08.615: D/Launcher.Model(2062): 11683562 - loadWorkspace()
03-29 01:51:08.615: D/Launcher.Model(2062): 11683562 -   loadedOldDb: false
03-29 01:51:08.626: D/AndroidRuntime(4791): Shutting down VM
03-29 01:51:08.669: W/asset(2062): Asset path /system/framework/com.google.android.dialer.support.jar is neither a directory nor file (type=1).
03-29 01:51:08.669: W/ResourcesManager(2062): Asset path '/system/framework/com.google.android.dialer.support.jar' does not exist or contains no resources.
03-29 01:51:08.675: E/art(4791): Thread attaching while runtime is shutting down: Binder_1
03-29 01:51:08.675: I/AndroidRuntime(4791): NOTE: attach of thread 'Binder_1' failed
03-29 01:51:08.757: I/GceGrallocRegionRegistry(1333): Mapped gralloc-1333.27 hnd=0xb69152c0 fd=16 base=0xaa4ee000 format=RGBA_8888(0x1) width=1440 height=2560
03-29 01:51:08.757: I/GceGrallocRegionRegistry(1333): Mapped gralloc-1333.28 hnd=0xb6915280 fd=18 base=0xa96dc000 format=RGBA_8888(0x1) width=1440 height=2560
03-29 01:51:08.757: I/GceGrallocRegionRegistry(1333): Mapped gralloc-1333.29 hnd=0xb1e031c0 fd=26 base=0xa88ca000 format=RGBA_8888(0x1) width=1440 height=2560
03-29 01:51:08.774: I/FitnessApp(4804): Validating ObjectGraph
03-29 01:51:08.805: E/Launcher.Model(2062): Error loading shortcut ShortcutInfo(title=Chromeintent=Intent { act=android.intent.action.MAIN cat=[android.intent.category.LAUNCHER] flg=0x10200000 pkg=com.android.chrome cmp=com.android.chrome/com.google.android.apps.chrome.Main (has extras) }id=4 type=0 container=-101 screen=5 cellX=5 cellY=0 spanX=1 spanY=1 dropPos=null user=UserHandle{0}) into hotseat position 5, position out of bounds: (0 to 4.0)
03-29 01:51:08.817: D/Launcher.Model(2062): 11683562 - loadWorkspaceScreensDb()
03-29 01:51:08.817: D/Launcher.Model(2062): 11683562 -   screens: { 0: 3 }
03-29 01:51:08.817: D/Launcher.Model(2062): 11683562 -   sBgWorkspaceScreens: 3
03-29 01:51:08.913: I/FitnessApp(4804): Initializing Google Cloud Messaging
03-29 01:51:08.913: I/FitnessApp(4804): Initializers took 0 milliseconds
03-29 01:51:08.916: I/Icing(2202): IndexChimeraService.getServiceInterface callingPackage=com.google.android.googlequicksearchbox componentName=null serviceId=21
03-29 01:51:08.968: I/SystemBroadcastReceiver(1926): System locale changed
03-29 01:51:09.038: I/FitnessApp(4804): Registering with Google Cloud Messaging
03-29 01:51:09.044: W/ChimeraUtils(2202): Non Chimera context
03-29 01:51:09.053: W/ActivityManager(1690): Unable to start service Intent { act=com.google.android.gms.nearby.discovery:ACTION_LOCALE_CHANGE cmp=com.google.android.gms/.nearby.discovery.service.DiscoveryService } U=0: not found
03-29 01:51:09.081: I/PeopleDatabaseHelper(2202): Updating DB locale: en_US -> en_GB
03-29 01:51:09.086: E/NetworkScheduler(1971): Invalid component specified.
03-29 01:51:09.129: I/PeopleSearchIndexManage(2202): Marking for index update.
03-29 01:51:09.160: W/ChimeraUtils(2202): Non Chimera context
03-29 01:51:09.259: I/PeopleSearchIndexManage(2202): Index version changed from 0
03-29 01:51:09.262: I/PeopleSearchIndexManage(2202): Rebuilding index...
03-29 01:51:09.263: I/GceGrallocRegionRegistry(2062): Mapped gralloc-1333.27 hnd=0xae967ac0 fd=53 base=0x9a17b000 format=RGBA_8888(0x1) width=1440 height=2560
03-29 01:51:09.278: I/PeopleASM(2202): Rebuilding autocomplete index...
03-29 01:51:09.279: I/PeopleSearchIndexManage(2202): Rebuilding index done.
03-29 01:51:09.247: I/RenderThread(2062): type=1400 audit(0.0:99): avc: denied { read } for path=2F6465762F6173686D656D2F6772616C6C6F632D313333332E3237202864656C6574656429 dev="tmpfs" ino=31086 scontext=u:r:untrusted_app:s0 tcontext=u:object_r:surfaceflinger_tmpfs:s0 tclass=file permissive=1
03-29 01:51:09.323: I/Icing(2202): Usage reports ok 0, Failed Usage reports 0, indexed 0, rejected 0, imm upload true
03-29 01:51:09.356: I/WindowManager(1690): Screen frozen for +1s794ms due to Window{bd9b277 u0 com.android.launcher3/com.android.launcher3.Launcher}
03-29 01:51:09.360: I/Choreographer(2062): Skipped 35 frames!  The application may be doing too much work on its main thread.
03-29 01:51:09.587: W/asset(2202): Asset path /system/framework/com.google.android.dialer.support.jar is neither a directory nor file (type=1).
03-29 01:51:09.587: W/ResourcesManager(2202): Asset path '/system/framework/com.google.android.dialer.support.jar' does not exist or contains no resources.
03-29 01:51:09.601: I/Remoter(1323): Saved screenshot to '/data/screenshots/__pmv__-0095.jpg'
03-29 01:51:09.605: D/AndroidRuntime(4836): >>>>>> AndroidRuntime START com.android.internal.os.RuntimeInit <<<<<<
03-29 01:51:09.613: D/AndroidRuntime(4836): CheckJNI is OFF
03-29 01:51:09.681: E/memtrack(4836): Couldn't load memtrack module (No such file or directory)
03-29 01:51:09.681: E/android.os.Debug(4836): failed to load memtrack module: -2
03-29 01:51:09.706: W/Conscrypt(1971): Could not set socket write timeout: java.net.SocketException: Socket closed
03-29 01:51:09.706: W/Conscrypt(1971): 	at com.google.android.gms.org.conscrypt.Platform.setSocketWriteTimeout(:com.google.android.gms@14367013@14.3.67 (020700-216465562):2)
03-29 01:51:09.706: W/Conscrypt(1971): 	at com.google.android.gms.org.conscrypt.ConscryptFileDescriptorSocket.setSoWriteTimeout(:com.google.android.gms@14367013@14.3.67 (020700-216465562):2)
03-29 01:51:09.741: W/Conscrypt(1971): Could not set socket write timeout: java.net.SocketException: Socket closed
03-29 01:51:09.741: W/Conscrypt(1971): 	at com.google.android.gms.org.conscrypt.Platform.setSocketWriteTimeout(:com.google.android.gms@14367013@14.3.67 (020700-216465562):2)
03-29 01:51:09.741: W/Conscrypt(1971): 	at com.google.android.gms.org.conscrypt.ConscryptFileDescriptorSocket.setSoWriteTimeout(:com.google.android.gms@14367013@14.3.67 (020700-216465562):2)
03-29 01:51:09.794: D/AndroidRuntime(4836): Calling main entry com.android.commands.settings.SettingsCmd
03-29 01:51:09.817: I/GceGrallocRegionRegistry(2062): Mapped gralloc-1333.28 hnd=0x9b558180 fd=47 base=0x94f90000 format=RGBA_8888(0x1) width=1440 height=2560
03-29 01:51:09.839: D/SettingsProvider(1690): User 0 external modification to /data/data/com.android.providers.settings/databases/settings.db; event=2
03-29 01:51:09.839: D/SettingsProvider(1690): User 0 updating our caches for /data/data/com.android.providers.settings/databases/settings.db
03-29 01:51:09.852: D/AndroidRuntime(4836): Shutting down VM
03-29 01:51:09.944: I/FitnessApp(4804): Device registered, registration ID=APA91bHAOncrgpaf8bOvlS5JLpYWlxWc1DfQTBbGKABOVGBOCqSDoS49aKzCecnHO9Z0SmamHd7C4SPLz-qvvtrofzR-eVnfNnh0KTOQGH35pUfVJDpAR4k6zxcp8TlOa_-2ozD_PLzinM8FHJ_DuP0mTiwST1sfiQ
03-29 01:51:09.977: I/Choreographer(1690): Skipped 37 frames!  The application may be doing too much work on its main thread.
03-29 01:51:09.978: W/art(1690): Long monitor contention event with owner method=void com.android.server.wm.WindowManagerService$H.handleMessage(android.os.Message) from WindowManagerService.java:7574 waiters=0 for 141ms
03-29 01:51:09.979: W/art(1690): Long monitor contention event with owner method=void com.android.server.wm.WindowManagerService$H.handleMessage(android.os.Message) from WindowManagerService.java:7574 waiters=1 for 137ms
03-29 01:51:09.980: I/Choreographer(2062): Skipped 37 frames!  The application may be doing too much work on its main thread.
03-29 01:51:10.002: D/Launcher(2062): 11683562 - bindAddScreens()
03-29 01:51:10.002: D/Launcher(2062): 11683562 -   orderedScreenIds: 3
03-29 01:51:10.002: D/Launcher.Workspace(2062): 11683562 - insertNewWorkspaceScreen(): 3 at index: 0
03-29 01:51:10.166: I/ContactLoggerTask(2175): canRun() : Disabled
03-29 01:51:10.166: I/UpdateIcingCorporaServi(2175): UpdateCorporaTask done [took 1698 ms] updated apps [took 1652 ms] updated contacts [took 46 ms]
03-29 01:51:10.425: I/GceGrallocRegionRegistry(2062): Mapped gralloc-1333.29 hnd=0x9e516dc0 fd=55 base=0x921a0000 format=RGBA_8888(0x1) width=1440 height=2560
03-29 01:51:10.549: D/AndroidRuntime(4866): >>>>>> AndroidRuntime START com.android.internal.os.RuntimeInit <<<<<<
03-29 01:51:10.550: D/AndroidRuntime(4866): CheckJNI is OFF
03-29 01:51:10.734: E/memtrack(4866): Couldn't load memtrack module (No such file or directory)
03-29 01:51:10.734: E/android.os.Debug(4866): failed to load memtrack module: -2
03-29 01:51:10.793: D/AndroidRuntime(4866): Calling main entry com.android.commands.settings.SettingsCmd
03-29 01:51:10.799: D/AndroidRuntime(4866): Shutting down VM
03-29 01:51:10.813: E/art(4866): Thread attaching while runtime is shutting down: Binder_1
03-29 01:51:10.813: I/AndroidRuntime(4866): NOTE: attach of thread 'Binder_1' failed
03-29 01:51:10.817: I/GceGrallocRegionRegistry(1333): Unmapped gralloc-1333.26 hnd=0xb6b18180 fd=36 base=0xb0065000
03-29 01:51:11.138: I/Icing(2202): Indexing com.google.android.googlequicksearchbox-applications_uri from com.google.android.googlequicksearchbox
