03-29 01:51:15.318: I/AccountManagerService(1690): the accounts changed, sending broadcast of android.accounts.LOGIN_ACCOUNTS_CHANGED
03-29 01:51:15.331: I/ContactsProvider(2105): Accounts changed
03-29 01:51:15.350: I/Auth(1971): [BroadcastManager] Broadcasting account services changed.
03-29 01:51:15.410: I/ActivityManager(1690): Start proc com.android.vending for broadcast com.android.vending/com.google.android.finsky.receivers.AccountsChangedReceiver: pid=5004 uid=10017 gids={50017, 9997, 3003, 1028, 1015} abi=x86
03-29 01:51:15.410: I/ActivityManager(1690): Displayed com.google.android.apps.mtaas.backdrop/.BackdropActivity: +2s430ms
03-29 01:51:15.475: I/GceGrallocRegionRegistry(4923): Mapped gralloc-1333.32 hnd=0xaea28100 fd=33 base=0x9b3dc000 format=RGBA_8888(0x1) width=1440 height=2560
03-29 01:51:15.475: I/AuthService(4976): [AddAccountOperation] Succeeded.
03-29 01:51:15.495: I/ContactsProvider(2105): Accounts changed
03-29 01:51:15.511: V/Backup(1971): [BackupTransportCS] Accounts changed
03-29 01:51:15.511: I/Backup(1971): [GmsBackupAccountManager] Backup account not found in gmscore.
03-29 01:51:15.569: I/AuthService(4976): [AccountService] Execution time for add account with authorization code, options: Bundle[{}] is 762 ms.
03-29 01:51:15.692: D/LoginUtil(4956): Instrumentation completed successfully
03-29 01:51:15.694: I/ActivityManager(1690): Force stopping com.google.android.apps.mtaas.loginutil appid=10080 user=0: finished inst
03-29 01:51:15.694: I/ActivityManager(1690): Killing 4956:com.google.android.apps.mtaas.loginutil/u0a80 (adj 0): stop com.google.android.apps.mtaas.loginutil
03-29 01:51:15.712: D/AndroidRuntime(4943): Shutting down VM
03-29 01:51:15.724: I/Icing(2202): updateResources: need to parse zfk{com.google.android.gms}
03-29 01:51:15.867: W/art(1690): Long monitor contention event with owner method=void com.android.server.wm.WindowAnimator$1.run() from WindowAnimator.java:119 waiters=0 for 117ms
03-29 01:51:15.966: W/art(1690): Long monitor contention event with owner method=void com.android.server.wm.WindowAnimator$1.run() from WindowAnimator.java:119 waiters=1 for 215ms
03-29 01:51:15.976: I/GceGrallocRegionRegistry(1690): Unmapped gralloc-1333.30 hnd=0x9f5ffec0 fd=172 base=0x98dee000
03-29 01:51:15.978: W/art(1690): Long monitor contention event with owner method=void com.android.server.am.ActivityManagerService.finishInstrumentation(android.app.IApplicationThread, int, android.os.Bundle) from ActivityManagerService.java:16150 waiters=0 for 286ms
03-29 01:51:15.979: W/art(1690): Long monitor contention event with owner method=void com.android.server.am.ActivityManagerService.finishInstrumentation(android.app.IApplicationThread, int, android.os.Bundle) from ActivityManagerService.java:16150 waiters=2 for 267ms
03-29 01:51:16.019: I/GceGrallocRegionRegistry(1333): Unmapped gralloc-1333.30 hnd=0xb6915400 fd=27 base=0xb0065000
03-29 01:51:16.077: I/ActivityManager(1690): Start proc com.google.android.apps.chrome for service com.google.android.apps.chrome/org.chromium.chrome.browser.invalidation.ChromeBrowserSyncAdapterService: pid=5036 uid=10077 gids={50077, 9997, 3003, 1028, 1015} abi=x86
03-29 01:51:16.096: D/Backup(1971): [BackupScheduler] Setting backup scheduler enabled=true due to desired state 1
03-29 01:51:16.096: V/Backup(1971): [BackupTransportCS] no backup now
03-29 01:51:16.109: I/Remoter(1323): Saved screenshot to '/data/screenshots/__pmv__-0099.jpg'
03-29 01:51:16.145: I/GceGrallocRegionRegistry(4923): Mapped gralloc-1333.33 hnd=0xaea28180 fd=34 base=0x9a5ca000 format=RGBA_8888(0x1) width=1440 height=2560
03-29 01:51:16.151: I/ActivityManager(1690): Start proc com.google.android.videos for service com.google.android.videos/.store.SyncService: pid=5052 uid=10072 gids={50072, 9997, 3003, 1028, 1015, 3002} abi=x86
03-29 01:51:16.181: I/RlzPingService(2231): Setting next ping for 1553935875685
03-29 01:51:16.238: V/Backup(1971): [BackupTransportCS] Accounts changed
03-29 01:51:16.238: I/Backup(1971): [GmsBackupAccountManager] Backup account not found in gmscore.
03-29 01:51:16.246: D/Backup(1971): [BackupScheduler] Setting backup scheduler enabled=true due to desired state 1
03-29 01:51:16.246: V/Backup(1971): [BackupTransportCS] no backup now
03-29 01:51:16.255: W/ChimeraUtils(1971): Non Chimera context
03-29 01:51:16.315: V/Backup(1971): [BackupAccountNotifier] Handling new intent. Show notification: true
03-29 01:51:16.347: D/Finsky(5004): [1] FinskyApp.onCreate: Initializing network with DFE https://android.clients.google.com/fdfe/
03-29 01:51:16.348: V/Backup(1971): [BackupAccountNotifier] Handling new intent. Show notification: true
03-29 01:51:16.393: I/Icing(2202): updateResources: need to parse zfk{com.google.android.gm}
03-29 01:51:16.434: I/ActivityManager(1690): Start proc com.google.android.gm.exchange for content provider com.google.android.gm.exchange/com.android.exchange.provider.ExchangeDirectoryProvider: pid=5092 uid=10067 gids={50067, 9997, 3003, 1028, 1015} abi=x86
03-29 01:51:16.453: D/Finsky(5004): [1] DailyHygiene.goMakeHygieneIfDirty: Dirty, need more hygiene.
03-29 01:51:16.469: I/ActivityManager(1690): Killing 3603:com.android.musicfx/u0a16 (adj 15): empty #17
03-29 01:51:16.474: W/Settings(5004): Setting download_manager_max_bytes_over_mobile has moved from android.provider.Settings.Secure to android.provider.Settings.Global.
03-29 01:51:16.489: W/Settings(5004): Setting download_manager_recommended_max_bytes_over_mobile has moved from android.provider.Settings.Secure to android.provider.Settings.Global.
03-29 01:51:16.505: I/CalendarProvider2(2518): Sending notification intent: Intent { act=android.intent.action.PROVIDER_CHANGED dat=content://com.android.calendar }
03-29 01:51:16.505: W/ContentResolver(2518): Failed to get type for: content://com.android.calendar (Unknown URL content://com.android.calendar)
03-29 01:51:16.528: W/libprocessgroup(1690): failed to open /acct/uid_10016/pid_3603/cgroup.procs: No such file or directory
03-29 01:51:16.530: I/CalendarProvider2(2518): Sending notification intent: Intent { act=android.intent.action.PROVIDER_CHANGED dat=content://com.android.calendar }
03-29 01:51:16.530: W/ContentResolver(2518): Failed to get type for: content://com.android.calendar (Unknown URL content://com.android.calendar)
03-29 01:51:16.531: I/ActivityManager(1690): Killing 3457:com.android.voicedialer/u0a23 (adj 15): empty #17
03-29 01:51:16.598: W/libprocessgroup(1690): failed to open /acct/uid_10023/pid_3457/cgroup.procs: No such file or directory
03-29 01:51:16.604: D/Volley(5004): [298] DiskBasedCache.clear: Cache cleared.
03-29 01:51:16.605: D/Volley(5004): [302] DiskBasedCache.clear: Cache cleared.
03-29 01:51:16.609: D/Finsky(5004): [1] UpdateWidgetsReceiver.onReceive: Updated 0 MarketWidgetProvider widgets (android.accounts.LOGIN_ACCOUNTS_CHANGED)
03-29 01:51:16.610: D/Finsky(5004): [1] UpdateWidgetsReceiver.onReceive: Updated 0 RecommendedWidgetProvider widgets (android.accounts.LOGIN_ACCOUNTS_CHANGED)
03-29 01:51:16.611: D/Finsky(5004): [1] UpdateWidgetsReceiver.onReceive: Updated 0 NowPlayingWidgetProvider widgets (android.accounts.LOGIN_ACCOUNTS_CHANGED)
03-29 01:51:16.611: I/ActivityManager(1690): Killing 4620:com.google.android.gmscore.testing.testsupport/u0a91 (adj 15): empty #17
03-29 01:51:16.659: I/Icing(2202): updateResources: need to parse zfk{com.google.android.gms}
03-29 01:51:16.676: I/Icing(2202): Indexing com.google.android.gm-messages/com.google/S37FFK2YM7DQQWXYEWKTQTSGKI-03%40cloudtestlabaccounts.com from com.google.android.gm
03-29 01:51:16.681: D/Finsky(5004): [1] 2.run: Loaded library for account: [WzJocq3nQy0-d2ix8f8ZU-GRgDA]
03-29 01:51:16.681: D/Finsky(5004): [1] 2.run: Finished loading 1 libraries.
03-29 01:51:16.767: I/ActivityManager(1690): Start proc android.process.media for content provider com.android.providers.downloads/.DownloadProvider: pid=5134 uid=10006 gids={50006, 9997, 2001, 3003, 1028, 1015, 3007, 1023, 1024} abi=x86
03-29 01:51:16.770: W/libprocessgroup(1690): failed to open /acct/uid_10091/pid_4620/cgroup.procs: No such file or directory
03-29 01:51:16.779: I/ContactDirectoryManager(2105): deleted 0 stale rows which don't have any relevant directory
03-29 01:51:16.786: I/ContactDirectoryManager(2105): Discovered 1 contact directories in 1166ms
03-29 01:51:16.787: I/ValidateNoPeople(1690): mEvictionCount: 0
03-29 01:51:16.810: W/HandlerScheduledExecuto(2175): Task does not implement UiTask. Consider using NamedUiRunnable for fjp@22f27884
03-29 01:51:16.821: I/ActivityManager(1690): Start proc com.android.chrome for broadcast com.android.chrome/com.google.android.apps.chrome.services.AccountsChangedReceiver: pid=5168 uid=10032 gids={50032, 9997, 3003, 1028, 1015} abi=x86
03-29 01:51:16.830: I/ContactAccountLoggerTas(2175): canRun() : Opted Out
03-29 01:51:16.831: I/ContactAccountLoggerTas(2175): canRun() : Opted Out
03-29 01:51:16.837: W/HandlerScheduledExecuto(2175): Task does not implement UiTask. Consider using NamedUiRunnable for fjp@22f27884
03-29 01:51:16.856: D/PlayMovies(5052): PersistentCache.cleanup:103 Cache is below limit, no need to shrink: [size=0, limit=5242880]
03-29 01:51:16.858: I/ContactAccountLoggerTas(2175): canRun() : Opted Out
03-29 01:51:16.867: I/Search.RefreshSearchDom(2175): refreshing search domain
03-29 01:51:16.874: W/Search.SearchUrlHelper(2175): Auth token not ready, no auth header set.
03-29 01:51:16.878: W/AbstractGoogleClient(2723): Application name is not set. Call Builder#setApplicationName.
03-29 01:51:16.880: I/Icing(2202): IndexChimeraService.getServiceInterface callingPackage=com.google.android.videos componentName=null serviceId=21
03-29 01:51:16.881: D/PlayMovies(5052): TransferService.onCreate:52 creating transfer service
03-29 01:51:16.882: E/SQLiteLog(5134): (283) recovered 59 frames from WAL file /data/data/com.android.providers.media/databases/external.db-wal
03-29 01:51:16.901: E/GmsClient(2723): unable to connect to service: com.google.android.gms.playlog.service.START
03-29 01:51:16.901: W/AnalyticsLogBase(2723): PlayLogger.onLoggerFailedConnection
03-29 01:51:16.970: E/GCoreUlr(1971): Create new device tag of -998654328 after device reboot.
03-29 01:51:16.972: I/VideoCapabilities(5052): Unsupported profile 4 for video/mp4v-es
03-29 01:51:16.981: I/GceRil(1337): Received request 19
03-29 01:51:16.981: I/GceRil(1337): Reporting signal strength: GW=30 CDMA=-61 EVDO=-70 LTE=25
03-29 01:51:16.986: D/Finsky(5004): [1] GmsCoreHelper.cleanupNlp: result=false type=4
03-29 01:51:16.991: W/ChimeraUtils(1971): Non Chimera context
03-29 01:51:17.001: I/ActivityManager(1690): Start proc com.google.android.syncadapters.calendar for broadcast com.google.android.syncadapters.calendar/.CalendarSyncAdapterBroadcastReceiver: pid=5218 uid=10029 gids={50029, 9997, 3003, 1028, 1015} abi=x86
03-29 01:51:17.006: I/art(1690): Explicit concurrent mark sweep GC freed 54343(5MB) AllocSpace objects, 131(2MB) LOS objects, 32% free, 33MB/49MB, paused 1.237ms total 213.882ms
03-29 01:51:17.026: I/ActivityManager(1690): Killing 3499:com.google.android.configupdater/u0a34 (adj 15): empty #17
03-29 01:51:17.099: I/Icing(2202): Indexing done com.google.android.gm-messages/com.google/S37FFK2YM7DQQWXYEWKTQTSGKI-03%40cloudtestlabaccounts.com
03-29 01:51:17.112: W/libprocessgroup(1690): failed to open /acct/uid_10034/pid_3499/cgroup.procs: No such file or directory
03-29 01:51:17.116: I/ActivityManager(1690): Killing 3159:com.google.android.gms.ui/u0a8 (adj 15): empty #17
03-29 01:51:17.172: W/libprocessgroup(1690): failed to open /acct/uid_10008/pid_3159/cgroup.procs: No such file or directory
03-29 01:51:17.190: D/Finsky(5004): [1] RestoreTracker.stopServiceIfDone: Restore complete with 0 success and 0 failed.
03-29 01:51:17.194: I/Exchange(5092): Accounts changed - requesting FolderSync for unsynced accounts
03-29 01:51:17.225: I/Icing(2202): Usage reports ok 0, Failed Usage reports 0, indexed 0, rejected 0, imm upload false
03-29 01:51:17.231: W/AbstractGoogleClient(5218): Application name is not set. Call Builder#setApplicationName.
03-29 01:51:17.268: W/ChimeraUtils(1971): Non Chimera context
03-29 01:51:17.323: I/GamesDatabaseHelper(2202): Bootstrapping database version: 2300
03-29 01:51:17.329: I/ajeq(1971): Scheduling Phenotype for a PhenotypeSyncImmediately(5, null) one off with window [1, 2] in seconds [CONTEXT service_id=51 ]
03-29 01:51:17.332: I/PmtsSwAccountIntentOp(2202): Processing intent action=android.accounts.LOGIN_ACCOUNTS_CHANGED
03-29 01:51:17.332: I/PmtsSwAccountIntentOp(2202): Device isn't of sufficient API level
03-29 01:51:17.377: I/scp(5202): type=1400 audit(0.0:102): avc: denied { write } for name="com.avrethem.minimal.apk" dev="loop6" ino=65570 scontext=u:r:init_shell:s0 tcontext=u:object_r:shell_data_file:s0 tclass=file permissive=1
03-29 01:51:17.417: I/Auth(1971): [GoogleAccountHistoryStore] creating database.
03-29 01:51:17.448: I/art(2147): Explicit concurrent mark sweep GC freed 6070(524KB) AllocSpace objects, 0(0B) LOS objects, 39% free, 21MB/35MB, paused 5.456ms total 15.453ms
03-29 01:51:17.458: I/Remoter(1323): Saved screenshot to '/data/screenshots/__pmv__-0100.jpg'
03-29 01:51:17.462: D/Volley(5004): [298] DiskBasedCache.clear: Cache cleared.
03-29 01:51:17.463: D/Volley(5004): [302] DiskBasedCache.clear: Cache cleared.
03-29 01:51:17.464: D/Finsky(5004): [1] UpdateWidgetsReceiver.onReceive: Updated 0 MarketWidgetProvider widgets (android.accounts.LOGIN_ACCOUNTS_CHANGED)
03-29 01:51:17.465: D/Finsky(5004): [1] UpdateWidgetsReceiver.onReceive: Updated 0 RecommendedWidgetProvider widgets (android.accounts.LOGIN_ACCOUNTS_CHANGED)
03-29 01:51:17.465: D/Finsky(5004): [1] UpdateWidgetsReceiver.onReceive: Updated 0 NowPlayingWidgetProvider widgets (android.accounts.LOGIN_ACCOUNTS_CHANGED)
03-29 01:51:17.491: I/Exchange(5092): Accounts changed - requesting FolderSync for unsynced accounts
03-29 01:51:17.564: I/ActivityManager(1690): Killing 3573:com.google.android.deskclock/u0a36 (adj 15): empty #17
03-29 01:51:17.585: I/art(2202): Background sticky concurrent mark sweep GC freed 92356(5MB) AllocSpace objects, 13(208KB) LOS objects, 12% free, 40MB/45MB, paused 31.454ms total 54.901ms
03-29 01:51:17.623: D/AndroidRuntime(5289): >>>>>> AndroidRuntime START com.android.internal.os.RuntimeInit <<<<<<
03-29 01:51:17.624: D/AndroidRuntime(5289): CheckJNI is OFF
03-29 01:51:17.643: E/memtrack(5289): Couldn't load memtrack module (No such file or directory)
03-29 01:51:17.643: E/android.os.Debug(5289): failed to load memtrack module: -2
03-29 01:51:17.647: I/ContactAccountLoggerTas(2175): canRun() : Opted Out
03-29 01:51:17.648: I/ContactAccountLoggerTas(2175): canRun() : Opted Out
03-29 01:51:17.662: D/AndroidRuntime(5289): Calling main entry com.android.commands.pm.Pm
03-29 01:51:17.674: W/libprocessgroup(1690): failed to open /acct/uid_10036/pid_3573/cgroup.procs: No such file or directory
03-29 01:51:17.707: I/PmtsSwAccountIntentOp(2202): Processing intent action=android.accounts.LOGIN_ACCOUNTS_CHANGED
03-29 01:51:17.707: I/PmtsSwAccountIntentOp(2202): Device isn't of sufficient API level
03-29 01:51:17.713: I/ajeq(1971): Scheduling Phenotype for a PhenotypeSyncImmediately(5, null) one off with window [1, 2] in seconds [CONTEXT service_id=51 ]
03-29 01:51:17.735: I/Auth(2202): [SupervisedAccountIntentOperation] onHandleIntent(): com.google.android.gms.auth.ACCOUNT_SERVICES_CHANGED
03-29 01:51:17.749: I/IcingInternalCorpora(2202): Received calendar change notification.
03-29 01:51:17.753: I/Auth(2202): [SupervisedAccountIntentOperation] This operation is disabled
03-29 01:51:17.757: I/IcingInternalCorpora(2202): Received calendar change notification.
03-29 01:51:17.760: D/Finsky(5004): [1] BaseWidgetProvider.onReceive: Received ACTION_APPWIDGET_UPDATE, updating 0 widgets.
03-29 01:51:17.764: D/Finsky(5004): [1] BaseWidgetProvider.onReceive: Received ACTION_APPWIDGET_UPDATE, updating 0 widgets.
03-29 01:51:17.766: D/Finsky(5004): [1] BaseWidgetProvider.onReceive: Received ACTION_APPWIDGET_UPDATE, updating 0 widgets.
03-29 01:51:17.767: D/DefContainer(3715): Copying /data/local/tmp/com.avrethem.minimal.apk to base.apk
03-29 01:51:17.775: I/cr_BrowserStartup(2175): Initializing chromium process, singleProcess=true
03-29 01:51:17.796: I/GamesSyncAdapter PII_LOG(2202): Starting sync for S37FFK2YM7DQQWXYEWKTQTSGKI-03@cloudtestlabaccounts.com
03-29 01:51:17.796: I/GamesSyncAdapter(2202): Starting sync for 9c43fbf8
03-29 01:51:17.844: I/art(1690): Explicit concurrent mark sweep GC freed 24266(1592KB) AllocSpace objects, 12(192KB) LOS objects, 32% free, 32MB/48MB, paused 1.054ms total 164.172ms
03-29 01:51:17.866: I/Auth(1971): [BroadcastManager] Broadcasting account change.
03-29 01:51:17.867: I/ActivityManager(1690): Start proc com.google.android.play.games.ui for content provider com.google.android.gms/.games.provider.NotificationStubContentProvider: pid=5329 uid=10008 gids={50008, 9997, 2001, 3003, 1007, 3006, 1028, 1015, 3002, 3001, 1005, 3007} abi=x86
03-29 01:51:17.868: W/WakefulBroadcastReceiv.(1971): No active wake lock id #1
03-29 01:51:17.871: D/ConnectivityService(1690): listenForNetwork for NetworkRequest [ id=5, legacyType=-1, [ Capabilities: INTERNET&NOT_RESTRICTED&TRUSTED] ]
03-29 01:51:17.871: D/ConnectivityService(1690): handleRegisterNetworkRequest checking NetworkAgentInfo [MOBILE (UMTS) - 100]
03-29 01:51:17.871: D/ConnectivityService(1690): apparently satisfied.  currentScore=50
03-29 01:51:17.877: D/ConnectivityManager.CallbackHandler(2175): CM callback handler got msg 524290
03-29 01:51:17.884: W/WakefulBroadcastReceiv.(1971): No active wake lock id #2
03-29 01:51:17.887: W/ResourcesManager(5329): Asset path '/system/framework/com.android.media.remotedisplay.jar' does not exist or contains no resources.
03-29 01:51:17.887: W/ResourcesManager(5329): Asset path '/system/framework/com.android.location.provider.jar' does not exist or contains no resources.
03-29 01:51:17.932: W/GmsApplication(5329): Failed to invoke the SupplierSetterRegistry.
03-29 01:51:17.934: E/PlayCommonAgent(2202): Interrupted while trying to load experiments
03-29 01:51:17.934: E/PlayCommonAgent(2202): java.lang.InterruptedException
03-29 01:51:17.934: E/PlayCommonAgent(2202): 	at java.util.concurrent.locks.AbstractQueuedSynchronizer.acquireSharedInterruptibly(AbstractQueuedSynchronizer.java:1279)
03-29 01:51:17.934: E/PlayCommonAgent(2202): 	at java.util.concurrent.CountDownLatch.await(CountDownLatch.java:202)
03-29 01:51:17.934: E/PlayCommonAgent(2202): 	at gtt.a(:com.google.android.play.games@65460070@5.11.6546 (206212302.206212302-000700):33)
03-29 01:51:17.934: E/PlayCommonAgent(2202): 	at ifo.a(:com.google.android.play.games@65460070@5.11.6546 (206212302.206212302-000700):211)
03-29 01:51:17.934: E/PlayCommonAgent(2202): 	at ifo.a(:com.google.android.play.games@65460070@5.11.6546 (206212302.206212302-000700):312)
03-29 01:51:17.934: E/PlayCommonAgent(2202): 	at ifo.a(:com.google.android.play.games@65460070@5.11.6546 (206212302.206212302-000700):304)
03-29 01:51:17.934: E/PlayCommonAgent(2202): 	at fuu.onPerformSync(:com.google.android.play.games@65460070@5.11.6546 (206212302.206212302-000700):5)
03-29 01:51:17.934: E/PlayCommonAgent(2202): 	at android.content.AbstractThreadedSyncAdapter$SyncThread.run(AbstractThreadedSyncAdapter.java:259)
03-29 01:51:17.963: W/art(3390): Attempt to remove local handle scope entry from IRT, ignoring
03-29 01:51:17.988: I/Search.RefreshSearchDom(2175): refreshing cookies
03-29 01:51:17.999: I/ActivityManager(1690): Start proc com.google.android.play.games.ui for service com.google.android.play.games/com.google.android.gms.games.service.PlayGamesBridgeService: pid=5353 uid=10064 gids={50064, 9997, 3003} abi=x86
03-29 01:51:18.003: D/BluetoothManagerService(1690): Message: 20
03-29 01:51:18.003: D/BluetoothManagerService(1690): Added callback: android.bluetooth.IBluetoothManagerCallback$Stub$Proxy@1e611c61:true
03-29 01:51:18.005: D/ConnectivityService(1690): listenForNetwork for NetworkRequest [ id=6, legacyType=-1, [ Capabilities: INTERNET&NOT_RESTRICTED&TRUSTED] ]
03-29 01:51:18.005: D/ConnectivityService(1690): handleRegisterNetworkRequest checking NetworkAgentInfo [MOBILE (UMTS) - 100]
03-29 01:51:18.005: D/ConnectivityService(1690): apparently satisfied.  currentScore=50
03-29 01:51:18.006: D/ConnectivityManager.CallbackHandler(2175): CM callback handler got msg 524290
03-29 01:51:18.017: I/art(1342): Explicit concurrent mark sweep GC freed 707(30KB) AllocSpace objects, 0(0B) LOS objects, 39% free, 20MB/34MB, paused 98us total 17.423ms
03-29 01:51:18.023: E/libEGL(2175): validate_display:255 error 3008 (EGL_BAD_DISPLAY)
03-29 01:51:18.032: I/Auth(1971): [BroadcastManager] Broadcasting account services changed.
03-29 01:51:18.082: D/Finsky(5004): [1] BaseWidgetProvider.onReceive: Received ACTION_APPWIDGET_UPDATE, updating 0 widgets.
03-29 01:51:18.083: D/Finsky(5004): [1] BaseWidgetProvider.onReceive: Received ACTION_APPWIDGET_UPDATE, updating 0 widgets.
03-29 01:51:18.083: D/Finsky(5004): [1] BaseWidgetProvider.onReceive: Received ACTION_APPWIDGET_UPDATE, updating 0 widgets.
03-29 01:51:18.084: E/NetworkScheduler(1971): Invalid component specified.
03-29 01:51:18.092: I/art(1342): Explicit concurrent mark sweep GC freed 7(240B) AllocSpace objects, 0(0B) LOS objects, 40% free, 20MB/34MB, paused 85us total 75.345ms
03-29 01:51:18.097: W/cr_CrashFileManager(2175): /data/data/com.google.android.googlequicksearchbox/cache/WebView/Crash Reports does not exist or is not a directory
03-29 01:51:18.112: I/art(1342): Explicit concurrent mark sweep GC freed 5(160B) AllocSpace objects, 0(0B) LOS objects, 40% free, 20MB/34MB, paused 85us total 17.694ms
03-29 01:51:18.119: E/NetworkScheduler(1971): Invalid component specified.
03-29 01:51:18.123: I/Velour.JarSignatureChecker(2175): Verifying JAR /data/data/com.google.android.googlequicksearchbox/app_jar_tmp/nowwidget1409921950.jar...
03-29 01:51:18.152: W/art(5329): Verification of auxc qlf.i() took 130.721ms
03-29 01:51:18.161: W/Conscrypt(2202): Could not set socket write timeout: java.net.SocketException: Socket closed
03-29 01:51:18.170: W/Conscrypt(2202): 	at com.google.android.gms.org.conscrypt.Platform.setSocketWriteTimeout(:com.google.android.gms@14367013@14.3.67 (020700-216465562):2)
03-29 01:51:18.170: W/Conscrypt(2202): 	at com.google.android.gms.org.conscrypt.ConscryptFileDescriptorSocket.setSoWriteTimeout(:com.google.android.gms@14367013@14.3.67 (020700-216465562):2)
03-29 01:51:18.172: W/Conscrypt(2202): Could not set socket write timeout: java.net.SocketException: Socket closed
03-29 01:51:18.172: W/Conscrypt(2202): 	at com.google.android.gms.org.conscrypt.Platform.setSocketWriteTimeout(:com.google.android.gms@14367013@14.3.67 (020700-216465562):2)
03-29 01:51:18.172: W/Conscrypt(2202): 	at com.google.android.gms.org.conscrypt.ConscryptFileDescriptorSocket.setSoWriteTimeout(:com.google.android.gms@14367013@14.3.67 (020700-216465562):2)
03-29 01:51:18.176: I/Velour.JarSignatureChecker(2175): Verified JAR /data/data/com.google.android.googlequicksearchbox/app_jar_tmp/nowwidget1409921950.jar
03-29 01:51:18.182: E/NetworkScheduler(1971): Invalid component specified.
03-29 01:51:18.183: E/NetworkScheduler(1971): Invalid component specified.
03-29 01:51:18.186: E/NetworkScheduler(1971): Invalid component specified.
03-29 01:51:18.187: E/NetworkScheduler(1971): Invalid component specified.
03-29 01:51:18.191: E/cutils-trace(5388): Error opening trace file: Permission denied (13)
03-29 01:51:18.191: I/dex2oat(5388): /system/bin/dex2oat --runtime-arg -classpath --runtime-arg  --instruction-set=x86 --instruction-set-features=default --runtime-arg -Xrelocate --boot-image=/system/framework/boot.art --dex-file=/data/data/com.google.android.googlequicksearchbox/cache/extradex_jars/nowwidget-0.jar --oat-fd=85 --oat-location=/data/data/com.google.android.googlequicksearchbox/cache/extradex_jars/nowwidget-0.dex --runtime-arg -Xms64m --runtime-arg -Xmx512m
03-29 01:51:18.203: E/NetworkScheduler(1971): Invalid component specified.
03-29 01:51:18.229: I/Authzen(1971): [AccountChangeProcessingIntentOperation] Received onHandleIntent() call: Intent { act=com.google.android.gms.auth.GOOGLE_ACCOUNT_CHANGE cat=[com.google.android.gms.auth.category.ACCOUNT_ADDED] flg=0x10 cmp=com.google.android.gms/.chimera.GmsIntentOperationService$PersistentInternalReceiver (has extras) }
03-29 01:51:18.229: I/Authzen(1971): [AccountChangeProcessingIntentOperation] Handling added account: <ELLIDED:-302463958>
03-29 01:51:18.232: I/GCoreUlr(1971): Starting service, intent=Intent { act=com.google.android.location.reporting.ACTION_UPDATE_WORLD cmp=com.google.android.gms/com.google.android.location.reporting.service.DispatchingService (has extras) }, extras=Bundle[{receiverAction=com.google.android.gms.auth.GOOGLE_ACCOUNT_CHANGE, accountsAdded=[Account {name=S37FFK2YM7DQQWXYEWKTQTSGKI-03@cloudtestlabaccounts.com, type=com.google}]}]
03-29 01:51:18.234: I/Authzen(1971): [SyncManager] Sync requested for event 100, account S37FFK2YM7DQQWXYEWKTQTSGKI-03@cloudtestlabaccounts.com, and components 3, with reason 7
03-29 01:51:18.234: I/Authzen(1971): [SyncManager] Triggering AuthZen registration...
03-29 01:51:18.262: I/dex2oat(5388): dex2oat took 70.463ms (threads: 2)
03-29 01:51:18.293: I/CheckinChimeraService(2202): Starting Checkin Task: CheckinNowTaskTag Reason : 4 Force : true UserId: 0
03-29 01:51:18.294: V/NativeCrypto(5329): Registering com/google/android/gms/org/conscrypt/NativeCrypto's 287 native methods...
03-29 01:51:18.302: I/art(5329): Rejecting re-init on previously-failed class java.lang.Class<com.google.android.gms.org.conscrypt.Java7ExtendedSSLSession>
03-29 01:51:18.302: I/art(5329): Rejecting re-init on previously-failed class java.lang.Class<com.google.android.gms.org.conscrypt.Java7ExtendedSSLSession>
03-29 01:51:18.302: I/art(5329): Rejecting re-init on previously-failed class java.lang.Class<com.google.android.gms.org.conscrypt.Java8ExtendedSSLSession>
03-29 01:51:18.302: I/art(5329): Rejecting re-init on previously-failed class java.lang.Class<com.google.android.gms.org.conscrypt.Java8ExtendedSSLSession>
03-29 01:51:18.312: I/Auth(2202): [SupervisedAccountIntentOperation] onHandleIntent(): com.google.android.gms.auth.ACCOUNT_SERVICES_CHANGED
03-29 01:51:18.312: I/Auth(2202): [SupervisedAccountIntentOperation] This operation is disabled
03-29 01:51:18.316: I/Ads(2202): Accounts have changed: com.google.android.gms.auth.GOOGLE_ACCOUNT_CHANGE
03-29 01:51:18.371: I/VideoCapabilities(2175): Unsupported profile 4 for video/mp4v-es
03-29 01:51:18.373: W/cr_MediaCodecUtil(2175): HW encoder for video/avc is not available on this device.
03-29 01:51:18.375: I/ChromeSync(2202): [Sync,SyncIntentOperation] Handling the intent: Intent { act=com.google.android.gms.auth.GOOGLE_ACCOUNT_CHANGE cat=[com.google.android.gms.auth.category.ACCOUNT_ADDED] flg=0x10 cmp=com.google.android.gms/.chimera.GmsIntentOperationService$PersistentInternalReceiver (has extras) }.
03-29 01:51:18.410: W/ActivityThread(5329): ClassLoader.loadClass: The class loader returned by Thread.getContextClassLoader() may fail for processes that host multiple applications. You should explicitly specify a context class loader. For example: Thread.setContextClassLoader(getClass().getClassLoader());
03-29 01:51:18.410: W/System(5329): Could not create com.google.android.gms.org.conscrypt.OpenSSLSocketFactoryImpl with ClassLoader android.app.LoadedApk$WarningContextClassLoader@f5d46be: com.google.android.gms.org.conscrypt.OpenSSLSocketFactoryImpl
03-29 01:51:18.410: I/ProviderInstaller(5329): Installed default security provider GmsCore_OpenSSL
03-29 01:51:18.459: W/Conscrypt(2202): Could not set socket write timeout: java.net.SocketException: Socket closed
03-29 01:51:18.460: W/Conscrypt(2202): 	at com.google.android.gms.org.conscrypt.Platform.setSocketWriteTimeout(:com.google.android.gms@14367013@14.3.67 (020700-216465562):2)
03-29 01:51:18.460: W/Conscrypt(2202): 	at com.google.android.gms.org.conscrypt.ConscryptFileDescriptorSocket.setSoWriteTimeout(:com.google.android.gms@14367013@14.3.67 (020700-216465562):2)
03-29 01:51:18.460: W/ActivityManager(1690): Unable to start service Intent { flg=0x4 cmp=com.android.vending/com.google.android.finsky.services.DailyHygiene (has extras) } U=0: not found
03-29 01:51:18.468: W/Conscrypt(2202): Could not set socket write timeout: java.net.SocketException: Socket closed
03-29 01:51:18.468: W/Conscrypt(2202): 	at com.google.android.gms.org.conscrypt.Platform.setSocketWriteTimeout(:com.google.android.gms@14367013@14.3.67 (020700-216465562):2)
03-29 01:51:18.468: W/Conscrypt(2202): 	at com.google.android.gms.org.conscrypt.ConscryptFileDescriptorSocket.setSoWriteTimeout(:com.google.android.gms@14367013@14.3.67 (020700-216465562):2)
03-29 01:51:18.519: W/art(1971): Suspending all threads took: 33.504ms
03-29 01:51:18.533: I/art(1971): Explicit concurrent mark sweep GC freed 79615(5MB) AllocSpace objects, 16(247KB) LOS objects, 31% free, 35MB/51MB, paused 34.636ms total 246.340ms
03-29 01:51:18.543: E/NetworkScheduler(1971): Invalid component specified.
03-29 01:51:18.548: I/GamesSyncAdapter PII_LOG(2202): Starting sync for S37FFK2YM7DQQWXYEWKTQTSGKI-03@cloudtestlabaccounts.com
03-29 01:51:18.548: I/GamesSyncAdapter(2202): Starting sync for 9c43fbf8
03-29 01:51:18.554: I/PrimesTesting(5353): GserviceFlagsSupplier.get()
03-29 01:51:18.565: I/GamesSyncAdapter PII_LOG(2202): Sync duration for S37FFK2YM7DQQWXYEWKTQTSGKI-03@cloudtestlabaccounts.com: 2
03-29 01:51:18.565: I/GamesSyncAdapter(2202): Sync duration for 9c43fbf8: 2
03-29 01:51:18.568: E/NetworkScheduler(1971): Invalid component specified.
03-29 01:51:18.569: E/NetworkScheduler(1971): Invalid component specified.
03-29 01:51:18.576: I/GCoreUlr(1971): WorldUpdater received intent Intent { act=com.google.android.location.reporting.ACTION_UPDATE_WORLD cmp=com.google.android.gms/com.google.android.location.reporting.service.DispatchingService (has extras) } with receiverAction com.google.android.gms.auth.GOOGLE_ACCOUNT_CHANGE
03-29 01:51:18.583: I/GAv4-SVC(5353): Google Analytics 13.5.89 is starting up.
03-29 01:51:18.597: E/NetworkScheduler.ATC(1971): Received callback from client for task that is already complete. ComponentInfo{com.google.android.gms/com.google.android.gms.tapandpay.gcmtask.TapAndPayGcmTaskService} paymentsdisabledoneoff.sync
03-29 01:51:18.598: W/NetworkScheduler(1971): Immediate task was not started com.google.android.gms/.tapandpay.gcmtask.TapAndPayGcmTaskService{u=0 tag="paymentsdisabledoneoff.sync" trigger=window{start=0s,end=1s,earliest=0s,latest=0s} requirements=[NET_CONNECTED] attributes=[] scheduled=0s last_run=N/A jid=N/A status=PENDING retries=0 client_lib=MANCHEGO_GCM-14367000}. Rescheduling immediate tasks can cause excessive battery drain.
03-29 01:51:18.600: I/art(2147): Explicit concurrent mark sweep GC freed 4167(192KB) AllocSpace objects, 0(0B) LOS objects, 40% free, 21MB/35MB, paused 5.666ms total 65.677ms
03-29 01:51:18.648: W/ChromeSync(2202): OperationException[Status{statusCode=Data of type 1 is not subscribed., resolution=null}]
03-29 01:51:18.648: W/ChromeSync(2202): 	at omd.b(:com.google.android.gms@14367013@14.3.67 (020700-216465562):2)
03-29 01:51:18.648: W/ChromeSync(2202): 	at olz.a(:com.google.android.gms@14367013@14.3.67 (020700-216465562):6)
03-29 01:51:18.648: W/ChromeSync(2202): 	at xap.run(:com.google.android.gms@14367013@14.3.67 (020700-216465562):27)
03-29 01:51:18.648: W/ChromeSync(2202): 	at bdnb.run(:com.google.android.gms@14367013@14.3.67 (020700-216465562):2)
03-29 01:51:18.648: W/ChromeSync(2202): 	at bdnb.run(:com.google.android.gms@14367013@14.3.67 (020700-216465562):2)
03-29 01:51:18.648: W/ChromeSync(2202): 	at qfk.run(:com.google.android.gms@14367013@14.3.67 (020700-216465562):35)
03-29 01:51:18.648: W/ChromeSync(2202): 	at java.util.concurrent.ThreadPoolExecutor.runWorker(ThreadPoolExecutor.java:1112)
03-29 01:51:18.648: W/ChromeSync(2202): 	at java.util.concurrent.ThreadPoolExecutor$Worker.run(ThreadPoolExecutor.java:587)
03-29 01:51:18.648: W/ChromeSync(2202): 	at qll.run(:com.google.android.gms@14367013@14.3.67 (020700-216465562))
03-29 01:51:18.648: W/ChromeSync(2202): 	at java.lang.Thread.run(Thread.java:818)
03-29 01:51:18.668: I/Auth(1971): [ReflectiveChannelBinder] Successfully bound channel!
03-29 01:51:18.682: W/Conscrypt(1971): Could not set socket write timeout: java.net.SocketException: Socket closed
03-29 01:51:18.682: W/Conscrypt(1971): 	at com.google.android.gms.org.conscrypt.Platform.setSocketWriteTimeout(:com.google.android.gms@14367013@14.3.67 (020700-216465562):2)
03-29 01:51:18.682: W/Conscrypt(1971): 	at com.google.android.gms.org.conscrypt.ConscryptFileDescriptorSocket.setSoWriteTimeout(:com.google.android.gms@14367013@14.3.67 (020700-216465562):2)
03-29 01:51:18.686: W/Conscrypt(1971): Could not set socket write timeout: java.net.SocketException: Socket closed
03-29 01:51:18.686: W/Conscrypt(1971): 	at com.google.android.gms.org.conscrypt.Platform.setSocketWriteTimeout(:com.google.android.gms@14367013@14.3.67 (020700-216465562):2)
03-29 01:51:18.686: W/Conscrypt(1971): 	at com.google.android.gms.org.conscrypt.ConscryptFileDescriptorSocket.setSoWriteTimeout(:com.google.android.gms@14367013@14.3.67 (020700-216465562):2)
03-29 01:51:18.687: I/PhFlagCommitter PII_LOG(5353): Committing experiment config for user: 
03-29 01:51:18.692: W/Primes(5329): Primes not initialized, returning default (no-op) Primes instance which will ignore all calls. Please call Primes.initialize(...) before using any Primes API.
03-29 01:51:18.695: E/AsyncOperation(2202): serviceID=80, operation=List
03-29 01:51:18.695: E/AsyncOperation(2202): OperationException[Status{statusCode=Data of type 1 is not subscribed., resolution=null}]
03-29 01:51:18.695: E/AsyncOperation(2202): 	at omd.b(:com.google.android.gms@14367013@14.3.67 (020700-216465562):2)
03-29 01:51:18.695: E/AsyncOperation(2202): 	at olz.a(:com.google.android.gms@14367013@14.3.67 (020700-216465562):6)
03-29 01:51:18.695: E/AsyncOperation(2202): 	at xap.run(:com.google.android.gms@14367013@14.3.67 (020700-216465562):27)
03-29 01:51:18.695: E/AsyncOperation(2202): 	at bdnb.run(:com.google.android.gms@14367013@14.3.67 (020700-216465562):2)
03-29 01:51:18.695: E/AsyncOperation(2202): 	at bdnb.run(:com.google.android.gms@14367013@14.3.67 (020700-216465562):2)
03-29 01:51:18.695: E/AsyncOperation(2202): 	at qfk.run(:com.google.android.gms@14367013@14.3.67 (020700-216465562):35)
03-29 01:51:18.695: E/AsyncOperation(2202): 	at java.util.concurrent.ThreadPoolExecutor.runWorker(ThreadPoolExecutor.java:1112)
03-29 01:51:18.695: E/AsyncOperation(2202): 	at java.util.concurrent.ThreadPoolExecutor$Worker.run(ThreadPoolExecutor.java:587)
03-29 01:51:18.695: E/AsyncOperation(2202): 	at qll.run(:com.google.android.gms@14367013@14.3.67 (020700-216465562))
03-29 01:51:18.695: E/AsyncOperation(2202): 	at java.lang.Thread.run(Thread.java:818)
03-29 01:51:18.726: I/MS_RegisterService(2202): Tachyon host: instantmessaging-pa.googleapis.com, Tachyon port: 443
03-29 01:51:18.740: I/PeopleDatabaseHelper(2202): cleanUpNonGplusAccounts done.
03-29 01:51:18.743: W/SemanticLocation(2202): Personalization not enabled; ignoring AccountChangeBroadcast.
03-29 01:51:18.747: W/GamesServiceBroker(2202): Client connected with SDK 13589000, Services 14367013, and Games 65460070
03-29 01:51:18.756: I/ContactAccountLoggerTas(2175): canRun() : Opted Out
03-29 01:51:18.757: W/SemanticLocation(2202): Personalization not enabled; won't try to improve personalization account.
03-29 01:51:18.766: D/ConnectivityService(1690): releasing NetworkRequest NetworkRequest [ id=5, legacyType=-1, [ Capabilities: INTERNET&NOT_RESTRICTED&TRUSTED] ]
03-29 01:51:18.773: D/ConnectivityManager.CallbackHandler(2175): CM callback handler got msg 524296
03-29 01:51:18.809: I/Remoter(1323): Saved screenshot to '/data/screenshots/__pmv__-0101.jpg'
03-29 01:51:18.825: I/ContactAccountLoggerTas(2175): canRun() : Opted Out
03-29 01:51:18.837: I/CheckinRequestProcessor(2202): Gmscore running on device, checkin will use Gmscore context
03-29 01:51:18.837: I/CheckinRequestBuilder(2202): Checkin reason type: 4 attempt count: 1
03-29 01:51:18.870: I/FitnessApp(4804): ULRSettingsReceiver Intent { act=com.google.android.gms.location.reporting.SETTINGS_CHANGED flg=0x10 cmp=com.google.android.apps.fitness/.api.recording.UlrSettingsReceiver }
03-29 01:51:18.876: I/SemanticLocation(2202): Cancel DailyWhamDataUpload
03-29 01:51:18.882: I/GCoreUlr(1971): WorldUpdater:com.google.android.gms.auth.GOOGLE_ACCOUNT_CHANGE: Ensuring that reporting is stopped because of reasons: {account#-4#=[InactiveReason{mIdentifier=6, mName='ReportingNotEnabled'}, InactiveReason{mIdentifier=14, mName='HistoryNotEnabled'}]}
03-29 01:51:18.886: W/arlx(1971): Empty context buffer. Thus might mean that the context is not synced down.
03-29 01:51:18.886: W/aria(1971): Empty context model while retrieving upload opt-in status!
03-29 01:51:18.895: I/art(2202): Explicit concurrent mark sweep GC freed 56110(3MB) AllocSpace objects, 12(192KB) LOS objects, 28% free, 40MB/56MB, paused 6.564ms total 187.918ms
03-29 01:51:18.897: I/CryptauthV2(2202): [EnrollKeyName] ClientName calling Cryptauth is ForceRegistration
03-29 01:51:18.904: W/art(3390): Long monitor contention event with owner method=boolean android.os.BinderProxy.transactNative(int, android.os.Parcel, android.os.Parcel, int) from Binder.java:4294967294 waiters=0 for 1.406s
03-29 01:51:18.921: I/FitnessApp(4804): No current account so skipping recording
03-29 01:51:18.928: I/GCoreUlr(1971): Unbound from all signal providers.
03-29 01:51:18.935: I/SemanticLocation(2202): Cancel ReverseGeoBatch
03-29 01:51:18.943: W/SemanticLocation(2202): Personalization not enabled; won't try to improve personalization account.
03-29 01:51:18.948: I/IcingInternalCorpora(2202): EventIndexer: starting incremental update
03-29 01:51:18.948: I/IcingInternalCorpora(2202): EventIndexer: 0 added, 0 removed, 0 changed, 0 unchanged, 0 errors.
03-29 01:51:18.948: I/IcingInternalCorpora(2202): EventIndexer: finished after 0 ms.
03-29 01:51:18.971: I/MS_RegisterService(2202): RegisterService intent:Intent { act=com.google.android.gms.matchstick.register_intent_google_account_change cat=[targeted_intent_op_prefix:com.google.android.libraries.matchstick.net.SilentRegisterIntentOperation] cmp=com.google.android.gms/.chimera.GmsIntentOperationService } isPeriodic:false
03-29 01:51:18.982: I/Places(1971): ?: Couldn't find platform key file.
03-29 01:51:18.995: I/GCoreUlr(1971): Unbound from all signal providers.
03-29 01:51:18.995: I/GCoreUlr(1971): Stopping handler for UlrDispSvcFast
03-29 01:51:18.997: I/GCoreUlr(1971): DispatchingService ignoring Intent { act=android.net.wifi.WIFI_STATE_CHANGED flg=0x4000010 (has extras) } because ULR inactive
03-29 01:51:19.001: I/SemanticLocation(2202): Cancel WhamDailyActiveUserReport
03-29 01:51:19.006: W/ActivityManager(1690): Unable to start service Intent { act=com.google.android.gms.playlog.service.START pkg=com.google.android.gms } U=0: not found
03-29 01:51:19.007: E/GmsClient(3390): unable to connect to service: com.google.android.gms.playlog.service.START
03-29 01:51:19.019: I/PhFlagCommitter PII_LOG(5353): Successfully committed experiment flags for user: 
03-29 01:51:19.096: I/art(1690): Explicit concurrent mark sweep GC freed 68167(3MB) AllocSpace objects, 25(931KB) LOS objects, 31% free, 34MB/50MB, paused 594us total 146.439ms
03-29 01:51:19.097: I/art(2147): Explicit concurrent mark sweep GC freed 3891(175KB) AllocSpace objects, 0(0B) LOS objects, 40% free, 21MB/35MB, paused 232us total 128.396ms
03-29 01:51:19.107: I/GamesSyncAdapter PII_LOG(2202): Sync duration for S37FFK2YM7DQQWXYEWKTQTSGKI-03@cloudtestlabaccounts.com: 1311
03-29 01:51:19.107: I/GamesSyncAdapter(2202): Sync duration for 9c43fbf8: 1311
03-29 01:51:19.112: E/ctxmgr(1971): [NetworkUtil]No active synchronizable contexts.
03-29 01:51:19.128: D/SyncManager(1690): handleSyncHandlerMessage: dropping since the sync is no longer active: startTime 422029, mTimeoutStartTime 422029, mHistoryRowId 4, syncOperation S37FFK2YM7DQQWXYEWKTQTSGKI-03@cloudtestlabaccounts.com u0 (com.google), com.google.android.gms.games.background, SERVER, currentRunTime 422014, reason: AutoSync
03-29 01:51:19.177: I/Places(1971): ?: Couldn't find platform key file.
03-29 01:51:19.177: I/GeofencerStateMachine(1971): removeGeofences: removeRequest=RemoveGeofencingRequest[REMOVE_BY_PENDING_INTENT pendingIntent=PendingIntent[creatorPackage=com.google.android.gms], packageName=null]
03-29 01:51:19.179: I/GeofencerStateMachine(1971): removeGeofences: removeRequest=RemoveGeofencingRequest[REMOVE_BY_PENDING_INTENT pendingIntent=PendingIntent[creatorPackage=com.google.android.gms], packageName=null]
03-29 01:51:19.181: W/GLSUser(1971): [DeviceKeyStore] Cannot load key: Device key file not found.
03-29 01:51:19.181: W/GLSUser(1971): [DeviceKeyStore] Cannot load key: Device key file not found.
03-29 01:51:19.198: I/UdcContextInitChimeraSe(2202): Scheduling context registration change job.
03-29 01:51:19.203: W/Conscrypt(1971): Could not set socket write timeout: java.net.SocketException: Socket closed
03-29 01:51:19.204: W/Conscrypt(1971): 	at com.google.android.gms.org.conscrypt.Platform.setSocketWriteTimeout(:com.google.android.gms@14367013@14.3.67 (020700-216465562):2)
03-29 01:51:19.206: W/Conscrypt(1971): 	at com.google.android.gms.org.conscrypt.ConscryptFileDescriptorSocket.setSoWriteTimeout(:com.google.android.gms@14367013@14.3.67 (020700-216465562):2)
03-29 01:51:19.207: W/GamesServiceBroker(2202): Client connected with SDK 13589000, Services 14367013, and Games 65460070
03-29 01:51:19.218: I/GeofencerStateMachine(1971): removeGeofences: removeRequest=RemoveGeofencingRequest[REMOVE_BY_PENDING_INTENT pendingIntent=PendingIntent[creatorPackage=com.google.android.gms], packageName=null]
03-29 01:51:19.236: I/GeofencerStateMachine(1971): removeGeofences: removeRequest=RemoveGeofencingRequest[REMOVE_BY_PENDING_INTENT pendingIntent=PendingIntent[creatorPackage=com.google.android.gms], packageName=null]
03-29 01:51:19.239: I/GeofencerStateMachine(1971): removeGeofences: removeRequest=RemoveGeofencingRequest[REMOVE_BY_PENDING_INTENT pendingIntent=PendingIntent[creatorPackage=com.google.android.gms], packageName=null]
03-29 01:51:19.247: I/Places(1971): ?: Couldn't find platform key file.
03-29 01:51:19.252: E/NetworkScheduler(1971): Invalid component specified.
03-29 01:51:19.256: I/GeofencerStateMachine(1971): removeGeofences: removeRequest=RemoveGeofencingRequest[REMOVE_BY_PENDING_INTENT pendingIntent=PendingIntent[creatorPackage=com.google.android.gms], packageName=null]
03-29 01:51:19.257: E/NetworkScheduler(1971): Invalid component specified.
03-29 01:51:19.263: W/GLSUser(1971): [DeviceKeyStore] Cannot load key: Device key file not found.
03-29 01:51:19.263: W/GLSUser(1971): [DeviceKeyStore] Cannot load key: Device key file not found.
03-29 01:51:19.292: W/Conscrypt(2202): Could not set socket write timeout: java.net.SocketException: Socket closed
03-29 01:51:19.293: W/Conscrypt(2202): 	at com.google.android.gms.org.conscrypt.Platform.setSocketWriteTimeout(:com.google.android.gms@14367013@14.3.67 (020700-216465562):2)
03-29 01:51:19.293: W/Conscrypt(2202): 	at com.google.android.gms.org.conscrypt.ConscryptFileDescriptorSocket.setSoWriteTimeout(:com.google.android.gms@14367013@14.3.67 (020700-216465562):2)
03-29 01:51:19.303: W/Conscrypt(1971): Could not set socket write timeout: java.net.SocketException: Socket closed
03-29 01:51:19.303: W/Conscrypt(1971): 	at com.google.android.gms.org.conscrypt.Platform.setSocketWriteTimeout(:com.google.android.gms@14367013@14.3.67 (020700-216465562):2)
03-29 01:51:19.303: W/Conscrypt(1971): 	at com.google.android.gms.org.conscrypt.ConscryptFileDescriptorSocket.setSoWriteTimeout(:com.google.android.gms@14367013@14.3.67 (020700-216465562):2)
03-29 01:51:19.324: W/Conscrypt(2202): Could not set socket write timeout: java.net.SocketException: Socket closed
03-29 01:51:19.324: W/Conscrypt(2202): 	at com.google.android.gms.org.conscrypt.Platform.setSocketWriteTimeout(:com.google.android.gms@14367013@14.3.67 (020700-216465562):2)
03-29 01:51:19.324: W/Conscrypt(2202): 	at com.google.android.gms.org.conscrypt.ConscryptFileDescriptorSocket.setSoWriteTimeout(:com.google.android.gms@14367013@14.3.67 (020700-216465562):2)
03-29 01:51:19.347: W/GLSUser(1971): [DeviceKeyStore] Cannot load key: Device key file not found.
03-29 01:51:19.347: W/GLSUser(1971): [DeviceKeyStore] Cannot load key: Device key file not found.
03-29 01:51:19.348: V/NativeCrypto(1971): Read error: ssl=0xaec62478: I/O error during system call, Connection reset by peer
03-29 01:51:19.349: V/NativeCrypto(1971): SSL shutdown failed: ssl=0xaec62478: I/O error during system call, Broken pipe
03-29 01:51:19.349: E/WakeLock(1971): GCM_HB_ALARM release without a matched acquire!
03-29 01:51:19.352: D/ConnectivityService(1690): reportBadNetwork(NetworkAgentInfo [MOBILE (UMTS) - 100]) by 10008
03-29 01:51:19.352: E/WakeLock(1971): GCM_CONN_ALARM release without a matched acquire!
03-29 01:51:19.353: D/NetworkMonitorNetworkAgentInfo [MOBILE (UMTS) - null](1690): ValidatedState{ when=0 what=532488 arg1=10008 target=com.android.internal.util.StateMachine$SmHandler }
03-29 01:51:19.353: D/NetworkMonitorNetworkAgentInfo [MOBILE (UMTS) - null](1690): DefaultState{ when=0 what=532488 arg1=10008 target=com.android.internal.util.StateMachine$SmHandler }
03-29 01:51:19.353: D/NetworkMonitorNetworkAgentInfo [MOBILE (UMTS) - null](1690): Forcing reevaluation
03-29 01:51:19.353: D/NetworkMonitorNetworkAgentInfo [MOBILE (UMTS) - null](1690): EvaluatingState{ when=0 what=532486 arg1=2 target=com.android.internal.util.StateMachine$SmHandler }
03-29 01:51:19.353: D/NetworkMonitorNetworkAgentInfo [MOBILE (UMTS) - null](1690): Checking http://clients3.google.com/generate_204 on epc.tmobile.com
03-29 01:51:19.362: D/NetworkMonitorNetworkAgentInfo [MOBILE (UMTS) - null](1690): isCaptivePortal: ret=204 headers={null=[HTTP/1.1 204 No Content], Content-Length=[0], Date=[Fri, 29 Mar 2019 08:51:19 GMT], X-Android-Received-Millis=[1553849479362], X-Android-Response-Source=[NETWORK 204], X-Android-Sent-Millis=[1553849479362]}
03-29 01:51:19.362: D/NetworkMonitorNetworkAgentInfo [MOBILE (UMTS) - null](1690): Don't send network conditions - lacking user consent.
03-29 01:51:19.362: D/NetworkMonitorNetworkAgentInfo [MOBILE (UMTS) - null](1690): Validated
03-29 01:51:19.363: D/ConnectivityService(1690): Validated NetworkAgentInfo [MOBILE (UMTS) - 100]
03-29 01:51:19.363: D/ConnectivityService(1690): rematching NetworkAgentInfo [MOBILE (UMTS) - 100]
03-29 01:51:19.363: D/ConnectivityService(1690): Network NetworkAgentInfo [MOBILE (UMTS) - 100] was already satisfying request 1. No change.
03-29 01:51:19.363: D/ConnectivityService(1690): notifyType AVAILABLE for NetworkAgentInfo [MOBILE (UMTS) - 100]
03-29 01:51:19.363: D/ConnectivityManager.CallbackHandler(1763): CM callback handler got msg 524290
03-29 01:51:19.363: D/ConnectivityManager.CallbackHandler(3899): CM callback handler got msg 524290
03-29 01:51:19.365: D/ConnectivityManager.CallbackHandler(2175): CM callback handler got msg 524290
03-29 01:51:19.392: W/art(1971): Long monitor contention event with owner method=void xta.a(xsx, xqj) from :com.google.android.gms@14367013@14.3.67 (020700-216465562):132 waiters=0 for 137ms
03-29 01:51:19.397: I/art(2147): Explicit concurrent mark sweep GC freed 4628(207KB) AllocSpace objects, 0(0B) LOS objects, 40% free, 21MB/35MB, paused 6.845ms total 102.126ms
03-29 01:51:19.399: W/GLSUser(1971): [DeviceKeyStore] Cannot load key: Device key file not found.
03-29 01:51:19.399: W/GLSUser(1971): [DeviceKeyStore] Cannot load key: Device key file not found.
03-29 01:51:19.409: W/arlx(1971): Empty context buffer. Thus might mean that the context is not synced down.
03-29 01:51:19.409: W/aria(1971): Empty context model while retrieving upload opt-in status!
03-29 01:51:19.415: W/Conscrypt(1971): Could not set socket write timeout: java.net.SocketException: Socket closed
03-29 01:51:19.423: E/Volley(2202): [475] BasicNetwork.performRequest: Unexpected response code 429 for https://firebaseperusertopics-pa.googleapis.com/v1/perusertopics/1043999264433/rel/topics?&subscriber_token=frRYjCws8rs:APA91bFdLtThNxCp0PBQhGjsWlWjYN1QpyCtRjiqDTavMUL2WTht2bIPPrEgoiaxdzyuaEul5LCc6K9grN0hx1kijIgf5ISTqeqMP0fwTSvywJrZnG0OUJCQwzGB7vHXsji6K97GDRhQ
03-29 01:51:19.437: W/Conscrypt(1971): 	at com.google.android.gms.org.conscrypt.Platform.setSocketWriteTimeout(:com.google.android.gms@14367013@14.3.67 (020700-216465562):2)
03-29 01:51:19.437: W/Conscrypt(1971): 	at com.google.android.gms.org.conscrypt.ConscryptFileDescriptorSocket.setSoWriteTimeout(:com.google.android.gms@14367013@14.3.67 (020700-216465562):2)
03-29 01:51:19.442: W/Conscrypt(1971): Could not set socket write timeout: java.net.SocketException: Socket closed
03-29 01:51:19.443: W/Conscrypt(1971): 	at com.google.android.gms.org.conscrypt.Platform.setSocketWriteTimeout(:com.google.android.gms@14367013@14.3.67 (020700-216465562):2)
03-29 01:51:19.443: W/Conscrypt(1971): 	at com.google.android.gms.org.conscrypt.ConscryptFileDescriptorSocket.setSoWriteTimeout(:com.google.android.gms@14367013@14.3.67 (020700-216465562):2)
03-29 01:51:19.547: I/art(1971): Explicit concurrent mark sweep GC freed 86391(4MB) AllocSpace objects, 7(109KB) LOS objects, 31% free, 35MB/51MB, paused 10.708ms total 280.130ms
03-29 01:51:19.560: I/GeofencerStateMachine(1971): removeGeofences: removeRequest=RemoveGeofencingRequest[REMOVE_BY_PENDING_INTENT pendingIntent=PendingIntent[creatorPackage=com.google.android.gms], packageName=null]
