03-29 01:50:49.168: W/NetRec(1971): [244] ConfigChangedIntentOperation.onHandleIntent: Device does not support scoring, exiting
03-29 01:50:49.172: W/NetRec(1971): [229] ConfigChangedIntentOperation.onHandleIntent: Device does not support scoring, exiting
03-29 01:50:49.172: I/PTCommittedOperation(1971): Receive new configuration for com.google.android.gms.icing.mdd
03-29 01:50:49.172: W/ModuleInitIntentOp(2202): Dropping unexpected action com.google.android.gms.phenotype.COMMITTED
03-29 01:50:49.177: W/NetRec(1971): [254] ConfigChangedIntentOperation.onHandleIntent: Device does not support scoring, exiting
03-29 01:50:49.183: W/NetRec(1971): [230] ConfigChangedIntentOperation.onHandleIntent: Device does not support scoring, exiting
03-29 01:50:49.192: D/PackageManager(1690): Renaming /data/app/vmdl834824954.tmp to /data/app/com.google.android.apps.auth.test.support-1
03-29 01:50:49.197: I/MobileDataHub(2202): Scheduling periodic tasks
03-29 01:50:49.197: W/MobileDataHub(2202): [Service] appsupload-periodic periodic task disabled
03-29 01:50:49.200: I/art(1690): DexFile_isDexOptNeeded failed to open oat file '/data/dalvik-cache/x86/data@app@com.google.android.apps.auth.test.support-1@base.apk@classes.dex' for file location '/data/app/com.google.android.apps.auth.test.support-1/base.apk': Failed to open oat filename for reading: No such file or directory
03-29 01:50:49.200: I/art(1690): DexFile_isDexOptNeeded failed to open oat file '/data/app/com.google.android.apps.auth.test.support-1/x86/base.odex' for file location '/data/app/com.google.android.apps.auth.test.support-1/base.apk': Failed to open oat filename for reading: No such file or directory
03-29 01:50:49.200: I/PackageManager(1690): Running dexopt on: /data/app/com.google.android.apps.auth.test.support-1/base.apk pkg=com.google.android.apps.auth.test.support isa=x86 vmSafeMode=false
03-29 01:50:49.211: E/cutils-trace(4192): Error opening trace file: Permission denied (13)
03-29 01:50:49.211: I/dex2oat(4192): /system/bin/dex2oat --zip-fd=6 --zip-location=/data/app/com.google.android.apps.auth.test.support-1/base.apk --oat-fd=7 --oat-location=/data/dalvik-cache/x86/data@app@com.google.android.apps.auth.test.support-1@base.apk@classes.dex --instruction-set=x86 --instruction-set-features=default --runtime-arg -Xms64m --runtime-arg -Xmx512m
03-29 01:50:49.220: E/NetworkScheduler(1971): Invalid component specified.
03-29 01:50:49.229: W/NetRec(1971): [291] ConfigChangedIntentOperation.onHandleIntent: Device does not support scoring, exiting
03-29 01:50:49.232: W/ModuleInitIntentOp(2202): Dropping unexpected action com.google.android.gms.phenotype.COMMITTED
03-29 01:50:49.238: I/PTCommittedOperation(1971): Receive new configuration for com.google.android.gms.tapandpay
03-29 01:50:49.270: W/Conscrypt(1971): Could not set socket write timeout: java.net.SocketException: Socket closed
03-29 01:50:49.270: W/Conscrypt(1971): 	at com.google.android.gms.org.conscrypt.Platform.setSocketWriteTimeout(:com.google.android.gms@14367013@14.3.67 (020700-216465562):2)
03-29 01:50:49.270: W/Conscrypt(1971): 	at com.google.android.gms.org.conscrypt.ConscryptFileDescriptorSocket.setSoWriteTimeout(:com.google.android.gms@14367013@14.3.67 (020700-216465562):2)
03-29 01:50:49.291: E/SeTransactionSyncTask(1971): Error retrieving account
03-29 01:50:49.291: E/SeTransactionSyncTask(1971): java.lang.IllegalStateException: No current tap-and-pay account
03-29 01:50:49.291: E/SeTransactionSyncTask(1971): 	at aoub.b(:com.google.android.gms@14367013@14.3.67 (020700-216465562):4)
03-29 01:50:49.291: E/SeTransactionSyncTask(1971): 	at aoub.a(:com.google.android.gms@14367013@14.3.67 (020700-216465562):1)
03-29 01:50:49.291: E/SeTransactionSyncTask(1971): 	at apog.a(:com.google.android.gms@14367013@14.3.67 (020700-216465562):23)
03-29 01:50:49.291: E/SeTransactionSyncTask(1971): 	at com.google.android.gms.tapandpay.gcmtask.TapAndPayGcmTaskChimeraService.b(:com.google.android.gms@14367013@14.3.67 (020700-216465562):2)
03-29 01:50:49.291: E/SeTransactionSyncTask(1971): 	at com.google.android.gms.tapandpay.gcmtask.TapAndPayGcmTaskChimeraService.a(:com.google.android.gms@14367013@14.3.67 (020700-216465562):1)
03-29 01:50:49.291: E/SeTransactionSyncTask(1971): 	at com.google.android.gms.tapandpay.phenotype.PhenotypeCommitIntentOperation.onHandleIntent(:com.google.android.gms@14367013@14.3.67 (020700-216465562):23)
03-29 01:50:49.291: E/SeTransactionSyncTask(1971): 	at com.google.android.chimera.IntentOperation.onHandleIntent(:com.google.android.gms@14367013@14.3.67 (020700-216465562):2)
03-29 01:50:49.291: E/SeTransactionSyncTask(1971): 	at doc.a(:com.google.android.gms@14367013@14.3.67 (020700-216465562):7)
03-29 01:50:49.291: E/SeTransactionSyncTask(1971): 	at ofw.a(:com.google.android.gms@14367013@14.3.67 (020700-216465562):9)
03-29 01:50:49.291: E/SeTransactionSyncTask(1971): 	at doh.run(:com.google.android.gms@14367013@14.3.67 (020700-216465562):11)
03-29 01:50:49.291: E/SeTransactionSyncTask(1971): 	at doe.run(:com.google.android.gms@14367013@14.3.67 (020700-216465562):9)
03-29 01:50:49.291: E/SeTransactionSyncTask(1971): 	at java.util.concurrent.ThreadPoolExecutor.runWorker(ThreadPoolExecutor.java:1112)
03-29 01:50:49.291: E/SeTransactionSyncTask(1971): 	at java.util.concurrent.ThreadPoolExecutor$Worker.run(ThreadPoolExecutor.java:587)
03-29 01:50:49.291: E/SeTransactionSyncTask(1971): 	at java.lang.Thread.run(Thread.java:818)
03-29 01:50:49.303: E/NetworkScheduler(1971): Invalid component specified.
03-29 01:50:49.316: W/Conscrypt(1971): Could not set socket write timeout: java.net.SocketException: Socket closed
03-29 01:50:49.317: W/Conscrypt(1971): 	at com.google.android.gms.org.conscrypt.Platform.setSocketWriteTimeout(:com.google.android.gms@14367013@14.3.67 (020700-216465562):2)
03-29 01:50:49.317: W/Conscrypt(1971): 	at com.google.android.gms.org.conscrypt.ConscryptFileDescriptorSocket.setSoWriteTimeout(:com.google.android.gms@14367013@14.3.67 (020700-216465562):2)
03-29 01:50:49.318: E/NetworkScheduler(1971): Invalid component specified.
03-29 01:50:49.332: E/NetworkScheduler(1971): Invalid component specified.
03-29 01:50:49.354: E/NetworkScheduler(1971): Invalid component specified.
03-29 01:50:49.356: E/NetworkScheduler(1971): Invalid component specified.
03-29 01:50:49.359: E/NetworkScheduler(1971): Invalid component specified.
03-29 01:50:49.365: E/NetworkScheduler(1971): Invalid component specified.
03-29 01:50:49.366: E/NetworkScheduler(1971): Invalid component specified.
03-29 01:50:49.368: E/NetworkScheduler(1971): Invalid component specified.
03-29 01:50:49.374: E/NetworkScheduler(1971): Invalid component specified.
03-29 01:50:49.383: W/NetRec(1971): [230] ConfigChangedIntentOperation.onHandleIntent: Device does not support scoring, exiting
03-29 01:50:49.387: W/ModuleInitIntentOp(2202): Dropping unexpected action com.google.android.gms.phenotype.COMMITTED
03-29 01:50:49.391: I/PTCommittedOperation(1971): Receive new configuration for com.google.android.gms.tapandpay
03-29 01:50:49.436: E/SeTransactionSyncTask(1971): Error retrieving account
03-29 01:50:49.436: E/SeTransactionSyncTask(1971): java.lang.IllegalStateException: No current tap-and-pay account
03-29 01:50:49.436: E/SeTransactionSyncTask(1971): 	at aoub.b(:com.google.android.gms@14367013@14.3.67 (020700-216465562):4)
03-29 01:50:49.436: E/SeTransactionSyncTask(1971): 	at aoub.a(:com.google.android.gms@14367013@14.3.67 (020700-216465562):1)
03-29 01:50:49.436: E/SeTransactionSyncTask(1971): 	at apog.a(:com.google.android.gms@14367013@14.3.67 (020700-216465562):23)
03-29 01:50:49.436: E/SeTransactionSyncTask(1971): 	at com.google.android.gms.tapandpay.gcmtask.TapAndPayGcmTaskChimeraService.b(:com.google.android.gms@14367013@14.3.67 (020700-216465562):2)
03-29 01:50:49.436: E/SeTransactionSyncTask(1971): 	at com.google.android.gms.tapandpay.gcmtask.TapAndPayGcmTaskChimeraService.a(:com.google.android.gms@14367013@14.3.67 (020700-216465562):1)
03-29 01:50:49.436: E/SeTransactionSyncTask(1971): 	at com.google.android.gms.tapandpay.phenotype.PhenotypeCommitIntentOperation.onHandleIntent(:com.google.android.gms@14367013@14.3.67 (020700-216465562):23)
03-29 01:50:49.436: E/SeTransactionSyncTask(1971): 	at com.google.android.chimera.IntentOperation.onHandleIntent(:com.google.android.gms@14367013@14.3.67 (020700-216465562):2)
03-29 01:50:49.436: E/SeTransactionSyncTask(1971): 	at doc.a(:com.google.android.gms@14367013@14.3.67 (020700-216465562):7)
03-29 01:50:49.436: E/SeTransactionSyncTask(1971): 	at ofw.a(:com.google.android.gms@14367013@14.3.67 (020700-216465562):9)
03-29 01:50:49.436: E/SeTransactionSyncTask(1971): 	at doh.run(:com.google.android.gms@14367013@14.3.67 (020700-216465562):11)
03-29 01:50:49.436: E/SeTransactionSyncTask(1971): 	at doe.run(:com.google.android.gms@14367013@14.3.67 (020700-216465562):9)
03-29 01:50:49.436: E/SeTransactionSyncTask(1971): 	at java.util.concurrent.ThreadPoolExecutor.runWorker(ThreadPoolExecutor.java:1112)
03-29 01:50:49.436: E/SeTransactionSyncTask(1971): 	at java.util.concurrent.ThreadPoolExecutor$Worker.run(ThreadPoolExecutor.java:587)
03-29 01:50:49.436: E/SeTransactionSyncTask(1971): 	at java.lang.Thread.run(Thread.java:818)
03-29 01:50:49.439: E/NetworkScheduler(1971): Invalid component specified.
03-29 01:50:49.454: E/NetworkScheduler(1971): Invalid component specified.
03-29 01:50:49.459: E/NetworkScheduler(1971): Invalid component specified.
03-29 01:50:49.459: E/NetworkScheduler(1971): Invalid component specified.
03-29 01:50:49.460: E/NetworkScheduler(1971): Invalid component specified.
03-29 01:50:49.461: E/NetworkScheduler(1971): Invalid component specified.
03-29 01:50:49.475: E/NetworkScheduler(1971): Invalid component specified.
03-29 01:50:49.486: E/NetworkScheduler(1971): Invalid component specified.
03-29 01:50:49.497: W/NetworkScheduler(1971): Immediate task was not started com.google.android.gms/.tapandpay.gcmtask.TapAndPayGcmTaskService{u=0 tag="immediate" trigger=window{start=0s,end=1s,earliest=0s,latest=0s} requirements=[NET_CONNECTED] attributes=[] scheduled=0s last_run=N/A jid=N/A status=PENDING retries=0 client_lib=MANCHEGO_GCM-14367000}. Rescheduling immediate tasks can cause excessive battery drain.
03-29 01:50:49.501: E/NetworkScheduler(1971): Invalid component specified.
03-29 01:50:49.505: E/NetworkScheduler(1971): Invalid component specified.
03-29 01:50:49.714: I/dex2oat(4192): dex2oat took 503.236ms (threads: 2)
03-29 01:50:49.722: W/PackageManager(1690): Unknown permission android.permission.MANAGE_ACCOUNT in package com.google.android.apps.auth.test.support
03-29 01:50:49.722: W/PackageManager(1690): Not granting permission com.google.android.providers.gsf.permission.WRITE_GSERVICES to package com.google.android.apps.auth.test.support (protectionLevel=18 flags=0x8444)
03-29 01:50:49.728: V/BackupManagerService(1690): restoreAtInstall pkg=com.google.android.apps.auth.test.support token=4 restoreSet=0
03-29 01:50:49.728: V/BackupManagerService(1690): Finishing install immediately
03-29 01:50:49.732: I/InputReader(1690): Reconfiguring input devices.  changes=0x00000010
03-29 01:50:49.756: I/UpdateIcingCorporaServi(2175): Updating corpora: APPS=com.google.android.apps.auth.test.support, CONTACTS=MAYBE
03-29 01:50:49.728: W/Settings(1690): Setting install_non_market_apps has moved from android.provider.Settings.Global to android.provider.Settings.Secure, returning read-only value.
03-29 01:50:49.767: I/UpdateIcingCorporaServi(2175): UpdateCorporaTask done [took 11 ms] updated apps [took 11 ms] 
03-29 01:50:49.787: I/Auth(2202): [SupervisedAccountIntentOperation] onHandleIntent(): android.intent.action.PACKAGE_ADDED
03-29 01:50:49.787: I/Auth(2202): [SupervisedAccountIntentOperation] This operation is disabled
03-29 01:50:49.787: I/ChromeSync(2202): [Sync,SyncIntentOperation] Handling the intent: Intent { act=android.intent.action.PACKAGE_ADDED dat=package:com.google.android.apps.auth.test.support flg=0x4000010 cmp=com.google.android.gms/.chimera.GmsIntentOperationService (has extras) }.
03-29 01:50:49.789: D/BackupManagerService(1690): Received broadcast Intent { act=android.intent.action.PACKAGE_ADDED dat=package:com.google.android.apps.auth.test.support flg=0x4000010 (has extras) }
03-29 01:50:49.798: I/ChromeSync(2202): [Persistence,AffiliationManager] No affiliation data for android://7G-Efj82hZdHSUvuVB5_HPiHcWccXsypYCo6U8Kc9sLlMNs7HSOe_3VRyq6k0G49kSzhdL3KFII22IkttNSGIg==@com.google.android.apps.auth.test.support/. Marking affiliation data as stale...
03-29 01:50:49.798: I/Icing(2202): IndexChimeraService.getServiceInterface callingPackage=com.google.android.gms componentName=AppsCorpus serviceId=32
03-29 01:50:49.799: I/Icing(2202): IndexChimeraService.getServiceInterface callingPackage=com.google.android.gms componentName=AppsCorpus serviceId=36
03-29 01:50:49.800: I/ChromeSync(2202): [Persistence,AffiliationManager] Fetching affiliations from the server.
03-29 01:50:49.802: I/PeopleContactsSync(2202): triggerPendingContactsCleanup: no accounts
03-29 01:50:49.814: I/Icing(2202): Usage reports ok 0, Failed Usage reports 0, indexed 0, rejected 0, imm upload false
03-29 01:50:49.824: I/Icing(2202): Usage reports ok 0, Failed Usage reports 0, indexed 0, rejected 0, imm upload false
03-29 01:50:49.835: W/Conscrypt(1971): Could not set socket write timeout: java.net.SocketException: Socket closed
03-29 01:50:49.835: W/Conscrypt(1971): 	at com.google.android.gms.org.conscrypt.Platform.setSocketWriteTimeout(:com.google.android.gms@14367013@14.3.67 (020700-216465562):2)
03-29 01:50:49.835: W/Conscrypt(1971): 	at com.google.android.gms.org.conscrypt.ConscryptFileDescriptorSocket.setSoWriteTimeout(:com.google.android.gms@14367013@14.3.67 (020700-216465562):2)
03-29 01:50:49.837: W/Conscrypt(1971): Could not set socket write timeout: java.net.SocketException: Socket closed
03-29 01:50:49.837: W/Conscrypt(1971): 	at com.google.android.gms.org.conscrypt.Platform.setSocketWriteTimeout(:com.google.android.gms@14367013@14.3.67 (020700-216465562):2)
03-29 01:50:49.837: W/Conscrypt(1971): 	at com.google.android.gms.org.conscrypt.ConscryptFileDescriptorSocket.setSoWriteTimeout(:com.google.android.gms@14367013@14.3.67 (020700-216465562):2)
03-29 01:50:50.045: I/art(1690): Explicit concurrent mark sweep GC freed 70022(3MB) AllocSpace objects, 23(545KB) LOS objects, 33% free, 32MB/48MB, paused 488us total 284.258ms
03-29 01:50:50.052: D/AndroidRuntime(4173): Shutting down VM
03-29 01:50:50.175: I/art(1971): Background sticky concurrent mark sweep GC freed 236519(13MB) AllocSpace objects, 33(711KB) LOS objects, 17% free, 37MB/45MB, paused 690us total 189.284ms
03-29 01:50:50.247: I/Remoter(1323): Saved screenshot to '/data/screenshots/__pmv__-0080.jpg'
03-29 01:50:50.249: I/TelephonySpam(2202): TelephonySpamChimeraService - Running Telephony Spam Chimera Service
03-29 01:50:50.318: W/Conscrypt(1971): Could not set socket write timeout: java.net.SocketException: Socket closed
03-29 01:50:50.319: W/Conscrypt(1971): 	at com.google.android.gms.org.conscrypt.Platform.setSocketWriteTimeout(:com.google.android.gms@14367013@14.3.67 (020700-216465562):2)
03-29 01:50:50.319: W/Conscrypt(1971): 	at com.google.android.gms.org.conscrypt.ConscryptFileDescriptorSocket.setSoWriteTimeout(:com.google.android.gms@14367013@14.3.67 (020700-216465562):2)
03-29 01:50:50.320: W/Conscrypt(1971): Could not set socket write timeout: java.net.SocketException: Socket closed
03-29 01:50:50.320: W/Conscrypt(1971): 	at com.google.android.gms.org.conscrypt.Platform.setSocketWriteTimeout(:com.google.android.gms@14367013@14.3.67 (020700-216465562):2)
03-29 01:50:50.320: W/Conscrypt(1971): 	at com.google.android.gms.org.conscrypt.ConscryptFileDescriptorSocket.setSoWriteTimeout(:com.google.android.gms@14367013@14.3.67 (020700-216465562):2)
03-29 01:50:50.394: I/ajcu(1971): updateFromConfigurations using legacy put method [CONTEXT service_id=51 ]
03-29 01:50:50.422: I/ajcu(1971): updateFromConfigurations using legacy put method [CONTEXT service_id=51 ]
03-29 01:50:50.422: I/ajeq(1971): Scheduling adaptive one off task with window [14400, 604800] in seconds [CONTEXT service_id=51 ]
03-29 01:50:50.425: E/NetworkScheduler(1971): Invalid component specified.
03-29 01:50:50.814: D/AndroidRuntime(4233): >>>>>> AndroidRuntime START com.android.internal.os.RuntimeInit <<<<<<
03-29 01:50:50.815: D/AndroidRuntime(4233): CheckJNI is OFF
03-29 01:50:50.827: I/Icing(2202): Indexing com.google.android.gms-apps from com.google.android.gms
03-29 01:50:50.830: I/Icing(2202): Indexing done com.google.android.gms-apps
03-29 01:50:50.836: E/memtrack(4233): Couldn't load memtrack module (No such file or directory)
03-29 01:50:50.836: E/android.os.Debug(4233): failed to load memtrack module: -2
03-29 01:50:50.845: D/AndroidRuntime(4233): Calling main entry com.android.commands.pm.Pm
03-29 01:50:50.850: D/DefContainer(3715): Copying /data/local/tmp/com.google.android.apps.mtaas.testloop.apk to base.apk
03-29 01:50:50.897: D/PackageManager(1690): Renaming /data/app/vmdl1579607424.tmp to /data/app/com.google.android.apps.mtaas.testloop-1
03-29 01:50:50.901: I/art(1690): DexFile_isDexOptNeeded failed to open oat file '/data/dalvik-cache/x86/data@app@com.google.android.apps.mtaas.testloop-1@base.apk@classes.dex' for file location '/data/app/com.google.android.apps.mtaas.testloop-1/base.apk': Failed to open oat filename for reading: No such file or directory
03-29 01:50:50.901: I/art(1690): DexFile_isDexOptNeeded failed to open oat file '/data/app/com.google.android.apps.mtaas.testloop-1/x86/base.odex' for file location '/data/app/com.google.android.apps.mtaas.testloop-1/base.apk': Failed to open oat filename for reading: No such file or directory
03-29 01:50:50.901: I/PackageManager(1690): Running dexopt on: /data/app/com.google.android.apps.mtaas.testloop-1/base.apk pkg=com.google.android.apps.mtaas.testloop isa=x86 vmSafeMode=false
03-29 01:50:50.908: E/cutils-trace(4244): Error opening trace file: Permission denied (13)
03-29 01:50:50.908: I/dex2oat(4244): /system/bin/dex2oat --zip-fd=6 --zip-location=/data/app/com.google.android.apps.mtaas.testloop-1/base.apk --oat-fd=7 --oat-location=/data/dalvik-cache/x86/data@app@com.google.android.apps.mtaas.testloop-1@base.apk@classes.dex --instruction-set=x86 --instruction-set-features=default --runtime-arg -Xms64m --runtime-arg -Xmx512m
03-29 01:50:51.500: I/Remoter(1323): Saved screenshot to '/data/screenshots/__pmv__-0081.jpg'
03-29 01:50:52.142: I/dex2oat(4244): dex2oat took 1.234s (threads: 2)
03-29 01:50:52.158: V/BackupManagerService(1690): restoreAtInstall pkg=com.google.android.apps.mtaas.testloop token=5 restoreSet=0
03-29 01:50:52.158: V/BackupManagerService(1690): Finishing install immediately
03-29 01:50:52.161: I/InputReader(1690): Reconfiguring input devices.  changes=0x00000010
03-29 01:50:52.168: W/Settings(1690): Setting install_non_market_apps has moved from android.provider.Settings.Global to android.provider.Settings.Secure, returning read-only value.
03-29 01:50:52.178: I/UpdateIcingCorporaServi(2175): Updating corpora: APPS=com.google.android.apps.mtaas.testloop, CONTACTS=MAYBE
03-29 01:50:52.185: D/BackupManagerService(1690): Received broadcast Intent { act=android.intent.action.PACKAGE_ADDED dat=package:com.google.android.apps.mtaas.testloop flg=0x4000010 (has extras) }
03-29 01:50:52.198: I/Icing(2202): IndexChimeraService.getServiceInterface callingPackage=com.google.android.googlequicksearchbox componentName=null serviceId=21
03-29 01:50:52.203: I/Icing(2202): Usage reports ok 0, Failed Usage reports 0, indexed 0, rejected 0, imm upload true
03-29 01:50:52.204: I/Auth(2202): [SupervisedAccountIntentOperation] onHandleIntent(): android.intent.action.PACKAGE_ADDED
03-29 01:50:52.204: I/Auth(2202): [SupervisedAccountIntentOperation] This operation is disabled
03-29 01:50:52.205: I/ChromeSync(2202): [Sync,SyncIntentOperation] Handling the intent: Intent { act=android.intent.action.PACKAGE_ADDED dat=package:com.google.android.apps.mtaas.testloop flg=0x4000010 cmp=com.google.android.gms/.chimera.GmsIntentOperationService (has extras) }.
03-29 01:50:52.207: I/FontsPackageChangeOp(2202): Package com.google.android.apps.mtaas.testloop has no metadata
03-29 01:50:52.211: I/ChromeSync(2202): [Persistence,AffiliationManager] No affiliation data for android://N50vJU0zrJ8WOzDt6r3GDtfqrkROFOSiqHcmppwn3vxaRC4hFpNn4UsL7XlvjtlfcWuDAQhmck0qjQPwsrpMNg==@com.google.android.apps.mtaas.testloop/. Marking affiliation data as stale...
03-29 01:50:52.213: I/ChromeSync(2202): [Persistence,AffiliationManager] Fetching affiliations from the server.
03-29 01:50:52.218: I/PeopleContactsSync(2202): triggerPendingContactsCleanup: no accounts
03-29 01:50:52.250: I/Icing(2202): IndexChimeraService.getServiceInterface callingPackage=com.google.android.gms componentName=AppsCorpus serviceId=36
03-29 01:50:52.253: I/UpdateIcingCorporaServi(2175): UpdateCorporaTask done [took 74 ms] updated apps [took 74 ms] 
03-29 01:50:52.255: I/Icing(2202): IndexChimeraService.getServiceInterface callingPackage=com.google.android.gms componentName=AppsCorpus serviceId=32
03-29 01:50:52.276: I/Icing(2202): Usage reports ok 0, Failed Usage reports 0, indexed 0, rejected 0, imm upload false
03-29 01:50:52.287: W/ResourceType(2062): No package identifier when getting value for resource number 0x00000000
03-29 01:50:52.287: W/ResourceType(2062): No package identifier when getting value for resource number 0x00000000
03-29 01:50:52.287: W/PackageManager(2062): Failure retrieving resources for com.google.android.apps.mtaas.testloop: Resource ID #0x0
03-29 01:50:52.287: W/ResourceType(2062): No package identifier when getting value for resource number 0x00000000
03-29 01:50:52.287: W/PackageManager(2062): Failure retrieving resources for com.google.android.apps.mtaas.testloop: Resource ID #0x0
03-29 01:50:52.293: I/Icing(2202): Usage reports ok 0, Failed Usage reports 0, indexed 0, rejected 0, imm upload false
03-29 01:50:52.296: D/Launcher.Workspace(2062): 11683562 - removeExtraEmptyScreen()
03-29 01:50:52.296: D/Launcher.Workspace(2062): 11683562 - convertFinalScreenToEmptyScreenIfNecessary()
03-29 01:50:52.308: W/ResourcesManager(2062): Asset path '/system/framework/com.google.android.maps.jar' does not exist or contains no resources.
03-29 01:50:52.402: I/art(1690): Explicit concurrent mark sweep GC freed 38243(2MB) AllocSpace objects, 11(689KB) LOS objects, 33% free, 32MB/48MB, paused 532us total 233.052ms
03-29 01:50:52.405: D/AndroidRuntime(4233): Shutting down VM
03-29 01:50:52.612: I/Remoter(1323): Saved screenshot to '/data/screenshots/__pmv__-0082.jpg'
03-29 01:50:53.149: D/AndroidRuntime(4272): >>>>>> AndroidRuntime START com.android.internal.os.RuntimeInit <<<<<<
03-29 01:50:53.150: D/AndroidRuntime(4272): CheckJNI is OFF
03-29 01:50:53.171: E/memtrack(4272): Couldn't load memtrack module (No such file or directory)
03-29 01:50:53.171: E/android.os.Debug(4272): failed to load memtrack module: -2
03-29 01:50:53.182: D/AndroidRuntime(4272): Calling main entry com.android.commands.pm.Pm
03-29 01:50:53.186: D/DefContainer(3715): Copying /data/local/tmp/android.support.test.orchestrator.apk to base.apk
03-29 01:50:53.202: D/PackageManager(1690): Renaming /data/app/vmdl1648850157.tmp to /data/app/android.support.test.orchestrator-1
03-29 01:50:53.206: I/art(1690): DexFile_isDexOptNeeded failed to open oat file '/data/dalvik-cache/x86/data@app@android.support.test.orchestrator-1@base.apk@classes.dex' for file location '/data/app/android.support.test.orchestrator-1/base.apk': Failed to open oat filename for reading: No such file or directory
03-29 01:50:53.206: I/art(1690): DexFile_isDexOptNeeded failed to open oat file '/data/app/android.support.test.orchestrator-1/x86/base.odex' for file location '/data/app/android.support.test.orchestrator-1/base.apk': Failed to open oat filename for reading: No such file or directory
03-29 01:50:53.206: I/PackageManager(1690): Running dexopt on: /data/app/android.support.test.orchestrator-1/base.apk pkg=android.support.test.orchestrator isa=x86 vmSafeMode=false
03-29 01:50:53.213: E/cutils-trace(4283): Error opening trace file: Permission denied (13)
03-29 01:50:53.213: I/dex2oat(4283): /system/bin/dex2oat --zip-fd=6 --zip-location=/data/app/android.support.test.orchestrator-1/base.apk --oat-fd=7 --oat-location=/data/dalvik-cache/x86/data@app@android.support.test.orchestrator-1@base.apk@classes.dex --instruction-set=x86 --instruction-set-features=default --runtime-arg -Xms64m --runtime-arg -Xmx512m
03-29 01:50:53.276: I/Icing(2202): Indexing com.google.android.googlequicksearchbox-applications_uri from com.google.android.googlequicksearchbox
03-29 01:50:53.295: I/dex2oat(4283): dex2oat took 82.513ms (threads: 2)
03-29 01:50:53.311: V/BackupManagerService(1690): restoreAtInstall pkg=android.support.test.orchestrator token=6 restoreSet=0
03-29 01:50:53.311: V/BackupManagerService(1690): Finishing install immediately
03-29 01:50:53.318: I/InputReader(1690): Reconfiguring input devices.  changes=0x00000010
03-29 01:50:53.324: W/Settings(1690): Setting install_non_market_apps has moved from android.provider.Settings.Global to android.provider.Settings.Secure, returning read-only value.
03-29 01:50:53.330: I/Icing(2202): Indexing done com.google.android.googlequicksearchbox-applications_uri
03-29 01:50:53.346: I/Icing(2202): Indexing com.google.android.gms-apps from com.google.android.gms
03-29 01:50:53.351: D/BackupManagerService(1690): Received broadcast Intent { act=android.intent.action.PACKAGE_ADDED dat=package:android.support.test.orchestrator flg=0x4000010 (has extras) }
03-29 01:50:53.357: I/UpdateIcingCorporaServi(2175): Updating corpora: APPS=android.support.test.orchestrator, CONTACTS=MAYBE
03-29 01:50:53.369: I/UpdateIcingCorporaServi(2175): UpdateCorporaTask done [took 12 ms] updated apps [took 12 ms] 
03-29 01:50:53.378: I/Icing(2202): Indexing done com.google.android.gms-apps
03-29 01:50:53.390: I/Auth(2202): [SupervisedAccountIntentOperation] onHandleIntent(): android.intent.action.PACKAGE_ADDED
03-29 01:50:53.390: I/Auth(2202): [SupervisedAccountIntentOperation] This operation is disabled
03-29 01:50:53.392: I/ChromeSync(2202): [Sync,SyncIntentOperation] Handling the intent: Intent { act=android.intent.action.PACKAGE_ADDED dat=package:android.support.test.orchestrator flg=0x4000010 cmp=com.google.android.gms/.chimera.GmsIntentOperationService (has extras) }.
03-29 01:50:53.394: I/ChromeSync(2202): [Persistence,AffiliationManager] No affiliation data for android://N50vJU0zrJ8WOzDt6r3GDtfqrkROFOSiqHcmppwn3vxaRC4hFpNn4UsL7XlvjtlfcWuDAQhmck0qjQPwsrpMNg==@android.support.test.orchestrator/. Marking affiliation data as stale...
03-29 01:50:53.394: I/ChromeSync(2202): [Persistence,AffiliationManager] Fetching affiliations from the server.
03-29 01:50:53.396: I/art(1690): Explicit concurrent mark sweep GC freed 23596(1680KB) AllocSpace objects, 7(112KB) LOS objects, 33% free, 32MB/48MB, paused 1.259ms total 64.134ms
03-29 01:50:53.396: I/FontsPackageChangeOp(2202): Package android.support.test.orchestrator has no metadata
03-29 01:50:53.400: D/AndroidRuntime(4272): Shutting down VM
03-29 01:50:53.401: I/Icing(2202): IndexChimeraService.getServiceInterface callingPackage=com.google.android.gms componentName=AppsCorpus serviceId=32
03-29 01:50:53.401: I/Icing(2202): IndexChimeraService.getServiceInterface callingPackage=com.google.android.gms componentName=AppsCorpus serviceId=36
03-29 01:50:53.404: I/PeopleContactsSync(2202): triggerPendingContactsCleanup: no accounts
03-29 01:50:53.436: I/Icing(2202): Usage reports ok 0, Failed Usage reports 0, indexed 0, rejected 0, imm upload false
03-29 01:50:53.442: I/Icing(2202): Usage reports ok 0, Failed Usage reports 0, indexed 0, rejected 0, imm upload false
03-29 01:50:53.773: I/Remoter(1323): Saved screenshot to '/data/screenshots/__pmv__-0083.jpg'
03-29 01:50:54.118: D/AndroidRuntime(4311): >>>>>> AndroidRuntime START com.android.internal.os.RuntimeInit <<<<<<
03-29 01:50:54.119: D/AndroidRuntime(4311): CheckJNI is OFF
03-29 01:50:54.138: E/memtrack(4311): Couldn't load memtrack module (No such file or directory)
03-29 01:50:54.138: E/android.os.Debug(4311): failed to load memtrack module: -2
03-29 01:50:54.138: I/ActivityManager(1690): Killing 2159:android.process.media/u0a6 (adj 15): empty #17
03-29 01:50:54.149: D/AndroidRuntime(4311): Calling main entry com.android.commands.pm.Pm
03-29 01:50:54.154: D/DefContainer(3715): Copying /data/local/tmp/androidx.test.orchestrator.apk to base.apk
03-29 01:50:54.169: D/PackageManager(1690): Renaming /data/app/vmdl521391502.tmp to /data/app/androidx.test.orchestrator-1
03-29 01:50:54.172: I/art(1690): DexFile_isDexOptNeeded failed to open oat file '/data/dalvik-cache/x86/data@app@androidx.test.orchestrator-1@base.apk@classes.dex' for file location '/data/app/androidx.test.orchestrator-1/base.apk': Failed to open oat filename for reading: No such file or directory
03-29 01:50:54.172: I/art(1690): DexFile_isDexOptNeeded failed to open oat file '/data/app/androidx.test.orchestrator-1/x86/base.odex' for file location '/data/app/androidx.test.orchestrator-1/base.apk': Failed to open oat filename for reading: No such file or directory
03-29 01:50:54.172: I/PackageManager(1690): Running dexopt on: /data/app/androidx.test.orchestrator-1/base.apk pkg=androidx.test.orchestrator isa=x86 vmSafeMode=false
03-29 01:50:54.180: E/cutils-trace(4322): Error opening trace file: Permission denied (13)
03-29 01:50:54.180: I/dex2oat(4322): /system/bin/dex2oat --zip-fd=6 --zip-location=/data/app/androidx.test.orchestrator-1/base.apk --oat-fd=7 --oat-location=/data/dalvik-cache/x86/data@app@androidx.test.orchestrator-1@base.apk@classes.dex --instruction-set=x86 --instruction-set-features=default --runtime-arg -Xms64m --runtime-arg -Xmx512m
03-29 01:50:54.194: W/libprocessgroup(1690): failed to open /acct/uid_10006/pid_2159/cgroup.procs: No such file or directory
03-29 01:50:54.263: I/dex2oat(4322): dex2oat took 83.464ms (threads: 2)
03-29 01:50:54.278: V/BackupManagerService(1690): restoreAtInstall pkg=androidx.test.orchestrator token=7 restoreSet=0
03-29 01:50:54.278: V/BackupManagerService(1690): Finishing install immediately
03-29 01:50:54.280: W/Settings(1690): Setting install_non_market_apps has moved from android.provider.Settings.Global to android.provider.Settings.Secure, returning read-only value.
03-29 01:50:54.284: I/InputReader(1690): Reconfiguring input devices.  changes=0x00000010
03-29 01:50:54.294: I/UpdateIcingCorporaServi(2175): Updating corpora: APPS=androidx.test.orchestrator, CONTACTS=MAYBE
03-29 01:50:54.301: D/BackupManagerService(1690): Received broadcast Intent { act=android.intent.action.PACKAGE_ADDED dat=package:androidx.test.orchestrator flg=0x4000010 (has extras) }
03-29 01:50:54.302: I/UpdateIcingCorporaServi(2175): UpdateCorporaTask done [took 8 ms] updated apps [took 8 ms] 
03-29 01:50:54.327: I/Auth(2202): [SupervisedAccountIntentOperation] onHandleIntent(): android.intent.action.PACKAGE_ADDED
03-29 01:50:54.327: I/Auth(2202): [SupervisedAccountIntentOperation] This operation is disabled
03-29 01:50:54.327: I/ChromeSync(2202): [Sync,SyncIntentOperation] Handling the intent: Intent { act=android.intent.action.PACKAGE_ADDED dat=package:androidx.test.orchestrator flg=0x4000010 cmp=com.google.android.gms/.chimera.GmsIntentOperationService (has extras) }.
03-29 01:50:54.329: I/FontsPackageChangeOp(2202): Package androidx.test.orchestrator has no metadata
03-29 01:50:54.334: I/ChromeSync(2202): [Persistence,AffiliationManager] No affiliation data for android://N50vJU0zrJ8WOzDt6r3GDtfqrkROFOSiqHcmppwn3vxaRC4hFpNn4UsL7XlvjtlfcWuDAQhmck0qjQPwsrpMNg==@androidx.test.orchestrator/. Marking affiliation data as stale...
03-29 01:50:54.334: I/Icing(2202): IndexChimeraService.getServiceInterface callingPackage=com.google.android.gms componentName=AppsCorpus serviceId=32
03-29 01:50:54.335: I/Icing(2202): IndexChimeraService.getServiceInterface callingPackage=com.google.android.gms componentName=AppsCorpus serviceId=36
03-29 01:50:54.348: I/PeopleContactsSync(2202): triggerPendingContactsCleanup: no accounts
03-29 01:50:54.352: I/ChromeSync(2202): [Persistence,AffiliationManager] Fetching affiliations from the server.
03-29 01:50:54.359: I/Icing(2202): Usage reports ok 0, Failed Usage reports 0, indexed 0, rejected 0, imm upload false
03-29 01:50:54.406: I/art(1690): Explicit concurrent mark sweep GC freed 28225(1890KB) AllocSpace objects, 7(112KB) LOS objects, 33% free, 32MB/48MB, paused 447us total 125.191ms
03-29 01:50:54.418: D/AndroidRuntime(4311): Shutting down VM
03-29 01:50:54.420: I/Icing(2202): Usage reports ok 0, Failed Usage reports 0, indexed 0, rejected 0, imm upload false
03-29 01:50:54.456: I/Icing(2202): Indexing com.google.android.gms-apps from com.google.android.gms
03-29 01:50:54.456: I/Icing(2202): Indexing done com.google.android.gms-apps
03-29 01:50:54.874: I/Remoter(1323): Saved screenshot to '/data/screenshots/__pmv__-0084.jpg'
03-29 01:50:55.088: D/AndroidRuntime(4350): >>>>>> AndroidRuntime START com.android.internal.os.RuntimeInit <<<<<<
03-29 01:50:55.090: D/AndroidRuntime(4350): CheckJNI is OFF
03-29 01:50:55.109: E/memtrack(4350): Couldn't load memtrack module (No such file or directory)
03-29 01:50:55.109: E/android.os.Debug(4350): failed to load memtrack module: -2
03-29 01:50:55.119: D/AndroidRuntime(4350): Calling main entry com.android.commands.pm.Pm
03-29 01:50:55.124: D/DefContainer(3715): Copying /data/local/tmp/android.support.test.services.apk to base.apk
03-29 01:50:55.133: D/PackageManager(1690): Renaming /data/app/vmdl987978931.tmp to /data/app/android.support.test.services-1
03-29 01:50:55.137: I/art(1690): DexFile_isDexOptNeeded failed to open oat file '/data/dalvik-cache/x86/data@app@android.support.test.services-1@base.apk@classes.dex' for file location '/data/app/android.support.test.services-1/base.apk': Failed to open oat filename for reading: No such file or directory
03-29 01:50:55.137: I/art(1690): DexFile_isDexOptNeeded failed to open oat file '/data/app/android.support.test.services-1/x86/base.odex' for file location '/data/app/android.support.test.services-1/base.apk': Failed to open oat filename for reading: No such file or directory
03-29 01:50:55.137: I/PackageManager(1690): Running dexopt on: /data/app/android.support.test.services-1/base.apk pkg=android.support.test.services isa=x86 vmSafeMode=false
03-29 01:50:55.144: E/cutils-trace(4361): Error opening trace file: Permission denied (13)
03-29 01:50:55.144: I/dex2oat(4361): /system/bin/dex2oat --zip-fd=6 --zip-location=/data/app/android.support.test.services-1/base.apk --oat-fd=7 --oat-location=/data/dalvik-cache/x86/data@app@android.support.test.services-1@base.apk@classes.dex --instruction-set=x86 --instruction-set-features=default --runtime-arg -Xms64m --runtime-arg -Xmx512m
03-29 01:50:55.205: I/dex2oat(4361): dex2oat took 60.758ms (threads: 2)
03-29 01:50:55.220: V/BackupManagerService(1690): restoreAtInstall pkg=android.support.test.services token=8 restoreSet=0
03-29 01:50:55.220: V/BackupManagerService(1690): Finishing install immediately
03-29 01:50:55.223: I/InputReader(1690): Reconfiguring input devices.  changes=0x00000010
03-29 01:50:55.225: W/Settings(1690): Setting install_non_market_apps has moved from android.provider.Settings.Global to android.provider.Settings.Secure, returning read-only value.
03-29 01:50:55.258: I/UpdateIcingCorporaServi(2175): Updating corpora: APPS=android.support.test.services, CONTACTS=MAYBE
03-29 01:50:55.260: D/BackupManagerService(1690): Received broadcast Intent { act=android.intent.action.PACKAGE_ADDED dat=package:android.support.test.services flg=0x4000010 (has extras) }
03-29 01:50:55.263: I/UpdateIcingCorporaServi(2175): UpdateCorporaTask done [took 6 ms] updated apps [took 6 ms] 
03-29 01:50:55.288: I/Auth(2202): [SupervisedAccountIntentOperation] onHandleIntent(): android.intent.action.PACKAGE_ADDED
03-29 01:50:55.288: I/Auth(2202): [SupervisedAccountIntentOperation] This operation is disabled
03-29 01:50:55.288: I/ChromeSync(2202): [Sync,SyncIntentOperation] Handling the intent: Intent { act=android.intent.action.PACKAGE_ADDED dat=package:android.support.test.services flg=0x4000010 cmp=com.google.android.gms/.chimera.GmsIntentOperationService (has extras) }.
03-29 01:50:55.289: I/FontsPackageChangeOp(2202): Package android.support.test.services has no metadata
03-29 01:50:55.292: I/ChromeSync(2202): [Persistence,AffiliationManager] No affiliation data for android://N50vJU0zrJ8WOzDt6r3GDtfqrkROFOSiqHcmppwn3vxaRC4hFpNn4UsL7XlvjtlfcWuDAQhmck0qjQPwsrpMNg==@android.support.test.services/. Marking affiliation data as stale...
03-29 01:50:55.295: I/Icing(2202): IndexChimeraService.getServiceInterface callingPackage=com.google.android.gms componentName=AppsCorpus serviceId=36
03-29 01:50:55.297: I/PeopleContactsSync(2202): triggerPendingContactsCleanup: no accounts
03-29 01:50:55.298: I/ChromeSync(2202): [Persistence,AffiliationManager] Fetching affiliations from the server.
03-29 01:50:55.300: I/Icing(2202): IndexChimeraService.getServiceInterface callingPackage=com.google.android.gms componentName=AppsCorpus serviceId=32
03-29 01:50:55.321: I/Icing(2202): Usage reports ok 0, Failed Usage reports 0, indexed 0, rejected 0, imm upload false
03-29 01:50:55.332: I/Icing(2202): Usage reports ok 0, Failed Usage reports 0, indexed 0, rejected 0, imm upload false
03-29 01:50:55.332: I/art(1690): Explicit concurrent mark sweep GC freed 19366(1408KB) AllocSpace objects, 7(112KB) LOS objects, 33% free, 32MB/48MB, paused 497us total 102.253ms
03-29 01:50:55.332: D/AndroidRuntime(4350): Shutting down VM
03-29 01:50:55.436: I/Icing(2202): Indexing com.google.android.gms-apps from com.google.android.gms
03-29 01:50:55.437: I/Icing(2202): Indexing done com.google.android.gms-apps
03-29 01:50:55.988: I/Remoter(1323): Saved screenshot to '/data/screenshots/__pmv__-0085.jpg'
03-29 01:50:56.014: D/AndroidRuntime(4389): >>>>>> AndroidRuntime START com.android.internal.os.RuntimeInit <<<<<<
03-29 01:50:56.015: D/AndroidRuntime(4389): CheckJNI is OFF
03-29 01:50:56.035: E/memtrack(4389): Couldn't load memtrack module (No such file or directory)
03-29 01:50:56.035: E/android.os.Debug(4389): failed to load memtrack module: -2
03-29 01:50:56.045: D/AndroidRuntime(4389): Calling main entry com.android.commands.pm.Pm
03-29 01:50:56.052: D/DefContainer(3715): Copying /data/local/tmp/androidx.test.services.apk to base.apk
03-29 01:50:56.062: D/PackageManager(1690): Renaming /data/app/vmdl296602680.tmp to /data/app/androidx.test.services-1
03-29 01:50:56.065: I/art(1690): DexFile_isDexOptNeeded failed to open oat file '/data/dalvik-cache/x86/data@app@androidx.test.services-1@base.apk@classes.dex' for file location '/data/app/androidx.test.services-1/base.apk': Failed to open oat filename for reading: No such file or directory
03-29 01:50:56.065: I/art(1690): DexFile_isDexOptNeeded failed to open oat file '/data/app/androidx.test.services-1/x86/base.odex' for file location '/data/app/androidx.test.services-1/base.apk': Failed to open oat filename for reading: No such file or directory
03-29 01:50:56.065: I/PackageManager(1690): Running dexopt on: /data/app/androidx.test.services-1/base.apk pkg=androidx.test.services isa=x86 vmSafeMode=false
03-29 01:50:56.072: E/cutils-trace(4400): Error opening trace file: Permission denied (13)
03-29 01:50:56.072: I/dex2oat(4400): /system/bin/dex2oat --zip-fd=6 --zip-location=/data/app/androidx.test.services-1/base.apk --oat-fd=7 --oat-location=/data/dalvik-cache/x86/data@app@androidx.test.services-1@base.apk@classes.dex --instruction-set=x86 --instruction-set-features=default --runtime-arg -Xms64m --runtime-arg -Xmx512m
03-29 01:50:56.133: I/dex2oat(4400): dex2oat took 60.183ms (threads: 2)
03-29 01:50:56.148: V/BackupManagerService(1690): restoreAtInstall pkg=androidx.test.services token=9 restoreSet=0
03-29 01:50:56.148: V/BackupManagerService(1690): Finishing install immediately
03-29 01:50:56.150: I/InputReader(1690): Reconfiguring input devices.  changes=0x00000010
03-29 01:50:56.151: W/Settings(1690): Setting install_non_market_apps has moved from android.provider.Settings.Global to android.provider.Settings.Secure, returning read-only value.
03-29 01:50:56.180: I/UpdateIcingCorporaServi(2175): Updating corpora: APPS=androidx.test.services, CONTACTS=MAYBE
03-29 01:50:56.188: I/UpdateIcingCorporaServi(2175): UpdateCorporaTask done [took 8 ms] updated apps [took 8 ms] 
03-29 01:50:56.190: D/BackupManagerService(1690): Received broadcast Intent { act=android.intent.action.PACKAGE_ADDED dat=package:androidx.test.services flg=0x4000010 (has extras) }
03-29 01:50:56.202: I/Auth(2202): [SupervisedAccountIntentOperation] onHandleIntent(): android.intent.action.PACKAGE_ADDED
03-29 01:50:56.202: I/Auth(2202): [SupervisedAccountIntentOperation] This operation is disabled
03-29 01:50:56.203: I/ChromeSync(2202): [Sync,SyncIntentOperation] Handling the intent: Intent { act=android.intent.action.PACKAGE_ADDED dat=package:androidx.test.services flg=0x4000010 cmp=com.google.android.gms/.chimera.GmsIntentOperationService (has extras) }.
03-29 01:50:56.204: I/FontsPackageChangeOp(2202): Package androidx.test.services has no metadata
03-29 01:50:56.206: I/ChromeSync(2202): [Persistence,AffiliationManager] No affiliation data for android://N50vJU0zrJ8WOzDt6r3GDtfqrkROFOSiqHcmppwn3vxaRC4hFpNn4UsL7XlvjtlfcWuDAQhmck0qjQPwsrpMNg==@androidx.test.services/. Marking affiliation data as stale...
03-29 01:50:56.208: I/PeopleContactsSync(2202): triggerPendingContactsCleanup: no accounts
03-29 01:50:56.210: I/ChromeSync(2202): [Persistence,AffiliationManager] Fetching affiliations from the server.
03-29 01:50:56.216: I/Icing(2202): IndexChimeraService.getServiceInterface callingPackage=com.google.android.gms componentName=AppsCorpus serviceId=36
03-29 01:50:56.219: I/Icing(2202): IndexChimeraService.getServiceInterface callingPackage=com.google.android.gms componentName=AppsCorpus serviceId=32
03-29 01:50:56.224: I/Icing(2202): Usage reports ok 0, Failed Usage reports 0, indexed 0, rejected 0, imm upload false
03-29 01:50:56.228: I/Icing(2202): Usage reports ok 0, Failed Usage reports 0, indexed 0, rejected 0, imm upload false
03-29 01:50:56.278: I/art(1690): Explicit concurrent mark sweep GC freed 20348(1466KB) AllocSpace objects, 7(112KB) LOS objects, 33% free, 32MB/48MB, paused 497us total 116.240ms
03-29 01:50:56.278: D/AndroidRuntime(4389): Shutting down VM
03-29 01:50:56.354: I/Icing(2202): Indexing com.google.android.gms-apps from com.google.android.gms
03-29 01:50:56.354: I/Icing(2202): Indexing done com.google.android.gms-apps
03-29 01:50:56.951: D/AndroidRuntime(4428): >>>>>> AndroidRuntime START com.android.internal.os.RuntimeInit <<<<<<
03-29 01:50:56.953: D/AndroidRuntime(4428): CheckJNI is OFF
03-29 01:50:56.972: E/memtrack(4428): Couldn't load memtrack module (No such file or directory)
03-29 01:50:56.972: E/android.os.Debug(4428): failed to load memtrack module: -2
03-29 01:50:56.979: I/GceRil(1337): Received request 19
03-29 01:50:56.979: I/GceRil(1337): Reporting signal strength: GW=29 CDMA=-62 EVDO=-70 LTE=26
03-29 01:50:56.984: D/AndroidRuntime(4428): Calling main entry com.android.commands.pm.Pm
03-29 01:50:57.013: D/DefContainer(3715): Copying /data/local/tmp/com.google.android.apps.mtaas.stubapp.apk to base.apk
03-29 01:50:57.023: I/PackageParser(1690): com.google.android.apps.mtaas.stubapp: compat added android.permission.WRITE_EXTERNAL_STORAGE android.permission.READ_PHONE_STATE
03-29 01:50:57.031: D/PackageManager(1690): Renaming /data/app/vmdl660172051.tmp to /data/app/com.google.android.apps.mtaas.stubapp-1
03-29 01:50:57.036: I/art(1690): DexFile_isDexOptNeeded failed to open oat file '/data/dalvik-cache/x86/data@app@com.google.android.apps.mtaas.stubapp-1@base.apk@classes.dex' for file location '/data/app/com.google.android.apps.mtaas.stubapp-1/base.apk': Failed to open oat filename for reading: No such file or directory
03-29 01:50:57.036: I/art(1690): DexFile_isDexOptNeeded failed to open oat file '/data/app/com.google.android.apps.mtaas.stubapp-1/x86/base.odex' for file location '/data/app/com.google.android.apps.mtaas.stubapp-1/base.apk': Failed to open oat filename for reading: No such file or directory
03-29 01:50:57.036: I/PackageManager(1690): Running dexopt on: /data/app/com.google.android.apps.mtaas.stubapp-1/base.apk pkg=com.google.android.apps.mtaas.stubapp isa=x86 vmSafeMode=false
03-29 01:50:57.044: E/cutils-trace(4439): Error opening trace file: Permission denied (13)
03-29 01:50:57.044: I/dex2oat(4439): /system/bin/dex2oat --zip-fd=6 --zip-location=/data/app/com.google.android.apps.mtaas.stubapp-1/base.apk --oat-fd=7 --oat-location=/data/dalvik-cache/x86/data@app@com.google.android.apps.mtaas.stubapp-1@base.apk@classes.dex --instruction-set=x86 --instruction-set-features=default --runtime-arg -Xms64m --runtime-arg -Xmx512m
03-29 01:50:57.146: I/dex2oat(4439): dex2oat took 101.674ms (threads: 2)
03-29 01:50:57.178: V/BackupManagerService(1690): restoreAtInstall pkg=com.google.android.apps.mtaas.stubapp token=a restoreSet=0
03-29 01:50:57.178: V/BackupManagerService(1690): Finishing install immediately
03-29 01:50:57.202: W/Settings(1690): Setting install_non_market_apps has moved from android.provider.Settings.Global to android.provider.Settings.Secure, returning read-only value.
03-29 01:50:57.214: D/BackupManagerService(1690): Received broadcast Intent { act=android.intent.action.PACKAGE_ADDED dat=package:com.google.android.apps.mtaas.stubapp flg=0x4000010 (has extras) }
03-29 01:50:57.229: I/InputReader(1690): Reconfiguring input devices.  changes=0x00000010
03-29 01:50:57.233: I/Remoter(1323): Saved screenshot to '/data/screenshots/__pmv__-0086.jpg'
03-29 01:50:57.243: I/Icing(2202): Indexing com.google.android.gms-apps from com.google.android.gms
03-29 01:50:57.244: I/Icing(2202): Indexing done com.google.android.gms-apps
03-29 01:50:57.248: I/UpdateIcingCorporaServi(2175): Updating corpora: APPS=com.google.android.apps.mtaas.stubapp, CONTACTS=MAYBE
03-29 01:50:57.257: I/UpdateIcingCorporaServi(2175): UpdateCorporaTask done [took 8 ms] updated apps [took 8 ms] 
03-29 01:50:57.286: I/art(1690): Explicit concurrent mark sweep GC freed 18158(1356KB) AllocSpace objects, 7(112KB) LOS objects, 33% free, 32MB/48MB, paused 940us total 81.819ms
03-29 01:50:57.289: D/AndroidRuntime(4428): Shutting down VM
03-29 01:50:57.298: I/Auth(2202): [SupervisedAccountIntentOperation] onHandleIntent(): android.intent.action.PACKAGE_ADDED
03-29 01:50:57.298: I/Auth(2202): [SupervisedAccountIntentOperation] This operation is disabled
03-29 01:50:57.298: I/ChromeSync(2202): [Sync,SyncIntentOperation] Handling the intent: Intent { act=android.intent.action.PACKAGE_ADDED dat=package:com.google.android.apps.mtaas.stubapp flg=0x4000010 cmp=com.google.android.gms/.chimera.GmsIntentOperationService (has extras) }.
03-29 01:50:57.300: I/ChromeSync(2202): [Persistence,AffiliationManager] No affiliation data for android://N50vJU0zrJ8WOzDt6r3GDtfqrkROFOSiqHcmppwn3vxaRC4hFpNn4UsL7XlvjtlfcWuDAQhmck0qjQPwsrpMNg==@com.google.android.apps.mtaas.stubapp/. Marking affiliation data as stale...
03-29 01:50:57.302: I/FontsPackageChangeOp(2202): Package com.google.android.apps.mtaas.stubapp has no metadata
03-29 01:50:57.306: I/ChromeSync(2202): [Persistence,AffiliationManager] Fetching affiliations from the server.
03-29 01:50:57.319: I/PeopleContactsSync(2202): triggerPendingContactsCleanup: no accounts
03-29 01:50:57.320: I/Icing(2202): IndexChimeraService.getServiceInterface callingPackage=com.google.android.gms componentName=AppsCorpus serviceId=32
03-29 01:50:57.342: I/Icing(2202): IndexChimeraService.getServiceInterface callingPackage=com.google.android.gms componentName=AppsCorpus serviceId=36
03-29 01:50:57.373: I/Icing(2202): Usage reports ok 0, Failed Usage reports 0, indexed 0, rejected 0, imm upload false
03-29 01:50:57.392: I/Icing(2202): Usage reports ok 0, Failed Usage reports 0, indexed 0, rejected 0, imm upload false
03-29 01:50:57.968: D/AndroidRuntime(4467): >>>>>> AndroidRuntime START com.android.internal.os.RuntimeInit <<<<<<
03-29 01:50:57.969: D/AndroidRuntime(4467): CheckJNI is OFF
03-29 01:50:57.988: E/memtrack(4467): Couldn't load memtrack module (No such file or directory)
03-29 01:50:57.988: E/android.os.Debug(4467): failed to load memtrack module: -2
03-29 01:50:57.998: D/AndroidRuntime(4467): Calling main entry com.android.commands.pm.Pm
03-29 01:50:58.003: D/DefContainer(3715): Copying /data/local/tmp/androidx.test.tools.crawler.stubapp.apk to base.apk
03-29 01:50:58.005: I/PackageParser(1690): androidx.test.tools.crawler.stubapp: compat added android.permission.WRITE_EXTERNAL_STORAGE android.permission.READ_PHONE_STATE
03-29 01:50:58.010: D/PackageManager(1690): Renaming /data/app/vmdl325521594.tmp to /data/app/androidx.test.tools.crawler.stubapp-1
03-29 01:50:58.013: I/art(1690): DexFile_isDexOptNeeded failed to open oat file '/data/dalvik-cache/x86/data@app@androidx.test.tools.crawler.stubapp-1@base.apk@classes.dex' for file location '/data/app/androidx.test.tools.crawler.stubapp-1/base.apk': Failed to open oat filename for reading: No such file or directory
03-29 01:50:58.014: I/art(1690): DexFile_isDexOptNeeded failed to open oat file '/data/app/androidx.test.tools.crawler.stubapp-1/x86/base.odex' for file location '/data/app/androidx.test.tools.crawler.stubapp-1/base.apk': Failed to open oat filename for reading: No such file or directory
03-29 01:50:58.014: I/PackageManager(1690): Running dexopt on: /data/app/androidx.test.tools.crawler.stubapp-1/base.apk pkg=androidx.test.tools.crawler.stubapp isa=x86 vmSafeMode=false
03-29 01:50:58.020: E/cutils-trace(4478): Error opening trace file: Permission denied (13)
