03-29 01:51:19.562: I/GeofencerStateMachine(1971): removeGeofences: removeRequest=RemoveGeofencingRequest[REMOVE_BY_PENDING_INTENT pendingIntent=PendingIntent[creatorPackage=com.google.android.gms], packageName=null]
03-29 01:51:19.565: I/Places(1971): ?: Couldn't find platform key file.
03-29 01:51:19.570: I/ChromeSync(2202): [Sync,SyncAdapter] Successfully synced in 279 milliseconds with request: opv{account=<hide PII>, eventType=500, waitForInitialization=false, zipitVersionInfo=null}.
03-29 01:51:19.572: I/art(2202): Explicit concurrent mark sweep GC freed 155401(8MB) AllocSpace objects, 26(3MB) LOS objects, 22% free, 54MB/70MB, paused 4.406ms total 238.106ms
03-29 01:51:19.577: I/art(2202): WaitForGcToComplete blocked for 215.062ms for cause Background
03-29 01:51:19.582: I/GeofencerStateMachine(1971): removeGeofences: removeRequest=RemoveGeofencingRequest[REMOVE_BY_PENDING_INTENT pendingIntent=PendingIntent[creatorPackage=com.google.android.gms], packageName=null]
03-29 01:51:19.584: E/Sbuscriber(2202): volleyError com.android.volley.ClientError
03-29 01:51:19.584: E/AccountsChangedIntentOp(2202): exception while subscribe
03-29 01:51:19.584: E/AccountsChangedIntentOp(2202): java.util.concurrent.ExecutionException: com.android.volley.ClientError
03-29 01:51:19.584: E/AccountsChangedIntentOp(2202): 	at bhjn.a(:com.google.android.gms@14367013@14.3.67 (020700-216465562):3)
03-29 01:51:19.584: E/AccountsChangedIntentOp(2202): 	at bhjn.get(:com.google.android.gms@14367013@14.3.67 (020700-216465562):18)
03-29 01:51:19.584: E/AccountsChangedIntentOp(2202): 	at bhjx.get(:com.google.android.gms@14367013@14.3.67 (020700-216465562))
03-29 01:51:19.584: E/AccountsChangedIntentOp(2202): 	at com.google.android.gms.languageprofile.service.AccountsChangedIntentOperation.onHandleIntent(:com.google.android.gms@14367013@14.3.67 (020700-216465562):2)
03-29 01:51:19.584: E/AccountsChangedIntentOp(2202): 	at com.google.android.chimera.IntentOperation.onHandleIntent(:com.google.android.gms@14367013@14.3.67 (020700-216465562):2)
03-29 01:51:19.584: E/AccountsChangedIntentOp(2202): 	at doc.a(:com.google.android.gms@14367013@14.3.67 (020700-216465562):7)
03-29 01:51:19.584: E/AccountsChangedIntentOp(2202): 	at ofw.a(:com.google.android.gms@14367013@14.3.67 (020700-216465562):9)
03-29 01:51:19.584: E/AccountsChangedIntentOp(2202): 	at doh.run(:com.google.android.gms@14367013@14.3.67 (020700-216465562):11)
03-29 01:51:19.584: E/AccountsChangedIntentOp(2202): 	at doe.run(:com.google.android.gms@14367013@14.3.67 (020700-216465562):9)
03-29 01:51:19.584: E/AccountsChangedIntentOp(2202): 	at java.util.concurrent.ThreadPoolExecutor.runWorker(ThreadPoolExecutor.java:1112)
03-29 01:51:19.584: E/AccountsChangedIntentOp(2202): 	at java.util.concurrent.ThreadPoolExecutor$Worker.run(ThreadPoolExecutor.java:587)
03-29 01:51:19.584: E/AccountsChangedIntentOp(2202): 	at java.lang.Thread.run(Thread.java:818)
03-29 01:51:19.584: E/AccountsChangedIntentOp(2202): Caused by: com.android.volley.ClientError
03-29 01:51:19.584: E/AccountsChangedIntentOp(2202): 	at com.android.volley.toolbox.BasicNetwork.performRequest(:com.google.android.gms@14367013@14.3.67 (020700-216465562):43)
03-29 01:51:19.584: E/AccountsChangedIntentOp(2202): 	at com.android.volley.NetworkDispatcher.a(:com.google.android.gms@14367013@14.3.67 (020700-216465562):6)
03-29 01:51:19.584: E/AccountsChangedIntentOp(2202): 	at com.android.volley.NetworkDispatcher.run(:com.google.android.gms@14367013@14.3.67 (020700-216465562):2)
03-29 01:51:19.591: I/GeofencerStateMachine(1971): removeGeofences: removeRequest=RemoveGeofencingRequest[REMOVE_BY_PENDING_INTENT pendingIntent=PendingIntent[creatorPackage=com.google.android.gms], packageName=null]
03-29 01:51:19.592: I/GeofencerStateMachine(1971): removeGeofences: removeRequest=RemoveGeofencingRequest[REMOVE_BY_PENDING_INTENT pendingIntent=PendingIntent[creatorPackage=com.google.android.gms], packageName=null]
03-29 01:51:19.596: I/Places(1971): ?: Couldn't find platform key file.
03-29 01:51:19.607: I/Binder_1(3103): type=1400 audit(0.0:103): avc: denied { getattr } for name="/" dev="tracefs" ino=1 scontext=u:r:untrusted_app:s0 tcontext=u:object_r:unlabeled:s0 tclass=filesystem permissive=1
03-29 01:51:19.657: I/System(2202): Loaded time zone names for "en_GB" in 60ms (60ms in ICU)
03-29 01:51:19.647: I/Binder_1(3103): type=1400 audit(0.0:104): avc: denied { read } for name="/" dev="tmpfs" ino=1637 scontext=u:r:untrusted_app:s0 tcontext=u:object_r:device:s0 tclass=dir permissive=1
03-29 01:51:19.647: I/Binder_1(3103): type=1400 audit(0.0:105): avc: denied { open } for path="/dev" dev="tmpfs" ino=1637 scontext=u:r:untrusted_app:s0 tcontext=u:object_r:device:s0 tclass=dir permissive=1
03-29 01:51:19.725: I/GeofencerStateMachine(1971): removeGeofences: removeRequest=RemoveGeofencingRequest[REMOVE_BY_PENDING_INTENT pendingIntent=PendingIntent[creatorPackage=com.google.android.gms], packageName=null]
03-29 01:51:19.729: I/AccountManagerService(1690): the accounts changed, sending broadcast of android.accounts.LOGIN_ACCOUNTS_CHANGED
03-29 01:51:19.732: I/TachyonSyncUtils(2202): removeSyncAccount. Success: true
03-29 01:51:19.739: V/Backup(1971): [BackupTransportCS] Accounts changed
03-29 01:51:19.740: I/Backup(1971): [GmsBackupAccountManager] Backup account not found in gmscore.
03-29 01:51:19.742: D/Volley(5004): [298] DiskBasedCache.clear: Cache cleared.
03-29 01:51:19.742: D/Volley(5004): [302] DiskBasedCache.clear: Cache cleared.
03-29 01:51:19.747: D/Finsky(5004): [1] UpdateWidgetsReceiver.onReceive: Updated 0 MarketWidgetProvider widgets (android.accounts.LOGIN_ACCOUNTS_CHANGED)
03-29 01:51:19.748: D/Backup(1971): [BackupScheduler] Setting backup scheduler enabled=true due to desired state 1
03-29 01:51:19.748: V/Backup(1971): [BackupTransportCS] no backup now
03-29 01:51:19.749: D/Finsky(5004): [1] UpdateWidgetsReceiver.onReceive: Updated 0 RecommendedWidgetProvider widgets (android.accounts.LOGIN_ACCOUNTS_CHANGED)
03-29 01:51:19.754: D/Finsky(5004): [1] UpdateWidgetsReceiver.onReceive: Updated 0 NowPlayingWidgetProvider widgets (android.accounts.LOGIN_ACCOUNTS_CHANGED)
03-29 01:51:19.755: I/GeofencerStateMachine(1971): removeGeofences: removeRequest=RemoveGeofencingRequest[REMOVE_BY_PENDING_INTENT pendingIntent=PendingIntent[creatorPackage=com.google.android.gms], packageName=null]
03-29 01:51:19.760: I/GeofencerStateMachine(1971): removeGeofences: removeRequest=RemoveGeofencingRequest[REMOVE_BY_PENDING_INTENT pendingIntent=PendingIntent[creatorPackage=com.google.android.gms], packageName=null]
03-29 01:51:19.771: W/ChimeraUtils(1971): Non Chimera context
03-29 01:51:19.771: V/Backup(1971): [BackupAccountNotifier] Handling new intent. Show notification: true
03-29 01:51:19.860: I/art(1690): Explicit concurrent mark sweep GC freed 66996(3MB) AllocSpace objects, 9(264KB) LOS objects, 31% free, 34MB/50MB, paused 1.112ms total 84.887ms
03-29 01:51:19.891: I/GeofencerStateMachine(1971): removeGeofences: removeRequest=RemoveGeofencingRequest[REMOVE_BY_PENDING_INTENT pendingIntent=PendingIntent[creatorPackage=com.google.android.gms], packageName=null]
03-29 01:51:19.895: W/arlx(1971): Empty context buffer. Thus might mean that the context is not synced down.
03-29 01:51:19.895: W/aria(1971): Empty context model while retrieving upload opt-in status!
03-29 01:51:19.909: I/Exchange(5092): Accounts changed - requesting FolderSync for unsynced accounts
03-29 01:51:19.947: E/Auth.Api.Credentials(2202): [CredentialSyncAdapter] Unknown sync event.
03-29 01:51:19.956: W/ChimeraUtils(1971): Non Chimera context
03-29 01:51:19.964: I/PmtsSwAccountIntentOp(2202): Processing intent action=android.accounts.LOGIN_ACCOUNTS_CHANGED
03-29 01:51:19.964: I/PmtsSwAccountIntentOp(2202): Device isn't of sufficient API level
03-29 01:51:19.968: E/Ads(2202): [JAMS] Failed to negotiate
03-29 01:51:19.972: W/arlx(1971): Empty context buffer. Thus might mean that the context is not synced down.
03-29 01:51:19.973: W/aria(1971): Empty context model while retrieving upload opt-in status!
03-29 01:51:19.979: W/WakefulBroadcastReceiv.(1971): No active wake lock id #3
03-29 01:51:19.983: I/ajeq(1971): Scheduling Phenotype for a PhenotypeSyncImmediately(5, null) one off with window [1, 2] in seconds [CONTEXT service_id=51 ]
03-29 01:51:20.006: I/CryptauthV2(2202): [EasyUnlockDatabaseManager] Opening database auth.proximity.permit_store...
03-29 01:51:20.030: D/Finsky(5004): [1] BaseWidgetProvider.onReceive: Received ACTION_APPWIDGET_UPDATE, updating 0 widgets.
03-29 01:51:20.044: D/Finsky(5004): [1] BaseWidgetProvider.onReceive: Received ACTION_APPWIDGET_UPDATE, updating 0 widgets.
03-29 01:51:20.049: D/Finsky(5004): [1] BaseWidgetProvider.onReceive: Received ACTION_APPWIDGET_UPDATE, updating 0 widgets.
03-29 01:51:20.060: E/NetworkScheduler(1971): Invalid component specified.
03-29 01:51:20.129: E/NetworkScheduler(1971): Invalid component specified.
03-29 01:51:20.154: W/GLSUser(1971): [DeviceKeyStore] Cannot load key: Device key file not found.
03-29 01:51:20.154: W/GLSUser(1971): [DeviceKeyStore] Cannot load key: Device key file not found.
03-29 01:51:20.156: E/NetworkScheduler(1971): Invalid component specified.
03-29 01:51:20.156: I/Icing(2202): updateResources: need to parse zfk{com.google.android.gms}
03-29 01:51:20.236: W/Conscrypt(2202): Could not set socket write timeout: java.net.SocketException: Socket closed
03-29 01:51:20.236: W/Conscrypt(2202): 	at com.google.android.gms.org.conscrypt.Platform.setSocketWriteTimeout(:com.google.android.gms@14367013@14.3.67 (020700-216465562):2)
03-29 01:51:20.236: W/Conscrypt(2202): 	at com.google.android.gms.org.conscrypt.ConscryptFileDescriptorSocket.setSoWriteTimeout(:com.google.android.gms@14367013@14.3.67 (020700-216465562):2)
03-29 01:51:20.245: W/ChimeraUtils(2202): Non Chimera context
03-29 01:51:20.279: W/CryptauthV2(2202): [ClientDataOperation] No keyMetadata found for keyName=PublicKey
03-29 01:51:20.283: I/Remoter(1323): Saved screenshot to '/data/screenshots/__pmv__-0102.jpg'
03-29 01:51:20.298: W/CryptauthV2(2202): [ClientDataOperation] No keyMetadata found for keyName=authzen
03-29 01:51:20.298: I/CryptauthV2(2202): [EnrollCryptauthFramework] Performing SyncKeysRequest with 2 keys.
03-29 01:51:20.337: I/GamesSyncAdapter PII_LOG(2202): Starting sync for S37FFK2YM7DQQWXYEWKTQTSGKI-03@cloudtestlabaccounts.com
03-29 01:51:20.337: I/GamesSyncAdapter(2202): Starting sync for 9c43fbf8
03-29 01:51:20.341: I/GamesSyncAdapter PII_LOG(2202): Sync duration for S37FFK2YM7DQQWXYEWKTQTSGKI-03@cloudtestlabaccounts.com: 3
03-29 01:51:20.341: I/GamesSyncAdapter(2202): Sync duration for 9c43fbf8: 3
03-29 01:51:20.346: W/arlx(1971): Empty context buffer. Thus might mean that the context is not synced down.
03-29 01:51:20.346: W/aria(1971): Empty context model while retrieving upload opt-in status!
03-29 01:51:20.350: W/GamesServiceBroker(2202): Client connected with SDK 13589000, Services 14367013, and Games 65460070
03-29 01:51:20.368: W/GLSUser(1971): [DeviceKeyStore] Cannot load key: Device key file not found.
03-29 01:51:20.368: W/GLSUser(1971): [DeviceKeyStore] Cannot load key: Device key file not found.
03-29 01:51:20.378: W/Conscrypt(2202): Could not set socket write timeout: java.net.SocketException: Socket closed
03-29 01:51:20.378: W/Conscrypt(2202): 	at com.google.android.gms.org.conscrypt.Platform.setSocketWriteTimeout(:com.google.android.gms@14367013@14.3.67 (020700-216465562):2)
03-29 01:51:20.378: W/Conscrypt(2202): 	at com.google.android.gms.org.conscrypt.ConscryptFileDescriptorSocket.setSoWriteTimeout(:com.google.android.gms@14367013@14.3.67 (020700-216465562):2)
03-29 01:51:20.431: E/constellation(2202): [rpc_manager] getConsent failed with exception: 
03-29 01:51:20.431: E/constellation(2202): brge: RESOURCE_EXHAUSTED: RequestKind 0 quota exceeded for device: 3848959926591801805, policy: 
03-29 01:51:20.431: E/constellation(2202): 	at brga.c(:com.google.android.gms@14367013@14.3.67 (020700-216465562):3)
03-29 01:51:20.431: E/constellation(2202): 	at pyq.a(:com.google.android.gms@14367013@14.3.67 (020700-216465562):87)
03-29 01:51:20.431: E/constellation(2202): 	at qrj.a(:com.google.android.gms@14367013@14.3.67 (020700-216465562):239)
03-29 01:51:20.431: E/constellation(2202): 	at qqm.a(:com.google.android.gms@14367013@14.3.67 (020700-216465562):3)
03-29 01:51:20.431: E/constellation(2202): 	at qqm.a(:com.google.android.gms@14367013@14.3.67 (020700-216465562):14)
03-29 01:51:20.431: E/constellation(2202): 	at qqm.a(:com.google.android.gms@14367013@14.3.67 (020700-216465562):49)
03-29 01:51:20.431: E/constellation(2202): 	at com.google.android.gms.constellation.EventManager.onHandleIntent(:com.google.android.gms@14367013@14.3.67 (020700-216465562):30)
03-29 01:51:20.431: E/constellation(2202): 	at com.google.android.chimera.IntentOperation.onHandleIntent(:com.google.android.gms@14367013@14.3.67 (020700-216465562):2)
03-29 01:51:20.431: E/constellation(2202): 	at doc.a(:com.google.android.gms@14367013@14.3.67 (020700-216465562):7)
03-29 01:51:20.431: E/constellation(2202): 	at ofw.a(:com.google.android.gms@14367013@14.3.67 (020700-216465562):9)
03-29 01:51:20.431: E/constellation(2202): 	at doh.run(:com.google.android.gms@14367013@14.3.67 (020700-216465562):11)
03-29 01:51:20.431: E/constellation(2202): 	at doe.run(:com.google.android.gms@14367013@14.3.67 (020700-216465562):9)
03-29 01:51:20.431: E/constellation(2202): 	at java.util.concurrent.ThreadPoolExecutor.runWorker(ThreadPoolExecutor.java:1112)
03-29 01:51:20.431: E/constellation(2202): 	at java.util.concurrent.ThreadPoolExecutor$Worker.run(ThreadPoolExecutor.java:587)
03-29 01:51:20.431: E/constellation(2202): 	at java.lang.Thread.run(Thread.java:818)
03-29 01:51:20.464: E/constellation(2202): [gaia_id_checker] Couldn't sync with the server due to 
03-29 01:51:20.464: E/constellation(2202): qvh: getConsent
03-29 01:51:20.464: E/constellation(2202): 	at qrj.a(:com.google.android.gms@14367013@14.3.67 (020700-216465562):267)
03-29 01:51:20.464: E/constellation(2202): 	at qqm.a(:com.google.android.gms@14367013@14.3.67 (020700-216465562):3)
03-29 01:51:20.464: E/constellation(2202): 	at qqm.a(:com.google.android.gms@14367013@14.3.67 (020700-216465562):14)
03-29 01:51:20.464: E/constellation(2202): 	at qqm.a(:com.google.android.gms@14367013@14.3.67 (020700-216465562):49)
03-29 01:51:20.464: E/constellation(2202): 	at com.google.android.gms.constellation.EventManager.onHandleIntent(:com.google.android.gms@14367013@14.3.67 (020700-216465562):30)
03-29 01:51:20.464: E/constellation(2202): 	at com.google.android.chimera.IntentOperation.onHandleIntent(:com.google.android.gms@14367013@14.3.67 (020700-216465562):2)
03-29 01:51:20.464: E/constellation(2202): 	at doc.a(:com.google.android.gms@14367013@14.3.67 (020700-216465562):7)
03-29 01:51:20.464: E/constellation(2202): 	at ofw.a(:com.google.android.gms@14367013@14.3.67 (020700-216465562):9)
03-29 01:51:20.464: E/constellation(2202): 	at doh.run(:com.google.android.gms@14367013@14.3.67 (020700-216465562):11)
03-29 01:51:20.464: E/constellation(2202): 	at doe.run(:com.google.android.gms@14367013@14.3.67 (020700-216465562):9)
03-29 01:51:20.464: E/constellation(2202): 	at java.util.concurrent.ThreadPoolExecutor.runWorker(ThreadPoolExecutor.java:1112)
03-29 01:51:20.464: E/constellation(2202): 	at java.util.concurrent.ThreadPoolExecutor$Worker.run(ThreadPoolExecutor.java:587)
03-29 01:51:20.464: E/constellation(2202): 	at java.lang.Thread.run(Thread.java:818)
03-29 01:51:20.471: W/GLSUser(1971): [DeviceKeyStore] Cannot load key: Device key file not found.
03-29 01:51:20.471: W/GLSUser(1971): [DeviceKeyStore] Cannot load key: Device key file not found.
03-29 01:51:20.482: I/CheckinUtil(2202): Classify the device as Phone.
03-29 01:51:20.427: I/sdcard(1316): type=1400 audit(0.0:106): avc: denied { read } for name="0" dev="loop6" ino=98305 scontext=u:r:sdcardd:s0 tcontext=u:object_r:system_data_file:s0 tclass=dir permissive=1
03-29 01:51:20.427: I/sdcard(1316): type=1400 audit(0.0:107): avc: denied { open } for path="/data/media/0" dev="loop6" ino=98305 scontext=u:r:sdcardd:s0 tcontext=u:object_r:system_data_file:s0 tclass=dir permissive=1
03-29 01:51:20.528: W/arlx(1971): Empty context buffer. Thus might mean that the context is not synced down.
03-29 01:51:20.528: W/aria(1971): Empty context model while retrieving upload opt-in status!
03-29 01:51:20.530: E/NetworkScheduler(1971): Invalid component specified.
03-29 01:51:20.543: I/CheckinConnFactory(2202): Get token from PseudonymousIdApi: 180=J3tXxwyaHdQiclgIgmrzeK8xmlKgCSud3Sj_SbQDRqLZtKWnimJ5RKDH67wFGzJk2vkeksxLCVhjBoTynW2LVZWZGA_NAD19tpgM2nKBKGbaLgkijHUAzKCyR5vPfTx21JYkLQNZIChl9sqDdlu8fK_Rwd0njD-Q2GuXFMfYffc
03-29 01:51:20.546: I/CheckinRequestProcessor(2202): set cookie as: NID=180=J3tXxwyaHdQiclgIgmrzeK8xmlKgCSud3Sj_SbQDRqLZtKWnimJ5RKDH67wFGzJk2vkeksxLCVhjBoTynW2LVZWZGA_NAD19tpgM2nKBKGbaLgkijHUAzKCyR5vPfTx21JYkLQNZIChl9sqDdlu8fK_Rwd0njD-Q2GuXFMfYffc
03-29 01:51:20.561: W/Conscrypt(2202): Could not set socket write timeout: java.net.SocketException: Socket closed
03-29 01:51:20.561: W/Conscrypt(2202): 	at com.google.android.gms.org.conscrypt.Platform.setSocketWriteTimeout(:com.google.android.gms@14367013@14.3.67 (020700-216465562):2)
03-29 01:51:20.561: W/Conscrypt(2202): 	at com.google.android.gms.org.conscrypt.ConscryptFileDescriptorSocket.setSoWriteTimeout(:com.google.android.gms@14367013@14.3.67 (020700-216465562):2)
03-29 01:51:20.579: W/Conscrypt(2202): Could not set socket write timeout: java.net.SocketException: Socket closed
03-29 01:51:20.579: W/Conscrypt(2202): 	at com.google.android.gms.org.conscrypt.Platform.setSocketWriteTimeout(:com.google.android.gms@14367013@14.3.67 (020700-216465562):2)
03-29 01:51:20.579: W/Conscrypt(2202): 	at com.google.android.gms.org.conscrypt.ConscryptFileDescriptorSocket.setSoWriteTimeout(:com.google.android.gms@14367013@14.3.67 (020700-216465562):2)
03-29 01:51:20.593: W/GLSUser(1971): [DeviceKeyStore] Cannot load key: Device key file not found.
03-29 01:51:20.593: W/GLSUser(1971): [DeviceKeyStore] Cannot load key: Device key file not found.
03-29 01:51:20.616: W/Conscrypt(2202): Could not set socket write timeout: java.net.SocketException: Socket closed
03-29 01:51:20.616: W/Conscrypt(2202): 	at com.google.android.gms.org.conscrypt.Platform.setSocketWriteTimeout(:com.google.android.gms@14367013@14.3.67 (020700-216465562):2)
03-29 01:51:20.616: W/Conscrypt(2202): 	at com.google.android.gms.org.conscrypt.ConscryptFileDescriptorSocket.setSoWriteTimeout(:com.google.android.gms@14367013@14.3.67 (020700-216465562):2)
03-29 01:51:20.637: W/Conscrypt(2202): Could not set socket write timeout: java.net.SocketException: Socket closed
03-29 01:51:20.637: W/Conscrypt(2202): 	at com.google.android.gms.org.conscrypt.Platform.setSocketWriteTimeout(:com.google.android.gms@14367013@14.3.67 (020700-216465562):2)
03-29 01:51:20.637: W/Conscrypt(2202): 	at com.google.android.gms.org.conscrypt.ConscryptFileDescriptorSocket.setSoWriteTimeout(:com.google.android.gms@14367013@14.3.67 (020700-216465562):2)
03-29 01:51:20.638: I/art(2202): Explicit concurrent mark sweep GC freed 102154(4MB) AllocSpace objects, 22(2MB) LOS objects, 23% free, 52MB/68MB, paused 1.508ms total 203.403ms
03-29 01:51:20.659: D/PackageManager(1690): Renaming /data/app/vmdl1861715388.tmp to /data/app/com.avrethem.minimal-1
03-29 01:51:20.666: I/art(1690): DexFile_isDexOptNeeded failed to open oat file '/data/dalvik-cache/x86/data@app@com.avrethem.minimal-1@base.apk@classes.dex' for file location '/data/app/com.avrethem.minimal-1/base.apk': Failed to open oat filename for reading: No such file or directory
03-29 01:51:20.666: I/art(1690): DexFile_isDexOptNeeded failed to open oat file '/data/app/com.avrethem.minimal-1/x86/base.odex' for file location '/data/app/com.avrethem.minimal-1/base.apk': Failed to open oat filename for reading: No such file or directory
03-29 01:51:20.666: I/PackageManager(1690): Running dexopt on: /data/app/com.avrethem.minimal-1/base.apk pkg=com.avrethem.minimal isa=x86 vmSafeMode=false
03-29 01:51:20.673: E/cutils-trace(5532): Error opening trace file: Permission denied (13)
03-29 01:51:20.673: I/dex2oat(5532): /system/bin/dex2oat --zip-fd=6 --zip-location=/data/app/com.avrethem.minimal-1/base.apk --oat-fd=7 --oat-location=/data/dalvik-cache/x86/data@app@com.avrethem.minimal-1@base.apk@classes.dex --instruction-set=x86 --instruction-set-features=default --runtime-arg -Xms64m --runtime-arg -Xmx512m
03-29 01:51:20.709: I/GCoreUlrLong(1971): sendSettings(syncNotDefinedYet): sent GetSettingsResults{mModMillis=null, mReportingEnabled=false, mReportingSource=com.google.android.gms+new-device-tag, mHistoryEnabled=null, mHistorySource=com.google.android.gms+new-device-tag, mUserRestriction=0, mSource=0, mConcurrencyType=0, mDeletions=[], mPrimaryDevice=null, mAcccountType=0}, got back GetSettingsResults{mModMillis=1553849480462, mReportingEnabled=false, mReportingSource=null, mHistoryEnabled=false, mHistorySource=null, mUserRestriction=0, mSource=0, mConcurrencyType=0, mDeletions=[], mPrimaryDevice=null, mAcccountType=0}; success: true
03-29 01:51:20.728: I/GCoreUlrLong(1971): syncNotDefinedYet() GetSettingsResults{mModMillis=1553849480462, mReportingEnabled=false, mReportingSource=null, mHistoryEnabled=false, mHistorySource=null, mUserRestriction=0, mSource=0, mConcurrencyType=0, mDeletions=[], mPrimaryDevice=null, mAcccountType=0} at 1553849480728: account#-4#: LR=0 -> -1, LH=0 -> -1, [HistoryNotEnabled, ReportingNotEnabled]; 
03-29 01:51:20.728: I/GCoreUlr(1971): Starting service, intent=Intent { act=com.google.android.location.reporting.ACTION_UPDATE_ACTIVE_STATE cmp=com.google.android.gms/com.google.android.location.reporting.service.DispatchingService (has extras) }, extras=Bundle[{source=sync_new_account}]
03-29 01:51:20.730: I/art(1690): Explicit concurrent mark sweep GC freed 126290(5MB) AllocSpace objects, 22(1291KB) LOS objects, 32% free, 32MB/48MB, paused 515us total 49.552ms
03-29 01:51:20.736: W/ActivityManager(1690): Unable to start service Intent { flg=0x4 cmp=com.android.vending/com.google.android.finsky.services.DailyHygiene (has extras) } U=0: not found
03-29 01:51:20.737: E/MS_RegisterService(2202): Exception during register request.
03-29 01:51:20.737: E/MS_RegisterService(2202): brge: PERMISSION_DENIED: The caller does not have permission
03-29 01:51:20.737: E/MS_RegisterService(2202): 	at brga.c(:com.google.android.gms@14367013@14.3.67 (020700-216465562):3)
03-29 01:51:20.737: E/MS_RegisterService(2202): 	at pyq.a(:com.google.android.gms@14367013@14.3.67 (020700-216465562):87)
03-29 01:51:20.737: E/MS_RegisterService(2202): 	at acve.a(:com.google.android.gms@14367013@14.3.67 (020700-216465562):7)
03-29 01:51:20.737: E/MS_RegisterService(2202): 	at com.google.android.libraries.matchstick.net.SilentRegisterIntentOperation.onHandleIntent(:com.google.android.gms@14367013@14.3.67 (020700-216465562):114)
03-29 01:51:20.737: E/MS_RegisterService(2202): 	at com.google.android.chimera.IntentOperation.onHandleIntent(:com.google.android.gms@14367013@14.3.67 (020700-216465562):2)
03-29 01:51:20.737: E/MS_RegisterService(2202): 	at doc.a(:com.google.android.gms@14367013@14.3.67 (020700-216465562):7)
03-29 01:51:20.737: E/MS_RegisterService(2202): 	at ofw.a(:com.google.android.gms@14367013@14.3.67 (020700-216465562):9)
03-29 01:51:20.737: E/MS_RegisterService(2202): 	at doh.run(:com.google.android.gms@14367013@14.3.67 (020700-216465562):11)
03-29 01:51:20.737: E/MS_RegisterService(2202): 	at doe.run(:com.google.android.gms@14367013@14.3.67 (020700-216465562):9)
03-29 01:51:20.737: E/MS_RegisterService(2202): 	at java.util.concurrent.ThreadPoolExecutor.runWorker(ThreadPoolExecutor.java:1112)
03-29 01:51:20.737: E/MS_RegisterService(2202): 	at java.util.concurrent.ThreadPoolExecutor$Worker.run(ThreadPoolExecutor.java:587)
03-29 01:51:20.737: E/MS_RegisterService(2202): 	at java.lang.Thread.run(Thread.java:818)
03-29 01:51:20.751: I/CryptauthV2(2202): [EnrollCryptauthFramework] SyncKeysRequest successfully completed
03-29 01:51:20.772: I/CalendarProvider2(2518): Sending notification intent: Intent { act=android.intent.action.PROVIDER_CHANGED dat=content://com.android.calendar }
03-29 01:51:20.772: W/ContentResolver(2518): Failed to get type for: content://com.android.calendar (Unknown URL content://com.android.calendar)
03-29 01:51:20.780: I/GCoreUlr(1971): AutoEnableManager setIneligible for account#-4#
03-29 01:51:20.782: I/IcingInternalCorpora(2202): Received calendar change notification.
03-29 01:51:20.788: E/CryptauthV2(2202): [CryptauthDatabaseOperation] No key exists
03-29 01:51:20.805: I/FitnessApp(4804): ULRSettingsReceiver Intent { act=com.google.android.gms.location.reporting.SETTINGS_CHANGED flg=0x10 cmp=com.google.android.apps.fitness/.api.recording.UlrSettingsReceiver }
03-29 01:51:20.811: I/FitnessApp(4804): No current account so skipping recording
03-29 01:51:20.817: W/SemanticLocation(2202): Personalization not enabled; won't try to improve personalization account.
03-29 01:51:20.819: I/Places(1971): ?: Couldn't find platform key file.
03-29 01:51:20.825: I/GCoreUlr(1971): DispatchingService.updateActiveState+sync_new_account: Ensuring that reporting is stopped because of reasons: {account#-4#=[InactiveReason{mIdentifier=6, mName='ReportingNotEnabled'}, InactiveReason{mIdentifier=14, mName='HistoryNotEnabled'}]}
03-29 01:51:20.840: I/GeofencerStateMachine(1971): removeGeofences: removeRequest=RemoveGeofencingRequest[REMOVE_BY_PENDING_INTENT pendingIntent=PendingIntent[creatorPackage=com.google.android.gms], packageName=null]
03-29 01:51:20.841: I/GeofencerStateMachine(1971): removeGeofences: removeRequest=RemoveGeofencingRequest[REMOVE_BY_PENDING_INTENT pendingIntent=PendingIntent[creatorPackage=com.google.android.gms], packageName=null]
03-29 01:51:20.846: I/GeofencerStateMachine(1971): removeGeofences: removeRequest=RemoveGeofencingRequest[REMOVE_BY_PENDING_INTENT pendingIntent=PendingIntent[creatorPackage=com.google.android.gms], packageName=null]
03-29 01:51:20.851: I/GCoreUlr(1971): Unbound from all signal providers.
03-29 01:51:20.874: I/CryptauthV2(2202): [EnrollCryptauthFramework] Performing EnrollKeysRequest for 2 keys.
03-29 01:51:20.888: I/GCoreUlr(1971): Unbound from all signal providers.
03-29 01:51:20.888: I/GCoreUlr(1971): Stopping handler for UlrDispSvcFast
03-29 01:51:20.902: I/CheckinResponseProcess(2202): From server: 1588 gservices [full]
03-29 01:51:20.907: E/NetworkScheduler(1971): Invalid component specified.
03-29 01:51:20.928: I/GCoreUlr(1971): DispatchingService ignoring Intent { act=android.net.wifi.WIFI_STATE_CHANGED flg=0x4000010 (has extras) } because ULR inactive
03-29 01:51:20.958: W/GLSUser(1971): [DeviceKeyStore] Cannot load key: Device key file not found.
03-29 01:51:20.959: W/GLSUser(1971): [DeviceKeyStore] Cannot load key: Device key file not found.
03-29 01:51:20.965: W/GLSUser(1971): [DeviceKeyStore] Cannot load key: Device key file not found.
03-29 01:51:20.965: W/GLSUser(1971): [DeviceKeyStore] Cannot load key: Device key file not found.
03-29 01:51:21.090: I/CertBlacklister(1690): Certificate blacklist changed, updating...
03-29 01:51:21.092: I/CertBlacklister(1690): Certificate blacklist updated
03-29 01:51:21.112: I/GCoreUlr(1971): Starting service, intent=Intent { act=com.google.android.location.reporting.ACTION_UPDATE_ACTIVE_STATE cmp=com.google.android.gms/com.google.android.location.reporting.service.DispatchingService (has extras) }, extras=Bundle[{source=sync_server_wins}]
03-29 01:51:21.123: I/GCoreUlr(1971): AutoEnableManager setIneligible for account#-4#
03-29 01:51:21.123: I/CryptauthV2(2202): [EnrollCryptauthFramework] EnrollKeysRequest successfully completed.
03-29 01:51:21.123: I/CryptauthV2(2202): [EnrollCryptauthFramework] Enrollment successful.
03-29 01:51:21.125: I/GservicesProvider(2147): main update completed
03-29 01:51:21.168: I/ActivityManager(1690): Delay finish: com.google.android.partnersetup/.GservicesChangedReceiver
03-29 01:51:21.182: I/art(2147): Explicit concurrent mark sweep GC freed 18484(1110KB) AllocSpace objects, 1(13KB) LOS objects, 40% free, 21MB/36MB, paused 1.348ms total 49.446ms
03-29 01:51:21.227: I/ActivityManager(1690): Resuming delayed broadcast
03-29 01:51:21.258: I/CheckinRequestProcessor(2202): CheckinNowTaskTag : Checkin Succeeded: https://android.clients.google.com/checkin (fragment #1): 
03-29 01:51:21.270: E/DatabaseUtils(2518): Writing exception to parcel
03-29 01:51:21.270: E/DatabaseUtils(2518): java.lang.IllegalArgumentException: color type 0 and index 10 already exists for account and type provided
03-29 01:51:21.270: E/DatabaseUtils(2518): 	at com.android.providers.calendar.CalendarProvider2.insertInTransaction(CalendarProvider2.java:2292)
03-29 01:51:21.270: E/DatabaseUtils(2518): 	at com.android.providers.calendar.SQLiteContentProvider.insert(SQLiteContentProvider.java:110)
03-29 01:51:21.270: E/DatabaseUtils(2518): 	at android.content.ContentProviderOperation.apply(ContentProviderOperation.java:240)
03-29 01:51:21.270: E/DatabaseUtils(2518): 	at com.android.providers.calendar.SQLiteContentProvider.applyBatch(SQLiteContentProvider.java:234)
03-29 01:51:21.270: E/DatabaseUtils(2518): 	at android.content.ContentProvider$Transport.applyBatch(ContentProvider.java:287)
03-29 01:51:21.270: E/DatabaseUtils(2518): 	at android.content.ContentProviderNative.onTransact(ContentProviderNative.java:192)
03-29 01:51:21.270: E/DatabaseUtils(2518): 	at android.os.Binder.execTransact(Binder.java:446)
03-29 01:51:21.270: E/CalendarSyncAdapter(2723): Failed to update colors
03-29 01:51:21.270: E/CalendarSyncAdapter(2723): com.google.android.apiary.ParseException: java.lang.IllegalArgumentException: color type 0 and index 10 already exists for account and type provided
03-29 01:51:21.270: E/CalendarSyncAdapter(2723): 	at com.google.android.apiary.ProviderHelper.applyBatchProvider(ProviderHelper.java:67)
03-29 01:51:21.270: E/CalendarSyncAdapter(2723): 	at com.google.android.syncadapters.calendar.CalendarSyncAdapterApiary.applyOperations(CalendarSyncAdapterApiary.java:2756)
03-29 01:51:21.270: E/CalendarSyncAdapter(2723): 	at com.google.android.syncadapters.calendar.CalendarSyncAdapterApiary.updateColorsInProvider(CalendarSyncAdapterApiary.java:1330)
03-29 01:51:21.270: E/CalendarSyncAdapter(2723): 	at com.google.android.syncadapters.calendar.CalendarSyncAdapterApiary.updateColorsInProvider(CalendarSyncAdapterApiary.java:3234)
03-29 01:51:21.270: E/CalendarSyncAdapter(2723): 	at com.google.android.syncadapters.calendar.CalendarSyncAdapterApiary.updateColorMapFromGsf(CalendarSyncAdapterApiary.java:323)
03-29 01:51:21.270: E/CalendarSyncAdapter(2723): 	at com.google.android.syncadapters.calendar.CalendarSyncAdapterIntentService.onHandleIntent(CalendarSyncAdapterIntentService.java:21)
03-29 01:51:21.270: E/CalendarSyncAdapter(2723): 	at android.app.IntentService$ServiceHandler.handleMessage(IntentService.java:65)
03-29 01:51:21.270: E/CalendarSyncAdapter(2723): 	at android.os.Handler.dispatchMessage(Handler.java:102)
03-29 01:51:21.270: E/CalendarSyncAdapter(2723): 	at android.os.Looper.loop(Looper.java:135)
03-29 01:51:21.270: E/CalendarSyncAdapter(2723): 	at android.os.HandlerThread.run(HandlerThread.java:61)
03-29 01:51:21.270: E/CalendarSyncAdapter(2723): Caused by: java.lang.IllegalArgumentException: color type 0 and index 10 already exists for account and type provided
03-29 01:51:21.270: E/CalendarSyncAdapter(2723): 	at android.database.DatabaseUtils.readExceptionFromParcel(DatabaseUtils.java:167)
03-29 01:51:21.270: E/CalendarSyncAdapter(2723): 	at android.database.DatabaseUtils.readExceptionWithOperationApplicationExceptionFromParcel(DatabaseUtils.java:160)
03-29 01:51:21.270: E/CalendarSyncAdapter(2723): 	at android.content.ContentProviderProxy.applyBatch(ContentProviderNative.java:519)
03-29 01:51:21.270: E/CalendarSyncAdapter(2723): 	at android.content.ContentProviderClient.applyBatch(ContentProviderClient.java:377)
03-29 01:51:21.270: E/CalendarSyncAdapter(2723): 	at com.google.android.apiary.ProviderHelper.applyBatchProvider(ProviderHelper.java:65)
03-29 01:51:21.270: E/CalendarSyncAdapter(2723): 	... 9 more
03-29 01:51:21.281: I/art(2231): Explicit concurrent mark sweep GC freed 20061(1483KB) AllocSpace objects, 18(288KB) LOS objects, 25% free, 20MB/27MB, paused 683us total 29.775ms
03-29 01:51:21.294: I/ContactAccountLoggerTas(2175): canRun() : Opted Out
03-29 01:51:21.322: I/ActivityManager(1690): Start proc com.google.android.configupdater for broadcast com.google.android.configupdater/.CertPin.CertPinUpdateRequestReceiver: pid=5551 uid=10034 gids={50034, 9997, 3003} abi=x86
03-29 01:51:21.325: I/Authzen(1971): [ProximitySyncManager] Syncing data for account <ELLIDED:-1673266184>
03-29 01:51:21.331: I/Search.GservicesUpdateTask(2175): Updating Gservices keys
03-29 01:51:21.333: I/TrustAgent(1971): [PlaceTrustletChimeraService] Trusted Places isSupported: true
03-29 01:51:21.346: I/TrustAgent(1971): [VoiceUnlockTrustletChimeraService] incorrect version code.
03-29 01:51:21.347: I/GeofencerStateMachine(1971): sendQueryLocationOptIn
03-29 01:51:21.361: I/GeofencerStateMachine(1971): sendQueryLocationOptIn
03-29 01:51:21.364: I/GeofencerStateMachine(1971): sendQueryLocationOptIn
03-29 01:51:21.364: I/GeofencerStateMachine(1971): sendQueryLocationOptIn
03-29 01:51:21.365: I/GeofencerStateMachine(1971): sendQueryLocationOptIn
03-29 01:51:21.365: I/GeofencerStateMachine(1971): sendQueryLocationOptIn
03-29 01:51:21.367: I/GeofencerStateMachine(1971): sendQueryLocationOptIn
03-29 01:51:21.446: E/UpdateRequestReceiver(5551): Received malformed URL while handling Gservices.CHANGED_ACTION
03-29 01:51:21.453: I/GCoreUlr(1971): DispatchingService.updateActiveState+sync_server_wins: Ensuring that reporting is stopped because of reasons: {account#-4#=[InactiveReason{mIdentifier=6, mName='ReportingNotEnabled'}, InactiveReason{mIdentifier=14, mName='HistoryNotEnabled'}]}
03-29 01:51:21.457: E/UpdateRequestReceiver(5551): Received malformed URL while handling Gservices.CHANGED_ACTION
03-29 01:51:21.461: W/GLSUser(1971): [DeviceKeyStore] Cannot load key: Device key file not found.
03-29 01:51:21.462: E/UpdateRequestReceiver(5551): Received malformed URL while handling Gservices.CHANGED_ACTION
03-29 01:51:21.465: W/GLSUser(1971): [DeviceKeyStore] Cannot load key: Device key file not found.
03-29 01:51:21.486: E/UpdateRequestReceiver(5551): Received malformed URL while handling Gservices.CHANGED_ACTION
03-29 01:51:21.486: I/ActivityManager(1690): Killing 4976:com.google.android.apps.auth.test.support/u0a82 (adj 15): empty #17
03-29 01:51:21.488: I/ContactAccountLoggerTas(2175): canRun() : Opted Out
03-29 01:51:21.489: I/ContactAccountLoggerTas(2175): canRun() : Opted Out
03-29 01:51:21.536: I/art(2147): Explicit concurrent mark sweep GC freed 14781(776KB) AllocSpace objects, 1(13KB) LOS objects, 40% free, 21MB/35MB, paused 12.718ms total 182.063ms
03-29 01:51:21.536: I/art(2147): WaitForGcToComplete blocked for 68.405ms for cause Explicit
03-29 01:51:21.546: W/libprocessgroup(1690): failed to open /acct/uid_10082/pid_4976/cgroup.procs: No such file or directory
03-29 01:51:21.549: I/GCoreUlr(1971): Unbound from all signal providers.
03-29 01:51:21.551: I/art(2147): Explicit concurrent mark sweep GC freed 2664(120KB) AllocSpace objects, 0(0B) LOS objects, 40% free, 21MB/35MB, paused 224us total 14.548ms
03-29 01:51:21.589: I/GCoreUlr(1971): Unbound from all signal providers.
03-29 01:51:21.589: I/GCoreUlr(1971): Stopping handler for UlrDispSvcFast
03-29 01:51:21.595: I/GCoreUlr(1971): DispatchingService ignoring Intent { act=android.net.wifi.WIFI_STATE_CHANGED flg=0x4000010 (has extras) } because ULR inactive
03-29 01:51:21.672: I/ContactAccountLoggerTas(2175): canRun() : Opted Out
03-29 01:51:21.721: I/Remoter(1323): Saved screenshot to '/data/screenshots/__pmv__-0103.jpg'
03-29 01:51:21.732: I/art(2202): Explicit concurrent mark sweep GC freed 32737(1884KB) AllocSpace objects, 18(568KB) LOS objects, 23% free, 52MB/68MB, paused 806us total 151.839ms
03-29 01:51:21.825: I/Authzen(1971): [htu] Opening database auth.proximity.permit_store...
03-29 01:51:21.826: I/Authzen(1971): [PermitStore] Removing permit with permitId: <ELLIDED:-1342673049>...
03-29 01:51:21.836: I/Authzen(1971): [ProximitySyncManager] Saved permit permit://google.com/easyunlock/v1/s37ffk2ym7dqqwxyewktqtsgki-03@cloudtestlabaccounts.com, with 0 requester access(es).
03-29 01:51:21.836: W/NetRec(1971): [352] ConfigChangedIntentOperation.onHandleIntent: Device does not support scoring, exiting
03-29 01:51:21.838: I/GCoreUlr(1971): Starting service, intent=Intent { act=com.google.android.location.reporting.ACTION_UPDATE_WORLD cmp=com.google.android.gms/com.google.android.location.reporting.service.DispatchingService (has extras) }, extras=Bundle[{receiverAction=com.google.gservices.intent.action.GSERVICES_CHANGED}]
03-29 01:51:21.856: I/art(2147): Explicit concurrent mark sweep GC freed 2555(132KB) AllocSpace objects, 0(0B) LOS objects, 39% free, 21MB/35MB, paused 234us total 12.459ms
03-29 01:51:21.884: I/GCoreUlr(1971): WorldUpdater received intent Intent { act=com.google.android.location.reporting.ACTION_UPDATE_WORLD cmp=com.google.android.gms/com.google.android.location.reporting.service.DispatchingService (has extras) } with receiverAction com.google.gservices.intent.action.GSERVICES_CHANGED
03-29 01:51:21.996: W/ActivityManager(1690): Unable to start service Intent { cmp=com.google.android.gms/.analytics.service.RefreshEnabledStateService } U=0: not found
03-29 01:51:22.004: W/ChimeraUtils(2202): Non Chimera context
03-29 01:51:22.005: D/CAR.SETUP(2202): Received GService flag change intent.
03-29 01:51:22.007: D/CAR.SETUP(2202): update DrivingMode components to false
03-29 01:51:22.008: I/ChromeSync(2202): [Sync,SyncIntentOperation] Handling the intent: Intent { act=com.google.gservices.intent.action.GSERVICES_CHANGED flg=0x10 cmp=com.google.android.gms/.chimera.GmsIntentOperationService$PersistentInternalReceiver }.
03-29 01:51:22.022: W/GLSUser(1971): [DeviceKeyStore] Cannot load key: Device key file not found.
03-29 01:51:22.022: W/GLSUser(1971): [DeviceKeyStore] Cannot load key: Device key file not found.
03-29 01:51:22.108: I/art(2147): Explicit concurrent mark sweep GC freed 3548(160KB) AllocSpace objects, 0(0B) LOS objects, 40% free, 21MB/35MB, paused 18.186ms total 39.685ms
03-29 01:51:22.130: I/MobileDataHub(2202): Scheduling periodic tasks
03-29 01:51:22.130: W/MobileDataHub(2202): [Service] appsupload-periodic periodic task disabled
03-29 01:51:22.181: I/MS_Utils(2202): version of com.google.android.apps.maps = 804010023
03-29 01:51:22.229: I/art(2147): Explicit concurrent mark sweep GC freed 3588(161KB) AllocSpace objects, 0(0B) LOS objects, 40% free, 21MB/35MB, paused 327us total 33.903ms
03-29 01:51:22.263: I/art(1690): Explicit concurrent mark sweep GC freed 26424(1227KB) AllocSpace objects, 3(48KB) LOS objects, 32% free, 32MB/48MB, paused 530us total 83.522ms
03-29 01:51:22.299: I/art(2202): DexFile_isDexOptNeeded failed to open oat file '/data/dalvik-cache/x86/data@data@com.google.android.gms@app_chimera@m@00000006@AdsDynamite.apk@classes.dex' for file location '/data/data/com.google.android.gms/app_chimera/m/00000006/AdsDynamite.apk': Failed to open oat filename for reading: No such file or directory
03-29 01:51:22.300: I/art(2202): DexFile_isDexOptNeeded failed to open oat file '/data/dalvik-cache/x86/data@data@com.google.android.gms@app_chimera@m@00000007@CronetDynamite.apk@classes.dex' for file location '/data/data/com.google.android.gms/app_chimera/m/00000007/CronetDynamite.apk': Failed to open oat filename for reading: No such file or directory
03-29 01:51:22.301: I/art(2202): DexFile_isDexOptNeeded failed to open oat file '/data/dalvik-cache/x86/data@data@com.google.android.gms@app_chimera@m@00000008@DynamiteLoader.apk@classes.dex' for file location '/data/data/com.google.android.gms/app_chimera/m/00000008/DynamiteLoader.apk': Failed to open oat filename for reading: No such file or directory
03-29 01:51:22.301: I/art(2202): DexFile_isDexOptNeeded failed to open oat file '/data/dalvik-cache/x86/data@data@com.google.android.gms@app_chimera@m@00000009@DynamiteModulesA.apk@classes.dex' for file location '/data/data/com.google.android.gms/app_chimera/m/00000009/DynamiteModulesA.apk': Failed to open oat filename for reading: No such file or directory
03-29 01:51:22.302: I/art(2202): DexFile_isDexOptNeeded failed to open oat file '/data/dalvik-cache/x86/data@data@com.google.android.gms@app_chimera@m@0000000b@DynamiteModulesC.apk@classes.dex' for file location '/data/data/com.google.android.gms/app_chimera/m/0000000b/DynamiteModulesC.apk': Failed to open oat filename for reading: No such file or directory
03-29 01:51:22.303: I/art(2202): DexFile_isDexOptNeeded failed to open oat file '/data/dalvik-cache/x86/data@data@com.google.android.gms@app_chimera@m@0000000c@GoogleCertificates.apk@classes.dex' for file location '/data/data/com.google.android.gms/app_chimera/m/0000000c/GoogleCertificates.apk': Failed to open oat filename for reading: No such file or directory
03-29 01:51:22.303: I/art(2202): DexFile_isDexOptNeeded failed to open oat file '/data/dalvik-cache/x86/data@data@com.google.android.gms@app_chimera@m@0000000d@MapsDynamite.apk@classes.dex' for file location '/data/data/com.google.android.gms/app_chimera/m/0000000d/MapsDynamite.apk': Failed to open oat filename for reading: No such file or directory
03-29 01:51:22.314: I/art(2202): Explicit concurrent mark sweep GC freed 23191(1325KB) AllocSpace objects, 19(6MB) LOS objects, 23% free, 53MB/69MB, paused 1.421ms total 263.978ms
03-29 01:51:22.315: I/art(2202): WaitForGcToComplete blocked for 72.154ms for cause Explicit
03-29 01:51:22.408: I/art(1971): Explicit concurrent mark sweep GC freed 130347(7MB) AllocSpace objects, 19(304KB) LOS objects, 30% free, 35MB/51MB, paused 49.202ms total 1.118s
03-29 01:51:22.408: I/art(1971): WaitForGcToComplete blocked for 477.495ms for cause Explicit
03-29 01:51:22.449: I/art(2202): Explicit concurrent mark sweep GC freed 9600(514KB) AllocSpace objects, 3(756KB) LOS objects, 23% free, 51MB/67MB, paused 4.671ms total 134.658ms
03-29 01:51:22.467: I/SystemUpdate(2202): [Installation,ReceiverIntentOperation] Received intent: Intent { act=com.google.gservices.intent.action.GSERVICES_CHANGED flg=0x10 cmp=com.google.android.gms/.chimera.GmsIntentOperationService$PersistentInternalReceiver }.
03-29 01:51:22.475: W/ChimeraUtils(2202): Non Chimera context
03-29 01:51:22.475: W/ChimeraUtils(2202): Non Chimera context
03-29 01:51:22.485: I/SystemUpdate(2202): [Execution,InstallationEventIntentOperation] Handling event of type 2.
03-29 01:51:22.499: I/art(2147): Explicit concurrent mark sweep GC freed 3351(150KB) AllocSpace objects, 0(0B) LOS objects, 40% free, 21MB/35MB, paused 5.262ms total 13.515ms
03-29 01:51:22.508: I/SystemUpdate(2202): [Execution,InstallationIntentOperation] Received intent: Intent { act=com.google.android.gms.update.INSTALL_UPDATE cat=[targeted_intent_op_prefix:.update.execution.InstallationIntentOperation] cmp=com.google.android.gms/.chimera.GmsIntentOperationService }.
03-29 01:51:22.511: I/SystemUpdate(2202): [Execution,ExecutionManager] Action finished-execution executed for 0.00 seconds.
03-29 01:51:22.532: V/EmulatedCamera_Factory(1339): getCameraInfo: id = 0
03-29 01:51:22.532: V/EmulatedCamera_Camera(1339): getCameraInfo
03-29 01:51:22.532: V/EmulatedCamera_BaseCamera(1339): getCameraInfo
03-29 01:51:22.532: I/OcrModelUpStIntentOp(2202): Updating ocr activity enabled=true (phenotypeFlag=true, lowRamDevice=false, prereqCheck=true)
03-29 01:51:22.568: I/ChromeSync(2202): [Sync,SyncAdapter] Successfully synced in 39 milliseconds with request: opv{account=<hide PII>, eventType=700, waitForInitialization=false, zipitVersionInfo=null}.
03-29 01:51:22.604: I/OcrModelUpStIntentOp(2202): Downloading text recognizer
03-29 01:51:22.612: I/art(2202): DexFile_isDexOptNeeded failed to open oat file '/data/dalvik-cache/x86/data@data@com.google.android.gms@app_chimera@m@00000007@CronetDynamite.apk@classes.dex' for file location '/data/data/com.google.android.gms/app_chimera/m/00000007/CronetDynamite.apk': Failed to open oat filename for reading: No such file or directory
03-29 01:51:22.613: I/art(2202): DexFile_isDexOptNeeded failed to open oat file '/data/dalvik-cache/x86/data@data@com.google.android.gms@app_chimera@m@0000000c@GoogleCertificates.apk@classes.dex' for file location '/data/data/com.google.android.gms/app_chimera/m/0000000c/GoogleCertificates.apk': Failed to open oat filename for reading: No such file or directory
03-29 01:51:22.613: I/art(2202): DexFile_isDexOptNeeded failed to open oat file '/data/dalvik-cache/x86/data@data@com.google.android.gms@app_chimera@m@00000009@DynamiteModulesA.apk@classes.dex' for file location '/data/data/com.google.android.gms/app_chimera/m/00000009/DynamiteModulesA.apk': Failed to open oat filename for reading: No such file or directory
03-29 01:51:22.613: I/art(2202): DexFile_isDexOptNeeded failed to open oat file '/data/dalvik-cache/x86/data@data@com.google.android.gms@app_chimera@m@00000008@DynamiteLoader.apk@classes.dex' for file location '/data/data/com.google.android.gms/app_chimera/m/00000008/DynamiteLoader.apk': Failed to open oat filename for reading: No such file or directory
03-29 01:51:22.614: I/art(2202): DexFile_isDexOptNeeded failed to open oat file '/data/dalvik-cache/x86/data@data@com.google.android.gms@app_chimera@m@0000000b@DynamiteModulesC.apk@classes.dex' for file location '/data/data/com.google.android.gms/app_chimera/m/0000000b/DynamiteModulesC.apk': Failed to open oat filename for reading: No such file or directory
03-29 01:51:22.614: I/art(2202): DexFile_isDexOptNeeded failed to open oat file '/data/dalvik-cache/x86/data@data@com.google.android.gms@app_chimera@m@0000000d@MapsDynamite.apk@classes.dex' for file location '/data/data/com.google.android.gms/app_chimera/m/0000000d/MapsDynamite.apk': Failed to open oat filename for reading: No such file or directory
03-29 01:51:22.614: I/art(2202): DexFile_isDexOptNeeded failed to open oat file '/data/dalvik-cache/x86/data@data@com.google.android.gms@app_chimera@m@00000006@AdsDynamite.apk@classes.dex' for file location '/data/data/com.google.android.gms/app_chimera/m/00000006/AdsDynamite.apk': Failed to open oat filename for reading: No such file or directory
03-29 01:51:22.715: I/art(1971): Explicit concurrent mark sweep GC freed 17892(888KB) AllocSpace objects, 0(0B) LOS objects, 31% free, 35MB/51MB, paused 621us total 253.960ms
03-29 01:51:22.773: I/GCoreUlr(1971): WorldUpdater:com.google.gservices.intent.action.GSERVICES_CHANGED: Ensuring that reporting is stopped because of reasons: {account#-4#=[InactiveReason{mIdentifier=6, mName='ReportingNotEnabled'}, InactiveReason{mIdentifier=14, mName='HistoryNotEnabled'}]}
03-29 01:51:22.795: I/Vision(2202): Details: ocr_x86.zip, ff3dcfd5e3828224849fbeffe1ed2e71a7ad3400
03-29 01:51:22.796: I/Vision(2202): Engine already satisfied by existing download for ocr
03-29 01:51:22.797: E/NetworkScheduler(1971): Invalid component specified.
03-29 01:51:22.799: I/GCoreUlr(1971): Unbound from all signal providers.
03-29 01:51:22.807: E/NetworkScheduler(1971): Invalid component specified.
03-29 01:51:22.842: E/NetworkScheduler(1971): Invalid component specified.
03-29 01:51:22.844: I/GCoreUlr(1971): Unbound from all signal providers.
03-29 01:51:22.845: I/GCoreUlr(1971): Stopping handler for UlrDispSvcFast
03-29 01:51:22.865: I/GCoreUlr(1971): DispatchingService ignoring Intent { act=android.net.wifi.WIFI_STATE_CHANGED flg=0x4000010 (has extras) } because ULR inactive
03-29 01:51:22.891: I/ActivityManager(1690): Start proc com.google.android.gms.ui for service com.google.android.gms/.chimera.UiIntentOperationService: pid=5595 uid=10008 gids={50008, 9997, 2001, 3003, 1007, 3006, 1028, 1015, 3002, 3001, 1005, 3007} abi=x86
03-29 01:51:22.993: W/ResourcesManager(5595): Asset path '/system/framework/com.android.media.remotedisplay.jar' does not exist or contains no resources.
03-29 01:51:22.994: W/ResourcesManager(5595): Asset path '/system/framework/com.android.location.provider.jar' does not exist or contains no resources.
03-29 01:51:23.021: I/Remoter(1323): Saved screenshot to '/data/screenshots/__pmv__-0104.jpg'
03-29 01:51:23.091: I/MagicTether(1971): [HostValidator] InvalidHost. MobileData: true, Tethering: false, whitelist: false, ble: false
03-29 01:51:23.114: W/GmsApplication(5595): Failed to invoke the SupplierSetterRegistry.
03-29 01:51:23.249: V/NativeCrypto(5595): Registering com/google/android/gms/org/conscrypt/NativeCrypto's 287 native methods...
03-29 01:51:23.264: I/art(5595): Rejecting re-init on previously-failed class java.lang.Class<com.google.android.gms.org.conscrypt.Java7ExtendedSSLSession>
03-29 01:51:23.264: I/art(5595): Rejecting re-init on previously-failed class java.lang.Class<com.google.android.gms.org.conscrypt.Java7ExtendedSSLSession>
03-29 01:51:23.264: I/art(5595): Rejecting re-init on previously-failed class java.lang.Class<com.google.android.gms.org.conscrypt.Java8ExtendedSSLSession>
03-29 01:51:23.264: I/art(5595): Rejecting re-init on previously-failed class java.lang.Class<com.google.android.gms.org.conscrypt.Java8ExtendedSSLSession>
03-29 01:51:23.268: W/ChimeraUtils(1971): Non Chimera context
03-29 01:51:23.280: I/Auth(1971): [ReflectiveChannelBinder] Successfully bound channel!
03-29 01:51:23.286: W/ActivityThread(5595): ClassLoader.loadClass: The class loader returned by Thread.getContextClassLoader() may fail for processes that host multiple applications. You should explicitly specify a context class loader. For example: Thread.setContextClassLoader(getClass().getClassLoader());
