03-27 06:06:04.114: E/ExecutionCriteria(7156): Package unavailable for task: com.google.android.apps.gcs/.service.WfaStateTaskService{u=0 tag="WfaStateTask" trigger=window{period=518400s,flex=86400s,earliest=426840s,latest=513240s} requirements=[NET_ANY] attributes=[PERSISTED,RECURRING] scheduled=-5159s last_run=N/A jid=N/A status=PENDING retries=0 client_lib=MANCHEGO_GCM-11732000}
03-27 06:06:04.133: W/ModuleInitIntentOp(7163): Dropping unexpected action com.google.android.gms.phenotype.COMMITTED
03-27 06:06:04.161: W/ModuleInitIntentOp(7163): Dropping unexpected action com.google.android.gms.phenotype.COMMITTED
03-27 06:06:04.161: D/CAR.SETUP(7163): Received Car Phenotype committed intent.
03-27 06:06:04.174: E/ExecutionCriteria(7156): Package unavailable for task: com.google.android.videos/com.google.android.apps.play.movies.common.service.player.logging.QoePingService{u=0 tag="flush_qoe_logs" trigger=window{period=86400s,flex=86400s,earliest=-25292690s,latest=-25206290s} requirements=[NET_UNMETERED,CHARGING] attributes=[PERSISTED,RECURRING] scheduled=-25292690s last_run=N/A jid=N/A status=PENDING retries=0 client_lib=MANCHEGO_GCM-10400000}
03-27 06:06:04.176: I/TestSupport(7163): AwaitCommitOperation: uncommitted: FlagOverride(com.google.android.gms.auth_account, , Flag(auth_sig_override_sha1, '3fa1a173d4b3bb4444657c07366b8b76039f6de3', 4, 0), false)
03-27 06:06:04.176: I/TestSupport(7163): AwaitCommitOperation:  sleeping for 5120 msec.
03-27 06:06:04.179: E/ExecutionCriteria(7156): Package unavailable for task: com.google.android.videos/com.google.android.apps.play.movies.common.service.drm.RefreshLicenseTaskService{u=0 tag="refresh_license" trigger=window{period=172800s,flex=172800s,earliest=-25206290s,latest=-25033490s} requirements=[NET_CONNECTED] attributes=[PERSISTED,RECURRING] scheduled=-25206290s last_run=N/A jid=N/A status=PENDING retries=0 client_lib=MANCHEGO_GCM-10400000}
03-27 06:06:04.183: D/CAR.SETUP(7163): update DrivingMode components to false
03-27 06:06:04.196: W/ModuleInitIntentOp(7163): Dropping unexpected action com.google.android.gms.phenotype.COMMITTED
03-27 06:06:04.201: W/atfg(7156): Empty context buffer. Thus might mean that the context is not synced down.
03-27 06:06:04.201: W/atbf(7156): Empty context model while retrieving upload opt-in status!
03-27 06:06:04.206: E/ExecutionCriteria(7156): Package unavailable for task: com.google.android.videos/com.google.android.apps.play.movies.common.FlushLogsTaskService{u=0 tag="flush_logs" trigger=window{period=86400s,flex=57600s,earliest=23540s,latest=81140s} requirements=[NET_UNMETERED,CHARGING] attributes=[PERSISTED,RECURRING] scheduled=-5259s last_run=N/A jid=N/A status=PENDING retries=0 client_lib=MANCHEGO_GCM-10400000}
03-27 06:06:04.214: W/ModuleInitIntentOp(7163): Dropping unexpected action com.google.android.gms.phenotype.COMMITTED
03-27 06:06:04.216: E/ExecutionCriteria(7156): Package unavailable for task: com.google.android.apps.gcs/.service.WfaStateTaskService{u=0 tag="WfaStateTask" trigger=window{period=518400s,flex=86400s,earliest=426840s,latest=513240s} requirements=[NET_ANY] attributes=[PERSISTED,RECURRING] scheduled=-5159s last_run=N/A jid=N/A status=PENDING retries=0 client_lib=MANCHEGO_GCM-11732000}
03-27 06:06:04.227: W/Conscrypt(7156): Could not set socket write timeout: java.net.SocketException: Socket closed
03-27 06:06:04.227: W/Conscrypt(7156): 	at com.google.android.gms.org.conscrypt.Platform.setSocketWriteTimeout(:com.google.android.gms@15090019@15.0.90 (040400-231259764):2)
03-27 06:06:04.227: W/Conscrypt(7156): 	at com.google.android.gms.org.conscrypt.ConscryptFileDescriptorSocket.setSoWriteTimeout(:com.google.android.gms@15090019@15.0.90 (040400-231259764):2)
03-27 06:06:04.283: W/CryptauthV2(7163): [RegisterForKeyPairOperation] Failed to perform enrollment. StatusCode=INVALID_REQUEST_ERROR
03-27 06:06:04.283: W/CryptauthV2(7163): exe: bvbh: INVALID_ARGUMENT: Request contains an invalid argument.
03-27 06:06:04.283: W/CryptauthV2(7163): 	at exc.a(:com.google.android.gms@15090019@15.0.90 (040400-231259764):140)
03-27 06:06:04.283: W/CryptauthV2(7163): 	at exc.a(:com.google.android.gms@15090019@15.0.90 (040400-231259764):201)
03-27 06:06:04.283: W/CryptauthV2(7163): 	at ioj.a(:com.google.android.gms@15090019@15.0.90 (040400-231259764):35)
03-27 06:06:04.283: W/CryptauthV2(7163): 	at ioj.a(:com.google.android.gms@15090019@15.0.90 (040400-231259764):85)
03-27 06:06:04.283: W/CryptauthV2(7163): 	at iox.a(:com.google.android.gms@15090019@15.0.90 (040400-231259764):2)
03-27 06:06:04.283: W/CryptauthV2(7163): 	at yzz.run(:com.google.android.gms@15090019@15.0.90 (040400-231259764):27)
03-27 06:06:04.283: W/CryptauthV2(7163): 	at bgah.run(:com.google.android.gms@15090019@15.0.90 (040400-231259764):2)
03-27 06:06:04.283: W/CryptauthV2(7163): 	at rrm.run(:com.google.android.gms@15090019@15.0.90 (040400-231259764):21)
03-27 06:06:04.283: W/CryptauthV2(7163): 	at java.util.concurrent.ThreadPoolExecutor.runWorker(ThreadPoolExecutor.java:1162)
03-27 06:06:04.283: W/CryptauthV2(7163): 	at java.util.concurrent.ThreadPoolExecutor$Worker.run(ThreadPoolExecutor.java:636)
03-27 06:06:04.283: W/CryptauthV2(7163): 	at rxo.run(Unknown Source:7)
03-27 06:06:04.283: W/CryptauthV2(7163): 	at java.lang.Thread.run(Thread.java:764)
03-27 06:06:04.283: W/CryptauthV2(7163): Caused by: bvbh: INVALID_ARGUMENT: Request contains an invalid argument.
03-27 06:06:04.283: W/CryptauthV2(7163): 	at bvrb.a(:com.google.android.gms@15090019@15.0.90 (040400-231259764):33)
03-27 06:06:04.283: W/CryptauthV2(7163): 	at bvrb.a(:com.google.android.gms@15090019@15.0.90 (040400-231259764):12)
03-27 06:06:04.283: W/CryptauthV2(7163): 	at ioi.a(:com.google.android.gms@15090019@15.0.90 (040400-231259764):20)
03-27 06:06:04.283: W/CryptauthV2(7163): 	at exc.a(:com.google.android.gms@15090019@15.0.90 (040400-231259764):123)
03-27 06:06:04.283: W/CryptauthV2(7163): 	... 11 more
03-27 06:06:04.285: I/CryptauthV2(7163): [EnrollKeyName] ClientName calling Cryptauth is AuthzenAccountRegistration
03-27 06:06:04.352: W/ModuleInitIntentOp(7163): Dropping unexpected action com.google.android.gms.phenotype.COMMITTED
03-27 06:06:04.376: E/ProximityAuth(7156): [SetFeatureSupported] Unable to setFeatureSupported (OperationException)
03-27 06:06:04.376: E/ProximityAuth(7156): OperationException[Status{statusCode=Failed to enroll for new feature, resolution=null}]
03-27 06:06:04.376: E/ProximityAuth(7156): 	at jjb.a(:com.google.android.gms@15090019@15.0.90 (040400-231259764):43)
03-27 06:06:04.376: E/ProximityAuth(7156): 	at jjb.a(:com.google.android.gms@15090019@15.0.90 (040400-231259764):4)
03-27 06:06:04.376: E/ProximityAuth(7156): 	at com.google.android.gms.auth.proximity.BetterTogetherFeatureSupportIntentOperation.a(:com.google.android.gms@15090019@15.0.90 (040400-231259764):4)
03-27 06:06:04.376: E/ProximityAuth(7156): 	at com.google.android.gms.auth.proximity.BetterTogetherFeatureSupportIntentOperation.onHandleIntent(:com.google.android.gms@15090019@15.0.90 (040400-231259764):9)
03-27 06:06:04.376: E/ProximityAuth(7156): 	at com.google.android.chimera.IntentOperation.onHandleIntent(:com.google.android.gms@15090019@15.0.90 (040400-231259764):2)
03-27 06:06:04.376: E/ProximityAuth(7156): 	at pop.onHandleIntent(:com.google.android.gms@15090019@15.0.90 (040400-231259764):4)
03-27 06:06:04.376: E/ProximityAuth(7156): 	at dwv.run(:com.google.android.gms@15090019@15.0.90 (040400-231259764):12)
03-27 06:06:04.376: E/ProximityAuth(7156): 	at dws.run(:com.google.android.gms@15090019@15.0.90 (040400-231259764):9)
03-27 06:06:04.376: E/ProximityAuth(7156): 	at java.util.concurrent.ThreadPoolExecutor.runWorker(ThreadPoolExecutor.java:1162)
03-27 06:06:04.376: E/ProximityAuth(7156): 	at java.util.concurrent.ThreadPoolExecutor$Worker.run(ThreadPoolExecutor.java:636)
03-27 06:06:04.376: E/ProximityAuth(7156): 	at java.lang.Thread.run(Thread.java:764)
03-27 06:06:04.376: E/ProximityAuth(7156): [BetterTogetherFeatureSupportIntentOperation] Failed to setFeatureSupported for [BETTER_TOGETHER_HOST] with status [Status{statusCode=Failed to enroll for new feature, resolution=null}].
03-27 06:06:04.460: I/ActivityManager(918): Start proc 13193:com.google.android.gms.feedback/u0a20 for service com.google.android.gms/.feedback.FeedbackAsyncService
03-27 06:06:04.476: W/Conscrypt(7156): Could not set socket write timeout: java.net.SocketException: Socket closed
03-27 06:06:04.477: W/Conscrypt(7156): 	at com.google.android.gms.org.conscrypt.Platform.setSocketWriteTimeout(:com.google.android.gms@15090019@15.0.90 (040400-231259764):2)
03-27 06:06:04.477: W/Conscrypt(7156): 	at com.google.android.gms.org.conscrypt.ConscryptFileDescriptorSocket.setSoWriteTimeout(:com.google.android.gms@15090019@15.0.90 (040400-231259764):2)
03-27 06:06:04.483: W/CryptauthV2(7163): [EnrollmentSpecialCases] No authzen symmetric key found
03-27 06:06:04.483: W/CryptauthV2(7163): inz: No key for keyName=authzen found.
03-27 06:06:04.483: W/CryptauthV2(7163): 	at img.a(:com.google.android.gms@15090019@15.0.90 (040400-231259764):75)
03-27 06:06:04.483: W/CryptauthV2(7163): 	at iol.a(:com.google.android.gms@15090019@15.0.90 (040400-231259764):3)
03-27 06:06:04.483: W/CryptauthV2(7163): 	at ioj.a(:com.google.android.gms@15090019@15.0.90 (040400-231259764):27)
03-27 06:06:04.483: W/CryptauthV2(7163): 	at ioj.a(:com.google.android.gms@15090019@15.0.90 (040400-231259764):85)
03-27 06:06:04.483: W/CryptauthV2(7163): 	at iox.a(:com.google.android.gms@15090019@15.0.90 (040400-231259764):2)
03-27 06:06:04.483: W/CryptauthV2(7163): 	at yzz.run(:com.google.android.gms@15090019@15.0.90 (040400-231259764):27)
03-27 06:06:04.483: W/CryptauthV2(7163): 	at bgah.run(:com.google.android.gms@15090019@15.0.90 (040400-231259764):2)
03-27 06:06:04.483: W/CryptauthV2(7163): 	at rrm.run(:com.google.android.gms@15090019@15.0.90 (040400-231259764):21)
03-27 06:06:04.483: W/CryptauthV2(7163): 	at java.util.concurrent.ThreadPoolExecutor.runWorker(ThreadPoolExecutor.java:1162)
03-27 06:06:04.483: W/CryptauthV2(7163): 	at java.util.concurrent.ThreadPoolExecutor$Worker.run(ThreadPoolExecutor.java:636)
03-27 06:06:04.483: W/CryptauthV2(7163): 	at rxo.run(Unknown Source:7)
03-27 06:06:04.483: W/CryptauthV2(7163): 	at java.lang.Thread.run(Thread.java:764)
03-27 06:06:04.505: W/CryptauthV2(7163): [ClientDataOperation] No keyMetadata found for keyName=PublicKey
03-27 06:06:04.523: W/CryptauthV2(7163): [ClientDataOperation] No keyMetadata found for keyName=authzen
03-27 06:06:04.524: I/CryptauthV2(7163): [EnrollCryptauthFramework] Performing SyncKeysRequest with 2 keys.
03-27 06:06:04.541: I/zygote64(7156): Background concurrent copying GC freed 183403(10MB) AllocSpace objects, 13(228KB) LOS objects, 50% free, 8MB/16MB, paused 267us total 254.199ms
03-27 06:06:04.562: I/OcrModelUpStIntentOp(7163): Updating ocr activity enabled=true (phenotypeFlag=true, lowRamDevice=false, prereqCheck=true)
03-27 06:06:04.589: W/DynamiteModule(13193): Local module descriptor class for providerinstaller not found.
03-27 06:06:04.595: W/ProviderHelper(13193): Unknown dynamite feature providerinstaller
03-27 06:06:04.595: I/DynamiteModule(13193): Considering local module providerinstaller:0 and remote module providerinstaller:0
03-27 06:06:04.595: W/ProviderInstaller(13193): Failed to load providerinstaller module: No acceptable module found. Local version is 0 and remote version is 0.
03-27 06:06:04.600: V/NativeCrypto(13193): Registering com/google/android/gms/org/conscrypt/NativeCrypto's 287 native methods...
03-27 06:06:04.614: D/NetworkSecurityConfig(13193): Using Network Security Config from resource network_security_config debugBuild: false
03-27 06:06:04.616: I/ProviderInstaller(13193): Installed default security provider GmsCore_OpenSSL
03-27 06:06:04.619: I/FixerFramework(13193): Checking safeboot...
03-27 06:06:04.620: I/FixerFramework(13193): Not entering safeboot; wrong process.
03-27 06:06:04.636: E/ExecutionCriteria(7156): Package unavailable for task: com.google.android.videos/com.google.android.apps.play.movies.common.service.player.logging.QoePingService{u=0 tag="flush_qoe_logs" trigger=window{period=86400s,flex=86400s,earliest=-25292691s,latest=-25206291s} requirements=[NET_UNMETERED,CHARGING] attributes=[PERSISTED,RECURRING] scheduled=-25292691s last_run=N/A jid=N/A status=PENDING retries=0 client_lib=MANCHEGO_GCM-10400000}
03-27 06:06:04.636: E/ExecutionCriteria(7156): Package unavailable for task: com.google.android.videos/com.google.android.apps.play.movies.common.service.drm.RefreshLicenseTaskService{u=0 tag="refresh_license" trigger=window{period=172800s,flex=172800s,earliest=-25206291s,latest=-25033491s} requirements=[NET_CONNECTED] attributes=[PERSISTED,RECURRING] scheduled=-25206291s last_run=N/A jid=N/A status=PENDING retries=0 client_lib=MANCHEGO_GCM-10400000}
03-27 06:06:04.651: E/ExecutionCriteria(7156): Package unavailable for task: com.google.android.videos/com.google.android.apps.play.movies.common.FlushLogsTaskService{u=0 tag="flush_logs" trigger=window{period=86400s,flex=57600s,earliest=23540s,latest=81140s} requirements=[NET_UNMETERED,CHARGING] attributes=[PERSISTED,RECURRING] scheduled=-5259s last_run=N/A jid=N/A status=PENDING retries=0 client_lib=MANCHEGO_GCM-10400000}
03-27 06:06:04.667: E/ExecutionCriteria(7156): Package unavailable for task: com.google.android.apps.gcs/.service.WfaStateTaskService{u=0 tag="WfaStateTask" trigger=window{period=518400s,flex=86400s,earliest=426840s,latest=513240s} requirements=[NET_ANY] attributes=[PERSISTED,RECURRING] scheduled=-5159s last_run=N/A jid=N/A status=PENDING retries=0 client_lib=MANCHEGO_GCM-11732000}
03-27 06:06:04.684: W/NativeLibraryUtils(13193): Failed to open lock file
03-27 06:06:04.684: W/NativeLibraryUtils(13193): java.io.FileNotFoundException: /data/user_de/0/com.google.android.gms/cache/.lib.lock: open failed: EACCES (Permission denied)
03-27 06:06:04.684: W/NativeLibraryUtils(13193): 	at libcore.io.IoBridge.open(IoBridge.java:512)
03-27 06:06:04.684: W/NativeLibraryUtils(13193): 	at java.io.RandomAccessFile.<init>(RandomAccessFile.java:255)
03-27 06:06:04.684: W/NativeLibraryUtils(13193): 	at rvt.d(:com.google.android.gms@15090019@15.0.90 (040400-231259764):5)
03-27 06:06:04.684: W/NativeLibraryUtils(13193): 	at qrl.run(Unknown Source:2)
03-27 06:06:04.684: W/NativeLibraryUtils(13193): Caused by: android.system.ErrnoException: open failed: EACCES (Permission denied)
03-27 06:06:04.684: W/NativeLibraryUtils(13193): 	at libcore.io.Linux.open(Native Method)
03-27 06:06:04.684: W/NativeLibraryUtils(13193): 	at libcore.io.BlockGuardOs.open(BlockGuardOs.java:207)
03-27 06:06:04.684: W/NativeLibraryUtils(13193): 	at libcore.io.IoBridge.open(IoBridge.java:498)
03-27 06:06:04.684: W/NativeLibraryUtils(13193): 	... 3 more
03-27 06:06:04.710: W/Primes(13193): Primes not initialized, returning default (no-op) Primes instance which will ignore all calls. Please call Primes.initialize(...) before using any Primes API.
03-27 06:06:04.730: I/CryptauthV2(7163): [EnrollKeyName] ClientName calling Cryptauth is AuthzenAccountRegistration
03-27 06:06:04.781: I/PTCommittedOperation(7156): Receive new configuration for com.google.android.metrics
03-27 06:06:04.783: I/PTCommittedOperation(7156): Receive new configuration for com.google.android.gms.walletp2p#config
03-27 06:06:04.787: I/PTCommittedOperation(7156): Receive new configuration for com.google.android.gms.matchstick
03-27 06:06:04.796: I/OcrModelUpStIntentOp(7163): Downloading text recognizer
03-27 06:06:04.803: I/PTCommittedOperation(7156): Receive new configuration for com.google.android.gms.instantapps
03-27 06:06:04.804: W/ModuleInitIntentOp(7163): Dropping unexpected action com.google.android.gms.phenotype.COMMITTED
03-27 06:06:04.813: I/PTCommittedOperation(7156): Receive new configuration for com.google.android.gms.clearcut.public
03-27 06:06:04.816: W/ModuleInitIntentOp(7163): Dropping unexpected action com.google.android.gms.phenotype.COMMITTED
03-27 06:06:04.822: I/PTCommittedOperation(7156): Receive new configuration for com.google.android.gms.fitness
03-27 06:06:04.835: I/PTCommittedOperation(7156): Receive new configuration for com.google.android.gms.contextmanager
03-27 06:06:04.873: I/PTCommittedOperation(7156): Receive new configuration for com.google.android.gms.auth_api_early_update
03-27 06:06:04.883: I/PTCommittedOperation(7156): Receive new configuration for com.google.android.gms.auth_managed
03-27 06:06:04.889: I/PTCommittedOperation(7156): Receive new configuration for alt.com.google.android.gms
03-27 06:06:04.895: I/PTCommittedOperation(7156): Receive new configuration for com.google.android.gms.measurement
03-27 06:06:04.901: I/PTCommittedOperation(7156): Receive new configuration for com.google.android.gms.common.download
03-27 06:06:04.906: I/PTCommittedOperation(7156): Receive new configuration for com.google.android.gms.vision.sdk
03-27 06:06:04.922: W/ModuleInitIntentOp(7163): Dropping unexpected action com.google.android.gms.phenotype.COMMITTED
03-27 06:06:04.927: I/Vision(7163): Details: ocr_arm64_v8a.zip, eef0f328b471a7ddd7197ba013d6462194ac8566
03-27 06:06:04.928: I/Vision(7163): Engine already satisfied by existing download for ocr
03-27 06:06:04.955: I/PTCommittedOperation(7156): Receive new configuration for com.google.android.gms.security
03-27 06:06:04.957: I/PTCommittedOperation(7156): Receive new configuration for com.google.android.gms.locationsharing
03-27 06:06:04.965: I/PTCommittedOperation(7156): Receive new configuration for com.google.android.gms.panorama
03-27 06:06:04.969: I/PTCommittedOperation(7156): Receive new configuration for com.google.android.gms.octarine
03-27 06:06:04.973: I/PTCommittedOperation(7156): Receive new configuration for com.google.android.gms.googlehelp
03-27 06:06:04.976: I/PTCommittedOperation(7156): Receive new configuration for com.google.android.gms.chromesync
03-27 06:06:04.979: I/PTCommittedOperation(7156): Receive new configuration for com.google.android.gms.autofill
03-27 06:06:04.981: I/PTCommittedOperation(7156): Receive new configuration for com.google.android.gms.cast
03-27 06:06:04.984: I/PTCommittedOperation(7156): Receive new configuration for com.google.android.gms.fido
03-27 06:06:04.986: I/PTCommittedOperation(7156): Receive new configuration for com.google.android.gms.gass
03-27 06:06:04.991: W/ModuleInitIntentOp(7163): Dropping unexpected action com.google.android.gms.phenotype.COMMITTED
03-27 06:06:05.017: I/PTCommittedOperation(7156): Receive new configuration for com.google.android.gms.mobile_data_plan
03-27 06:06:05.023: W/ModuleInitIntentOp(7163): Dropping unexpected action com.google.android.gms.phenotype.COMMITTED
03-27 06:06:05.031: I/PTCommittedOperation(7156): Receive new configuration for com.google.android.gms.auth.easyunlock
03-27 06:06:05.041: W/ModuleInitIntentOp(7163): Dropping unexpected action com.google.android.gms.phenotype.COMMITTED
03-27 06:06:05.050: I/ActivityManager(918): Killing 12149:com.google.android.apps.auth.test.support/u0a119 (adj 906): empty #17
03-27 06:06:05.065: W/ModuleInitIntentOp(7163): Dropping unexpected action com.google.android.gms.phenotype.COMMITTED
03-27 06:06:05.067: D/DownloadManager(12313): [60] Finished with status SUCCESS
03-27 06:06:05.069: W/CryptauthV2(7163): [EnrollmentSpecialCases] No authzen symmetric key found
03-27 06:06:05.069: W/CryptauthV2(7163): inz: No key for keyName=authzen found.
03-27 06:06:05.069: W/CryptauthV2(7163): 	at img.a(:com.google.android.gms@15090019@15.0.90 (040400-231259764):75)
03-27 06:06:05.069: W/CryptauthV2(7163): 	at iol.a(:com.google.android.gms@15090019@15.0.90 (040400-231259764):3)
03-27 06:06:05.069: W/CryptauthV2(7163): 	at ioj.a(:com.google.android.gms@15090019@15.0.90 (040400-231259764):27)
03-27 06:06:05.069: W/CryptauthV2(7163): 	at ioj.a(:com.google.android.gms@15090019@15.0.90 (040400-231259764):85)
03-27 06:06:05.069: W/CryptauthV2(7163): 	at iox.a(:com.google.android.gms@15090019@15.0.90 (040400-231259764):2)
03-27 06:06:05.069: W/CryptauthV2(7163): 	at yzz.run(:com.google.android.gms@15090019@15.0.90 (040400-231259764):27)
03-27 06:06:05.069: W/CryptauthV2(7163): 	at bgah.run(:com.google.android.gms@15090019@15.0.90 (040400-231259764):2)
03-27 06:06:05.069: W/CryptauthV2(7163): 	at rrm.run(:com.google.android.gms@15090019@15.0.90 (040400-231259764):21)
03-27 06:06:05.069: W/CryptauthV2(7163): 	at java.util.concurrent.ThreadPoolExecutor.runWorker(ThreadPoolExecutor.java:1162)
03-27 06:06:05.069: W/CryptauthV2(7163): 	at java.util.concurrent.ThreadPoolExecutor$Worker.run(ThreadPoolExecutor.java:636)
03-27 06:06:05.069: W/CryptauthV2(7163): 	at rxo.run(Unknown Source:7)
03-27 06:06:05.069: W/CryptauthV2(7163): 	at java.lang.Thread.run(Thread.java:764)
03-27 06:06:05.087: W/ModuleInitIntentOp(7163): Dropping unexpected action com.google.android.gms.phenotype.COMMITTED
03-27 06:06:05.096: W/CryptauthV2(7163): [ClientDataOperation] No keyMetadata found for keyName=PublicKey
03-27 06:06:05.101: W/ModuleInitIntentOp(7163): Dropping unexpected action com.google.android.gms.phenotype.COMMITTED
03-27 06:06:05.104: I/PTCommittedOperation(7156): Receive new configuration for com.google.android.gms.contactinteractions
03-27 06:06:05.112: W/ModuleInitIntentOp(7163): Dropping unexpected action com.google.android.gms.phenotype.COMMITTED
03-27 06:06:05.121: W/ModuleInitIntentOp(7163): Dropping unexpected action com.google.android.gms.phenotype.COMMITTED
03-27 06:06:05.127: W/CryptauthV2(7163): [ClientDataOperation] No keyMetadata found for keyName=authzen
03-27 06:06:05.127: I/CryptauthV2(7163): [EnrollCryptauthFramework] Performing SyncKeysRequest with 2 keys.
03-27 06:06:05.207: W/ModuleInitIntentOp(7163): Dropping unexpected action com.google.android.gms.phenotype.COMMITTED
03-27 06:06:05.227: W/ModuleInitIntentOp(7163): Dropping unexpected action com.google.android.gms.phenotype.COMMITTED
03-27 06:06:05.246: I/PTCommittedOperation(7156): Receive new configuration for com.google.android.gms.checkin
03-27 06:06:05.256: W/ModuleInitIntentOp(7163): Dropping unexpected action com.google.android.gms.phenotype.COMMITTED
03-27 06:06:05.287: E/ProximityAuth(7156): [BetterTogetherFeatureSupportIntentOperation] Failed to setFeatureSupported for [SMS_CONNECT_HOST] with status [Status{statusCode=unknown status code: -25504, resolution=null}].
03-27 06:06:05.288: W/ModuleInitIntentOp(7163): Dropping unexpected action com.google.android.gms.phenotype.COMMITTED
03-27 06:06:05.333: W/ModuleInitIntentOp(7163): Dropping unexpected action com.google.android.gms.phenotype.COMMITTED
03-27 06:06:05.349: I/PTCommittedOperation(7156): Receive new configuration for com.google.android.gms.telephonyspam
03-27 06:06:05.358: E/ExecutionCriteria(7156): Package unavailable for task: com.google.android.videos/com.google.android.apps.play.movies.common.service.player.logging.QoePingService{u=0 tag="flush_qoe_logs" trigger=window{period=86400s,flex=86400s,earliest=-25292692s,latest=-25206292s} requirements=[NET_UNMETERED,CHARGING] attributes=[PERSISTED,RECURRING] scheduled=-25292692s last_run=N/A jid=N/A status=PENDING retries=0 client_lib=MANCHEGO_GCM-10400000}
03-27 06:06:05.358: E/ExecutionCriteria(7156): Package unavailable for task: com.google.android.videos/com.google.android.apps.play.movies.common.service.drm.RefreshLicenseTaskService{u=0 tag="refresh_license" trigger=window{period=172800s,flex=172800s,earliest=-25206292s,latest=-25033492s} requirements=[NET_CONNECTED] attributes=[PERSISTED,RECURRING] scheduled=-25206292s last_run=N/A jid=N/A status=PENDING retries=0 client_lib=MANCHEGO_GCM-10400000}
03-27 06:06:05.374: W/ModuleInitIntentOp(7163): Dropping unexpected action com.google.android.gms.phenotype.COMMITTED
03-27 06:06:05.390: E/ExecutionCriteria(7156): Package unavailable for task: com.google.android.videos/com.google.android.apps.play.movies.common.FlushLogsTaskService{u=0 tag="flush_logs" trigger=window{period=86400s,flex=57600s,earliest=23539s,latest=81139s} requirements=[NET_UNMETERED,CHARGING] attributes=[PERSISTED,RECURRING] scheduled=-5260s last_run=N/A jid=N/A status=PENDING retries=0 client_lib=MANCHEGO_GCM-10400000}
03-27 06:06:05.394: E/ExecutionCriteria(7156): Package unavailable for task: com.google.android.apps.gcs/.service.WfaStateTaskService{u=0 tag="WfaStateTask" trigger=window{period=518400s,flex=86400s,earliest=426839s,latest=513239s} requirements=[NET_ANY] attributes=[PERSISTED,RECURRING] scheduled=-5160s last_run=N/A jid=N/A status=PENDING retries=0 client_lib=MANCHEGO_GCM-11732000}
03-27 06:06:05.396: I/zygote64(7163): IncrementDisableThreadFlip blocked for 21.466ms
03-27 06:06:05.401: W/ModuleInitIntentOp(7163): Dropping unexpected action com.google.android.gms.phenotype.COMMITTED
03-27 06:06:05.430: W/ModuleInitIntentOp(7163): Dropping unexpected action com.google.android.gms.phenotype.COMMITTED
03-27 06:06:05.449: I/CryptauthV2(7163): [EnrollKeyName] ClientName calling Cryptauth is AuthzenAccountRegistration
03-27 06:06:05.456: W/ModuleInitIntentOp(7163): Dropping unexpected action com.google.android.gms.phenotype.COMMITTED
03-27 06:06:05.463: I/ActivityManager(918): Killing 12396:com.android.chrome/u0a70 (adj 906): empty #17
03-27 06:06:05.478: W/ModuleInitIntentOp(7163): Dropping unexpected action com.google.android.gms.phenotype.COMMITTED
03-27 06:06:05.486: W/ModuleInitIntentOp(7163): Dropping unexpected action com.google.android.gms.phenotype.COMMITTED
03-27 06:06:05.496: W/ModuleInitIntentOp(7163): Dropping unexpected action com.google.android.gms.phenotype.COMMITTED
03-27 06:06:05.510: W/ModuleInitIntentOp(7163): Dropping unexpected action com.google.android.gms.phenotype.COMMITTED
03-27 06:06:05.532: W/Conscrypt(13193): Could not set socket write timeout: java.net.SocketException: Socket closed
03-27 06:06:05.536: I/PTCommittedOperation(7156): Receive new configuration for com.google.android.gms.reachability
03-27 06:06:05.539: W/Conscrypt(13193): 	at com.google.android.gms.org.conscrypt.Platform.setSocketWriteTimeout(:com.google.android.gms@15090019@15.0.90 (040400-231259764):2)
03-27 06:06:05.539: W/Conscrypt(13193): 	at com.google.android.gms.org.conscrypt.ConscryptFileDescriptorSocket.setSoWriteTimeout(:com.google.android.gms@15090019@15.0.90 (040400-231259764):2)
03-27 06:06:05.554: W/ModuleInitIntentOp(7163): Dropping unexpected action com.google.android.gms.phenotype.COMMITTED
03-27 06:06:05.580: W/ModuleInitIntentOp(7163): Dropping unexpected action com.google.android.gms.phenotype.COMMITTED
03-27 06:06:05.614: W/ModuleInitIntentOp(7163): Dropping unexpected action com.google.android.gms.phenotype.COMMITTED
03-27 06:06:05.626: W/ModuleInitIntentOp(7163): Dropping unexpected action com.google.android.gms.phenotype.COMMITTED
03-27 06:06:05.632: W/CryptauthV2(7163): [EnrollmentSpecialCases] No authzen symmetric key found
03-27 06:06:05.632: W/CryptauthV2(7163): inz: No key for keyName=authzen found.
03-27 06:06:05.632: W/CryptauthV2(7163): 	at img.a(:com.google.android.gms@15090019@15.0.90 (040400-231259764):75)
03-27 06:06:05.632: W/CryptauthV2(7163): 	at iol.a(:com.google.android.gms@15090019@15.0.90 (040400-231259764):3)
03-27 06:06:05.632: W/CryptauthV2(7163): 	at ioj.a(:com.google.android.gms@15090019@15.0.90 (040400-231259764):27)
03-27 06:06:05.632: W/CryptauthV2(7163): 	at ioj.a(:com.google.android.gms@15090019@15.0.90 (040400-231259764):85)
03-27 06:06:05.632: W/CryptauthV2(7163): 	at iox.a(:com.google.android.gms@15090019@15.0.90 (040400-231259764):2)
03-27 06:06:05.632: W/CryptauthV2(7163): 	at yzz.run(:com.google.android.gms@15090019@15.0.90 (040400-231259764):27)
03-27 06:06:05.632: W/CryptauthV2(7163): 	at bgah.run(:com.google.android.gms@15090019@15.0.90 (040400-231259764):2)
03-27 06:06:05.632: W/CryptauthV2(7163): 	at rrm.run(:com.google.android.gms@15090019@15.0.90 (040400-231259764):21)
03-27 06:06:05.632: W/CryptauthV2(7163): 	at java.util.concurrent.ThreadPoolExecutor.runWorker(ThreadPoolExecutor.java:1162)
03-27 06:06:05.632: W/CryptauthV2(7163): 	at java.util.concurrent.ThreadPoolExecutor$Worker.run(ThreadPoolExecutor.java:636)
03-27 06:06:05.632: W/CryptauthV2(7163): 	at rxo.run(Unknown Source:7)
03-27 06:06:05.632: W/CryptauthV2(7163): 	at java.lang.Thread.run(Thread.java:764)
03-27 06:06:05.632: I/zygote64(7163): Background concurrent copying GC freed 156547(7MB) AllocSpace objects, 23(460KB) LOS objects, 49% free, 10MB/21MB, paused 22.785ms total 250.405ms
03-27 06:06:05.649: W/ModuleInitIntentOp(7163): Dropping unexpected action com.google.android.gms.phenotype.COMMITTED
03-27 06:06:05.655: I/PTCommittedOperation(7156): Receive new configuration for com.google.android.gms.audit
03-27 06:06:05.684: W/ModuleInitIntentOp(7163): Dropping unexpected action com.google.android.gms.phenotype.COMMITTED
03-27 06:06:05.688: W/CryptauthV2(7163): [ClientDataOperation] No keyMetadata found for keyName=PublicKey
03-27 06:06:05.704: W/Conscrypt(13193): Could not set socket write timeout: java.net.SocketException: Socket closed
03-27 06:06:05.705: W/Conscrypt(13193): 	at com.google.android.gms.org.conscrypt.Platform.setSocketWriteTimeout(:com.google.android.gms@15090019@15.0.90 (040400-231259764):2)
03-27 06:06:05.705: W/Conscrypt(13193): 	at com.google.android.gms.org.conscrypt.ConscryptFileDescriptorSocket.setSoWriteTimeout(:com.google.android.gms@15090019@15.0.90 (040400-231259764):2)
03-27 06:06:05.723: W/ModuleInitIntentOp(7163): Dropping unexpected action com.google.android.gms.phenotype.COMMITTED
03-27 06:06:05.733: W/CryptauthV2(7163): [ClientDataOperation] No keyMetadata found for keyName=authzen
03-27 06:06:05.733: I/CryptauthV2(7163): [EnrollCryptauthFramework] Performing SyncKeysRequest with 2 keys.
03-27 06:06:05.743: W/ModuleInitIntentOp(7163): Dropping unexpected action com.google.android.gms.phenotype.COMMITTED
03-27 06:06:05.761: W/ModuleInitIntentOp(7163): Dropping unexpected action com.google.android.gms.phenotype.COMMITTED
03-27 06:06:05.766: E/ExecutionCriteria(7156): Package unavailable for task: com.google.android.videos/com.google.android.apps.play.movies.common.service.player.logging.QoePingService{u=0 tag="flush_qoe_logs" trigger=window{period=86400s,flex=86400s,earliest=-25292692s,latest=-25206292s} requirements=[NET_UNMETERED,CHARGING] attributes=[PERSISTED,RECURRING] scheduled=-25292692s last_run=N/A jid=N/A status=PENDING retries=0 client_lib=MANCHEGO_GCM-10400000}
03-27 06:06:05.767: E/ExecutionCriteria(7156): Package unavailable for task: com.google.android.videos/com.google.android.apps.play.movies.common.service.drm.RefreshLicenseTaskService{u=0 tag="refresh_license" trigger=window{period=172800s,flex=172800s,earliest=-25206292s,latest=-25033492s} requirements=[NET_CONNECTED] attributes=[PERSISTED,RECURRING] scheduled=-25206292s last_run=N/A jid=N/A status=PENDING retries=0 client_lib=MANCHEGO_GCM-10400000}
03-27 06:06:05.770: W/gF_HttpHelper(13193): sending report status: 204
03-27 06:06:05.775: I/ActivityManager(918): Killing 12662:com.google.android.youtube/u0a109 (adj 906): empty #17
03-27 06:06:05.784: I/PTCommittedOperation(7156): Receive new configuration for com.google.android.gms.drive
03-27 06:06:05.796: W/ModuleInitIntentOp(7163): Dropping unexpected action com.google.android.gms.phenotype.COMMITTED
03-27 06:06:05.815: E/ExecutionCriteria(7156): Package unavailable for task: com.google.android.videos/com.google.android.apps.play.movies.common.FlushLogsTaskService{u=0 tag="flush_logs" trigger=window{period=86400s,flex=57600s,earliest=23539s,latest=81139s} requirements=[NET_UNMETERED,CHARGING] attributes=[PERSISTED,RECURRING] scheduled=-5260s last_run=N/A jid=N/A status=PENDING retries=0 client_lib=MANCHEGO_GCM-10400000}
03-27 06:06:05.823: W/ModuleInitIntentOp(7163): Dropping unexpected action com.google.android.gms.phenotype.COMMITTED
03-27 06:06:05.833: D/ConnectivityService(918): ConnectivityService NetworkRequestInfo binderDied(NetworkRequest [ LISTEN id=23, [ Capabilities: INTERNET&NOT_RESTRICTED&TRUSTED&FOREGROUND] ], android.os.BinderProxy@c6ba8e7)
03-27 06:06:05.834: E/ConnectivityService(918): RemoteException caught trying to send a callback msg for NetworkRequest [ LISTEN id=23, [ Capabilities: INTERNET&NOT_RESTRICTED&TRUSTED&FOREGROUND] ]
03-27 06:06:05.846: E/ExecutionCriteria(7156): Package unavailable for task: com.google.android.apps.gcs/.service.WfaStateTaskService{u=0 tag="WfaStateTask" trigger=window{period=518400s,flex=86400s,earliest=426838s,latest=513238s} requirements=[NET_ANY] attributes=[PERSISTED,RECURRING] scheduled=-5161s last_run=N/A jid=N/A status=PENDING retries=0 client_lib=MANCHEGO_GCM-11732000}
03-27 06:06:05.857: W/ModuleInitIntentOp(7163): Dropping unexpected action com.google.android.gms.phenotype.COMMITTED
03-27 06:06:05.875: W/ModuleInitIntentOp(7163): Dropping unexpected action com.google.android.gms.phenotype.COMMITTED
03-27 06:06:05.883: E/ExecutionCriteria(7156): Package unavailable for task: com.google.android.videos/com.google.android.apps.play.movies.common.service.player.logging.QoePingService{u=0 tag="flush_qoe_logs" trigger=window{period=86400s,flex=86400s,earliest=-25292692s,latest=-25206292s} requirements=[NET_UNMETERED,CHARGING] attributes=[PERSISTED,RECURRING] scheduled=-25292692s last_run=N/A jid=N/A status=PENDING retries=0 client_lib=MANCHEGO_GCM-10400000}
03-27 06:06:05.884: E/ExecutionCriteria(7156): Package unavailable for task: com.google.android.videos/com.google.android.apps.play.movies.common.service.drm.RefreshLicenseTaskService{u=0 tag="refresh_license" trigger=window{period=172800s,flex=172800s,earliest=-25206292s,latest=-25033492s} requirements=[NET_CONNECTED] attributes=[PERSISTED,RECURRING] scheduled=-25206292s last_run=N/A jid=N/A status=PENDING retries=0 client_lib=MANCHEGO_GCM-10400000}
03-27 06:06:05.888: E/ExecutionCriteria(7156): Package unavailable for task: com.google.android.videos/com.google.android.apps.play.movies.common.FlushLogsTaskService{u=0 tag="flush_logs" trigger=window{period=86400s,flex=57600s,earliest=23539s,latest=81139s} requirements=[NET_UNMETERED,CHARGING] attributes=[PERSISTED,RECURRING] scheduled=-5260s last_run=N/A jid=N/A status=PENDING retries=0 client_lib=MANCHEGO_GCM-10400000}
03-27 06:06:05.890: W/ModuleInitIntentOp(7163): Dropping unexpected action com.google.android.gms.phenotype.COMMITTED
03-27 06:06:05.894: E/ExecutionCriteria(7156): Package unavailable for task: com.google.android.apps.gcs/.service.WfaStateTaskService{u=0 tag="WfaStateTask" trigger=window{period=518400s,flex=86400s,earliest=426838s,latest=513238s} requirements=[NET_ANY] attributes=[PERSISTED,RECURRING] scheduled=-5161s last_run=N/A jid=N/A status=PENDING retries=0 client_lib=MANCHEGO_GCM-11732000}
03-27 06:06:05.901: I/zygote64(7163): Background concurrent copying GC freed 28227(1322KB) AllocSpace objects, 0(0B) LOS objects, 50% free, 10MB/20MB, paused 192us total 210.582ms
03-27 06:06:05.917: I/PTCommittedOperation(7156): Receive new configuration for com.google.android.gms.fonts
03-27 06:06:05.932: W/ModuleInitIntentOp(7163): Dropping unexpected action com.google.android.gms.phenotype.COMMITTED
03-27 06:06:05.980: E/ExecutionCriteria(7156): Package unavailable for task: com.google.android.videos/com.google.android.apps.play.movies.common.service.player.logging.QoePingService{u=0 tag="flush_qoe_logs" trigger=window{period=86400s,flex=86400s,earliest=-25292692s,latest=-25206292s} requirements=[NET_UNMETERED,CHARGING] attributes=[PERSISTED,RECURRING] scheduled=-25292692s last_run=N/A jid=N/A status=PENDING retries=0 client_lib=MANCHEGO_GCM-10400000}
03-27 06:06:05.980: E/ExecutionCriteria(7156): Package unavailable for task: com.google.android.videos/com.google.android.apps.play.movies.common.service.drm.RefreshLicenseTaskService{u=0 tag="refresh_license" trigger=window{period=172800s,flex=172800s,earliest=-25206292s,latest=-25033492s} requirements=[NET_CONNECTED] attributes=[PERSISTED,RECURRING] scheduled=-25206292s last_run=N/A jid=N/A status=PENDING retries=0 client_lib=MANCHEGO_GCM-10400000}
03-27 06:06:05.985: E/ExecutionCriteria(7156): Package unavailable for task: com.google.android.videos/com.google.android.apps.play.movies.common.FlushLogsTaskService{u=0 tag="flush_logs" trigger=window{period=86400s,flex=57600s,earliest=23539s,latest=81139s} requirements=[NET_UNMETERED,CHARGING] attributes=[PERSISTED,RECURRING] scheduled=-5260s last_run=N/A jid=N/A status=PENDING retries=0 client_lib=MANCHEGO_GCM-10400000}
03-27 06:06:05.991: E/ExecutionCriteria(7156): Package unavailable for task: com.google.android.apps.gcs/.service.WfaStateTaskService{u=0 tag="WfaStateTask" trigger=window{period=518400s,flex=86400s,earliest=426838s,latest=513238s} requirements=[NET_ANY] attributes=[PERSISTED,RECURRING] scheduled=-5161s last_run=N/A jid=N/A status=PENDING retries=0 client_lib=MANCHEGO_GCM-11732000}
03-27 06:06:05.991: W/ModuleInitIntentOp(7163): Dropping unexpected action com.google.android.gms.phenotype.COMMITTED
03-27 06:06:05.993: I/TelephonySpam(7163): SettingsChangedIntentOp - telephonyspam phenotype flag changed
03-27 06:06:05.993: I/TelephonySpam(7163): SpamListSync - schedulePeriodicTask
03-27 06:06:06.024: I/PTCommittedOperation(7156): Receive new configuration for com.google.android.gms.icing
03-27 06:06:06.029: W/ModuleInitIntentOp(7163): Dropping unexpected action com.google.android.gms.phenotype.COMMITTED
03-27 06:06:06.043: W/ModuleInitIntentOp(7163): Dropping unexpected action com.google.android.gms.phenotype.COMMITTED
03-27 06:06:06.055: W/ModuleInitIntentOp(7163): Dropping unexpected action com.google.android.gms.phenotype.COMMITTED
03-27 06:06:06.066: W/ModuleInitIntentOp(7163): Dropping unexpected action com.google.android.gms.phenotype.COMMITTED
03-27 06:06:06.076: W/ModuleInitIntentOp(7163): Dropping unexpected action com.google.android.gms.phenotype.COMMITTED
03-27 06:06:06.099: I/PTCommittedOperation(7156): Receive new configuration for com.google.android.gms.droidguard
03-27 06:06:06.111: I/MobileDataHub(7163): Scheduling periodic tasks
03-27 06:06:06.116: W/ModuleInitIntentOp(7163): Dropping unexpected action com.google.android.gms.phenotype.COMMITTED
03-27 06:06:06.127: W/MobileDataHub(7163): [Service] appsupload-periodic periodic task disabled
03-27 06:06:06.179: W/ModuleInitIntentOp(7163): Dropping unexpected action com.google.android.gms.phenotype.COMMITTED
03-27 06:06:06.188: I/PTCommittedOperation(7156): Receive new configuration for com.google.android.gms.auth.api.credentials
03-27 06:06:06.227: I/zygote64(7156): Background concurrent copying GC freed 153522(8MB) AllocSpace objects, 22(552KB) LOS objects, 49% free, 8MB/16MB, paused 596us total 108.749ms
03-27 06:06:06.251: W/ModuleInitIntentOp(7163): Dropping unexpected action com.google.android.gms.phenotype.COMMITTED
03-27 06:06:06.255: I/PTCommittedOperation(7156): Receive new configuration for com.google.android.gms.smartdevice
03-27 06:06:06.323: W/ModuleInitIntentOp(7163): Dropping unexpected action com.google.android.gms.phenotype.COMMITTED
03-27 06:06:06.333: I/PTCommittedOperation(7156): Receive new configuration for com.google.android.gms.icing.mdd
03-27 06:06:06.421: I/PTCommittedOperation(7156): Receive new configuration for com.google.android.gms
03-27 06:06:06.421: I/PTCommittedOperation(7156): Running Fixer Framework for com.google.android.gms
03-27 06:06:06.429: E/MDD(7163): FileGroupManager: Trying to add group brella_av9_com_google_android_settings_intelligence for uninstalled app com.google.android.settings.intelligence.
03-27 06:06:06.430: E/MDD(7163): MDDManager class afcc
03-27 06:06:06.446: E/MDD(7163): FileGroupManager: Trying to add group brella_av9_com_google_android_apps_miphone_brella_trainfood for uninstalled app com.google.android.apps.miphone.brella.trainfood.
03-27 06:06:06.446: E/MDD(7163): MDDManager class afcc
03-27 06:06:06.474: E/MDD(7163): FileGroupManager: Trying to add group reveal.barcode for uninstalled app com.google.android.apps.accessibility.reveal.
03-27 06:06:06.474: E/MDD(7163): MDDManager class afcc
03-27 06:06:06.487: I/zygote64(918): Background concurrent copying GC freed 59338(2MB) AllocSpace objects, 0(0B) LOS objects, 42% free, 14MB/24MB, paused 405us total 122.104ms
03-27 06:06:06.492: I/zygote64(7163): Deoptimizing void asan.a(asal) due to JIT inline cache
03-27 06:06:06.497: W/ModuleInitIntentOp(7163): Dropping unexpected action com.google.android.gms.phenotype.COMMITTED
03-27 06:06:06.560: W/ModuleInitIntentOp(7163): Dropping unexpected action com.google.android.gms.phenotype.COMMITTED
03-27 06:06:06.568: I/PTCommittedOperation(7156): Receive new configuration for com.google.android.gms.learning.platformservices.sharing
03-27 06:06:06.611: W/ModuleInitIntentOp(7163): Dropping unexpected action com.google.android.gms.phenotype.COMMITTED
03-27 06:06:06.620: I/PTCommittedOperation(7156): Receive new configuration for com.google.android.gms.learning
03-27 06:06:06.647: W/ModuleInitIntentOp(7163): Dropping unexpected action com.google.android.gms.phenotype.COMMITTED
03-27 06:06:06.662: I/PTCommittedOperation(7156): Receive new configuration for com.google.android.gms.auth_account
03-27 06:06:06.687: W/ModuleInitIntentOp(7163): Dropping unexpected action com.google.android.gms.phenotype.COMMITTED
03-27 06:06:06.695: I/PTCommittedOperation(7156): Receive new configuration for com.google.android.gms.auth_account
03-27 06:06:09.316: I/TestSupport(7163): AwaitCommitOperation: FlagOverride(com.google.android.gms.auth_account, , Flag(auth_sig_override_sha1, '3fa1a173d4b3bb4444657c07366b8b76039f6de3', 4, 0), true) committed
03-27 06:06:09.316: I/TestSupport(7163): AwaitCommitOperation: no more uncommitted overrides
03-27 06:06:09.414: I/TestSupport(7163): AwaitCommitOperation: *
03-27 06:06:09.435: I/TestSupport(7163): AwaitCommitOperation: FlagOverride(com.google.android.gms.auth_account, , Flag(auth_sig_override_enabled, true, 2, 0), true) committed
03-27 06:06:09.436: I/TestSupport(7163): AwaitCommitOperation: FlagOverride(com.google.android.gms.auth_account, , Flag(auth_sig_override_sha1, '3fa1a173d4b3bb4444657c07366b8b76039f6de3', 4, 0), true) committed
03-27 06:06:09.436: I/TestSupport(7163): AwaitCommitOperation: FlagOverride(com.google.android.gms.auth_account, , Flag(auth_sig_override_target_uid, 10132, 1, 0), true) committed
03-27 06:06:09.436: I/TestSupport(7163): AwaitCommitOperation: no more uncommitted overrides
03-27 06:06:09.513: I/TSDRIVER(11828): Handled command: PACKAGE
03-27 06:06:09.517: I/ActivityManager(918): Killing 11828:com.google.android.gmscore.testing.testsupport/u0a131 (adj 906): empty #17
03-27 06:06:09.709: D/AndroidRuntime(13233): >>>>>> START com.android.internal.os.RuntimeInit uid 2000 <<<<<<
03-27 06:06:09.834: D/AndroidRuntime(13233): Calling main entry com.android.commands.am.Am
03-27 06:06:09.840: I/ActivityManager(918): Force stopping com.google.android.apps.mtaas.tools appid=10116 user=0: start instr
03-27 06:06:09.885: I/ActivityManager(918): Start proc 13242:com.google.android.apps.mtaas.tools/u0a116 for added application com.google.android.apps.mtaas.tools
03-27 06:06:10.008: D/DumpStaticPerfEnv(13242): Instrumentation completed successfully
03-27 06:06:10.012: I/ActivityManager(918): Force stopping com.google.android.apps.mtaas.tools appid=10116 user=0: finished inst
03-27 06:06:10.014: I/ActivityManager(918): Killing 13242:com.google.android.apps.mtaas.tools/u0a116 (adj 0): stop com.google.android.apps.mtaas.tools
03-27 06:06:10.020: W/Binder(918): Outgoing transactions from this process must be FLAG_ONEWAY
03-27 06:06:10.020: W/Binder(918): java.lang.Throwable
03-27 06:06:10.020: W/Binder(918): 	at android.os.BinderProxy.transact(Binder.java:736)
03-27 06:06:10.020: W/Binder(918): 	at android.app.IInstrumentationWatcher$Stub$Proxy.instrumentationFinished(IInstrumentationWatcher.java:160)
03-27 06:06:10.020: W/Binder(918): 	at com.android.server.am.InstrumentationReporter$MyThread.run(InstrumentationReporter.java:86)
03-27 06:06:10.046: D/AndroidRuntime(13233): Shutting down VM
03-27 06:06:10.099: I/ActivityManager(918): Failure reporting to instrumentation watcher: comp=ComponentInfo{com.google.android.apps.mtaas.tools/com.google.android.apps.mtaas.tools.instrumentations.DumpStaticPerfEnv} results=Bundle[mParcelledData.dataSize=860]
03-27 06:06:10.499: D/AndroidRuntime(13263): >>>>>> START com.android.internal.os.RuntimeInit uid 2000 <<<<<<
03-27 06:06:10.635: D/AndroidRuntime(13263): Calling main entry com.android.commands.am.Am
03-27 06:06:10.641: I/ActivityManager(918): Force stopping com.google.android.apps.mtaas.tools appid=10116 user=0: start instr
03-27 06:06:10.654: I/ActivityManager(918): Start proc 13273:com.google.android.apps.mtaas.tools/u0a116 for added application com.google.android.apps.mtaas.tools
03-27 06:06:10.702: D/GetPackageUid(13273): Instrumentation completed successfully
03-27 06:06:10.703: I/ActivityManager(918): Force stopping com.google.android.apps.mtaas.tools appid=10116 user=0: finished inst
03-27 06:06:10.703: W/Binder(918): Outgoing transactions from this process must be FLAG_ONEWAY
03-27 06:06:10.703: W/Binder(918): java.lang.Throwable
03-27 06:06:10.703: W/Binder(918): 	at android.os.BinderProxy.transact(Binder.java:736)
03-27 06:06:10.703: W/Binder(918): 	at android.app.IInstrumentationWatcher$Stub$Proxy.instrumentationFinished(IInstrumentationWatcher.java:160)
03-27 06:06:10.703: W/Binder(918): 	at com.android.server.am.InstrumentationReporter$MyThread.run(InstrumentationReporter.java:86)
03-27 06:06:10.703: I/ActivityManager(918): Killing 13273:com.google.android.apps.mtaas.tools/u0a116 (adj 0): stop com.google.android.apps.mtaas.tools
03-27 06:06:10.712: D/AndroidRuntime(13263): Shutting down VM
03-27 06:06:10.750: I/ActivityManager(918): Failure reporting to instrumentation watcher: comp=ComponentInfo{com.google.android.apps.mtaas.tools/com.google.android.apps.mtaas.tools.instrumentations.GetPackageUid} results=Bundle[mParcelledData.dataSize=164]
03-27 06:06:11.819: I/ActivityManager(918): Killing 11742:com.verizon.vzwavs/u0a52 (adj 906): empty #17
03-27 06:06:12.177: I/BgTaskExecutorImpl(7114): Starting EXCLUSIVE background task fetch_opt_in_statuses.
03-27 06:06:12.202: W/SearchServiceCore(7114): Abort, client detached.
03-27 06:06:12.323: W/atfg(7156): Empty context buffer. Thus might mean that the context is not synced down.
03-27 06:06:12.395: I/BgTaskExecutorImpl(7114): Starting EXCLUSIVE background task now_update_gcm_registration.
03-27 06:06:12.407: W/SearchServiceCore(7114): Abort, client detached.
03-27 06:06:12.429: W/OptInChecker(7114): Missing cached UDC setting for NOW_CARDS
03-27 06:06:12.654: W/OptInChecker(7114): Missing cached UDC setting for NOW_CARDS
03-27 06:06:12.654: W/OptInChecker(7114): Missing cached UDC setting for NOW_NOTIFICATIONS
03-27 06:06:12.654: W/OptInChecker(7114): Missing cached UDC setting for CHROME_HISTORY_SYNC
03-27 06:06:13.118: I/ActivityManager(918): Killing 12555:com.android.providers.calendar/u0a6 (adj 906): empty #17
03-27 06:06:15.310: I/ActivityManager(918): Killing 7452:com.google.android.gms.ui/u0a20 (adj 906): empty #17
03-27 06:06:15.310: I/ActivityManager(918): Killing 12450:com.google.android.configupdater/u0a10 (adj 906): empty #18
03-27 06:06:15.324: I/OMXClient(13363): Treble IOmx obtained
03-27 06:06:15.325: I/OMXMaster(683): makeComponentInstance(OMX.qcom.video.encoder.avc) in omx@1.0-service process
03-27 06:06:15.329: I/OMX-VENC(683): Video encode perflock acquired,handle=32
03-27 06:06:15.344: I/OMX-VENC(683): Component_init : OMX.qcom.video.encoder.avc : return = 0x0
03-27 06:06:15.348: E/OMX-VENC(683): set_parameter: metamode is valid for input port only
03-27 06:06:15.348: W/OMXNodeInstance(683): [0xf2877804:qcom.encoder.avc] component does not support metadata mode; using fallback
03-27 06:06:15.349: W/OMXUtils(13363): do not know color format 0x7fa30c06 = 2141391878
03-27 06:06:15.349: W/OMXUtils(13363): do not know color format 0x7fa30c04 = 2141391876
03-27 06:06:15.349: W/OMXUtils(13363): do not know color format 0x7fa30c08 = 2141391880
03-27 06:06:15.349: W/OMXUtils(13363): do not know color format 0x7fa30c07 = 2141391879
03-27 06:06:15.350: W/OMXUtils(13363): do not know color format 0x7f000789 = 2130708361
03-27 06:06:15.352: E/OMX-VENC(683): ERROR: Unsupported H.264 level= 0
03-27 06:06:15.358: E/OMX-VENC(683): ERROR: Unsupported H.264 level= 0
03-27 06:06:15.360: I/ACodec(13363): setupAVCEncoderParameters with [profile: Baseline] [level: Level1]
03-27 06:06:15.360: I/OMX-VENC(683): Updating Bframes from 0 to 0
03-27 06:06:15.361: I/ACodec(13363): [OMX.qcom.video.encoder.avc] cannot encode HDR static metadata. Ignoring.
03-27 06:06:15.361: I/ACodec(13363): setupVideoEncoder succeeded
03-27 06:06:15.363: W/OMXUtils(13363): do not know color format 0x7f000789 = 2130708361
03-27 06:06:15.363: E/OMX-VENC(683): ERROR: unsupported index 1870659589
03-27 06:06:15.363: E/OMXNodeInstance(683): getConfig(0xf2877804:qcom.encoder.avc, ConfigLatency(0x6f800005)) ERROR: UnsupportedIndex(0x8000101a)
03-27 06:06:15.374: E/OMX-VENC(683): Does not handle dataspace request
03-27 06:06:15.374: E/OMXNodeInstance(683): getConfig(0xf2877804:qcom.encoder.avc, ??(0x7f00005e)) ERROR: UnsupportedSetting(0x80001019)
03-27 06:06:15.376: E/OMXNodeInstance(683): getParameter(0xf2877804:qcom.encoder.avc, ParamConsumerUsageBits(0x6f800004)) ERROR: UnsupportedIndex(0x8000101a)
03-27 06:06:15.377: D/GraphicBufferSource(683): setting dataspace: 0x104, acquired=0
03-27 06:06:15.378: E/OMXNodeInstance(683): getParameter(0xf2877804:qcom.encoder.avc, ParamConsumerUsageBits(0x6f800004)) ERROR: UnsupportedIndex(0x8000101a)
03-27 06:06:15.378: D/GraphicBufferSource(683): requesting color aspects (R:2(Limited), P:1(BT709_5), M:1(BT709_5), T:3(SMPTE170M))
03-27 06:06:15.382: W//system/bin/hw/android.hidl.allocator@1.0-service(625): ashmem_create_region(8) returning hidl_memory(0x7f0562c330, 8)
