03-27 06:05:35.754: D/CAR.SETUP(7163): Received GService flag change intent.
03-27 06:05:35.755: D/CAR.SETUP(7163): update DrivingMode components to false
03-27 06:05:35.757: W/DynamiteModule(7163): Local module descriptor class for providerinstaller not found.
03-27 06:05:35.757: I/ChromeSync(7163): [Sync,SyncIntentOperation] Handling the intent: Intent { act=com.google.gservices.intent.action.GSERVICES_CHANGED flg=0x1000010 cmp=com.google.android.gms/.chimera.GmsIntentOperationService$PersistentInternalReceiver }.
03-27 06:05:35.757: I/DynamiteModule(7163): Considering local module providerinstaller:0 and remote module providerinstaller:0
03-27 06:05:35.758: I/TestSupport(7163): AwaitCommitOperation: SaveStrategy__enableSaving
03-27 06:05:35.759: W/ProviderInstaller(7163): Failed to load providerinstaller module: No acceptable module found. Local version is 0 and remote version is 0.
03-27 06:05:35.764: I/GeofencerStateMachine(7156): sendQueryLocationOptIn
03-27 06:05:35.768: I/GeofencerStateMachine(7156): sendQueryLocationOptIn
03-27 06:05:35.777: W/DynamiteModule(7163): Local module descriptor class for providerinstaller not found.
03-27 06:05:35.777: I/DynamiteModule(7163): Considering local module providerinstaller:0 and remote module providerinstaller:0
03-27 06:05:35.778: W/ProviderInstaller(7163): Failed to load providerinstaller module: No acceptable module found. Local version is 0 and remote version is 0.
03-27 06:05:35.786: I/GeofencerStateMachine(7156): sendQueryLocationOptIn
03-27 06:05:35.802: W/DynamiteModule(7163): Local module descriptor class for providerinstaller not found.
03-27 06:05:35.802: I/DynamiteModule(7163): Considering local module providerinstaller:0 and remote module providerinstaller:0
03-27 06:05:35.803: W/ProviderInstaller(7163): Failed to load providerinstaller module: No acceptable module found. Local version is 0 and remote version is 0.
03-27 06:05:35.812: I/TestSupport(7163): AwaitCommitOperation: uncommitted: FlagOverride(com.google.android.gms.auth.api.credentials, , Flag(SaveStrategy__enableSaving, false, 2, 0), false)
03-27 06:05:35.812: I/TestSupport(7163): AwaitCommitOperation:  sleeping for 10 msec.
03-27 06:05:35.815: I/GCoreUlr(7156): Successfully sent flags updated to controllers.
03-27 06:05:35.819: W/DynamiteModule(7163): Local module descriptor class for providerinstaller not found.
03-27 06:05:35.821: I/DynamiteModule(7163): Considering local module providerinstaller:0 and remote module providerinstaller:0
03-27 06:05:35.821: W/ProviderInstaller(7163): Failed to load providerinstaller module: No acceptable module found. Local version is 0 and remote version is 0.
03-27 06:05:35.847: E/ExecutionCriteria(7156): Package unavailable for task: com.google.android.videos/com.google.android.apps.play.movies.common.service.player.logging.QoePingService{u=0 tag="flush_qoe_logs" trigger=window{period=86400s,flex=86400s,earliest=-25292662s,latest=-25206262s} requirements=[NET_UNMETERED,CHARGING] attributes=[PERSISTED,RECURRING] scheduled=-25292662s last_run=N/A jid=N/A status=PENDING retries=0 client_lib=MANCHEGO_GCM-10400000}
03-27 06:05:35.847: E/ExecutionCriteria(7156): Package unavailable for task: com.google.android.videos/com.google.android.apps.play.movies.common.service.drm.RefreshLicenseTaskService{u=0 tag="refresh_license" trigger=window{period=172800s,flex=172800s,earliest=-25206262s,latest=-25033462s} requirements=[NET_CONNECTED] attributes=[PERSISTED,RECURRING] scheduled=-25206262s last_run=N/A jid=N/A status=PENDING retries=0 client_lib=MANCHEGO_GCM-10400000}
03-27 06:05:35.857: W/DynamiteModule(7163): Local module descriptor class for providerinstaller not found.
03-27 06:05:35.857: I/DynamiteModule(7163): Considering local module providerinstaller:0 and remote module providerinstaller:0
03-27 06:05:35.857: W/ProviderInstaller(7163): Failed to load providerinstaller module: No acceptable module found. Local version is 0 and remote version is 0.
03-27 06:05:35.877: W/DynamiteModule(7163): Local module descriptor class for providerinstaller not found.
03-27 06:05:35.877: I/DynamiteModule(7163): Considering local module providerinstaller:0 and remote module providerinstaller:0
03-27 06:05:35.877: W/ProviderInstaller(7163): Failed to load providerinstaller module: No acceptable module found. Local version is 0 and remote version is 0.
03-27 06:05:35.880: I/MobileDataHub(7163): Scheduling periodic tasks
03-27 06:05:35.888: W/DynamiteModule(7163): Local module descriptor class for providerinstaller not found.
03-27 06:05:35.888: I/DynamiteModule(7163): Considering local module providerinstaller:0 and remote module providerinstaller:0
03-27 06:05:35.888: W/ProviderInstaller(7163): Failed to load providerinstaller module: No acceptable module found. Local version is 0 and remote version is 0.
03-27 06:05:35.889: E/ExecutionCriteria(7156): Package unavailable for task: com.google.android.videos/com.google.android.apps.play.movies.common.FlushLogsTaskService{u=0 tag="flush_logs" trigger=window{period=86400s,flex=57600s,earliest=23569s,latest=81169s} requirements=[NET_UNMETERED,CHARGING] attributes=[PERSISTED,RECURRING] scheduled=-5230s last_run=N/A jid=N/A status=PENDING retries=0 client_lib=MANCHEGO_GCM-10400000}
03-27 06:05:35.893: E/ExecutionCriteria(7156): Package unavailable for task: com.google.android.apps.gcs/.service.WfaStateTaskService{u=0 tag="WfaStateTask" trigger=window{period=518400s,flex=86400s,earliest=426868s,latest=513268s} requirements=[NET_ANY] attributes=[PERSISTED,RECURRING] scheduled=-5131s last_run=N/A jid=N/A status=PENDING retries=0 client_lib=MANCHEGO_GCM-11732000}
03-27 06:05:35.913: I/TestSupport(7163): AwaitCommitOperation: FlagOverride(com.google.android.gms.auth.api.credentials, , Flag(SaveStrategy__enableSaving, false, 2, 0), true) committed
03-27 06:05:35.914: I/TestSupport(7163): AwaitCommitOperation: no more uncommitted overrides
03-27 06:05:35.926: W/ModuleInitIntentOp(7163): Dropping unexpected action com.google.android.gms.phenotype.COMMITTED
03-27 06:05:35.950: I/PTCommittedOperation(7156): Receive new configuration for com.google.android.gms.auth.api.credentials
03-27 06:05:35.963: W/MobileDataHub(7163): [Service] appsupload-periodic periodic task disabled
03-27 06:05:35.971: W/DynamiteModule(7163): Local module descriptor class for providerinstaller not found.
03-27 06:05:35.971: I/DynamiteModule(7163): Considering local module providerinstaller:0 and remote module providerinstaller:0
03-27 06:05:35.971: W/ProviderInstaller(7163): Failed to load providerinstaller module: No acceptable module found. Local version is 0 and remote version is 0.
03-27 06:05:35.981: I/GCoreUlr(7156): WorldUpdater:com.google.gservices.intent.action.GSERVICES_CHANGED: Ensuring that reporting is stopped because of reasons: (no Google accounts)
03-27 06:05:35.987: E/ExecutionCriteria(7156): Package unavailable for task: com.google.android.videos/com.google.android.apps.play.movies.common.service.player.logging.QoePingService{u=0 tag="flush_qoe_logs" trigger=window{period=86400s,flex=86400s,earliest=-25292662s,latest=-25206262s} requirements=[NET_UNMETERED,CHARGING] attributes=[PERSISTED,RECURRING] scheduled=-25292662s last_run=N/A jid=N/A status=PENDING retries=0 client_lib=MANCHEGO_GCM-10400000}
03-27 06:05:35.990: E/ExecutionCriteria(7156): Package unavailable for task: com.google.android.videos/com.google.android.apps.play.movies.common.service.drm.RefreshLicenseTaskService{u=0 tag="refresh_license" trigger=window{period=172800s,flex=172800s,earliest=-25206262s,latest=-25033462s} requirements=[NET_CONNECTED] attributes=[PERSISTED,RECURRING] scheduled=-25206262s last_run=N/A jid=N/A status=PENDING retries=0 client_lib=MANCHEGO_GCM-10400000}
03-27 06:05:36.000: I/TestSupport(7163): AwaitCommitOperation: *
03-27 06:05:36.006: I/GCoreUlr(7156): Unbound from all signal providers.
03-27 06:05:36.010: I/GCoreUlr(7156): Successfully accounts update
03-27 06:05:36.012: I/MS_Utils(7163): version of com.google.android.apps.maps = 978102040
03-27 06:05:36.013: E/ExecutionCriteria(7156): Package unavailable for task: com.google.android.videos/com.google.android.apps.play.movies.common.FlushLogsTaskService{u=0 tag="flush_logs" trigger=window{period=86400s,flex=57600s,earliest=23569s,latest=81169s} requirements=[NET_UNMETERED,CHARGING] attributes=[PERSISTED,RECURRING] scheduled=-5230s last_run=N/A jid=N/A status=PENDING retries=0 client_lib=MANCHEGO_GCM-10400000}
03-27 06:05:36.017: I/TestSupport(7163): AwaitCommitOperation: no more uncommitted overrides
03-27 06:05:36.029: W/DynamiteModule(7163): Local module descriptor class for providerinstaller not found.
03-27 06:05:36.030: I/DynamiteModule(7163): Considering local module providerinstaller:0 and remote module providerinstaller:0
03-27 06:05:36.030: W/ProviderInstaller(7163): Failed to load providerinstaller module: No acceptable module found. Local version is 0 and remote version is 0.
03-27 06:05:36.050: I/GCoreUlr(7156): DispatchingService ignoring Intent { act=android.net.wifi.WIFI_STATE_CHANGED flg=0x4000010 (has extras) } because ULR inactive
03-27 06:05:36.054: I/GCoreUlr(7156): Unbound from all signal providers.
03-27 06:05:36.054: I/GCoreUlr(7156): Stopping handler for UlrDispSvcFast
03-27 06:05:36.055: I/GCoreUlr(7156): Successfully accounts update
03-27 06:05:36.057: E/ExecutionCriteria(7156): Package unavailable for task: com.google.android.apps.gcs/.service.WfaStateTaskService{u=0 tag="WfaStateTask" trigger=window{period=518400s,flex=86400s,earliest=426868s,latest=513268s} requirements=[NET_ANY] attributes=[PERSISTED,RECURRING] scheduled=-5131s last_run=N/A jid=N/A status=PENDING retries=0 client_lib=MANCHEGO_GCM-11732000}
03-27 06:05:36.061: W/DynamiteModule(7163): Local module descriptor class for providerinstaller not found.
03-27 06:05:36.061: I/DynamiteModule(7163): Considering local module providerinstaller:0 and remote module providerinstaller:0
03-27 06:05:36.062: W/ProviderInstaller(7163): Failed to load providerinstaller module: No acceptable module found. Local version is 0 and remote version is 0.
03-27 06:05:36.094: I/TSDRIVER(11828): Handled command: PACKAGE
03-27 06:05:36.095: I/TSDRIVER(11828): CommandService onHandleIntent()
03-27 06:05:36.095: I/TSDRIVER(11828): Got command: PACKAGE
03-27 06:05:36.095: I/TSDRIVER(11828): flag package: Eh9jb20uZ29vZ2xlLmFuZHJvaWQuZ21zLmF1dG9maWxsGhQKEGF1dG9maWxsX2VuYWJsZWQYAA
03-27 06:05:36.096: I/TSDRIVER(11828): flag package: com.google.android.gms.autofill
03-27 06:05:36.105: I/TestSupport(7163): SetFlagOverridesOperation: com.google.android.gms.autofill, '', [Flag(autofill_enabled, false, 2, 0)]
03-27 06:05:36.187: I/SystemUpdate(7163): [Installation,ReceiverIntentOperation] Received intent: Intent { act=com.google.gservices.intent.action.GSERVICES_CHANGED flg=0x1000010 cmp=com.google.android.gms/.chimera.GmsIntentOperationService$PersistentInternalReceiver }.
03-27 06:05:36.196: I/OcrModelUpStIntentOp(7163): Updating ocr activity enabled=true (phenotypeFlag=true, lowRamDevice=false, prereqCheck=true)
03-27 06:05:36.232: I/zygote64(7163): Background concurrent copying GC freed 37287(2MB) AllocSpace objects, 24(1224KB) LOS objects, 50% free, 10MB/21MB, paused 428us total 399.414ms
03-27 06:05:36.233: I/SystemUpdate(7163): [Execution,InstallationEventIntentOperation] Handling event of type 2.
03-27 06:05:36.241: I/SystemUpdate(7163): [Execution,InstallationIntentOperation] Received intent: Intent { act=com.google.android.gms.update.INSTALL_UPDATE cat=[targeted_intent_op_prefix:.update.execution.InstallationIntentOperation] cmp=com.google.android.gms/.chimera.GmsIntentOperationService }.
03-27 06:05:36.249: I/TestSupport(7163): AwaitCommitOperation: autofill_enabled
03-27 06:05:36.267: W/DynamiteModule(7163): Local module descriptor class for providerinstaller not found.
03-27 06:05:36.268: I/DynamiteModule(7163): Considering local module providerinstaller:0 and remote module providerinstaller:0
03-27 06:05:36.268: W/ProviderInstaller(7163): Failed to load providerinstaller module: No acceptable module found. Local version is 0 and remote version is 0.
03-27 06:05:36.278: D/AndroidRuntime(11987): >>>>>> START com.android.internal.os.RuntimeInit uid 2000 <<<<<<
03-27 06:05:36.295: I/TestSupport(7163): AwaitCommitOperation: FlagOverride(com.google.android.gms.autofill, , Flag(autofill_enabled, false, 2, 0), true) committed
03-27 06:05:36.295: I/TestSupport(7163): AwaitCommitOperation: no more uncommitted overrides
03-27 06:05:36.296: W/DynamiteModule(7163): Local module descriptor class for providerinstaller not found.
03-27 06:05:36.296: I/DynamiteModule(7163): Considering local module providerinstaller:0 and remote module providerinstaller:0
03-27 06:05:36.296: W/ProviderInstaller(7163): Failed to load providerinstaller module: No acceptable module found. Local version is 0 and remote version is 0.
03-27 06:05:36.322: I/PTCommittedOperation(7156): Receive new configuration for com.google.android.gms.autofill
03-27 06:05:36.330: E/ExecutionCriteria(7156): Package unavailable for task: com.google.android.videos/com.google.android.apps.play.movies.common.service.player.logging.QoePingService{u=0 tag="flush_qoe_logs" trigger=window{period=86400s,flex=86400s,earliest=-25292663s,latest=-25206263s} requirements=[NET_UNMETERED,CHARGING] attributes=[PERSISTED,RECURRING] scheduled=-25292663s last_run=N/A jid=N/A status=PENDING retries=0 client_lib=MANCHEGO_GCM-10400000}
03-27 06:05:36.332: E/ExecutionCriteria(7156): Package unavailable for task: com.google.android.videos/com.google.android.apps.play.movies.common.service.drm.RefreshLicenseTaskService{u=0 tag="refresh_license" trigger=window{period=172800s,flex=172800s,earliest=-25206263s,latest=-25033463s} requirements=[NET_CONNECTED] attributes=[PERSISTED,RECURRING] scheduled=-25206263s last_run=N/A jid=N/A status=PENDING retries=0 client_lib=MANCHEGO_GCM-10400000}
03-27 06:05:36.335: W/DynamiteModule(7163): Local module descriptor class for providerinstaller not found.
03-27 06:05:36.335: I/DynamiteModule(7163): Considering local module providerinstaller:0 and remote module providerinstaller:0
03-27 06:05:36.335: W/ProviderInstaller(7163): Failed to load providerinstaller module: No acceptable module found. Local version is 0 and remote version is 0.
03-27 06:05:36.350: W/DynamiteModule(7163): Local module descriptor class for providerinstaller not found.
03-27 06:05:36.355: E/ExecutionCriteria(7156): Package unavailable for task: com.google.android.videos/com.google.android.apps.play.movies.common.FlushLogsTaskService{u=0 tag="flush_logs" trigger=window{period=86400s,flex=57600s,earliest=23568s,latest=81168s} requirements=[NET_UNMETERED,CHARGING] attributes=[PERSISTED,RECURRING] scheduled=-5231s last_run=N/A jid=N/A status=PENDING retries=0 client_lib=MANCHEGO_GCM-10400000}
03-27 06:05:36.355: I/DynamiteModule(7163): Considering local module providerinstaller:0 and remote module providerinstaller:0
03-27 06:05:36.356: W/ProviderInstaller(7163): Failed to load providerinstaller module: No acceptable module found. Local version is 0 and remote version is 0.
03-27 06:05:36.359: I/SystemUpdate(7163): [Control,InstallationControl] Installation progress updated to (0x70B, -1.000).
03-27 06:05:36.369: W/DynamiteModule(7163): Local module descriptor class for providerinstaller not found.
03-27 06:05:36.369: E/ExecutionCriteria(7156): Package unavailable for task: com.google.android.apps.gcs/.service.WfaStateTaskService{u=0 tag="WfaStateTask" trigger=window{period=518400s,flex=86400s,earliest=426868s,latest=513268s} requirements=[NET_ANY] attributes=[PERSISTED,RECURRING] scheduled=-5131s last_run=N/A jid=N/A status=PENDING retries=0 client_lib=MANCHEGO_GCM-11732000}
03-27 06:05:36.370: I/DynamiteModule(7163): Considering local module providerinstaller:0 and remote module providerinstaller:0
03-27 06:05:36.370: W/ProviderInstaller(7163): Failed to load providerinstaller module: No acceptable module found. Local version is 0 and remote version is 0.
03-27 06:05:36.377: I/TestSupport(7163): AwaitCommitOperation: *
03-27 06:05:36.383: W/DynamiteModule(7163): Local module descriptor class for providerinstaller not found.
03-27 06:05:36.383: I/DynamiteModule(7163): Considering local module providerinstaller:0 and remote module providerinstaller:0
03-27 06:05:36.384: W/ProviderInstaller(7163): Failed to load providerinstaller module: No acceptable module found. Local version is 0 and remote version is 0.
03-27 06:05:36.385: I/TestSupport(7163): AwaitCommitOperation: FlagOverride(com.google.android.gms.autofill, , Flag(autofill_enabled, false, 2, 0), true) committed
03-27 06:05:36.385: I/TestSupport(7163): AwaitCommitOperation: no more uncommitted overrides
03-27 06:05:36.394: D/AndroidRuntime(11987): Calling main entry com.android.commands.pm.Pm
03-27 06:05:36.397: E/ExecutionCriteria(7156): Package unavailable for task: com.google.android.videos/com.google.android.apps.play.movies.common.service.player.logging.QoePingService{u=0 tag="flush_qoe_logs" trigger=window{period=86400s,flex=86400s,earliest=-25292663s,latest=-25206263s} requirements=[NET_UNMETERED,CHARGING] attributes=[PERSISTED,RECURRING] scheduled=-25292663s last_run=N/A jid=N/A status=PENDING retries=0 client_lib=MANCHEGO_GCM-10400000}
03-27 06:05:36.398: I/app_process(11987): System.exit called, status: 0
03-27 06:05:36.398: I/AndroidRuntime(11987): VM exiting with result code 0.
03-27 06:05:36.398: E/ExecutionCriteria(7156): Package unavailable for task: com.google.android.videos/com.google.android.apps.play.movies.common.service.drm.RefreshLicenseTaskService{u=0 tag="refresh_license" trigger=window{period=172800s,flex=172800s,earliest=-25206263s,latest=-25033463s} requirements=[NET_CONNECTED] attributes=[PERSISTED,RECURRING] scheduled=-25206263s last_run=N/A jid=N/A status=PENDING retries=0 client_lib=MANCHEGO_GCM-10400000}
03-27 06:05:36.398: W/DynamiteModule(7163): Local module descriptor class for providerinstaller not found.
03-27 06:05:36.399: I/DynamiteModule(7163): Considering local module providerinstaller:0 and remote module providerinstaller:0
03-27 06:05:36.399: W/ProviderInstaller(7163): Failed to load providerinstaller module: No acceptable module found. Local version is 0 and remote version is 0.
03-27 06:05:36.400: I/OcrModelUpStIntentOp(7163): Downloading text recognizer
03-27 06:05:36.407: W/ModuleInitIntentOp(7163): Dropping unexpected action com.google.android.gms.phenotype.COMMITTED
03-27 06:05:36.423: W/DynamiteModule(7163): Local module descriptor class for providerinstaller not found.
03-27 06:05:36.423: I/DynamiteModule(7163): Considering local module providerinstaller:0 and remote module providerinstaller:0
03-27 06:05:36.423: W/ProviderInstaller(7163): Failed to load providerinstaller module: No acceptable module found. Local version is 0 and remote version is 0.
03-27 06:05:36.435: I/Vision(7163): Details: ocr_arm64_v8a.zip, eef0f328b471a7ddd7197ba013d6462194ac8566
03-27 06:05:36.438: I/SystemUpdate(7163): [Execution,ExecutionManager] Action streaming-download executed for 0.19 seconds.
03-27 06:05:36.439: I/Vision(7163): Engine already satisfied by existing download for ocr
03-27 06:05:36.441: W/DynamiteModule(7163): Local module descriptor class for providerinstaller not found.
03-27 06:05:36.441: I/DynamiteModule(7163): Considering local module providerinstaller:0 and remote module providerinstaller:0
03-27 06:05:36.442: W/ProviderInstaller(7163): Failed to load providerinstaller module: No acceptable module found. Local version is 0 and remote version is 0.
03-27 06:05:36.449: E/ExecutionCriteria(7156): Package unavailable for task: com.google.android.videos/com.google.android.apps.play.movies.common.FlushLogsTaskService{u=0 tag="flush_logs" trigger=window{period=86400s,flex=57600s,earliest=23568s,latest=81168s} requirements=[NET_UNMETERED,CHARGING] attributes=[PERSISTED,RECURRING] scheduled=-5231s last_run=N/A jid=N/A status=PENDING retries=0 client_lib=MANCHEGO_GCM-10400000}
03-27 06:05:36.451: E/ExecutionCriteria(7156): Package unavailable for task: com.google.android.apps.gcs/.service.WfaStateTaskService{u=0 tag="WfaStateTask" trigger=window{period=518400s,flex=86400s,earliest=426868s,latest=513268s} requirements=[NET_ANY] attributes=[PERSISTED,RECURRING] scheduled=-5131s last_run=N/A jid=N/A status=PENDING retries=0 client_lib=MANCHEGO_GCM-11732000}
03-27 06:05:36.452: W/DynamiteModule(7163): Local module descriptor class for providerinstaller not found.
03-27 06:05:36.453: I/DynamiteModule(7163): Considering local module providerinstaller:0 and remote module providerinstaller:0
03-27 06:05:36.453: W/ProviderInstaller(7163): Failed to load providerinstaller module: No acceptable module found. Local version is 0 and remote version is 0.
03-27 06:05:36.453: I/SystemUpdate(7163): [Execution,ExecutionManager] Action fixed-delay-execution executed for 0.01 seconds.
03-27 06:05:36.461: I/TSDRIVER(11828): Handled command: PACKAGE
03-27 06:05:36.462: I/TSDRIVER(11828): CommandService onHandleIntent()
03-27 06:05:36.462: I/TSDRIVER(11828): Got command: PACKAGE
03-27 06:05:36.462: I/TSDRIVER(11828): flag package: EiNjb20uZ29vZ2xlLmFuZHJvaWQuZ21zLmF1dGhfYWNjb3VudBodChlhdXRoX3NpZ19vdmVycmlkZV9lbmFibGVkGAA
03-27 06:05:36.462: I/TSDRIVER(11828): flag package: com.google.android.gms.auth_account
03-27 06:05:36.468: I/TestSupport(7163): SetFlagOverridesOperation: com.google.android.gms.auth_account, '', [Flag(auth_sig_override_enabled, false, 2, 0)]
03-27 06:05:36.517: I/TestSupport(7163): AwaitCommitOperation: auth_sig_override_enabled
03-27 06:05:36.524: I/TestSupport(7163): AwaitCommitOperation: uncommitted: FlagOverride(com.google.android.gms.auth_account, , Flag(auth_sig_override_enabled, false, 2, 0), false)
03-27 06:05:36.524: I/TestSupport(7163): AwaitCommitOperation:  sleeping for 10 msec.
03-27 06:05:36.530: I/zygote64(7163): Background concurrent copying GC freed 25767(1717KB) AllocSpace objects, 11(500KB) LOS objects, 49% free, 10MB/21MB, paused 1.081ms total 273.152ms
03-27 06:05:36.545: I/zygote64(7156): Background concurrent copying GC freed 53448(2MB) AllocSpace objects, 3(60KB) LOS objects, 49% free, 6MB/13MB, paused 2.287ms total 127.044ms
03-27 06:05:36.550: W/ModuleInitIntentOp(7163): Dropping unexpected action com.google.android.gms.phenotype.COMMITTED
03-27 06:05:36.557: I/PTCommittedOperation(7156): Receive new configuration for com.google.android.gms.auth_account
03-27 06:05:36.567: I/TestSupport(7163): AwaitCommitOperation: FlagOverride(com.google.android.gms.auth_account, , Flag(auth_sig_override_enabled, false, 2, 0), true) committed
03-27 06:05:36.567: I/TestSupport(7163): AwaitCommitOperation: no more uncommitted overrides
03-27 06:05:36.649: I/TestSupport(7163): AwaitCommitOperation: *
03-27 06:05:36.655: I/TestSupport(7163): AwaitCommitOperation: FlagOverride(com.google.android.gms.auth_account, , Flag(auth_sig_override_enabled, false, 2, 0), true) committed
03-27 06:05:36.655: I/TestSupport(7163): AwaitCommitOperation: no more uncommitted overrides
03-27 06:05:36.680: D/AndroidRuntime(12002): >>>>>> START com.android.internal.os.RuntimeInit uid 2000 <<<<<<
03-27 06:05:36.732: I/TSDRIVER(11828): Handled command: PACKAGE
03-27 06:05:36.799: D/AndroidRuntime(12002): Calling main entry com.android.commands.am.Am
03-27 06:05:36.805: I/ActivityManager(918): Force stopping com.google.android.apps.mtaas.tools appid=10116 user=0: start instr
03-27 06:05:36.833: I/ActivityManager(918): Start proc 12011:com.google.android.apps.mtaas.tools/u0a116 for added application com.google.android.apps.mtaas.tools
03-27 06:05:36.938: D/ChangeLocale(12011): Instrumentation completed successfully
03-27 06:05:36.941: I/ActivityManager(918): Force stopping com.google.android.apps.mtaas.tools appid=10116 user=0: finished inst
03-27 06:05:36.941: I/ActivityManager(918): Killing 12011:com.google.android.apps.mtaas.tools/u0a116 (adj 0): stop com.google.android.apps.mtaas.tools
03-27 06:05:36.944: W/Binder(918): Outgoing transactions from this process must be FLAG_ONEWAY
03-27 06:05:36.944: W/Binder(918): java.lang.Throwable
03-27 06:05:36.944: W/Binder(918): 	at android.os.BinderProxy.transact(Binder.java:736)
03-27 06:05:36.944: W/Binder(918): 	at android.app.IInstrumentationWatcher$Stub$Proxy.instrumentationFinished(IInstrumentationWatcher.java:160)
03-27 06:05:36.944: W/Binder(918): 	at com.android.server.am.InstrumentationReporter$MyThread.run(InstrumentationReporter.java:86)
03-27 06:05:36.951: D/AndroidRuntime(12002): Shutting down VM
03-27 06:05:38.167: E/Backup(7156): [BackupTransportMigratorChimeraService] Could not migrate transport!
03-27 06:05:38.182: D/AndroidRuntime(12069): >>>>>> START com.android.internal.os.RuntimeInit uid 2000 <<<<<<
03-27 06:05:38.194: I/Backup(7156): [BackupTransportMigratorChimeraService] Starting migration...
03-27 06:05:38.320: D/AndroidRuntime(12069): Calling main entry com.android.commands.input.Input
03-27 06:05:38.322: I/Input(12069): injectKeyEvent: KeyEvent { action=ACTION_DOWN, keyCode=KEYCODE_HOME, scanCode=0, metaState=0, flags=0x0, repeatCount=0, eventTime=5275895, downTime=5275895, deviceId=-1, source=0x101 }
03-27 06:05:38.333: I/Input(12069): injectKeyEvent: KeyEvent { action=ACTION_UP, keyCode=KEYCODE_HOME, scanCode=0, metaState=0, flags=0x0, repeatCount=0, eventTime=5275895, downTime=5275895, deviceId=-1, source=0x101 }
03-27 06:05:38.337: I/ActivityManager(918): START u0 {act=android.intent.action.MAIN cat=[android.intent.category.HOME] flg=0x10200000 cmp=com.google.android.apps.nexuslauncher/.NexusLauncherActivity (has extras)} from uid 1000
03-27 06:05:38.342: D/AndroidRuntime(12069): Shutting down VM
03-27 06:05:38.449: I/ActivityManager(918): START u0 {flg=0x10000000 cmp=com.google.android.apps.mtaas.backdrop/.BackdropActivity} from uid 2000
03-27 06:05:38.459: W/System(918): ClassLoader referenced unknown path: 
03-27 06:05:38.470: I/ActivityManager(918): Start proc 12089:com.google.android.apps.mtaas.backdrop/u0a118 for activity com.google.android.apps.mtaas.backdrop/.BackdropActivity
03-27 06:05:38.511: I/MultiDex(12089): VM with version 2.1.0 has multidex support
03-27 06:05:38.511: I/MultiDex(12089): install
03-27 06:05:38.511: I/MultiDex(12089): VM has multidex support, MultiDex support library is disabled.
03-27 06:05:38.551: I/zygote64(12089): Rejecting re-init on previously-failed class java.lang.Class<android.support.v4.view.ViewCompat$2>: java.lang.NoClassDefFoundError: Failed resolution of: Landroid/view/View$OnUnhandledKeyEventListener;
03-27 06:05:38.551: I/zygote64(12089):   at void android.support.v4.view.ViewCompat.setBackground(android.view.View, android.graphics.drawable.Drawable) (ViewCompat.java:2561)
03-27 06:05:38.551: I/zygote64(12089):   at void android.support.v7.widget.ActionBarContainer.<init>(android.content.Context, android.util.AttributeSet) (ActionBarContainer.java:62)
03-27 06:05:38.551: I/zygote64(12089):   at java.lang.Object java.lang.reflect.Constructor.newInstance0(java.lang.Object[]) (Constructor.java:-2)
03-27 06:05:38.551: I/zygote64(12089):   at java.lang.Object java.lang.reflect.Constructor.newInstance(java.lang.Object[]) (Constructor.java:334)
03-27 06:05:38.551: I/zygote64(12089):   at android.view.View android.view.LayoutInflater.createView(java.lang.String, java.lang.String, android.util.AttributeSet) (LayoutInflater.java:647)
03-27 06:05:38.551: I/zygote64(12089):   at android.view.View android.view.LayoutInflater.createViewFromTag(android.view.View, java.lang.String, android.content.Context, android.util.AttributeSet, boolean) (LayoutInflater.java:790)
03-27 06:05:38.551: I/zygote64(12089):   at android.view.View android.view.LayoutInflater.createViewFromTag(android.view.View, java.lang.String, android.content.Context, android.util.AttributeSet) (LayoutInflater.java:730)
03-27 06:05:38.551: I/zygote64(12089):   at void android.view.LayoutInflater.rInflate(org.xmlpull.v1.XmlPullParser, android.view.View, android.content.Context, android.util.AttributeSet, boolean) (LayoutInflater.java:863)
03-27 06:05:38.551: I/zygote64(12089):   at void android.view.LayoutInflater.rInflateChildren(org.xmlpull.v1.XmlPullParser, android.view.View, android.util.AttributeSet, boolean) (LayoutInflater.java:824)
03-27 06:05:38.551: I/zygote64(12089):   at android.view.View android.view.LayoutInflater.inflate(org.xmlpull.v1.XmlPullParser, android.view.ViewGroup, boolean) (LayoutInflater.java:515)
03-27 06:05:38.551: I/zygote64(12089):   at android.view.View android.view.LayoutInflater.inflate(int, android.view.ViewGroup, boolean) (LayoutInflater.java:423)
03-27 06:05:38.552: I/zygote64(12089):   at android.view.View android.view.LayoutInflater.inflate(int, android.view.ViewGroup) (LayoutInflater.java:374)
03-27 06:05:38.552: I/zygote64(12089):   at android.view.ViewGroup android.support.v7.app.AppCompatDelegateImpl.createSubDecor() (AppCompatDelegateImpl.java:621)
03-27 06:05:38.552: I/zygote64(12089):   at void android.support.v7.app.AppCompatDelegateImpl.ensureSubDecor() (AppCompatDelegateImpl.java:532)
03-27 06:05:38.552: I/zygote64(12089):   at void android.support.v7.app.AppCompatDelegateImpl.setContentView(int) (AppCompatDelegateImpl.java:475)
03-27 06:05:38.552: I/zygote64(12089):   at void android.support.v7.app.AppCompatActivity.setContentView(int) (AppCompatActivity.java:129)
03-27 06:05:38.552: I/zygote64(12089):   at void com.google.android.apps.mtaas.backdrop.BackdropActivity.showTestBackdrop() (BackdropActivity.java:136)
03-27 06:05:38.552: I/zygote64(12089):   at void com.google.android.apps.mtaas.backdrop.BackdropActivity.onCreate(android.os.Bundle) (BackdropActivity.java:67)
03-27 06:05:38.552: I/zygote64(12089):   at void android.app.Activity.performCreate(android.os.Bundle) (Activity.java:6975)
03-27 06:05:38.552: I/zygote64(12089):   at void android.app.Instrumentation.callActivityOnCreate(android.app.Activity, android.os.Bundle) (Instrumentation.java:1213)
03-27 06:05:38.552: I/zygote64(12089):   at android.app.Activity android.app.ActivityThread.performLaunchActivity(android.app.ActivityThread$ActivityClientRecord, android.content.Intent) (ActivityThread.java:2770)
03-27 06:05:38.552: I/zygote64(12089):   at void android.app.ActivityThread.handleLaunchActivity(android.app.ActivityThread$ActivityClientRecord, android.content.Intent, java.lang.String) (ActivityThread.java:2892)
03-27 06:05:38.552: I/zygote64(12089):   at void android.app.ActivityThread.-wrap11(android.app.ActivityThread, android.app.ActivityThread$ActivityClientRecord, android.content.Intent, java.lang.String) (ActivityThread.java:-1)
03-27 06:05:38.552: I/zygote64(12089):   at void android.app.ActivityThread$H.handleMessage(android.os.Message) (ActivityThread.java:1593)
03-27 06:05:38.552: I/zygote64(12089):   at void android.os.Handler.dispatchMessage(android.os.Message) (Handler.java:105)
03-27 06:05:38.552: I/zygote64(12089):   at void android.os.Looper.loop() (Looper.java:164)
03-27 06:05:38.552: I/zygote64(12089):   at void android.app.ActivityThread.main(java.lang.String[]) (ActivityThread.java:6541)
03-27 06:05:38.552: I/zygote64(12089):   at java.lang.Object java.lang.reflect.Method.invoke(java.lang.Object, java.lang.Object[]) (Method.java:-2)
03-27 06:05:38.552: I/zygote64(12089):   at void com.android.internal.os.Zygote$MethodAndArgsCaller.run() (Zygote.java:240)
03-27 06:05:38.552: I/zygote64(12089):   at void com.android.internal.os.ZygoteInit.main(java.lang.String[]) (ZygoteInit.java:767)
03-27 06:05:38.552: I/zygote64(12089): Caused by: java.lang.ClassNotFoundException: Didn't find class "android.view.View$OnUnhandledKeyEventListener" on path: DexPathList[[zip file "/data/app/com.google.android.apps.mtaas.backdrop-SxHeBt6WHpCb7lq6iHWYhw==/base.apk"],nativeLibraryDirectories=[/data/app/com.google.android.apps.mtaas.backdrop-SxHeBt6WHpCb7lq6iHWYhw==/lib/arm64, /system/lib64, /vendor/lib64]]
03-27 06:05:38.552: I/zygote64(12089):   at java.lang.Class dalvik.system.BaseDexClassLoader.findClass(java.lang.String) (BaseDexClassLoader.java:93)
03-27 06:05:38.552: I/zygote64(12089):   at java.lang.Class java.lang.ClassLoader.loadClass(java.lang.String, boolean) (ClassLoader.java:379)
03-27 06:05:38.552: I/zygote64(12089):   at java.lang.Class java.lang.ClassLoader.loadClass(java.lang.String) (ClassLoader.java:312)
03-27 06:05:38.552: I/zygote64(12089):   at void android.support.v4.view.ViewCompat.setBackground(android.view.View, android.graphics.drawable.Drawable) (ViewCompat.java:2561)
03-27 06:05:38.552: I/zygote64(12089):   at void android.support.v7.widget.ActionBarContainer.<init>(android.content.Context, android.util.AttributeSet) (ActionBarContainer.java:62)
03-27 06:05:38.552: I/zygote64(12089):   at java.lang.Object java.lang.reflect.Constructor.newInstance0(java.lang.Object[]) (Constructor.java:-2)
03-27 06:05:38.552: I/zygote64(12089):   at java.lang.Object java.lang.reflect.Constructor.newInstance(java.lang.Object[]) (Constructor.java:334)
03-27 06:05:38.552: I/zygote64(12089):   at android.view.View android.view.LayoutInflater.createView(java.lang.String, java.lang.String, android.util.AttributeSet) (LayoutInflater.java:647)
03-27 06:05:38.552: I/zygote64(12089):   at android.view.View android.view.LayoutInflater.createViewFromTag(android.view.View, java.lang.String, android.content.Context, android.util.AttributeSet, boolean) (LayoutInflater.java:790)
03-27 06:05:38.552: I/zygote64(12089):   at android.view.View android.view.LayoutInflater.createViewFromTag(android.view.View, java.lang.String, android.content.Context, android.util.AttributeSet) (LayoutInflater.java:730)
03-27 06:05:38.552: I/zygote64(12089):   at void android.view.LayoutInflater.rInflate(org.xmlpull.v1.XmlPullParser, android.view.View, android.content.Context, android.util.AttributeSet, boolean) (LayoutInflater.java:863)
03-27 06:05:38.552: I/zygote64(12089):   at void android.view.LayoutInflater.rInflateChildren(org.xmlpull.v1.XmlPullParser, android.view.View, android.util.AttributeSet, boolean) (LayoutInflater.java:824)
03-27 06:05:38.552: I/zygote64(12089):   at android.view.View android.view.LayoutInflater.inflate(org.xmlpull.v1.XmlPullParser, android.view.ViewGroup, boolean) (LayoutInflater.java:515)
03-27 06:05:38.552: I/zygote64(12089):   at android.view.View android.view.LayoutInflater.inflate(int, android.view.ViewGroup, boolean) (LayoutInflater.java:423)
03-27 06:05:38.552: I/zygote64(12089):   at android.view.View android.view.LayoutInflater.inflate(int, android.view.ViewGroup) (LayoutInflater.java:374)
03-27 06:05:38.552: I/zygote64(12089):   at android.view.ViewGroup android.support.v7.app.AppCompatDelegateImpl.createSubDecor() (AppCompatDelegateImpl.java:621)
03-27 06:05:38.552: I/zygote64(12089):   at void android.support.v7.app.AppCompatDelegateImpl.ensureSubDecor() (AppCompatDelegateImpl.java:532)
03-27 06:05:38.552: I/zygote64(12089):   at void android.support.v7.app.AppCompatDelegateImpl.setContentView(int) (AppCompatDelegateImpl.java:475)
03-27 06:05:38.552: I/zygote64(12089):   at void android.support.v7.app.AppCompatActivity.setContentView(int) (AppCompatActivity.java:129)
03-27 06:05:38.552: I/zygote64(12089):   at void com.google.android.apps.mtaas.backdrop.BackdropActivity.showTestBackdrop() (BackdropActivity.java:136)
03-27 06:05:38.552: I/zygote64(12089):   at void com.google.android.apps.mtaas.backdrop.BackdropActivity.onCreate(android.os.Bundle) (BackdropActivity.java:67)
03-27 06:05:38.552: I/zygote64(12089):   at void android.app.Activity.performCreate(android.os.Bundle) (Activity.java:6975)
03-27 06:05:38.552: I/zygote64(12089):   at void android.app.Instrumentation.callActivityOnCreate(android.app.Activity, android.os.Bundle) (Instrumentation.java:1213)
03-27 06:05:38.552: I/zygote64(12089):   at android.app.Activity android.app.ActivityThread.performLaunchActivity(android.app.ActivityThread$ActivityClientRecord, android.content.Intent) (ActivityThread.java:2770)
03-27 06:05:38.552: I/zygote64(12089):   at void android.app.ActivityThread.handleLaunchActivity(android.app.ActivityThread$ActivityClientRecord, android.content.Intent, java.lang.String) (ActivityThread.java:2892)
03-27 06:05:38.552: I/zygote64(12089):   at void android.app.ActivityThread.-wrap11(android.app.ActivityThread, android.app.ActivityThread$ActivityClientRecord, android.content.Intent, java.lang.String) (ActivityThread.java:-1)
03-27 06:05:38.552: I/zygote64(12089):   at void android.app.ActivityThread$H.handleMessage(android.os.Message) (ActivityThread.java:1593)
03-27 06:05:38.552: I/zygote64(12089):   at void android.os.Handler.dispatchMessage(android.os.Message) (Handler.java:105)
03-27 06:05:38.552: I/zygote64(12089):   at void android.os.Looper.loop() (Looper.java:164)
03-27 06:05:38.552: I/zygote64(12089):   at void android.app.ActivityThread.main(java.lang.String[]) (ActivityThread.java:6541)
03-27 06:05:38.552: I/zygote64(12089):   at java.lang.Object java.lang.reflect.Method.invoke(java.lang.Object, java.lang.Object[]) (Method.java:-2)
03-27 06:05:38.552: I/zygote64(12089):   at void com.android.internal.os.Zygote$MethodAndArgsCaller.run() (Zygote.java:240)
03-27 06:05:38.552: I/zygote64(12089):   at void com.android.internal.os.ZygoteInit.main(java.lang.String[]) (ZygoteInit.java:767)
03-27 06:05:38.553: I/zygote64(12089): Rejecting re-init on previously-failed class java.lang.Class<android.support.v4.view.ViewCompat$2>: java.lang.NoClassDefFoundError: Failed resolution of: Landroid/view/View$OnUnhandledKeyEventListener;
03-27 06:05:38.553: I/zygote64(12089):   at void android.support.v4.view.ViewCompat.setBackground(android.view.View, android.graphics.drawable.Drawable) (ViewCompat.java:2561)
03-27 06:05:38.553: I/zygote64(12089):   at void android.support.v7.widget.ActionBarContainer.<init>(android.content.Context, android.util.AttributeSet) (ActionBarContainer.java:62)
03-27 06:05:38.553: I/zygote64(12089):   at java.lang.Object java.lang.reflect.Constructor.newInstance0(java.lang.Object[]) (Constructor.java:-2)
03-27 06:05:38.553: I/zygote64(12089):   at java.lang.Object java.lang.reflect.Constructor.newInstance(java.lang.Object[]) (Constructor.java:334)
03-27 06:05:38.553: I/zygote64(12089):   at android.view.View android.view.LayoutInflater.createView(java.lang.String, java.lang.String, android.util.AttributeSet) (LayoutInflater.java:647)
03-27 06:05:38.553: I/zygote64(12089):   at android.view.View android.view.LayoutInflater.createViewFromTag(android.view.View, java.lang.String, android.content.Context, android.util.AttributeSet, boolean) (LayoutInflater.java:790)
03-27 06:05:38.553: I/zygote64(12089):   at android.view.View android.view.LayoutInflater.createViewFromTag(android.view.View, java.lang.String, android.content.Context, android.util.AttributeSet) (LayoutInflater.java:730)
03-27 06:05:38.553: I/zygote64(12089):   at void android.view.LayoutInflater.rInflate(org.xmlpull.v1.XmlPullParser, android.view.View, android.content.Context, android.util.AttributeSet, boolean) (LayoutInflater.java:863)
03-27 06:05:38.553: I/zygote64(12089):   at void android.view.LayoutInflater.rInflateChildren(org.xmlpull.v1.XmlPullParser, android.view.View, android.util.AttributeSet, boolean) (LayoutInflater.java:824)
03-27 06:05:38.553: I/zygote64(12089):   at android.view.View android.view.LayoutInflater.inflate(org.xmlpull.v1.XmlPullParser, android.view.ViewGroup, boolean) (LayoutInflater.java:515)
03-27 06:05:38.553: I/zygote64(12089):   at android.view.View android.view.LayoutInflater.inflate(int, android.view.ViewGroup, boolean) (LayoutInflater.java:423)
03-27 06:05:38.553: I/zygote64(12089):   at android.view.View android.view.LayoutInflater.inflate(int, android.view.ViewGroup) (LayoutInflater.java:374)
03-27 06:05:38.553: I/zygote64(12089):   at android.view.ViewGroup android.support.v7.app.AppCompatDelegateImpl.createSubDecor() (AppCompatDelegateImpl.java:621)
03-27 06:05:38.553: I/zygote64(12089):   at void android.support.v7.app.AppCompatDelegateImpl.ensureSubDecor() (AppCompatDelegateImpl.java:532)
03-27 06:05:38.553: I/zygote64(12089):   at void android.support.v7.app.AppCompatDelegateImpl.setContentView(int) (AppCompatDelegateImpl.java:475)
03-27 06:05:38.553: I/zygote64(12089):   at void android.support.v7.app.AppCompatActivity.setContentView(int) (AppCompatActivity.java:129)
03-27 06:05:38.553: I/zygote64(12089):   at void com.google.android.apps.mtaas.backdrop.BackdropActivity.showTestBackdrop() (BackdropActivity.java:136)
03-27 06:05:38.553: I/zygote64(12089):   at void com.google.android.apps.mtaas.backdrop.BackdropActivity.onCreate(android.os.Bundle) (BackdropActivity.java:67)
03-27 06:05:38.553: I/zygote64(12089):   at void android.app.Activity.performCreate(android.os.Bundle) (Activity.java:6975)
03-27 06:05:38.553: I/zygote64(12089):   at void android.app.Instrumentation.callActivityOnCreate(android.app.Activity, android.os.Bundle) (Instrumentation.java:1213)
03-27 06:05:38.553: I/zygote64(12089):   at android.app.Activity android.app.ActivityThread.performLaunchActivity(android.app.ActivityThread$ActivityClientRecord, android.content.Intent) (ActivityThread.java:2770)
03-27 06:05:38.553: I/zygote64(12089):   at void android.app.ActivityThread.handleLaunchActivity(android.app.ActivityThread$ActivityClientRecord, android.content.Intent, java.lang.String) (ActivityThread.java:2892)
03-27 06:05:38.553: I/zygote64(12089):   at void android.app.ActivityThread.-wrap11(android.app.ActivityThread, android.app.ActivityThread$ActivityClientRecord, android.content.Intent, java.lang.String) (ActivityThread.java:-1)
03-27 06:05:38.553: I/zygote64(12089):   at void android.app.ActivityThread$H.handleMessage(android.os.Message) (ActivityThread.java:1593)
03-27 06:05:38.553: I/zygote64(12089):   at void android.os.Handler.dispatchMessage(android.os.Message) (Handler.java:105)
03-27 06:05:38.553: I/zygote64(12089):   at void android.os.Looper.loop() (Looper.java:164)
03-27 06:05:38.553: I/zygote64(12089):   at void android.app.ActivityThread.main(java.lang.String[]) (ActivityThread.java:6541)
03-27 06:05:38.553: I/zygote64(12089):   at java.lang.Object java.lang.reflect.Method.invoke(java.lang.Object, java.lang.Object[]) (Method.java:-2)
03-27 06:05:38.553: I/zygote64(12089):   at void com.android.internal.os.Zygote$MethodAndArgsCaller.run() (Zygote.java:240)
03-27 06:05:38.553: I/zygote64(12089):   at void com.android.internal.os.ZygoteInit.main(java.lang.String[]) (ZygoteInit.java:767)
03-27 06:05:38.553: I/zygote64(12089): Caused by: java.lang.ClassNotFoundException: Didn't find class "android.view.View$OnUnhandledKeyEventListener" on path: DexPathList[[zip file "/data/app/com.google.android.apps.mtaas.backdrop-SxHeBt6WHpCb7lq6iHWYhw==/base.apk"],nativeLibraryDirectories=[/data/app/com.google.android.apps.mtaas.backdrop-SxHeBt6WHpCb7lq6iHWYhw==/lib/arm64, /system/lib64, /vendor/lib64]]
03-27 06:05:38.553: I/zygote64(12089):   at java.lang.Class dalvik.system.BaseDexClassLoader.findClass(java.lang.String) (BaseDexClassLoader.java:93)
03-27 06:05:38.553: I/zygote64(12089):   at java.lang.Class java.lang.ClassLoader.loadClass(java.lang.String, boolean) (ClassLoader.java:379)
03-27 06:05:38.553: I/zygote64(12089):   at java.lang.Class java.lang.ClassLoader.loadClass(java.lang.String) (ClassLoader.java:312)
03-27 06:05:38.553: I/zygote64(12089):   at void android.support.v4.view.ViewCompat.setBackground(android.view.View, android.graphics.drawable.Drawable) (ViewCompat.java:2561)
03-27 06:05:38.553: I/zygote64(12089):   at void android.support.v7.widget.ActionBarContainer.<init>(android.content.Context, android.util.AttributeSet) (ActionBarContainer.java:62)
03-27 06:05:38.553: I/zygote64(12089):   at java.lang.Object java.lang.reflect.Constructor.newInstance0(java.lang.Object[]) (Constructor.java:-2)
03-27 06:05:38.553: I/zygote64(12089):   at java.lang.Object java.lang.reflect.Constructor.newInstance(java.lang.Object[]) (Constructor.java:334)
03-27 06:05:38.553: I/zygote64(12089):   at android.view.View android.view.LayoutInflater.createView(java.lang.String, java.lang.String, android.util.AttributeSet) (LayoutInflater.java:647)
03-27 06:05:38.553: I/zygote64(12089):   at android.view.View android.view.LayoutInflater.createViewFromTag(android.view.View, java.lang.String, android.content.Context, android.util.AttributeSet, boolean) (LayoutInflater.java:790)
03-27 06:05:38.553: I/zygote64(12089):   at android.view.View android.view.LayoutInflater.createViewFromTag(android.view.View, java.lang.String, android.content.Context, android.util.AttributeSet) (LayoutInflater.java:730)
03-27 06:05:38.553: I/zygote64(12089):   at void android.view.LayoutInflater.rInflate(org.xmlpull.v1.XmlPullParser, android.view.View, android.content.Context, android.util.AttributeSet, boolean) (LayoutInflater.java:863)
03-27 06:05:38.553: I/zygote64(12089):   at void android.view.LayoutInflater.rInflateChildren(org.xmlpull.v1.XmlPullParser, android.view.View, android.util.AttributeSet, boolean) (LayoutInflater.java:824)
03-27 06:05:38.553: I/zygote64(12089):   at android.view.View android.view.LayoutInflater.inflate(org.xmlpull.v1.XmlPullParser, android.view.ViewGroup, boolean) (LayoutInflater.java:515)
03-27 06:05:38.553: I/zygote64(12089):   at android.view.View android.view.LayoutInflater.inflate(int, android.view.ViewGroup, boolean) (LayoutInflater.java:423)
03-27 06:05:38.553: I/zygote64(12089):   at android.view.View android.view.LayoutInflater.inflate(int, android.view.ViewGroup) (LayoutInflater.java:374)
03-27 06:05:38.553: I/zygote64(12089):   at android.view.ViewGroup android.support.v7.app.AppCompatDelegateImpl.createSubDecor() (AppCompatDelegateImpl.java:621)
03-27 06:05:38.553: I/zygote64(12089):   at void android.support.v7.app.AppCompatDelegateImpl.ensureSubDecor() (AppCompatDelegateImpl.java:532)
03-27 06:05:38.553: I/zygote64(12089):   at void android.support.v7.app.AppCompatDelegateImpl.setContentView(int) (AppCompatDelegateImpl.java:475)
03-27 06:05:38.553: I/zygote64(12089):   at void android.support.v7.app.AppCompatActivity.setContentView(int) (AppCompatActivity.java:129)
03-27 06:05:38.553: I/zygote64(12089):   at void com.google.android.apps.mtaas.backdrop.BackdropActivity.showTestBackdrop() (BackdropActivity.java:136)
03-27 06:05:38.553: I/zygote64(12089):   at void com.google.android.apps.mtaas.backdrop.BackdropActivity.onCreate(android.os.Bundle) (BackdropActivity.java:67)
03-27 06:05:38.553: I/zygote64(12089):   at void android.app.Activity.performCreate(android.os.Bundle) (Activity.java:6975)
03-27 06:05:38.553: I/zygote64(12089):   at void android.app.Instrumentation.callActivityOnCreate(android.app.Activity, android.os.Bundle) (Instrumentation.java:1213)
03-27 06:05:38.553: I/zygote64(12089):   at android.app.Activity android.app.ActivityThread.performLaunchActivity(android.app.ActivityThread$ActivityClientRecord, android.content.Intent) (ActivityThread.java:2770)
03-27 06:05:38.553: I/zygote64(12089):   at void android.app.ActivityThread.handleLaunchActivity(android.app.ActivityThread$ActivityClientRecord, android.content.Intent, java.lang.String) (ActivityThread.java:2892)
03-27 06:05:38.553: I/zygote64(12089):   at void android.app.ActivityThread.-wrap11(android.app.ActivityThread, android.app.ActivityThread$ActivityClientRecord, android.content.Intent, java.lang.String) (ActivityThread.java:-1)
03-27 06:05:38.553: I/zygote64(12089):   at void android.app.ActivityThread$H.handleMessage(android.os.Message) (ActivityThread.java:1593)
03-27 06:05:38.553: I/zygote64(12089):   at void android.os.Handler.dispatchMessage(android.os.Message) (Handler.java:105)
03-27 06:05:38.553: I/zygote64(12089):   at void android.os.Looper.loop() (Looper.java:164)
03-27 06:05:38.553: I/zygote64(12089):   at void android.app.ActivityThread.main(java.lang.String[]) (ActivityThread.java:6541)
03-27 06:05:38.553: I/zygote64(12089):   at java.lang.Object java.lang.reflect.Method.invoke(java.lang.Object, java.lang.Object[]) (Method.java:-2)
03-27 06:05:38.553: I/zygote64(12089):   at void com.android.internal.os.Zygote$MethodAndArgsCaller.run() (Zygote.java:240)
03-27 06:05:38.553: I/zygote64(12089):   at void com.android.internal.os.ZygoteInit.main(java.lang.String[]) (ZygoteInit.java:767)
03-27 06:05:38.553: I/zygote64(12089): Rejecting re-init on previously-failed class java.lang.Class<android.support.v4.view.ViewCompat$2>: java.lang.NoClassDefFoundError: Failed resolution of: Landroid/view/View$OnUnhandledKeyEventListener;
03-27 06:05:38.553: I/zygote64(12089):   at void android.support.v4.view.ViewCompat.setBackground(android.view.View, android.graphics.drawable.Drawable) (ViewCompat.java:2561)
03-27 06:05:38.553: I/zygote64(12089):   at void android.support.v7.widget.ActionBarContainer.<init>(android.content.Context, android.util.AttributeSet) (ActionBarContainer.java:62)
03-27 06:05:38.553: I/zygote64(12089):   at java.lang.Object java.lang.reflect.Constructor.newInstance0(java.lang.Object[]) (Constructor.java:-2)
03-27 06:05:38.553: I/zygote64(12089):   at java.lang.Object java.lang.reflect.Constructor.newInstance(java.lang.Object[]) (Constructor.java:334)
03-27 06:05:38.553: I/zygote64(12089):   at android.view.View android.view.LayoutInflater.createView(java.lang.String, java.lang.String, android.util.AttributeSet) (LayoutInflater.java:647)
03-27 06:05:38.554: I/zygote64(12089):   at android.view.View android.view.LayoutInflater.createViewFromTag(android.view.View, java.lang.String, android.content.Context, android.util.AttributeSet, boolean) (LayoutInflater.java:790)
03-27 06:05:38.554: I/zygote64(12089):   at android.view.View android.view.LayoutInflater.createViewFromTag(android.view.View, java.lang.String, android.content.Context, android.util.AttributeSet) (LayoutInflater.java:730)
