03-27 06:06:15.396: I/chatty(625): uid=1000(system) allocator@1.0-s identical 7 lines
03-27 06:06:15.397: W//system/bin/hw/android.hidl.allocator@1.0-service(625): ashmem_create_region(8) returning hidl_memory(0x7f0562c330, 8)
03-27 06:06:15.403: W//system/bin/hw/android.hidl.allocator@1.0-service(625): ashmem_create_region(2764800) returning hidl_memory(0x7f0562c330, 2764800)
03-27 06:06:15.404: I/chatty(625): uid=1000(system) allocator@1.0-s identical 2 lines
03-27 06:06:15.405: W//system/bin/hw/android.hidl.allocator@1.0-service(625): ashmem_create_region(2764800) returning hidl_memory(0x7f0562c330, 2764800)
03-27 06:06:15.407: D/PermissionCache(482): checking android.permission.ACCESS_SURFACE_FLINGER for uid=2000 => granted (385 us)
03-27 06:06:15.407: D/PermissionCache(482): [ 03-27 06:06:15.411   482: 1516 E/         ]
03-27 06:06:15.407: D/PermissionCache(482): HpInterface: Wrong interface type.
03-27 06:06:15.433: E/FrameEvents(482): Source mDeltas not empty.
03-27 06:06:15.433: E/FrameEvents(482): Source mDeltas not empty.
03-27 06:06:15.433: W/GraphicBufferSource(683): releasing an unpopulated slot: 0
03-27 06:06:15.433: W/GraphicBufferSource(683): releasing an unpopulated slot: 1
03-27 06:06:15.433: W/GraphicBufferSource(683): releasing an unpopulated slot: 2
03-27 06:06:15.433: W/GraphicBufferSource(683): releasing an unpopulated slot: 3
03-27 06:06:15.433: W/GraphicBufferSource(683): releasing an unpopulated slot: 4
03-27 06:06:15.433: W/GraphicBufferSource(683): releasing an unpopulated slot: 5
03-27 06:06:15.433: W/GraphicBufferSource(683): releasing an unpopulated slot: 6
03-27 06:06:15.433: W/GraphicBufferSource(683): releasing an unpopulated slot: 7
03-27 06:06:15.433: W/GraphicBufferSource(683): releasing an unpopulated slot: 8
03-27 06:06:15.433: W/GraphicBufferSource(683): releasing an unpopulated slot: 9
03-27 06:06:15.433: W/GraphicBufferSource(683): releasing an unpopulated slot: 10
03-27 06:06:15.433: W/GraphicBufferSource(683): releasing an unpopulated slot: 11
03-27 06:06:15.433: W/GraphicBufferSource(683): releasing an unpopulated slot: 12
03-27 06:06:15.433: W/GraphicBufferSource(683): releasing an unpopulated slot: 13
03-27 06:06:15.433: W/GraphicBufferSource(683): releasing an unpopulated slot: 14
03-27 06:06:15.433: W/GraphicBufferSource(683): releasing an unpopulated slot: 15
03-27 06:06:15.433: W/GraphicBufferSource(683): releasing an unpopulated slot: 16
03-27 06:06:15.433: W/GraphicBufferSource(683): releasing an unpopulated slot: 17
03-27 06:06:15.433: W/GraphicBufferSource(683): releasing an unpopulated slot: 18
03-27 06:06:15.433: W/GraphicBufferSource(683): releasing an unpopulated slot: 19
03-27 06:06:15.433: W/GraphicBufferSource(683): releasing an unpopulated slot: 20
03-27 06:06:15.433: W/GraphicBufferSource(683): releasing an unpopulated slot: 21
03-27 06:06:15.433: W/GraphicBufferSource(683): releasing an unpopulated slot: 22
03-27 06:06:15.433: W/GraphicBufferSource(683): releasing an unpopulated slot: 23
03-27 06:06:15.433: W/GraphicBufferSource(683): releasing an unpopulated slot: 24
03-27 06:06:15.433: W/GraphicBufferSource(683): releasing an unpopulated slot: 25
03-27 06:06:15.433: W/GraphicBufferSource(683): releasing an unpopulated slot: 26
03-27 06:06:15.433: W/GraphicBufferSource(683): releasing an unpopulated slot: 27
03-27 06:06:15.433: W/GraphicBufferSource(683): releasing an unpopulated slot: 28
03-27 06:06:15.433: W/GraphicBufferSource(683): releasing an unpopulated slot: 29
03-27 06:06:15.433: W/GraphicBufferSource(683): releasing an unpopulated slot: 30
03-27 06:06:15.433: W/GraphicBufferSource(683): releasing an unpopulated slot: 31
03-27 06:06:15.433: W/GraphicBufferSource(683): releasing an unpopulated slot: 32
03-27 06:06:15.433: W/GraphicBufferSource(683): releasing an unpopulated slot: 33
03-27 06:06:15.433: W/GraphicBufferSource(683): releasing an unpopulated slot: 34
03-27 06:06:15.433: W/GraphicBufferSource(683): releasing an unpopulated slot: 35
03-27 06:06:15.433: W/GraphicBufferSource(683): releasing an unpopulated slot: 36
03-27 06:06:15.433: W/GraphicBufferSource(683): releasing an unpopulated slot: 37
03-27 06:06:15.433: W/GraphicBufferSource(683): releasing an unpopulated slot: 38
03-27 06:06:15.434: W/GraphicBufferSource(683): releasing an unpopulated slot: 39
03-27 06:06:15.434: W/GraphicBufferSource(683): releasing an unpopulated slot: 40
03-27 06:06:15.434: W/GraphicBufferSource(683): releasing an unpopulated slot: 41
03-27 06:06:15.434: W/GraphicBufferSource(683): releasing an unpopulated slot: 42
03-27 06:06:15.434: W/GraphicBufferSource(683): releasing an unpopulated slot: 43
03-27 06:06:15.434: W/GraphicBufferSource(683): releasing an unpopulated slot: 44
03-27 06:06:15.434: W/GraphicBufferSource(683): releasing an unpopulated slot: 45
03-27 06:06:15.434: W/GraphicBufferSource(683): releasing an unpopulated slot: 46
03-27 06:06:15.434: W/GraphicBufferSource(683): releasing an unpopulated slot: 47
03-27 06:06:15.434: W/GraphicBufferSource(683): releasing an unpopulated slot: 48
03-27 06:06:15.434: W/GraphicBufferSource(683): releasing an unpopulated slot: 49
03-27 06:06:15.434: W/GraphicBufferSource(683): releasing an unpopulated slot: 50
03-27 06:06:15.434: W/GraphicBufferSource(683): releasing an unpopulated slot: 51
03-27 06:06:15.434: W/GraphicBufferSource(683): releasing an unpopulated slot: 52
03-27 06:06:15.434: W/GraphicBufferSource(683): releasing an unpopulated slot: 53
03-27 06:06:15.434: W/GraphicBufferSource(683): releasing an unpopulated slot: 54
03-27 06:06:15.434: W/GraphicBufferSource(683): releasing an unpopulated slot: 55
03-27 06:06:15.434: W/GraphicBufferSource(683): releasing an unpopulated slot: 56
03-27 06:06:15.434: W/GraphicBufferSource(683): releasing an unpopulated slot: 57
03-27 06:06:15.434: W/GraphicBufferSource(683): releasing an unpopulated slot: 58
03-27 06:06:15.434: W/GraphicBufferSource(683): releasing an unpopulated slot: 59
03-27 06:06:15.434: W/GraphicBufferSource(683): releasing an unpopulated slot: 60
03-27 06:06:15.434: W/GraphicBufferSource(683): releasing an unpopulated slot: 61
03-27 06:06:15.434: W/GraphicBufferSource(683): releasing an unpopulated slot: 62
03-27 06:06:15.434: W/GraphicBufferSource(683): releasing an unpopulated slot: 63
03-27 06:06:15.436: I/videocat(13363): Encoding 720x1280 video/avc at 2097152 bits per second
03-27 06:06:15.444: I/vndksupport(683): sphal namespace is not configured for this process. Loading /vendor/lib/hw/gralloc.msm8996.so from the current namespace instead.
03-27 06:06:15.450: I/vndksupport(13363): sphal namespace is not configured for this process. Loading /vendor/lib/hw/gralloc.msm8996.so from the current namespace instead.
03-27 06:06:15.462: D/GraphicBufferSource(683): got buffer with new dataSpace #104
03-27 06:06:15.463: I/OMX-VENC(683): get_config (dataspace changed): ColorSpace: Recommend 601-limited for RGBA8888
03-27 06:06:15.463: D/OMXNodeInstance(683): Codec resolved it to (R:2(??), P:3(??), M:3(??), T:3(??)) err=0(NO_ERROR)
03-27 06:06:15.463: I/OMX-VENC(683): ENC_CONFIG: gralloc ColorSpace = 0 (601=0 601_FR=1 709=2)
03-27 06:06:15.463: I/OMX-VENC(683): ENC_CONFIG: Input Color = RGBA8888 UBWC
03-27 06:06:15.463: I/OMX-VENC(683): ENC_CONFIG: selected ColorSpace = 0 (601=0 601_FR=1 709=2)
03-27 06:06:15.471: D/ACodec(13363): dataspace changed to 0x10c10000 (R:2(Limited), P:3(BT601_6_625), M:3(BT601_6), T:3(SMPTE170M)) (R:2(Limited), S:1(BT709), T:3(SMPTE_170M))
03-27 06:06:16.296: W/aeiq(12240): IOException thrown while closing Closeable.
03-27 06:06:16.296: W/aeiq(12240): java.io.IOException: write failed: EBADF (Bad file descriptor)
03-27 06:06:16.296: W/aeiq(12240): 	at libcore.io.IoBridge.write(IoBridge.java:558)
03-27 06:06:16.296: W/aeiq(12240): 	at android.os.FileBridge$FileBridgeOutputStream.writeCommandAndBlock(FileBridge.java:167)
03-27 06:06:16.296: W/aeiq(12240): 	at android.os.FileBridge$FileBridgeOutputStream.close(FileBridge.java:154)
03-27 06:06:16.296: W/aeiq(12240): 	at java.io.FilterOutputStream.close(FilterOutputStream.java:159)
03-27 06:06:16.296: W/aeiq(12240): 	at aeiq.a(SourceFile:1)
03-27 06:06:16.296: W/aeiq(12240): 	at phv.doInBackground(SourceFile:36)
03-27 06:06:16.296: W/aeiq(12240): 	at android.os.AsyncTask$2.call(AsyncTask.java:333)
03-27 06:06:16.296: W/aeiq(12240): 	at java.util.concurrent.FutureTask.run(FutureTask.java:266)
03-27 06:06:16.296: W/aeiq(12240): 	at java.util.concurrent.ThreadPoolExecutor.runWorker(ThreadPoolExecutor.java:1162)
03-27 06:06:16.296: W/aeiq(12240): 	at java.util.concurrent.ThreadPoolExecutor$Worker.run(ThreadPoolExecutor.java:636)
03-27 06:06:16.296: W/aeiq(12240): 	at java.lang.Thread.run(Thread.java:764)
03-27 06:06:16.296: W/aeiq(12240): Caused by: android.system.ErrnoException: write failed: EBADF (Bad file descriptor)
03-27 06:06:16.296: W/aeiq(12240): 	at libcore.io.Linux.writeBytes(Native Method)
03-27 06:06:16.296: W/aeiq(12240): 	at libcore.io.Linux.write(Linux.java:286)
03-27 06:06:16.296: W/aeiq(12240): 	at libcore.io.BlockGuardOs.write(BlockGuardOs.java:345)
03-27 06:06:16.296: W/aeiq(12240): 	at libcore.io.IoBridge.write(IoBridge.java:553)
03-27 06:06:16.296: W/aeiq(12240): 	... 10 more
03-27 06:06:16.312: I/ActivityManager(918): Start proc 13421:androidx.test.tools.crawler:robov2crawldriver/u0a133 for service androidx.test.tools.crawler/.controller.CrawlDriver
03-27 06:06:16.363: V/ActivityManager(918): Attempted to start a foreground service (ComponentInfo{androidx.test.tools.crawler/androidx.test.tools.crawler.controller.CrawlDriver}) with a broken notification (no icon: Notification(channel=null pri=0 contentView=null vibrate=null sound=null defaults=0x0 flags=0x40 color=0x00000000 vis=PRIVATE))
03-27 06:06:16.370: I/Robo(13421): onStartCommand
03-27 06:06:16.422: I/System.out(13421): Current launcher Package Name: com.google.android.apps.nexuslauncher
03-27 06:06:16.425: I/Robo(13421): Robo script file is absent.
03-27 06:06:16.430: I/Robo(13421): Received 0 Robo script actions.
03-27 06:06:16.432: I/Robo(13421): Crawl guidance file does not exist.
03-27 06:06:16.527: I/Robo(13421): Number of Built-in Robo Scripts: 15
03-27 06:06:16.529: I/Robo(13421): Depth First Search Crawler Strategy Employed.
03-27 06:06:16.536: I/Robo(13421): Experiment monkeyVisionMode: true
03-27 06:06:16.569: D/OpenGLRenderer(13421): HWUI GL Pipeline
03-27 06:06:16.585: I/Adreno(13421): QUALCOMM build                   : 7142022, Ib5823dd10c
03-27 06:06:16.585: I/Adreno(13421): Build Date                       : 06/23/17
03-27 06:06:16.585: I/Adreno(13421): OpenGL ES Shader Compiler Version: EV031.18.00.00
03-27 06:06:16.585: I/Adreno(13421): Local Branch                     : O11A
03-27 06:06:16.585: I/Adreno(13421): Remote Branch                    : 
03-27 06:06:16.585: I/Adreno(13421): Remote Branch                    : 
03-27 06:06:16.585: I/Adreno(13421): Reconstruct Branch               : 
03-27 06:06:16.600: I/Adreno(13421): PFP: 0x005ff087, ME: 0x005ff063
03-27 06:06:16.603: I/OpenGLRenderer(13421): Initialized EGL, version 1.4
03-27 06:06:16.604: D/OpenGLRenderer(13421): Swap behavior 2
03-27 06:06:16.642: D/AndroidRuntime(13441): >>>>>> START com.android.internal.os.RuntimeInit uid 2000 <<<<<<
03-27 06:06:16.672: I/PackageManager.DexOptimizer(918): Running dexopt (dexoptNeeded=1) on: /data/app/vmdl1215873186.tmp/base.apk pkg=com.android.vending isa=arm dexoptFlags=boot_complete,public target-filter=quicken oatDir=/data/app/vmdl1215873186.tmp/oat sharedLibraries=null
03-27 06:06:16.735: I/dex2oat(13451): /system/bin/dex2oat --input-vdex-fd=-1 --output-vdex-fd=17 --compiler-filter=quicken --classpath-dir=/data/app/vmdl1215873186.tmp
03-27 06:06:16.756: D/AndroidRuntime(13441): Calling main entry com.android.commands.am.Am
03-27 06:06:16.763: I/ActivityManager(918): Force stopping com.avrethem.minimal appid=10132 user=0: start instr
03-27 06:06:16.763: W/StaticLayout(1260): maxLineHeight should not be -1.  maxLines:1 lineCount:1
03-27 06:06:16.776: I/ActivityManager(918): Start proc 13462:com.avrethem.minimal/u0a132 for added application com.avrethem.minimal
03-27 06:06:16.827: W/System(13462): ClassLoader referenced unknown path: 
03-27 06:06:16.905: I/CrashlyticsCore(13462): Initializing Crashlytics 2.6.1.23
03-27 06:06:16.955: I/CrashlyticsInitProvider(13462): CrashlyticsInitProvider initialization successful
03-27 06:06:17.009: W/DynamiteModule(13462): Local module descriptor class for com.google.firebase.auth not found.
03-27 06:06:17.038: D/FirebaseApp(13462): com.google.firebase.crash.FirebaseCrash is not linked. Skipping initialization.
03-27 06:06:17.038: I/FirebaseInitProvider(13462): FirebaseApp initialization successful
03-27 06:06:17.051: W/zze(13462): Application name is not set. Call Builder#setApplicationName.
03-27 06:06:17.067: I/MonitoringInstr(13462): Instrumentation started!
03-27 06:06:17.068: I/MonitoringInstr(13462): Setting context classloader to 'dalvik.system.PathClassLoader[DexPathList[[zip file "/system/framework/android.test.runner.jar", zip file "/data/app/androidx.test.tools.crawler-mCpVMg45jYDLEdfGW4eljA==/base.apk", zip file "/data/app/com.avrethem.minimal-ECtVoIpoVM_EZtwQv1ABMw==/base.apk"],nativeLibraryDirectories=[/data/app/androidx.test.tools.crawler-mCpVMg45jYDLEdfGW4eljA==/lib/arm64, /data/app/com.avrethem.minimal-ECtVoIpoVM_EZtwQv1ABMw==/lib/arm64, /system/lib64, /vendor/lib64]]]', Original: 'dalvik.system.PathClassLoader[DexPathList[[zip file "/system/framework/android.test.runner.jar", zip file "/data/app/androidx.test.tools.crawler-mCpVMg45jYDLEdfGW4eljA==/base.apk", zip file "/data/app/com.avrethem.minimal-ECtVoIpoVM_EZtwQv1ABMw==/base.apk"],nativeLibraryDirectories=[/data/app/androidx.test.tools.crawler-mCpVMg45jYDLEdfGW4eljA==/lib/arm64, /data/app/com.avrethem.minimal-ECtVoIpoVM_EZtwQv1ABMw==/lib/arm64, /system/lib64, /vendor/lib64]]]'
03-27 06:06:17.073: D/ApplicationLifecycleMonitorImpl(13462): running callback: androidx.test.tools.crawler.SignaturePatchingCallback@8e5fda9
03-27 06:06:17.093: W/DynamiteModule(13462): Local module descriptor class for com.google.firebase.auth not found.
03-27 06:06:17.113: I/FirebaseAuth(13462): [FirebaseAuth:] Loading module via FirebaseOptions.
03-27 06:06:17.113: I/FirebaseAuth(13462): [FirebaseAuth:] Preparing to create service connection to gms implementation
03-27 06:06:17.123: D/ApplicationLifecycleMonitorImpl(13462): callback completes: androidx.test.tools.crawler.SignaturePatchingCallback@8e5fda9
03-27 06:06:17.123: D/ApplicationLifecycleMonitorImpl(13462): running callback: androidx.test.tools.crawler.SignaturePatchingCallback@8e5fda9
03-27 06:06:17.123: D/ApplicationLifecycleMonitorImpl(13462): callback completes: androidx.test.tools.crawler.SignaturePatchingCallback@8e5fda9
03-27 06:06:17.126: I/MonitoringInstr(13462): No JSBridge.
03-27 06:06:17.126: I/MonitoringInstr(13462): Setting context classloader to 'dalvik.system.PathClassLoader[DexPathList[[zip file "/system/framework/android.test.runner.jar", zip file "/data/app/androidx.test.tools.crawler-mCpVMg45jYDLEdfGW4eljA==/base.apk", zip file "/data/app/com.avrethem.minimal-ECtVoIpoVM_EZtwQv1ABMw==/base.apk"],nativeLibraryDirectories=[/data/app/androidx.test.tools.crawler-mCpVMg45jYDLEdfGW4eljA==/lib/arm64, /data/app/com.avrethem.minimal-ECtVoIpoVM_EZtwQv1ABMw==/lib/arm64, /system/lib64, /vendor/lib64]]]', Original: 'dalvik.system.PathClassLoader[DexPathList[[zip file "/system/framework/android.test.runner.jar", zip file "/data/app/androidx.test.tools.crawler-mCpVMg45jYDLEdfGW4eljA==/base.apk", zip file "/data/app/com.avrethem.minimal-ECtVoIpoVM_EZtwQv1ABMw==/base.apk"],nativeLibraryDirectories=[/data/app/androidx.test.tools.crawler-mCpVMg45jYDLEdfGW4eljA==/lib/arm64, /data/app/com.avrethem.minimal-ECtVoIpoVM_EZtwQv1ABMw==/lib/arm64, /system/lib64, /vendor/lib64]]]'
03-27 06:06:17.134: I/UsageTrackerFacilitator(13462): Usage tracking disabled
03-27 06:06:17.142: D/TestExecutor(13462): Adding listener androidx.test.internal.runner.listener.LogRunListener
03-27 06:06:17.142: D/TestExecutor(13462): Adding listener androidx.test.internal.runner.listener.InstrumentationResultPrinter
03-27 06:06:17.142: D/TestExecutor(13462): Adding listener androidx.test.internal.runner.listener.ActivityFinisherRunListener
03-27 06:06:17.143: I/TestRunner(13462): run started: 1 tests
03-27 06:06:17.144: I/TestRunner(13462): started: testEntry(androidx.test.tools.crawler.CrawlPlatform)
03-27 06:06:17.146: I/MonitoringInstr(13462): Activities that are still in CREATED to STOPPED: 0
03-27 06:06:17.150: I/Robo(13462): Experiment disableNonSdkApiUsageLogging: false
03-27 06:06:17.150: I/Robo(13462): detectNonSdkApiUsage(..) is not available.
03-27 06:06:17.180: I/Robo(13462): Crawl guidance file does not exist.
03-27 06:06:17.182: I/Robo(13462): Before bind
03-27 06:06:17.183: I/Robo(13462): After bind true
03-27 06:06:17.183: I/Robo(13421): onBind
03-27 06:06:17.186: I/Robo(13462): onServiceConnected
03-27 06:06:17.190: W/Robo(13421): Current package [INITIAL_SCREEN_PACKAGE_NAME] is out of whitelisted packages
03-27 06:06:17.191: I/Robo(13421): New Screen: Optional.of(ScreenNode {Id=0, PackageName=INITIAL_SCREEN_PACKAGE_NAME, ActivityName=Optional.absent()})
03-27 06:06:17.193: I/Robo(13421): Platform is ready.
03-27 06:06:17.199: I/Robo(13421): Create an overlay
03-27 06:06:17.199: I/Robo(13421): No starting intents specified. Launching with default launcher intent.
03-27 06:06:17.200: I/Robo(13421): Starting crawl for intent Launcher activity.
03-27 06:06:17.300: I/Robo(13421): Performing LaunchAction {com.avrethem.minimal}  .
03-27 06:06:17.307: I/Robo(13462): Launching app using startActivitySync.
03-27 06:06:17.320: I/ActivityManager(918): START u0 {act=android.intent.action.MAIN cat=[android.intent.category.LAUNCHER] flg=0x14000000 pkg=com.avrethem.minimal cmp=com.avrethem.minimal/.MainActivity} from uid 10132
03-27 06:06:17.324: D/NetworkSecurityConfig(13462): No Network Security Config specified, using platform default
03-27 06:06:17.374: D/LifecycleMonitor(13462): Lifecycle status change: com.avrethem.minimal.MainActivity@d59d243 in: PRE_ON_CREATE
03-27 06:06:17.378: I/CordovaLog(13462): Changing log level to DEBUG(3)
03-27 06:06:17.378: I/CordovaActivity(13462): Apache Cordova native platform version 7.1.4 is starting
03-27 06:06:17.378: D/CordovaActivity(13462): CordovaActivity.onCreate()
03-27 06:06:17.381: D/FirebasePerformance(13462): Creating a new Non Verbose Session: b73257f231da468687282976b7bc333b
03-27 06:06:17.381: D/FirebasePerformance(13462): Creating a new Non Verbose Session: 3d59a57eb38e4205af3b30cd69126318
03-27 06:06:17.395: I/WebViewFactory(13462): Loading com.android.chrome version 66.0.3359.158 (code 335915852)
03-27 06:06:17.428: I/cr_LibraryLoader(13462): Time to load native libraries: 3 ms (timestamps 4999-5002)
03-27 06:06:17.446: I/chromium(13462): [INFO:library_loader_hooks.cc(36)] Chromium logging enabled: level = 0, default verbosity = 0
03-27 06:06:17.447: I/cr_LibraryLoader(13462): Expected native library version number "66.0.3359.158", actual native library version number "66.0.3359.158"
03-27 06:06:17.477: W/cr_ChildProcLH(13462): Create a new ChildConnectionAllocator with package name = com.android.chrome, sandboxed = true
03-27 06:06:17.494: I/cr_BrowserStartup(13462): Initializing chromium process, singleProcess=false
03-27 06:06:17.495: I/cr_base(13462): Android Locale: en_US requires .pak files: [en-GB.pak, en-US.pak]
03-27 06:06:17.504: W/vrethem.minimal(13462): type=1400 audit(0.0:205): avc: denied { read } for name="vmstat" dev="proc" ino=4026532412 scontext=u:r:untrusted_app:s0:c512,c768 tcontext=u:object_r:proc:s0 tclass=file permissive=0
03-27 06:06:17.509: I/Zygote(918): Process: zygote socket webview_zygote opened, supported ABIS: arm64-v8a,armeabi-v7a,armeabi
03-27 06:06:17.510: D/WebViewZygote(918): Preloading package /data/app/com.android.chrome-MORHZ5hSed7aG5vwnooqXA==/base.apk /data/app/com.android.chrome-MORHZ5hSed7aG5vwnooqXA==/lib/arm:/data/app/com.android.chrome-MORHZ5hSed7aG5vwnooqXA==/base.apk!/lib/armeabi-v7a
03-27 06:06:17.520: I/Zygote(918): Process: zygote socket webview_zygote opened, supported ABIS: arm64-v8a,armeabi-v7a,armeabi
03-27 06:06:17.521: I/WebViewZygoteInit(1303): Beginning package preload
03-27 06:06:17.528: W/main(1303): type=1400 audit(0.0:206): avc: denied { getattr } for path="/mnt/expand" dev="tmpfs" ino=7027 scontext=u:r:webview_zygote:s0 tcontext=u:object_r:mnt_expand_file:s0 tclass=dir permissive=0
03-27 06:06:17.584: I/WebViewZygoteInit(1303): Package preload done
03-27 06:06:17.606: E//system/bin/webview_zygote32(13570): failed to make and chown /acct/uid_99000: Permission denied
03-27 06:06:17.607: E/Zygote(13570): createProcessGroup(99000, 0) failed: Permission denied
03-27 06:06:17.607: W/ActivityManager(918): Slow operation: 122ms so far, now at startProcess: returned from zygote!
03-27 06:06:17.607: W/ActivityManager(918): Slow operation: 122ms so far, now at startProcess: done updating battery stats
03-27 06:06:17.608: W/ActivityManager(918): Slow operation: 122ms so far, now at startProcess: building log message
03-27 06:06:17.608: I/ActivityManager(918): Start proc 13570:com.android.chrome:sandboxed_process0/u0i0 for webview_service com.avrethem.minimal/org.chromium.content.app.SandboxedProcessService0
03-27 06:06:17.608: W/ActivityManager(918): Slow operation: 122ms so far, now at startProcess: starting to update pids map
03-27 06:06:17.608: W/ActivityManager(918): Slow operation: 122ms so far, now at startProcess: done updating pids map
03-27 06:06:17.608: W/ActivityManager(918): Slow operation: 122ms so far, now at startProcess: done starting proc!
03-27 06:06:17.612: W/Looper(918): Dispatch took 125ms on android.ui, h=Handler (com.android.server.am.ActivityManagerService$UiHandler) {af8af38} cb=null msg=53
03-27 06:06:17.631: E/Fabric(13462): Failed to retrieve settings from https://settings.crashlytics.com/spi/v2/platforms/android/apps/com.avrethem.minimal/settings
03-27 06:06:17.632: I/SamplingProfilerIntegration(13570): Profiling disabled.
03-27 06:06:17.634: E/Answers(13462): Failed to retrieve settings
03-27 06:06:17.653: W/CrashlyticsCore(13462): Received null settings, skipping report submission!
03-27 06:06:17.670: I/zygote64(13462): Rejecting re-init on previously-failed class java.lang.Class<com.android.webview.chromium.hb>: java.lang.NoClassDefFoundError: Failed resolution of: Landroid/webkit/SafeBrowsingResponse;
03-27 06:06:17.670: I/zygote64(13462):   at void com.android.webview.chromium.WebViewChromium.init(java.util.Map, boolean) (WebViewChromium.java:48)
03-27 06:06:17.670: I/zygote64(13462):   at void android.webkit.WebView.<init>(android.content.Context, android.util.AttributeSet, int, int, java.util.Map, boolean) (WebView.java:651)
03-27 06:06:17.670: I/zygote64(13462):   at void android.webkit.WebView.<init>(android.content.Context, android.util.AttributeSet, int, int) (WebView.java:581)
03-27 06:06:17.670: I/zygote64(13462):   at void android.webkit.WebView.<init>(android.content.Context, android.util.AttributeSet, int) (WebView.java:564)
03-27 06:06:17.670: I/zygote64(13462):   at void android.webkit.WebView.<init>(android.content.Context, android.util.AttributeSet) (WebView.java:551)
03-27 06:06:17.670: I/zygote64(13462):   at void org.apache.cordova.engine.SystemWebView.<init>(android.content.Context, android.util.AttributeSet) (SystemWebView.java:47)
03-27 06:06:17.670: I/zygote64(13462):   at void org.apache.cordova.engine.SystemWebView.<init>(android.content.Context) (SystemWebView.java:43)
03-27 06:06:17.670: I/zygote64(13462):   at void com.ionicframework.cordova.webview.IonicWebViewEngine.<init>(android.content.Context, org.apache.cordova.CordovaPreferences) (IonicWebViewEngine.java:41)
03-27 06:06:17.670: I/zygote64(13462):   at java.lang.Object java.lang.reflect.Constructor.newInstance0(java.lang.Object[]) (Constructor.java:-2)
03-27 06:06:17.670: I/zygote64(13462):   at java.lang.Object java.lang.reflect.Constructor.newInstance(java.lang.Object[]) (Constructor.java:334)
03-27 06:06:17.670: I/zygote64(13462):   at org.apache.cordova.CordovaWebViewEngine org.apache.cordova.CordovaWebViewImpl.createEngine(android.content.Context, org.apache.cordova.CordovaPreferences) (CordovaWebViewImpl.java:80)
03-27 06:06:17.670: I/zygote64(13462):   at org.apache.cordova.CordovaWebViewEngine org.apache.cordova.CordovaActivity.makeWebViewEngine() (CordovaActivity.java:206)
03-27 06:06:17.670: I/zygote64(13462):   at org.apache.cordova.CordovaWebView org.apache.cordova.CordovaActivity.makeWebView() (CordovaActivity.java:202)
03-27 06:06:17.670: I/zygote64(13462):   at void org.apache.cordova.CordovaActivity.init() (CordovaActivity.java:146)
03-27 06:06:17.670: I/zygote64(13462):   at void org.apache.cordova.CordovaActivity.loadUrl(java.lang.String) (CordovaActivity.java:224)
03-27 06:06:17.670: I/zygote64(13462):   at void com.avrethem.minimal.MainActivity.onCreate(android.os.Bundle) (MainActivity.java:39)
03-27 06:06:17.670: I/zygote64(13462):   at void android.app.Activity.performCreate(android.os.Bundle) (Activity.java:6975)
03-27 06:06:17.670: I/zygote64(13462):   at void android.app.Instrumentation.callActivityOnCreate(android.app.Activity, android.os.Bundle) (Instrumentation.java:1213)
03-27 06:06:17.670: I/zygote64(13462):   at void androidx.test.runner.MonitoringInstrumentation.callActivityOnCreate(android.app.Activity, android.os.Bundle) (MonitoringInstrumentation.java:174)
03-27 06:06:17.670: I/zygote64(13462):   at android.app.Activity android.app.ActivityThread.performLaunchActivity(android.app.ActivityThread$ActivityClientRecord, android.content.Intent) (ActivityThread.java:2770)
03-27 06:06:17.670: I/zygote64(13462):   at void android.app.ActivityThread.handleLaunchActivity(android.app.ActivityThread$ActivityClientRecord, android.content.Intent, java.lang.String) (ActivityThread.java:2892)
03-27 06:06:17.670: I/zygote64(13462):   at void android.app.ActivityThread.-wrap11(android.app.ActivityThread, android.app.ActivityThread$ActivityClientRecord, android.content.Intent, java.lang.String) (ActivityThread.java:-1)
03-27 06:06:17.670: I/zygote64(13462):   at void android.app.ActivityThread$H.handleMessage(android.os.Message) (ActivityThread.java:1593)
03-27 06:06:17.670: I/zygote64(13462):   at void android.os.Handler.dispatchMessage(android.os.Message) (Handler.java:105)
03-27 06:06:17.670: I/zygote64(13462):   at void android.os.Looper.loop() (Looper.java:164)
03-27 06:06:17.670: I/zygote64(13462):   at void android.app.ActivityThread.main(java.lang.String[]) (ActivityThread.java:6541)
03-27 06:06:17.670: I/zygote64(13462):   at java.lang.Object java.lang.reflect.Method.invoke(java.lang.Object, java.lang.Object[]) (Method.java:-2)
03-27 06:06:17.670: I/zygote64(13462):   at void com.android.internal.os.Zygote$MethodAndArgsCaller.run() (Zygote.java:240)
03-27 06:06:17.670: I/zygote64(13462):   at void com.android.internal.os.ZygoteInit.main(java.lang.String[]) (ZygoteInit.java:767)
03-27 06:06:17.670: I/zygote64(13462): Caused by: java.lang.ClassNotFoundException: Didn't find class "android.webkit.SafeBrowsingResponse" on path: DexPathList[[zip file "/data/app/com.android.chrome-MORHZ5hSed7aG5vwnooqXA==/base.apk"],nativeLibraryDirectories=[/data/app/com.android.chrome-MORHZ5hSed7aG5vwnooqXA==/lib/arm64, /data/app/com.android.chrome-MORHZ5hSed7aG5vwnooqXA==/base.apk!/lib/arm64-v8a, /system/lib64, /vendor/lib64]]
03-27 06:06:17.670: I/zygote64(13462):   at java.lang.Class dalvik.system.BaseDexClassLoader.findClass(java.lang.String) (BaseDexClassLoader.java:93)
03-27 06:06:17.670: I/zygote64(13462):   at java.lang.Class java.lang.ClassLoader.loadClass(java.lang.String, boolean) (ClassLoader.java:379)
03-27 06:06:17.670: I/zygote64(13462):   at java.lang.Class java.lang.ClassLoader.loadClass(java.lang.String) (ClassLoader.java:312)
03-27 06:06:17.670: I/zygote64(13462):   at void com.android.webview.chromium.WebViewChromium.init(java.util.Map, boolean) (WebViewChromium.java:48)
03-27 06:06:17.670: I/zygote64(13462):   at void android.webkit.WebView.<init>(android.content.Context, android.util.AttributeSet, int, int, java.util.Map, boolean) (WebView.java:651)
03-27 06:06:17.670: I/zygote64(13462):   at void android.webkit.WebView.<init>(android.content.Context, android.util.AttributeSet, int, int) (WebView.java:581)
03-27 06:06:17.670: I/zygote64(13462):   at void android.webkit.WebView.<init>(android.content.Context, android.util.AttributeSet, int) (WebView.java:564)
03-27 06:06:17.670: I/zygote64(13462):   at void android.webkit.WebView.<init>(android.content.Context, android.util.AttributeSet) (WebView.java:551)
03-27 06:06:17.670: I/zygote64(13462):   at void org.apache.cordova.engine.SystemWebView.<init>(android.content.Context, android.util.AttributeSet) (SystemWebView.java:47)
03-27 06:06:17.670: I/zygote64(13462):   at void org.apache.cordova.engine.SystemWebView.<init>(android.content.Context) (SystemWebView.java:43)
03-27 06:06:17.670: I/zygote64(13462):   at void com.ionicframework.cordova.webview.IonicWebViewEngine.<init>(android.content.Context, org.apache.cordova.CordovaPreferences) (IonicWebViewEngine.java:41)
03-27 06:06:17.670: I/zygote64(13462):   at java.lang.Object java.lang.reflect.Constructor.newInstance0(java.lang.Object[]) (Constructor.java:-2)
03-27 06:06:17.670: I/zygote64(13462):   at java.lang.Object java.lang.reflect.Constructor.newInstance(java.lang.Object[]) (Constructor.java:334)
03-27 06:06:17.670: I/zygote64(13462):   at org.apache.cordova.CordovaWebViewEngine org.apache.cordova.CordovaWebViewImpl.createEngine(android.content.Context, org.apache.cordova.CordovaPreferences) (CordovaWebViewImpl.java:80)
03-27 06:06:17.670: I/zygote64(13462):   at org.apache.cordova.CordovaWebViewEngine org.apache.cordova.CordovaActivity.makeWebViewEngine() (CordovaActivity.java:206)
03-27 06:06:17.670: I/zygote64(13462):   at org.apache.cordova.CordovaWebView org.apache.cordova.CordovaActivity.makeWebView() (CordovaActivity.java:202)
03-27 06:06:17.670: I/zygote64(13462):   at void org.apache.cordova.CordovaActivity.init() (CordovaActivity.java:146)
03-27 06:06:17.670: I/zygote64(13462):   at void org.apache.cordova.CordovaActivity.loadUrl(java.lang.String) (CordovaActivity.java:224)
03-27 06:06:17.670: I/zygote64(13462):   at void com.avrethem.minimal.MainActivity.onCreate(android.os.Bundle) (MainActivity.java:39)
03-27 06:06:17.670: I/zygote64(13462):   at void android.app.Activity.performCreate(android.os.Bundle) (Activity.java:6975)
03-27 06:06:17.670: I/zygote64(13462):   at void android.app.Instrumentation.callActivityOnCreate(android.app.Activity, android.os.Bundle) (Instrumentation.java:1213)
03-27 06:06:17.670: I/zygote64(13462):   at void androidx.test.runner.MonitoringInstrumentation.callActivityOnCreate(android.app.Activity, android.os.Bundle) (MonitoringInstrumentation.java:174)
03-27 06:06:17.670: I/zygote64(13462):   at android.app.Activity android.app.ActivityThread.performLaunchActivity(android.app.ActivityThread$ActivityClientRecord, android.content.Intent) (ActivityThread.java:2770)
03-27 06:06:17.670: I/zygote64(13462):   at void android.app.ActivityThread.handleLaunchActivity(android.app.ActivityThread$ActivityClientRecord, android.content.Intent, java.lang.String) (ActivityThread.java:2892)
03-27 06:06:17.670: I/zygote64(13462):   at void android.app.ActivityThread.-wrap11(android.app.ActivityThread, android.app.ActivityThread$ActivityClientRecord, android.content.Intent, java.lang.String) (ActivityThread.java:-1)
03-27 06:06:17.670: I/zygote64(13462):   at void android.app.ActivityThread$H.handleMessage(android.os.Message) (ActivityThread.java:1593)
03-27 06:06:17.670: I/zygote64(13462):   at void android.os.Handler.dispatchMessage(android.os.Message) (Handler.java:105)
03-27 06:06:17.671: I/zygote64(13462):   at void android.os.Looper.loop() (Looper.java:164)
03-27 06:06:17.671: I/zygote64(13462):   at void android.app.ActivityThread.main(java.lang.String[]) (ActivityThread.java:6541)
03-27 06:06:17.671: I/zygote64(13462):   at java.lang.Object java.lang.reflect.Method.invoke(java.lang.Object, java.lang.Object[]) (Method.java:-2)
03-27 06:06:17.671: I/zygote64(13462):   at void com.android.internal.os.Zygote$MethodAndArgsCaller.run() (Zygote.java:240)
03-27 06:06:17.671: I/zygote64(13462):   at void com.android.internal.os.ZygoteInit.main(java.lang.String[]) (ZygoteInit.java:767)
03-27 06:06:17.672: I/zygote64(13462): Rejecting re-init on previously-failed class java.lang.Class<com.android.webview.chromium.hb>: java.lang.NoClassDefFoundError: Failed resolution of: Landroid/webkit/SafeBrowsingResponse;
03-27 06:06:17.672: I/zygote64(13462):   at void com.android.webview.chromium.WebViewChromium.init(java.util.Map, boolean) (WebViewChromium.java:48)
03-27 06:06:17.672: I/zygote64(13462):   at void android.webkit.WebView.<init>(android.content.Context, android.util.AttributeSet, int, int, java.util.Map, boolean) (WebView.java:651)
03-27 06:06:17.672: I/zygote64(13462):   at void android.webkit.WebView.<init>(android.content.Context, android.util.AttributeSet, int, int) (WebView.java:581)
03-27 06:06:17.672: I/zygote64(13462):   at void android.webkit.WebView.<init>(android.content.Context, android.util.AttributeSet, int) (WebView.java:564)
03-27 06:06:17.672: I/zygote64(13462):   at void android.webkit.WebView.<init>(android.content.Context, android.util.AttributeSet) (WebView.java:551)
03-27 06:06:17.672: I/zygote64(13462):   at void org.apache.cordova.engine.SystemWebView.<init>(android.content.Context, android.util.AttributeSet) (SystemWebView.java:47)
03-27 06:06:17.672: I/zygote64(13462):   at void org.apache.cordova.engine.SystemWebView.<init>(android.content.Context) (SystemWebView.java:43)
03-27 06:06:17.672: I/zygote64(13462):   at void com.ionicframework.cordova.webview.IonicWebViewEngine.<init>(android.content.Context, org.apache.cordova.CordovaPreferences) (IonicWebViewEngine.java:41)
03-27 06:06:17.672: I/zygote64(13462):   at java.lang.Object java.lang.reflect.Constructor.newInstance0(java.lang.Object[]) (Constructor.java:-2)
03-27 06:06:17.672: I/zygote64(13462):   at java.lang.Object java.lang.reflect.Constructor.newInstance(java.lang.Object[]) (Constructor.java:334)
03-27 06:06:17.672: I/zygote64(13462):   at org.apache.cordova.CordovaWebViewEngine org.apache.cordova.CordovaWebViewImpl.createEngine(android.content.Context, org.apache.cordova.CordovaPreferences) (CordovaWebViewImpl.java:80)
03-27 06:06:17.672: I/zygote64(13462):   at org.apache.cordova.CordovaWebViewEngine org.apache.cordova.CordovaActivity.makeWebViewEngine() (CordovaActivity.java:206)
03-27 06:06:17.672: I/zygote64(13462):   at org.apache.cordova.CordovaWebView org.apache.cordova.CordovaActivity.makeWebView() (CordovaActivity.java:202)
03-27 06:06:17.672: I/zygote64(13462):   at void org.apache.cordova.CordovaActivity.init() (CordovaActivity.java:146)
03-27 06:06:17.672: I/zygote64(13462):   at void org.apache.cordova.CordovaActivity.loadUrl(java.lang.String) (CordovaActivity.java:224)
03-27 06:06:17.672: I/zygote64(13462):   at void com.avrethem.minimal.MainActivity.onCreate(android.os.Bundle) (MainActivity.java:39)
03-27 06:06:17.672: I/zygote64(13462):   at void android.app.Activity.performCreate(android.os.Bundle) (Activity.java:6975)
03-27 06:06:17.672: I/zygote64(13462):   at void android.app.Instrumentation.callActivityOnCreate(android.app.Activity, android.os.Bundle) (Instrumentation.java:1213)
03-27 06:06:17.672: I/zygote64(13462):   at void androidx.test.runner.MonitoringInstrumentation.callActivityOnCreate(android.app.Activity, android.os.Bundle) (MonitoringInstrumentation.java:174)
03-27 06:06:17.672: I/zygote64(13462):   at android.app.Activity android.app.ActivityThread.performLaunchActivity(android.app.ActivityThread$ActivityClientRecord, android.content.Intent) (ActivityThread.java:2770)
03-27 06:06:17.672: I/zygote64(13462):   at void android.app.ActivityThread.handleLaunchActivity(android.app.ActivityThread$ActivityClientRecord, android.content.Intent, java.lang.String) (ActivityThread.java:2892)
03-27 06:06:17.672: I/zygote64(13462):   at void android.app.ActivityThread.-wrap11(android.app.ActivityThread, android.app.ActivityThread$ActivityClientRecord, android.content.Intent, java.lang.String) (ActivityThread.java:-1)
03-27 06:06:17.672: I/zygote64(13462):   at void android.app.ActivityThread$H.handleMessage(android.os.Message) (ActivityThread.java:1593)
03-27 06:06:17.672: I/zygote64(13462):   at void android.os.Handler.dispatchMessage(android.os.Message) (Handler.java:105)
03-27 06:06:17.672: I/zygote64(13462):   at void android.os.Looper.loop() (Looper.java:164)
03-27 06:06:17.672: I/zygote64(13462):   at void android.app.ActivityThread.main(java.lang.String[]) (ActivityThread.java:6541)
03-27 06:06:17.672: I/zygote64(13462):   at java.lang.Object java.lang.reflect.Method.invoke(java.lang.Object, java.lang.Object[]) (Method.java:-2)
03-27 06:06:17.672: I/zygote64(13462):   at void com.android.internal.os.Zygote$MethodAndArgsCaller.run() (Zygote.java:240)
03-27 06:06:17.672: I/zygote64(13462):   at void com.android.internal.os.ZygoteInit.main(java.lang.String[]) (ZygoteInit.java:767)
03-27 06:06:17.672: I/zygote64(13462): Caused by: java.lang.ClassNotFoundException: Didn't find class "android.webkit.SafeBrowsingResponse" on path: DexPathList[[zip file "/data/app/com.android.chrome-MORHZ5hSed7aG5vwnooqXA==/base.apk"],nativeLibraryDirectories=[/data/app/com.android.chrome-MORHZ5hSed7aG5vwnooqXA==/lib/arm64, /data/app/com.android.chrome-MORHZ5hSed7aG5vwnooqXA==/base.apk!/lib/arm64-v8a, /system/lib64, /vendor/lib64]]
03-27 06:06:17.672: I/zygote64(13462):   at java.lang.Class dalvik.system.BaseDexClassLoader.findClass(java.lang.String) (BaseDexClassLoader.java:93)
03-27 06:06:17.672: I/zygote64(13462):   at java.lang.Class java.lang.ClassLoader.loadClass(java.lang.String, boolean) (ClassLoader.java:379)
03-27 06:06:17.672: I/zygote64(13462):   at java.lang.Class java.lang.ClassLoader.loadClass(java.lang.String) (ClassLoader.java:312)
03-27 06:06:17.672: I/zygote64(13462):   at void com.android.webview.chromium.WebViewChromium.init(java.util.Map, boolean) (WebViewChromium.java:48)
03-27 06:06:17.672: I/zygote64(13462):   at void android.webkit.WebView.<init>(android.content.Context, android.util.AttributeSet, int, int, java.util.Map, boolean) (WebView.java:651)
03-27 06:06:17.672: I/zygote64(13462):   at void android.webkit.WebView.<init>(android.content.Context, android.util.AttributeSet, int, int) (WebView.java:581)
03-27 06:06:17.672: I/zygote64(13462):   at void android.webkit.WebView.<init>(android.content.Context, android.util.AttributeSet, int) (WebView.java:564)
03-27 06:06:17.672: I/zygote64(13462):   at void android.webkit.WebView.<init>(android.content.Context, android.util.AttributeSet) (WebView.java:551)
03-27 06:06:17.672: I/zygote64(13462):   at void org.apache.cordova.engine.SystemWebView.<init>(android.content.Context, android.util.AttributeSet) (SystemWebView.java:47)
03-27 06:06:17.672: I/zygote64(13462):   at void org.apache.cordova.engine.SystemWebView.<init>(android.content.Context) (SystemWebView.java:43)
03-27 06:06:17.672: I/zygote64(13462):   at void com.ionicframework.cordova.webview.IonicWebViewEngine.<init>(android.content.Context, org.apache.cordova.CordovaPreferences) (IonicWebViewEngine.java:41)
03-27 06:06:17.672: I/zygote64(13462):   at java.lang.Object java.lang.reflect.Constructor.newInstance0(java.lang.Object[]) (Constructor.java:-2)
03-27 06:06:17.672: I/zygote64(13462):   at java.lang.Object java.lang.reflect.Constructor.newInstance(java.lang.Object[]) (Constructor.java:334)
03-27 06:06:17.672: I/zygote64(13462):   at org.apache.cordova.CordovaWebViewEngine org.apache.cordova.CordovaWebViewImpl.createEngine(android.content.Context, org.apache.cordova.CordovaPreferences) (CordovaWebViewImpl.java:80)
03-27 06:06:17.672: I/zygote64(13462):   at org.apache.cordova.CordovaWebViewEngine org.apache.cordova.CordovaActivity.makeWebViewEngine() (CordovaActivity.java:206)
03-27 06:06:17.672: I/zygote64(13462):   at org.apache.cordova.CordovaWebView org.apache.cordova.CordovaActivity.makeWebView() (CordovaActivity.java:202)
03-27 06:06:17.672: I/zygote64(13462):   at void org.apache.cordova.CordovaActivity.init() (CordovaActivity.java:146)
03-27 06:06:17.672: I/zygote64(13462):   at void org.apache.cordova.CordovaActivity.loadUrl(java.lang.String) (CordovaActivity.java:224)
03-27 06:06:17.672: I/zygote64(13462):   at void com.avrethem.minimal.MainActivity.onCreate(android.os.Bundle) (MainActivity.java:39)
03-27 06:06:17.672: I/zygote64(13462):   at void android.app.Activity.performCreate(android.os.Bundle) (Activity.java:6975)
03-27 06:06:17.672: I/zygote64(13462):   at void android.app.Instrumentation.callActivityOnCreate(android.app.Activity, android.os.Bundle) (Instrumentation.java:1213)
03-27 06:06:17.672: I/zygote64(13462):   at void androidx.test.runner.MonitoringInstrumentation.callActivityOnCreate(android.app.Activity, android.os.Bundle) (MonitoringInstrumentation.java:174)
03-27 06:06:17.672: I/zygote64(13462):   at android.app.Activity android.app.ActivityThread.performLaunchActivity(android.app.ActivityThread$ActivityClientRecord, android.content.Intent) (ActivityThread.java:2770)
03-27 06:06:17.672: I/zygote64(13462):   at void android.app.ActivityThread.handleLaunchActivity(android.app.ActivityThread$ActivityClientRecord, android.content.Intent, java.lang.String) (ActivityThread.java:2892)
03-27 06:06:17.672: I/zygote64(13462):   at void android.app.ActivityThread.-wrap11(android.app.ActivityThread, android.app.ActivityThread$ActivityClientRecord, android.content.Intent, java.lang.String) (ActivityThread.java:-1)
03-27 06:06:17.672: I/zygote64(13462):   at void android.app.ActivityThread$H.handleMessage(android.os.Message) (ActivityThread.java:1593)
03-27 06:06:17.672: I/zygote64(13462):   at void android.os.Handler.dispatchMessage(android.os.Message) (Handler.java:105)
03-27 06:06:17.672: I/zygote64(13462):   at void android.os.Looper.loop() (Looper.java:164)
03-27 06:06:17.672: I/zygote64(13462):   at void android.app.ActivityThread.main(java.lang.String[]) (ActivityThread.java:6541)
03-27 06:06:17.672: I/zygote64(13462):   at java.lang.Object java.lang.reflect.Method.invoke(java.lang.Object, java.lang.Object[]) (Method.java:-2)
03-27 06:06:17.672: I/zygote64(13462):   at void com.android.internal.os.Zygote$MethodAndArgsCaller.run() (Zygote.java:240)
03-27 06:06:17.672: I/zygote64(13462):   at void com.android.internal.os.ZygoteInit.main(java.lang.String[]) (ZygoteInit.java:767)
03-27 06:06:17.673: I/zygote64(13462): Rejecting re-init on previously-failed class java.lang.Class<com.android.webview.chromium.hb>: java.lang.NoClassDefFoundError: Failed resolution of: Landroid/webkit/SafeBrowsingResponse;
03-27 06:06:17.673: I/zygote64(13462):   at void com.android.webview.chromium.WebViewChromium.init(java.util.Map, boolean) (WebViewChromium.java:48)
03-27 06:06:17.673: I/zygote64(13462):   at void android.webkit.WebView.<init>(android.content.Context, android.util.AttributeSet, int, int, java.util.Map, boolean) (WebView.java:651)
03-27 06:06:17.673: I/zygote64(13462):   at void android.webkit.WebView.<init>(android.content.Context, android.util.AttributeSet, int, int) (WebView.java:581)
03-27 06:06:17.673: I/zygote64(13462):   at void android.webkit.WebView.<init>(android.content.Context, android.util.AttributeSet, int) (WebView.java:564)
03-27 06:06:17.673: I/zygote64(13462):   at void android.webkit.WebView.<init>(android.content.Context, android.util.AttributeSet) (WebView.java:551)
03-27 06:06:17.673: I/zygote64(13462):   at void org.apache.cordova.engine.SystemWebView.<init>(android.content.Context, android.util.AttributeSet) (SystemWebView.java:47)
03-27 06:06:17.673: I/zygote64(13462):   at void org.apache.cordova.engine.SystemWebView.<init>(android.content.Context) (SystemWebView.java:43)
03-27 06:06:17.673: I/zygote64(13462):   at void com.ionicframework.cordova.webview.IonicWebViewEngine.<init>(android.content.Context, org.apache.cordova.CordovaPreferences) (IonicWebViewEngine.java:41)
03-27 06:06:17.673: I/zygote64(13462):   at java.lang.Object java.lang.reflect.Constructor.newInstance0(java.lang.Object[]) (Constructor.java:-2)
03-27 06:06:17.673: I/zygote64(13462):   at java.lang.Object java.lang.reflect.Constructor.newInstance(java.lang.Object[]) (Constructor.java:334)
03-27 06:06:17.673: I/zygote64(13462):   at org.apache.cordova.CordovaWebViewEngine org.apache.cordova.CordovaWebViewImpl.createEngine(android.content.Context, org.apache.cordova.CordovaPreferences) (CordovaWebViewImpl.java:80)
03-27 06:06:17.673: I/zygote64(13462):   at org.apache.cordova.CordovaWebViewEngine org.apache.cordova.CordovaActivity.makeWebViewEngine() (CordovaActivity.java:206)
03-27 06:06:17.673: I/zygote64(13462):   at org.apache.cordova.CordovaWebView org.apache.cordova.CordovaActivity.makeWebView() (CordovaActivity.java:202)
03-27 06:06:17.673: I/zygote64(13462):   at void org.apache.cordova.CordovaActivity.init() (CordovaActivity.java:146)
03-27 06:06:17.673: I/zygote64(13462):   at void org.apache.cordova.CordovaActivity.loadUrl(java.lang.String) (CordovaActivity.java:224)
03-27 06:06:17.673: I/zygote64(13462):   at void com.avrethem.minimal.MainActivity.onCreate(android.os.Bundle) (MainActivity.java:39)
03-27 06:06:17.673: I/zygote64(13462):   at void android.app.Activity.performCreate(android.os.Bundle) (Activity.java:6975)
03-27 06:06:17.673: I/zygote64(13462):   at void android.app.Instrumentation.callActivityOnCreate(android.app.Activity, android.os.Bundle) (Instrumentation.java:1213)
03-27 06:06:17.673: I/zygote64(13462):   at void androidx.test.runner.MonitoringInstrumentation.callActivityOnCreate(android.app.Activity, android.os.Bundle) (MonitoringInstrumentation.java:174)
03-27 06:06:17.673: I/zygote64(13462):   at android.app.Activity android.app.ActivityThread.performLaunchActivity(android.app.ActivityThread$ActivityClientRecord, android.content.Intent) (ActivityThread.java:2770)
03-27 06:06:17.673: I/zygote64(13462):   at void android.app.ActivityThread.handleLaunchActivity(android.app.ActivityThread$ActivityClientRecord, android.content.Intent, java.lang.String) (ActivityThread.java:2892)
03-27 06:06:17.673: I/zygote64(13462):   at void android.app.ActivityThread.-wrap11(android.app.ActivityThread, android.app.ActivityThread$ActivityClientRecord, android.content.Intent, java.lang.String) (ActivityThread.java:-1)
03-27 06:06:17.673: I/zygote64(13462):   at void android.app.ActivityThread$H.handleMessage(android.os.Message) (ActivityThread.java:1593)
03-27 06:06:17.673: I/zygote64(13462):   at void android.os.Handler.dispatchMessage(android.os.Message) (Handler.java:105)
03-27 06:06:17.673: I/zygote64(13462):   at void android.os.Looper.loop() (Looper.java:164)
03-27 06:06:17.673: I/zygote64(13462):   at void android.app.ActivityThread.main(java.lang.String[]) (ActivityThread.java:6541)
03-27 06:06:17.673: I/zygote64(13462):   at java.lang.Object java.lang.reflect.Method.invoke(java.lang.Object, java.lang.Object[]) (Method.java:-2)
03-27 06:06:17.673: I/zygote64(13462):   at void com.android.internal.os.Zygote$MethodAndArgsCaller.run() (Zygote.java:240)
03-27 06:06:17.673: I/zygote64(13462):   at void com.android.internal.os.ZygoteInit.main(java.lang.String[]) (ZygoteInit.java:767)
03-27 06:06:17.673: I/zygote64(13462): Caused by: java.lang.ClassNotFoundException: Didn't find class "android.webkit.SafeBrowsingResponse" on path: DexPathList[[zip file "/data/app/com.android.chrome-MORHZ5hSed7aG5vwnooqXA==/base.apk"],nativeLibraryDirectories=[/data/app/com.android.chrome-MORHZ5hSed7aG5vwnooqXA==/lib/arm64, /data/app/com.android.chrome-MORHZ5hSed7aG5vwnooqXA==/base.apk!/lib/arm64-v8a, /system/lib64, /vendor/lib64]]
03-27 06:06:17.673: I/zygote64(13462):   at java.lang.Class dalvik.system.BaseDexClassLoader.findClass(java.lang.String) (BaseDexClassLoader.java:93)
03-27 06:06:17.673: I/zygote64(13462):   at java.lang.Class java.lang.ClassLoader.loadClass(java.lang.String, boolean) (ClassLoader.java:379)
03-27 06:06:17.673: I/zygote64(13462):   at java.lang.Class java.lang.ClassLoader.loadClass(java.lang.String) (ClassLoader.java:312)
03-27 06:06:17.673: I/zygote64(13462):   at void com.android.webview.chromium.WebViewChromium.init(java.util.Map, boolean) (WebViewChromium.java:48)
03-27 06:06:17.673: I/zygote64(13462):   at void android.webkit.WebView.<init>(android.content.Context, android.util.AttributeSet, int, int, java.util.Map, boolean) (WebView.java:651)
03-27 06:06:17.673: I/zygote64(13462):   at void android.webkit.WebView.<init>(android.content.Context, android.util.AttributeSet, int, int) (WebView.java:581)
03-27 06:06:17.673: I/zygote64(13462):   at void android.webkit.WebView.<init>(android.content.Context, android.util.AttributeSet, int) (WebView.java:564)
03-27 06:06:17.673: I/zygote64(13462):   at void android.webkit.WebView.<init>(android.content.Context, android.util.AttributeSet) (WebView.java:551)
03-27 06:06:17.673: I/zygote64(13462):   at void org.apache.cordova.engine.SystemWebView.<init>(android.content.Context, android.util.AttributeSet) (SystemWebView.java:47)
03-27 06:06:17.673: I/zygote64(13462):   at void org.apache.cordova.engine.SystemWebView.<init>(android.content.Context) (SystemWebView.java:43)
03-27 06:06:17.673: I/zygote64(13462):   at void com.ionicframework.cordova.webview.IonicWebViewEngine.<init>(android.content.Context, org.apache.cordova.CordovaPreferences) (IonicWebViewEngine.java:41)
03-27 06:06:17.673: I/zygote64(13462):   at java.lang.Object java.lang.reflect.Constructor.newInstance0(java.lang.Object[]) (Constructor.java:-2)
