03-27 06:06:01.112: W/ModuleInitIntentOp(7163): Dropping unexpected action com.google.android.gms.phenotype.COMMITTED
03-27 06:06:01.115: I/PTCommittedOperation(7156): Receive new configuration for com.google.android.gms.trustagent
03-27 06:06:01.136: E/ExecutionCriteria(7156): Package unavailable for task: com.google.android.videos/com.google.android.apps.play.movies.common.service.player.logging.QoePingService{u=0 tag="flush_qoe_logs" trigger=window{period=86400s,flex=86400s,earliest=-25292687s,latest=-25206287s} requirements=[NET_UNMETERED,CHARGING] attributes=[PERSISTED,RECURRING] scheduled=-25292687s last_run=N/A jid=N/A status=PENDING retries=0 client_lib=MANCHEGO_GCM-10400000}
03-27 06:06:01.136: E/ExecutionCriteria(7156): Package unavailable for task: com.google.android.videos/com.google.android.apps.play.movies.common.service.drm.RefreshLicenseTaskService{u=0 tag="refresh_license" trigger=window{period=172800s,flex=172800s,earliest=-25206287s,latest=-25033487s} requirements=[NET_CONNECTED] attributes=[PERSISTED,RECURRING] scheduled=-25206287s last_run=N/A jid=N/A status=PENDING retries=0 client_lib=MANCHEGO_GCM-10400000}
03-27 06:06:01.169: E/ExecutionCriteria(7156): Package unavailable for task: com.google.android.videos/com.google.android.apps.play.movies.common.FlushLogsTaskService{u=0 tag="flush_logs" trigger=window{period=86400s,flex=57600s,earliest=23544s,latest=81144s} requirements=[NET_UNMETERED,CHARGING] attributes=[PERSISTED,RECURRING] scheduled=-5255s last_run=N/A jid=N/A status=PENDING retries=0 client_lib=MANCHEGO_GCM-10400000}
03-27 06:06:01.170: E/ExecutionCriteria(7156): Package unavailable for task: com.google.android.apps.gcs/.service.WfaStateTaskService{u=0 tag="WfaStateTask" trigger=window{period=518400s,flex=86400s,earliest=426843s,latest=513243s} requirements=[NET_ANY] attributes=[PERSISTED,RECURRING] scheduled=-5156s last_run=N/A jid=N/A status=PENDING retries=0 client_lib=MANCHEGO_GCM-11732000}
03-27 06:06:01.179: W/ModuleInitIntentOp(7163): Dropping unexpected action com.google.android.gms.phenotype.COMMITTED
03-27 06:06:01.187: I/PTCommittedOperation(7156): Receive new configuration for com.google.android.gms.trustlet_onbody
03-27 06:06:01.208: W/ModuleInitIntentOp(7163): Dropping unexpected action com.google.android.gms.phenotype.COMMITTED
03-27 06:06:01.243: I/PTCommittedOperation(7156): Receive new configuration for com.google.android.gms.languageprofile
03-27 06:06:01.245: W/ModuleInitIntentOp(7163): Dropping unexpected action com.google.android.gms.phenotype.COMMITTED
03-27 06:06:01.277: E/ExecutionCriteria(7156): Package unavailable for task: com.google.android.videos/com.google.android.apps.play.movies.common.service.player.logging.QoePingService{u=0 tag="flush_qoe_logs" trigger=window{period=86400s,flex=86400s,earliest=-25292688s,latest=-25206288s} requirements=[NET_UNMETERED,CHARGING] attributes=[PERSISTED,RECURRING] scheduled=-25292688s last_run=N/A jid=N/A status=PENDING retries=0 client_lib=MANCHEGO_GCM-10400000}
03-27 06:06:01.277: E/ExecutionCriteria(7156): Package unavailable for task: com.google.android.videos/com.google.android.apps.play.movies.common.service.drm.RefreshLicenseTaskService{u=0 tag="refresh_license" trigger=window{period=172800s,flex=172800s,earliest=-25206287s,latest=-25033487s} requirements=[NET_CONNECTED] attributes=[PERSISTED,RECURRING] scheduled=-25206287s last_run=N/A jid=N/A status=PENDING retries=0 client_lib=MANCHEGO_GCM-10400000}
03-27 06:06:01.308: I/PTCommittedOperation(7156): Receive new configuration for com.google.android.gms.games
03-27 06:06:01.345: E/ExecutionCriteria(7156): Package unavailable for task: com.google.android.videos/com.google.android.apps.play.movies.common.FlushLogsTaskService{u=0 tag="flush_logs" trigger=window{period=86400s,flex=57600s,earliest=23543s,latest=81143s} requirements=[NET_UNMETERED,CHARGING] attributes=[PERSISTED,RECURRING] scheduled=-5256s last_run=N/A jid=N/A status=PENDING retries=0 client_lib=MANCHEGO_GCM-10400000}
03-27 06:06:01.351: E/ExecutionCriteria(7156): Package unavailable for task: com.google.android.apps.gcs/.service.WfaStateTaskService{u=0 tag="WfaStateTask" trigger=window{period=518400s,flex=86400s,earliest=426843s,latest=513243s} requirements=[NET_ANY] attributes=[PERSISTED,RECURRING] scheduled=-5156s last_run=N/A jid=N/A status=PENDING retries=0 client_lib=MANCHEGO_GCM-11732000}
03-27 06:06:01.366: E/ExecutionCriteria(7156): Package unavailable for task: com.google.android.videos/com.google.android.apps.play.movies.common.service.player.logging.QoePingService{u=0 tag="flush_qoe_logs" trigger=window{period=86400s,flex=86400s,earliest=-25292688s,latest=-25206288s} requirements=[NET_UNMETERED,CHARGING] attributes=[PERSISTED,RECURRING] scheduled=-25292688s last_run=N/A jid=N/A status=PENDING retries=0 client_lib=MANCHEGO_GCM-10400000}
03-27 06:06:01.367: E/ExecutionCriteria(7156): Package unavailable for task: com.google.android.videos/com.google.android.apps.play.movies.common.service.drm.RefreshLicenseTaskService{u=0 tag="refresh_license" trigger=window{period=172800s,flex=172800s,earliest=-25206288s,latest=-25033488s} requirements=[NET_CONNECTED] attributes=[PERSISTED,RECURRING] scheduled=-25206288s last_run=N/A jid=N/A status=PENDING retries=0 client_lib=MANCHEGO_GCM-10400000}
03-27 06:06:01.380: E/ExecutionCriteria(7156): Package unavailable for task: com.google.android.videos/com.google.android.apps.play.movies.common.FlushLogsTaskService{u=0 tag="flush_logs" trigger=window{period=86400s,flex=57600s,earliest=23543s,latest=81143s} requirements=[NET_UNMETERED,CHARGING] attributes=[PERSISTED,RECURRING] scheduled=-5256s last_run=N/A jid=N/A status=PENDING retries=0 client_lib=MANCHEGO_GCM-10400000}
03-27 06:06:01.389: E/ExecutionCriteria(7156): Package unavailable for task: com.google.android.apps.gcs/.service.WfaStateTaskService{u=0 tag="WfaStateTask" trigger=window{period=518400s,flex=86400s,earliest=426843s,latest=513243s} requirements=[NET_ANY] attributes=[PERSISTED,RECURRING] scheduled=-5156s last_run=N/A jid=N/A status=PENDING retries=0 client_lib=MANCHEGO_GCM-11732000}
03-27 06:06:01.391: I/NetworkScheduler(7156): ignoring stale queue check message
03-27 06:06:01.398: I/peCommitFirebaseService(12531): onStartJob, tag=PhenotypeCommitFirebase
03-27 06:06:01.425: E/ExecutionCriteria(7156): Package unavailable for task: com.google.android.videos/com.google.android.apps.play.movies.common.service.player.logging.QoePingService{u=0 tag="flush_qoe_logs" trigger=window{period=86400s,flex=86400s,earliest=-25292688s,latest=-25206288s} requirements=[NET_UNMETERED,CHARGING] attributes=[PERSISTED,RECURRING] scheduled=-25292688s last_run=N/A jid=N/A status=PENDING retries=0 client_lib=MANCHEGO_GCM-10400000}
03-27 06:06:01.425: E/ExecutionCriteria(7156): Package unavailable for task: com.google.android.videos/com.google.android.apps.play.movies.common.service.drm.RefreshLicenseTaskService{u=0 tag="refresh_license" trigger=window{period=172800s,flex=172800s,earliest=-25206288s,latest=-25033488s} requirements=[NET_CONNECTED] attributes=[PERSISTED,RECURRING] scheduled=-25206288s last_run=N/A jid=N/A status=PENDING retries=0 client_lib=MANCHEGO_GCM-10400000}
03-27 06:06:01.451: I/zygote64(7156): Background concurrent copying GC freed 166838(8MB) AllocSpace objects, 11(268KB) LOS objects, 49% free, 8MB/17MB, paused 627us total 134.287ms
03-27 06:06:01.474: E/ExecutionCriteria(7156): Package unavailable for task: com.google.android.videos/com.google.android.apps.play.movies.common.FlushLogsTaskService{u=0 tag="flush_logs" trigger=window{period=86400s,flex=57600s,earliest=23543s,latest=81143s} requirements=[NET_UNMETERED,CHARGING] attributes=[PERSISTED,RECURRING] scheduled=-5256s last_run=N/A jid=N/A status=PENDING retries=0 client_lib=MANCHEGO_GCM-10400000}
03-27 06:06:01.483: E/ExecutionCriteria(7156): Package unavailable for task: com.google.android.apps.gcs/.service.WfaStateTaskService{u=0 tag="WfaStateTask" trigger=window{period=518400s,flex=86400s,earliest=426843s,latest=513243s} requirements=[NET_ANY] attributes=[PERSISTED,RECURRING] scheduled=-5156s last_run=N/A jid=N/A status=PENDING retries=0 client_lib=MANCHEGO_GCM-11732000}
03-27 06:06:01.495: I/peCommitFirebaseService(12531): onFinishJob, tag=PhenotypeCommitFirebase, status=SUCCESS
03-27 06:06:01.504: I/ActivityManager(918): Killing 10488:com.google.android.partnersetup/u0a28 (adj 906): empty #17
03-27 06:06:01.546: E/ExecutionCriteria(7156): Package unavailable for task: com.google.android.videos/com.google.android.apps.play.movies.common.service.player.logging.QoePingService{u=0 tag="flush_qoe_logs" trigger=window{period=86400s,flex=86400s,earliest=-25292688s,latest=-25206288s} requirements=[NET_UNMETERED,CHARGING] attributes=[PERSISTED,RECURRING] scheduled=-25292688s last_run=N/A jid=N/A status=PENDING retries=0 client_lib=MANCHEGO_GCM-10400000}
03-27 06:06:01.546: E/ExecutionCriteria(7156): Package unavailable for task: com.google.android.videos/com.google.android.apps.play.movies.common.service.drm.RefreshLicenseTaskService{u=0 tag="refresh_license" trigger=window{period=172800s,flex=172800s,earliest=-25206288s,latest=-25033488s} requirements=[NET_CONNECTED] attributes=[PERSISTED,RECURRING] scheduled=-25206288s last_run=N/A jid=N/A status=PENDING retries=0 client_lib=MANCHEGO_GCM-10400000}
03-27 06:06:01.573: E/ExecutionCriteria(7156): Package unavailable for task: com.google.android.videos/com.google.android.apps.play.movies.common.FlushLogsTaskService{u=0 tag="flush_logs" trigger=window{period=86400s,flex=57600s,earliest=23543s,latest=81143s} requirements=[NET_UNMETERED,CHARGING] attributes=[PERSISTED,RECURRING] scheduled=-5256s last_run=N/A jid=N/A status=PENDING retries=0 client_lib=MANCHEGO_GCM-10400000}
03-27 06:06:01.579: E/ExecutionCriteria(7156): Package unavailable for task: com.google.android.apps.gcs/.service.WfaStateTaskService{u=0 tag="WfaStateTask" trigger=window{period=518400s,flex=86400s,earliest=426843s,latest=513243s} requirements=[NET_ANY] attributes=[PERSISTED,RECURRING] scheduled=-5156s last_run=N/A jid=N/A status=PENDING retries=0 client_lib=MANCHEGO_GCM-11732000}
03-27 06:06:01.600: I/TestSupport(7163): AwaitCommitOperation: uncommitted: FlagOverride(com.google.android.gms.auth_account, , Flag(auth_sig_override_sha1, '3fa1a173d4b3bb4444657c07366b8b76039f6de3', 4, 0), false)
03-27 06:06:01.600: I/TestSupport(7163): AwaitCommitOperation:  sleeping for 2560 msec.
03-27 06:06:01.946: V/NativeCrypto(13105): Registering com/google/android/gms/org/conscrypt/NativeCrypto's 287 native methods...
03-27 06:06:01.995: E/ExecutionCriteria(7156): Package unavailable for task: com.google.android.videos/com.google.android.apps.play.movies.common.service.player.logging.QoePingService{u=0 tag="flush_qoe_logs" trigger=window{period=86400s,flex=86400s,earliest=-25292688s,latest=-25206288s} requirements=[NET_UNMETERED,CHARGING] attributes=[PERSISTED,RECURRING] scheduled=-25292688s last_run=N/A jid=N/A status=PENDING retries=0 client_lib=MANCHEGO_GCM-10400000}
03-27 06:06:01.995: E/ExecutionCriteria(7156): Package unavailable for task: com.google.android.videos/com.google.android.apps.play.movies.common.service.drm.RefreshLicenseTaskService{u=0 tag="refresh_license" trigger=window{period=172800s,flex=172800s,earliest=-25206288s,latest=-25033488s} requirements=[NET_CONNECTED] attributes=[PERSISTED,RECURRING] scheduled=-25206288s last_run=N/A jid=N/A status=PENDING retries=0 client_lib=MANCHEGO_GCM-10400000}
03-27 06:06:01.997: E/ExecutionCriteria(7156): Package unavailable for task: com.google.android.videos/com.google.android.apps.play.movies.common.FlushLogsTaskService{u=0 tag="flush_logs" trigger=window{period=86400s,flex=57600s,earliest=23543s,latest=81143s} requirements=[NET_UNMETERED,CHARGING] attributes=[PERSISTED,RECURRING] scheduled=-5256s last_run=N/A jid=N/A status=PENDING retries=0 client_lib=MANCHEGO_GCM-10400000}
03-27 06:06:01.998: D/NetworkSecurityConfig(13105): No Network Security Config specified, using platform default
03-27 06:06:02.000: E/ExecutionCriteria(7156): Package unavailable for task: com.google.android.apps.gcs/.service.WfaStateTaskService{u=0 tag="WfaStateTask" trigger=window{period=518400s,flex=86400s,earliest=426842s,latest=513242s} requirements=[NET_ANY] attributes=[PERSISTED,RECURRING] scheduled=-5157s last_run=N/A jid=N/A status=PENDING retries=0 client_lib=MANCHEGO_GCM-11732000}
03-27 06:06:02.008: I/ProviderInstaller(13105): Installed default security provider GmsCore_OpenSSL
03-27 06:06:02.259: W/SearchServiceCore(7114): Abort, client detached.
03-27 06:06:02.266: W/ModuleInitIntentOp(7163): Dropping unexpected action com.google.android.gms.phenotype.COMMITTED
03-27 06:06:02.275: I/PTCommittedOperation(7156): Receive new configuration for com.google.android.gms.auth_api_phone
03-27 06:06:02.277: I/zygote64(7156): Do full code cache collection, code=1526KB, data=932KB
03-27 06:06:02.282: W/ModuleInitIntentOp(7163): Dropping unexpected action com.google.android.gms.phenotype.COMMITTED
03-27 06:06:02.290: I/zygote64(7156): After code cache collection, code=1463KB, data=834KB
03-27 06:06:02.309: E/ExecutionCriteria(7156): Package unavailable for task: com.google.android.videos/com.google.android.apps.play.movies.common.service.player.logging.QoePingService{u=0 tag="flush_qoe_logs" trigger=window{period=86400s,flex=86400s,earliest=-25292689s,latest=-25206289s} requirements=[NET_UNMETERED,CHARGING] attributes=[PERSISTED,RECURRING] scheduled=-25292689s last_run=N/A jid=N/A status=PENDING retries=0 client_lib=MANCHEGO_GCM-10400000}
03-27 06:06:02.309: E/ExecutionCriteria(7156): Package unavailable for task: com.google.android.videos/com.google.android.apps.play.movies.common.service.drm.RefreshLicenseTaskService{u=0 tag="refresh_license" trigger=window{period=172800s,flex=172800s,earliest=-25206289s,latest=-25033489s} requirements=[NET_CONNECTED] attributes=[PERSISTED,RECURRING] scheduled=-25206289s last_run=N/A jid=N/A status=PENDING retries=0 client_lib=MANCHEGO_GCM-10400000}
03-27 06:06:02.314: E/ExecutionCriteria(7156): Package unavailable for task: com.google.android.videos/com.google.android.apps.play.movies.common.FlushLogsTaskService{u=0 tag="flush_logs" trigger=window{period=86400s,flex=57600s,earliest=23542s,latest=81142s} requirements=[NET_UNMETERED,CHARGING] attributes=[PERSISTED,RECURRING] scheduled=-5257s last_run=N/A jid=N/A status=PENDING retries=0 client_lib=MANCHEGO_GCM-10400000}
03-27 06:06:02.320: I/PTCommittedOperation(7156): Receive new configuration for com.google.android.client_error_logging
03-27 06:06:02.322: E/ExecutionCriteria(7156): Package unavailable for task: com.google.android.apps.gcs/.service.WfaStateTaskService{u=0 tag="WfaStateTask" trigger=window{period=518400s,flex=86400s,earliest=426842s,latest=513242s} requirements=[NET_ANY] attributes=[PERSISTED,RECURRING] scheduled=-5157s last_run=N/A jid=N/A status=PENDING retries=0 client_lib=MANCHEGO_GCM-11732000}
03-27 06:06:02.383: W/ModuleInitIntentOp(7163): Dropping unexpected action com.google.android.gms.phenotype.COMMITTED
03-27 06:06:02.403: I/PTCommittedOperation(7156): Receive new configuration for com.google.android.gms.romanesco
03-27 06:06:02.448: I/PTCommittedOperation(7156): Receive new configuration for com.google.android.gms.easysignin
03-27 06:06:02.474: I/PTCommittedOperation(7156): Receive new configuration for com.google.android.gms.accountsettings
03-27 06:06:02.507: I/PTCommittedOperation(7156): Receive new configuration for com.google.android.gms.backup
03-27 06:06:02.522: I/PTCommittedOperation(7156): Receive new configuration for com.google.android.gms.auth_account
03-27 06:06:02.557: I/PTCommittedOperation(7156): Receive new configuration for com.google.android.gms.family
03-27 06:06:02.576: I/PTCommittedOperation(7156): Receive new configuration for com.google.android.gms.smart_profile
03-27 06:06:02.625: I/PTCommittedOperation(7156): Receive new configuration for com.google.android.location
03-27 06:06:02.641: I/PTCommittedOperation(7156): Receive new configuration for com.google.android.gms.growth
03-27 06:06:02.649: I/PTCommittedOperation(7156): Receive new configuration for com.google.android.gms.notifications
03-27 06:06:02.703: I/PTCommittedOperation(7156): Receive new configuration for com.google.android.gms.nearby
03-27 06:06:02.731: I/PTCommittedOperation(7156): Receive new configuration for com.google.android.gms.netrec
03-27 06:06:02.742: I/PTCommittedOperation(7156): Receive new configuration for com.google.android.gms.tapandpay
03-27 06:06:02.758: I/zygote64(7156): Background concurrent copying GC freed 182009(9MB) AllocSpace objects, 5(92KB) LOS objects, 50% free, 9MB/18MB, paused 156us total 157.804ms
03-27 06:06:02.775: I/PTCommittedOperation(7156): Receive new configuration for com.google.android.gms.photos
03-27 06:06:02.794: I/PTCommittedOperation(7156): Receive new configuration for com.google.android.gms.places
03-27 06:06:02.816: I/PTCommittedOperation(7156): Receive new configuration for com.google.android.gms.signin
03-27 06:06:02.838: I/PTCommittedOperation(7156): Receive new configuration for com.google.android.gms.auth.proximity
03-27 06:06:02.839: I/zygote64(13078): Waiting for a blocking GC ProfileSaver
03-27 06:06:02.914: E/ExecutionCriteria(7156): Package unavailable for task: com.google.android.videos/com.google.android.apps.play.movies.common.service.player.logging.QoePingService{u=0 tag="flush_qoe_logs" trigger=window{period=86400s,flex=86400s,earliest=-25292689s,latest=-25206289s} requirements=[NET_UNMETERED,CHARGING] attributes=[PERSISTED,RECURRING] scheduled=-25292689s last_run=N/A jid=N/A status=PENDING retries=0 client_lib=MANCHEGO_GCM-10400000}
03-27 06:06:02.916: E/ExecutionCriteria(7156): Package unavailable for task: com.google.android.videos/com.google.android.apps.play.movies.common.service.drm.RefreshLicenseTaskService{u=0 tag="refresh_license" trigger=window{period=172800s,flex=172800s,earliest=-25206289s,latest=-25033489s} requirements=[NET_CONNECTED] attributes=[PERSISTED,RECURRING] scheduled=-25206289s last_run=N/A jid=N/A status=PENDING retries=0 client_lib=MANCHEGO_GCM-10400000}
03-27 06:06:02.938: E/ExecutionCriteria(7156): Package unavailable for task: com.google.android.videos/com.google.android.apps.play.movies.common.FlushLogsTaskService{u=0 tag="flush_logs" trigger=window{period=86400s,flex=57600s,earliest=23542s,latest=81142s} requirements=[NET_UNMETERED,CHARGING] attributes=[PERSISTED,RECURRING] scheduled=-5257s last_run=N/A jid=N/A status=PENDING retries=0 client_lib=MANCHEGO_GCM-10400000}
03-27 06:06:02.940: E/ExecutionCriteria(7156): Package unavailable for task: com.google.android.apps.gcs/.service.WfaStateTaskService{u=0 tag="WfaStateTask" trigger=window{period=518400s,flex=86400s,earliest=426841s,latest=513241s} requirements=[NET_ANY] attributes=[PERSISTED,RECURRING] scheduled=-5158s last_run=N/A jid=N/A status=PENDING retries=0 client_lib=MANCHEGO_GCM-11732000}
03-27 06:06:02.953: E/ActivityThread(12531): Service com.firebase.jobdispatcher.GooglePlayReceiver has leaked ServiceConnection com.firebase.jobdispatcher.JobServiceConnection@9dca319 that was originally bound here
03-27 06:06:02.953: E/ActivityThread(12531): android.app.ServiceConnectionLeaked: Service com.firebase.jobdispatcher.GooglePlayReceiver has leaked ServiceConnection com.firebase.jobdispatcher.JobServiceConnection@9dca319 that was originally bound here
03-27 06:06:02.953: E/ActivityThread(12531): 	at android.app.LoadedApk$ServiceDispatcher.<init>(LoadedApk.java:1514)
03-27 06:06:02.953: E/ActivityThread(12531): 	at android.app.LoadedApk.getServiceDispatcher(LoadedApk.java:1406)
03-27 06:06:02.953: E/ActivityThread(12531): 	at android.app.ContextImpl.bindServiceCommon(ContextImpl.java:1589)
03-27 06:06:02.953: E/ActivityThread(12531): 	at android.app.ContextImpl.bindService(ContextImpl.java:1541)
03-27 06:06:02.953: E/ActivityThread(12531): 	at android.content.ContextWrapper.bindService(ContextWrapper.java:678)
03-27 06:06:02.953: E/ActivityThread(12531): 	at com.firebase.jobdispatcher.ExecutionDelegator.tryBindingToJobService(ExecutionDelegator.java:155)
03-27 06:06:02.953: E/ActivityThread(12531): 	at com.firebase.jobdispatcher.ExecutionDelegator.executeJob(ExecutionDelegator.java:132)
03-27 06:06:02.953: E/ActivityThread(12531): 	at com.firebase.jobdispatcher.GooglePlayMessageHandler.handleMessage(GooglePlayMessageHandler.java:98)
03-27 06:06:02.953: E/ActivityThread(12531): 	at android.os.Handler.dispatchMessage(Handler.java:105)
03-27 06:06:02.953: E/ActivityThread(12531): 	at android.os.Looper.loop(Looper.java:164)
03-27 06:06:02.953: E/ActivityThread(12531): 	at android.app.ActivityThread.main(ActivityThread.java:6541)
03-27 06:06:02.953: E/ActivityThread(12531): 	at java.lang.reflect.Method.invoke(Native Method)
03-27 06:06:02.953: E/ActivityThread(12531): 	at com.android.internal.os.Zygote$MethodAndArgsCaller.run(Zygote.java:240)
03-27 06:06:02.953: E/ActivityThread(12531): 	at com.android.internal.os.ZygoteInit.main(ZygoteInit.java:767)
03-27 06:06:02.959: I/peCommitFirebaseService(12531): onStartJob, tag=PhenotypeCommitFirebase
03-27 06:06:02.962: I/peCommitFirebaseService(12531): onStopJob, tag=PhenotypeCommitFirebase
03-27 06:06:02.965: I/peCommitFirebaseService(12531): onFinishJob, tag=PhenotypeCommitFirebase, status=SOFT_ERROR
03-27 06:06:02.968: W/FJD.ExternalReceiver(12531): Error unbinding service: Service not registered: com.firebase.jobdispatcher.JobServiceConnection@9dca319
03-27 06:06:02.983: I/zygote64(7156): Deoptimizing java.lang.String zse.toString() due to JIT inline cache
03-27 06:06:02.984: W/NetworkScheduler(7156): Immediate task was not started com.google.android.calendar/com.firebase.jobdispatcher.GooglePlayReceiver{u=0 tag="PhenotypeCommitFirebase" trigger=window{start=0s,end=1s,earliest=0s,latest=0s} requirements=[NET_ANY] attributes=[PERSISTED] scheduled=0s last_run=N/A jid=N/A status=PENDING retries=0 client_lib=FIREBASE_JOB_DISPATCHER-1}. Rescheduling immediate tasks can cause excessive battery drain.
03-27 06:06:03.012: E/ExecutionCriteria(7156): Package unavailable for task: com.google.android.videos/com.google.android.apps.play.movies.common.service.player.logging.QoePingService{u=0 tag="flush_qoe_logs" trigger=window{period=86400s,flex=86400s,earliest=-25292689s,latest=-25206289s} requirements=[NET_UNMETERED,CHARGING] attributes=[PERSISTED,RECURRING] scheduled=-25292689s last_run=N/A jid=N/A status=PENDING retries=0 client_lib=MANCHEGO_GCM-10400000}
03-27 06:06:03.013: E/ExecutionCriteria(7156): Package unavailable for task: com.google.android.videos/com.google.android.apps.play.movies.common.service.drm.RefreshLicenseTaskService{u=0 tag="refresh_license" trigger=window{period=172800s,flex=172800s,earliest=-25206289s,latest=-25033489s} requirements=[NET_CONNECTED] attributes=[PERSISTED,RECURRING] scheduled=-25206289s last_run=N/A jid=N/A status=PENDING retries=0 client_lib=MANCHEGO_GCM-10400000}
03-27 06:06:03.071: W/ModuleInitIntentOp(7163): Dropping unexpected action com.google.android.gms.phenotype.COMMITTED
03-27 06:06:03.097: E/ExecutionCriteria(7156): Package unavailable for task: com.google.android.videos/com.google.android.apps.play.movies.common.FlushLogsTaskService{u=0 tag="flush_logs" trigger=window{period=86400s,flex=57600s,earliest=23542s,latest=81142s} requirements=[NET_UNMETERED,CHARGING] attributes=[PERSISTED,RECURRING] scheduled=-5257s last_run=N/A jid=N/A status=PENDING retries=0 client_lib=MANCHEGO_GCM-10400000}
03-27 06:06:03.109: E/ExecutionCriteria(7156): Package unavailable for task: com.google.android.apps.gcs/.service.WfaStateTaskService{u=0 tag="WfaStateTask" trigger=window{period=518400s,flex=86400s,earliest=426841s,latest=513241s} requirements=[NET_ANY] attributes=[PERSISTED,RECURRING] scheduled=-5158s last_run=N/A jid=N/A status=PENDING retries=0 client_lib=MANCHEGO_GCM-11732000}
03-27 06:06:03.109: W/ModuleInitIntentOp(7163): Dropping unexpected action com.google.android.gms.phenotype.COMMITTED
03-27 06:06:03.137: I/peCommitFirebaseService(12531): onStartJob, tag=PhenotypeCommitFirebase
03-27 06:06:03.162: I/PTCommittedOperation(7156): Receive new configuration for com.google.android.gms.update
03-27 06:06:03.171: I/PTCommittedOperation(7156): Receive new configuration for com.google.android.gms.auth_authzen
03-27 06:06:03.172: E/ExecutionCriteria(7156): Package unavailable for task: com.google.android.videos/com.google.android.apps.play.movies.common.service.player.logging.QoePingService{u=0 tag="flush_qoe_logs" trigger=window{period=86400s,flex=86400s,earliest=-25292689s,latest=-25206289s} requirements=[NET_UNMETERED,CHARGING] attributes=[PERSISTED,RECURRING] scheduled=-25292689s last_run=N/A jid=N/A status=PENDING retries=0 client_lib=MANCHEGO_GCM-10400000}
03-27 06:06:03.173: E/ExecutionCriteria(7156): Package unavailable for task: com.google.android.videos/com.google.android.apps.play.movies.common.service.drm.RefreshLicenseTaskService{u=0 tag="refresh_license" trigger=window{period=172800s,flex=172800s,earliest=-25206289s,latest=-25033489s} requirements=[NET_CONNECTED] attributes=[PERSISTED,RECURRING] scheduled=-25206289s last_run=N/A jid=N/A status=PENDING retries=0 client_lib=MANCHEGO_GCM-10400000}
03-27 06:06:03.175: W/ModuleInitIntentOp(7163): Dropping unexpected action com.google.android.gms.phenotype.COMMITTED
03-27 06:06:03.186: E/ExecutionCriteria(7156): Package unavailable for task: com.google.android.videos/com.google.android.apps.play.movies.common.FlushLogsTaskService{u=0 tag="flush_logs" trigger=window{period=86400s,flex=57600s,earliest=23542s,latest=81142s} requirements=[NET_UNMETERED,CHARGING] attributes=[PERSISTED,RECURRING] scheduled=-5257s last_run=N/A jid=N/A status=PENDING retries=0 client_lib=MANCHEGO_GCM-10400000}
03-27 06:06:03.193: I/alal(7156): updateFromConfigurations using legacy put method [CONTEXT service_id=51 ]
03-27 06:06:03.194: W/ModuleInitIntentOp(7163): Dropping unexpected action com.google.android.gms.phenotype.COMMITTED
03-27 06:06:03.207: E/ExecutionCriteria(7156): Package unavailable for task: com.google.android.apps.gcs/.service.WfaStateTaskService{u=0 tag="WfaStateTask" trigger=window{period=518400s,flex=86400s,earliest=426841s,latest=513241s} requirements=[NET_ANY] attributes=[PERSISTED,RECURRING] scheduled=-5158s last_run=N/A jid=N/A status=PENDING retries=0 client_lib=MANCHEGO_GCM-11732000}
03-27 06:06:03.215: W/ModuleInitIntentOp(7163): Dropping unexpected action com.google.android.gms.phenotype.COMMITTED
03-27 06:06:03.223: I/PTCommittedOperation(7156): Receive new configuration for com.google.android.gms.vision
03-27 06:06:03.226: I/PTCommittedOperation(7156): Receive new configuration for com.google.android.gms.wallet
03-27 06:06:03.229: I/PTCommittedOperation(7156): Receive new configuration for com.google.android.gms.tron.metrics
03-27 06:06:03.231: I/PTCommittedOperation(7156): Receive new configuration for com.google.android.gms.wearable
03-27 06:06:03.232: I/PTCommittedOperation(7156): Receive new configuration for com.google.android.gms.icing.mdh
03-27 06:06:03.235: I/PTCommittedOperation(7156): Receive new configuration for com.google.android.gms.herrevad
03-27 06:06:03.254: W/ModuleInitIntentOp(7163): Dropping unexpected action com.google.android.gms.phenotype.COMMITTED
03-27 06:06:03.270: I/PTCommittedOperation(7156): Receive new configuration for com.google.android.gms.firebase.auth
03-27 06:06:03.281: W/ModuleInitIntentOp(7163): Dropping unexpected action com.google.android.gms.phenotype.COMMITTED
03-27 06:06:03.291: I/PTCommittedOperation(7156): Receive new configuration for com.google.android.gms.car
03-27 06:06:03.304: I/PTCommittedOperation(7156): Receive new configuration for com.google.android.gms.gcm
03-27 06:06:03.313: I/PTCommittedOperation(7156): Receive new configuration for com.google.android.gms.ipa
03-27 06:06:03.344: I/PTCommittedOperation(7156): Receive new configuration for com.google.android.gms.ocr
03-27 06:06:03.351: I/PTCommittedOperation(7156): Receive new configuration for com.google.android.gms.rcs
03-27 06:06:03.364: I/PTCommittedOperation(7156): Receive new configuration for com.google.android.gms.udc
03-27 06:06:03.372: I/PTCommittedOperation(7156): Receive new configuration for com.google.android.gms.ulr
03-27 06:06:03.373: W/ModuleInitIntentOp(7163): Dropping unexpected action com.google.android.gms.phenotype.COMMITTED
03-27 06:06:03.377: I/GCoreUlr(7156): Starting service, intent=Intent { act=com.google.android.location.reporting.ACTION_UPDATE_WORLD cmp=com.google.android.gms/com.google.android.location.reporting.service.DispatchingService (has extras) }, extras=Bundle[{receiverAction=com.google.gservices.intent.action.GSERVICES_CHANGED}]
03-27 06:06:03.385: I/PTCommittedOperation(7156): Receive new configuration for com.google.android.gms.appinvite
03-27 06:06:03.388: I/PTCommittedOperation(7156): Receive new configuration for com.google.android.gms.setupservices
03-27 06:06:03.393: I/PTCommittedOperation(7156): Receive new configuration for com.google.android.gms.usagereporting
03-27 06:06:03.397: W/ModuleInitIntentOp(7163): Dropping unexpected action com.google.android.gms.phenotype.COMMITTED
03-27 06:06:03.404: I/PTCommittedOperation(7156): Receive new configuration for com.google.android.gms.constellation
03-27 06:06:03.409: I/CryptauthV2(7163): [EnrollKeyName] ClientName calling Cryptauth is AuthzenAccountRegistration
03-27 06:06:03.411: I/PTCommittedOperation(7156): Receive new configuration for com.google.android.gms.feedback
03-27 06:06:03.413: I/PTCommittedOperation(7156): Receive new configuration for com.google.android.gms.subscribedfeeds
03-27 06:06:03.422: W/ModuleInitIntentOp(7163): Dropping unexpected action com.google.android.gms.phenotype.COMMITTED
03-27 06:06:03.433: W/ModuleInitIntentOp(7163): Dropping unexpected action com.google.android.gms.phenotype.COMMITTED
03-27 06:06:03.442: E/ExecutionCriteria(7156): Package unavailable for task: com.google.android.videos/com.google.android.apps.play.movies.common.service.player.logging.QoePingService{u=0 tag="flush_qoe_logs" trigger=window{period=86400s,flex=86400s,earliest=-25292690s,latest=-25206290s} requirements=[NET_UNMETERED,CHARGING] attributes=[PERSISTED,RECURRING] scheduled=-25292690s last_run=N/A jid=N/A status=PENDING retries=0 client_lib=MANCHEGO_GCM-10400000}
03-27 06:06:03.442: E/ExecutionCriteria(7156): Package unavailable for task: com.google.android.videos/com.google.android.apps.play.movies.common.service.drm.RefreshLicenseTaskService{u=0 tag="refresh_license" trigger=window{period=172800s,flex=172800s,earliest=-25206290s,latest=-25033490s} requirements=[NET_CONNECTED] attributes=[PERSISTED,RECURRING] scheduled=-25206290s last_run=N/A jid=N/A status=PENDING retries=0 client_lib=MANCHEGO_GCM-10400000}
03-27 06:06:03.445: I/peCommitFirebaseService(12531): onFinishJob, tag=PhenotypeCommitFirebase, status=SUCCESS
03-27 06:06:03.465: W/ModuleInitIntentOp(7163): Dropping unexpected action com.google.android.gms.phenotype.COMMITTED
03-27 06:06:03.471: I/PTCommittedOperation(7156): Receive new configuration for com.google.android.gms.auth_cryptauth
03-27 06:06:03.473: E/ExecutionCriteria(7156): Package unavailable for task: com.google.android.videos/com.google.android.apps.play.movies.common.FlushLogsTaskService{u=0 tag="flush_logs" trigger=window{period=86400s,flex=57600s,earliest=23541s,latest=81141s} requirements=[NET_UNMETERED,CHARGING] attributes=[PERSISTED,RECURRING] scheduled=-5258s last_run=N/A jid=N/A status=PENDING retries=0 client_lib=MANCHEGO_GCM-10400000}
03-27 06:06:03.474: I/PTCommittedOperation(7156): Receive new configuration for com.google.android.gms.thunderbird
03-27 06:06:03.476: I/PTCommittedOperation(7156): Receive new configuration for com.google.android.gms.magictether
03-27 06:06:03.488: E/ExecutionCriteria(7156): Package unavailable for task: com.google.android.apps.gcs/.service.WfaStateTaskService{u=0 tag="WfaStateTask" trigger=window{period=518400s,flex=86400s,earliest=426841s,latest=513241s} requirements=[NET_ANY] attributes=[PERSISTED,RECURRING] scheduled=-5158s last_run=N/A jid=N/A status=PENDING retries=0 client_lib=MANCHEGO_GCM-11732000}
03-27 06:06:03.495: W/ModuleInitIntentOp(7163): Dropping unexpected action com.google.android.gms.phenotype.COMMITTED
03-27 06:06:03.502: I/zygote64(13105): Waiting for a blocking GC ProfileSaver
03-27 06:06:03.527: W/atfg(7156): Empty context buffer. Thus might mean that the context is not synced down.
03-27 06:06:03.527: W/atbf(7156): Empty context model while retrieving upload opt-in status!
03-27 06:06:03.540: I/GCoreUlr(7156): WorldUpdater received intent Intent { act=com.google.android.location.reporting.ACTION_UPDATE_WORLD cmp=com.google.android.gms/com.google.android.location.reporting.service.DispatchingService (has extras) } with receiverAction com.google.gservices.intent.action.GSERVICES_CHANGED
03-27 06:06:03.543: I/alal(7156): updateFromConfigurations using legacy put method [CONTEXT service_id=51 ]
03-27 06:06:03.552: I/alch(7156): Scheduling adaptive one off task with window [14400, 604800] in seconds [CONTEXT service_id=51 ]
03-27 06:06:03.557: W/ModuleInitIntentOp(7163): Dropping unexpected action com.google.android.gms.phenotype.COMMITTED
03-27 06:06:03.561: W/ModuleInitIntentOp(7163): Dropping unexpected action com.google.android.gms.phenotype.COMMITTED
03-27 06:06:03.571: I/zygote64(13105): WaitForGcToComplete blocked for 68.606ms for cause ProfileSaver
03-27 06:06:03.572: W/ModuleInitIntentOp(7163): Dropping unexpected action com.google.android.gms.phenotype.COMMITTED
03-27 06:06:03.588: I/GCoreUlr(7156): Successfully sent flags updated to controllers.
03-27 06:06:03.592: E/bvkb(7163): *~*~*~ Channel {0} was not shutdown properly!!! ~*~*~*
03-27 06:06:03.592: E/bvkb(7163):     Make sure to call shutdown()/shutdownNow() and wait until awaitTermination() returns true.
03-27 06:06:03.592: E/bvkb(7163): java.lang.RuntimeException: ManagedChannel allocation site
03-27 06:06:03.592: E/bvkb(7163): 	at bvkc.<init>(:com.google.android.gms@15090019@15.0.90 (040400-231259764):1)
03-27 06:06:03.592: E/bvkb(7163): 	at bvkb.<init>(:com.google.android.gms@15090019@15.0.90 (040400-231259764):2)
03-27 06:06:03.592: E/bvkb(7163): 	at bvkb.<init>(:com.google.android.gms@15090019@15.0.90 (040400-231259764):1)
03-27 06:06:03.592: E/bvkb(7163): 	at bvcu.b(:com.google.android.gms@15090019@15.0.90 (040400-231259764):13)
03-27 06:06:03.592: E/bvkb(7163): 	at rkk.a(:com.google.android.gms@15090019@15.0.90 (040400-231259764):39)
03-27 06:06:03.592: E/bvkb(7163): 	at rkk.a(:com.google.android.gms@15090019@15.0.90 (040400-231259764):67)
03-27 06:06:03.592: E/bvkb(7163): 	at sdc.a(:com.google.android.gms@15090019@15.0.90 (040400-231259764):308)
03-27 06:06:03.592: E/bvkb(7163): 	at scf.a(:com.google.android.gms@15090019@15.0.90 (040400-231259764):3)
03-27 06:06:03.592: E/bvkb(7163): 	at scf.a(:com.google.android.gms@15090019@15.0.90 (040400-231259764):14)
03-27 06:06:03.592: E/bvkb(7163): 	at scf.a(:com.google.android.gms@15090019@15.0.90 (040400-231259764):57)
03-27 06:06:03.592: E/bvkb(7163): 	at com.google.android.gms.constellation.EventManager.onHandleIntent(:com.google.android.gms@15090019@15.0.90 (040400-231259764):62)
03-27 06:06:03.592: E/bvkb(7163): 	at com.google.android.chimera.IntentOperation.onHandleIntent(:com.google.android.gms@15090019@15.0.90 (040400-231259764):2)
03-27 06:06:03.592: E/bvkb(7163): 	at dwv.run(:com.google.android.gms@15090019@15.0.90 (040400-231259764):12)
03-27 06:06:03.592: E/bvkb(7163): 	at dws.run(:com.google.android.gms@15090019@15.0.90 (040400-231259764):9)
03-27 06:06:03.592: E/bvkb(7163): 	at java.util.concurrent.ThreadPoolExecutor.runWorker(ThreadPoolExecutor.java:1162)
03-27 06:06:03.592: E/bvkb(7163): 	at java.util.concurrent.ThreadPoolExecutor$Worker.run(ThreadPoolExecutor.java:636)
03-27 06:06:03.592: E/bvkb(7163): 	at java.lang.Thread.run(Thread.java:764)
03-27 06:06:03.592: E/bvkb(7163): *~*~*~ Channel {0} was not shutdown properly!!! ~*~*~*
03-27 06:06:03.592: E/bvkb(7163):     Make sure to call shutdown()/shutdownNow() and wait until awaitTermination() returns true.
03-27 06:06:03.592: E/bvkb(7163): java.lang.RuntimeException: ManagedChannel allocation site
03-27 06:06:03.592: E/bvkb(7163): 	at bvkc.<init>(:com.google.android.gms@15090019@15.0.90 (040400-231259764):1)
03-27 06:06:03.592: E/bvkb(7163): 	at bvkb.<init>(:com.google.android.gms@15090019@15.0.90 (040400-231259764):2)
03-27 06:06:03.592: E/bvkb(7163): 	at bvkb.<init>(:com.google.android.gms@15090019@15.0.90 (040400-231259764):1)
03-27 06:06:03.592: E/bvkb(7163): 	at bvcu.b(:com.google.android.gms@15090019@15.0.90 (040400-231259764):13)
03-27 06:06:03.592: E/bvkb(7163): 	at imn.<init>(:com.google.android.gms@15090019@15.0.90 (040400-231259764):8)
03-27 06:06:03.592: E/bvkb(7163): 	at ioi.<init>(:com.google.android.gms@15090019@15.0.90 (040400-231259764):1)
03-27 06:06:03.592: E/bvkb(7163): 	at ioj.a(:com.google.android.gms@15090019@15.0.90 (040400-231259764):6)
03-27 06:06:03.592: E/bvkb(7163): 	at ioj.a(:com.google.android.gms@15090019@15.0.90 (040400-231259764):85)
03-27 06:06:03.592: E/bvkb(7163): 	at iox.a(:com.google.android.gms@15090019@15.0.90 (040400-231259764):2)
03-27 06:06:03.592: E/bvkb(7163): 	at yzz.run(:com.google.android.gms@15090019@15.0.90 (040400-231259764):27)
03-27 06:06:03.592: E/bvkb(7163): 	at bgah.run(:com.google.android.gms@15090019@15.0.90 (040400-231259764):2)
03-27 06:06:03.592: E/bvkb(7163): 	at rrm.run(:com.google.android.gms@15090019@15.0.90 (040400-231259764):21)
03-27 06:06:03.592: E/bvkb(7163): 	at java.util.concurrent.ThreadPoolExecutor.runWorker(ThreadPoolExecutor.java:1162)
03-27 06:06:03.592: E/bvkb(7163): 	at java.util.concurrent.ThreadPoolExecutor$Worker.run(ThreadPoolExecutor.java:636)
03-27 06:06:03.592: E/bvkb(7163): 	at rxo.run(Unknown Source:7)
03-27 06:06:03.592: E/bvkb(7163): 	at java.lang.Thread.run(Thread.java:764)
03-27 06:06:03.594: E/ExecutionCriteria(7156): Package unavailable for task: com.google.android.videos/com.google.android.apps.play.movies.common.service.player.logging.QoePingService{u=0 tag="flush_qoe_logs" trigger=window{period=86400s,flex=86400s,earliest=-25292690s,latest=-25206290s} requirements=[NET_UNMETERED,CHARGING] attributes=[PERSISTED,RECURRING] scheduled=-25292690s last_run=N/A jid=N/A status=PENDING retries=0 client_lib=MANCHEGO_GCM-10400000}
03-27 06:06:03.596: W/ModuleInitIntentOp(7163): Dropping unexpected action com.google.android.gms.phenotype.COMMITTED
03-27 06:06:03.598: I/SystemUpdate(7163): [Installation,ReceiverIntentOperation] Received intent: Intent { act=com.google.android.gms.phenotype.COMMITTED flg=0x10 pkg=com.google.android.gms cmp=com.google.android.gms/.chimera.GmsIntentOperationService (has extras) }.
03-27 06:06:03.605: E/ExecutionCriteria(7156): Package unavailable for task: com.google.android.videos/com.google.android.apps.play.movies.common.service.drm.RefreshLicenseTaskService{u=0 tag="refresh_license" trigger=window{period=172800s,flex=172800s,earliest=-25206290s,latest=-25033490s} requirements=[NET_CONNECTED] attributes=[PERSISTED,RECURRING] scheduled=-25206290s last_run=N/A jid=N/A status=PENDING retries=0 client_lib=MANCHEGO_GCM-10400000}
03-27 06:06:03.618: E/ExecutionCriteria(7156): Package unavailable for task: com.google.android.videos/com.google.android.apps.play.movies.common.FlushLogsTaskService{u=0 tag="flush_logs" trigger=window{period=86400s,flex=57600s,earliest=23541s,latest=81141s} requirements=[NET_UNMETERED,CHARGING] attributes=[PERSISTED,RECURRING] scheduled=-5258s last_run=N/A jid=N/A status=PENDING retries=0 client_lib=MANCHEGO_GCM-10400000}
03-27 06:06:03.620: I/GCoreUlr(7156): WorldUpdater:com.google.gservices.intent.action.GSERVICES_CHANGED: Ensuring that reporting is stopped because of reasons: {account#-5#=[InactiveReason{mIdentifier=6, mName='ReportingNotEnabled'}, InactiveReason{mIdentifier=14, mName='HistoryNotEnabled'}]}
03-27 06:06:03.637: I/GCoreUlr(7156): Unbound from all signal providers.
03-27 06:06:03.637: I/GCoreUlr(7156): Successfully accounts update
03-27 06:06:03.648: E/ctxmgr(7156): [NetworkUtil]No active synchronizable contexts.
03-27 06:06:03.657: E/ExecutionCriteria(7156): Package unavailable for task: com.google.android.apps.gcs/.service.WfaStateTaskService{u=0 tag="WfaStateTask" trigger=window{period=518400s,flex=86400s,earliest=426841s,latest=513241s} requirements=[NET_ANY] attributes=[PERSISTED,RECURRING] scheduled=-5158s last_run=N/A jid=N/A status=PENDING retries=0 client_lib=MANCHEGO_GCM-11732000}
03-27 06:06:03.663: I/SystemUpdate(7163): [Execution,InstallationEventIntentOperation] Handling event of type 2.
03-27 06:06:03.667: I/SystemUpdate(7163): [Execution,InstallationIntentOperation] Received intent: Intent { act=com.google.android.gms.update.INSTALL_UPDATE cat=[targeted_intent_op_prefix:.update.execution.InstallationIntentOperation] cmp=com.google.android.gms/.chimera.GmsIntentOperationService }.
03-27 06:06:03.699: I/SystemUpdate(7163): [Control,InstallationControl] Installation progress updated to (0x70B, -1.000).
03-27 06:06:03.721: I/GCoreUlr(7156): Unbound from all signal providers.
03-27 06:06:03.721: I/GCoreUlr(7156): Stopping handler for UlrDispSvcFast
03-27 06:06:03.722: I/GCoreUlr(7156): Successfully accounts update
03-27 06:06:03.723: I/GCoreUlr(7156): DispatchingService ignoring Intent { act=android.net.wifi.WIFI_STATE_CHANGED flg=0x4000010 (has extras) } because ULR inactive
03-27 06:06:03.749: W/ModuleInitIntentOp(7163): Dropping unexpected action com.google.android.gms.phenotype.COMMITTED
03-27 06:06:03.773: I/SystemUpdate(7163): [Execution,ExecutionManager] Action streaming-download executed for 0.10 seconds.
03-27 06:06:03.797: I/SystemUpdate(7163): [Execution,ExecutionManager] Action fixed-delay-execution executed for 0.01 seconds.
03-27 06:06:03.799: E/ExecutionCriteria(7156): Package unavailable for task: com.google.android.videos/com.google.android.apps.play.movies.common.service.player.logging.QoePingService{u=0 tag="flush_qoe_logs" trigger=window{period=86400s,flex=86400s,earliest=-25292690s,latest=-25206290s} requirements=[NET_UNMETERED,CHARGING] attributes=[PERSISTED,RECURRING] scheduled=-25292690s last_run=N/A jid=N/A status=PENDING retries=0 client_lib=MANCHEGO_GCM-10400000}
03-27 06:06:03.800: E/ExecutionCriteria(7156): Package unavailable for task: com.google.android.videos/com.google.android.apps.play.movies.common.service.drm.RefreshLicenseTaskService{u=0 tag="refresh_license" trigger=window{period=172800s,flex=172800s,earliest=-25206290s,latest=-25033490s} requirements=[NET_CONNECTED] attributes=[PERSISTED,RECURRING] scheduled=-25206290s last_run=N/A jid=N/A status=PENDING retries=0 client_lib=MANCHEGO_GCM-10400000}
03-27 06:06:03.804: W/CryptauthV2(7163): [EnrollmentSpecialCases] No authzen symmetric key found
03-27 06:06:03.804: W/CryptauthV2(7163): inz: No key for keyName=authzen found.
03-27 06:06:03.804: W/CryptauthV2(7163): 	at img.a(:com.google.android.gms@15090019@15.0.90 (040400-231259764):75)
03-27 06:06:03.804: W/CryptauthV2(7163): 	at iol.a(:com.google.android.gms@15090019@15.0.90 (040400-231259764):3)
03-27 06:06:03.804: W/CryptauthV2(7163): 	at ioj.a(:com.google.android.gms@15090019@15.0.90 (040400-231259764):27)
03-27 06:06:03.804: W/CryptauthV2(7163): 	at ioj.a(:com.google.android.gms@15090019@15.0.90 (040400-231259764):85)
03-27 06:06:03.804: W/CryptauthV2(7163): 	at iox.a(:com.google.android.gms@15090019@15.0.90 (040400-231259764):2)
03-27 06:06:03.804: W/CryptauthV2(7163): 	at yzz.run(:com.google.android.gms@15090019@15.0.90 (040400-231259764):27)
03-27 06:06:03.804: W/CryptauthV2(7163): 	at bgah.run(:com.google.android.gms@15090019@15.0.90 (040400-231259764):2)
03-27 06:06:03.804: W/CryptauthV2(7163): 	at rrm.run(:com.google.android.gms@15090019@15.0.90 (040400-231259764):21)
03-27 06:06:03.804: W/CryptauthV2(7163): 	at java.util.concurrent.ThreadPoolExecutor.runWorker(ThreadPoolExecutor.java:1162)
03-27 06:06:03.804: W/CryptauthV2(7163): 	at java.util.concurrent.ThreadPoolExecutor$Worker.run(ThreadPoolExecutor.java:636)
03-27 06:06:03.804: W/CryptauthV2(7163): 	at rxo.run(Unknown Source:7)
03-27 06:06:03.804: W/CryptauthV2(7163): 	at java.lang.Thread.run(Thread.java:764)
03-27 06:06:03.818: E/ExecutionCriteria(7156): Package unavailable for task: com.google.android.videos/com.google.android.apps.play.movies.common.FlushLogsTaskService{u=0 tag="flush_logs" trigger=window{period=86400s,flex=57600s,earliest=23541s,latest=81141s} requirements=[NET_UNMETERED,CHARGING] attributes=[PERSISTED,RECURRING] scheduled=-5258s last_run=N/A jid=N/A status=PENDING retries=0 client_lib=MANCHEGO_GCM-10400000}
03-27 06:06:03.836: E/ExecutionCriteria(7156): Package unavailable for task: com.google.android.apps.gcs/.service.WfaStateTaskService{u=0 tag="WfaStateTask" trigger=window{period=518400s,flex=86400s,earliest=426840s,latest=513240s} requirements=[NET_ANY] attributes=[PERSISTED,RECURRING] scheduled=-5159s last_run=N/A jid=N/A status=PENDING retries=0 client_lib=MANCHEGO_GCM-11732000}
03-27 06:06:03.841: W/CryptauthV2(7163): [ClientDataOperation] No keyMetadata found for keyName=PublicKey
03-27 06:06:03.857: W/CryptauthV2(7163): [ClientDataOperation] No keyMetadata found for keyName=authzen
03-27 06:06:03.866: I/CryptauthV2(7163): [EnrollCryptauthFramework] Performing SyncKeysRequest with 2 keys.
03-27 06:06:03.880: W/ModuleInitIntentOp(7163): Dropping unexpected action com.google.android.gms.phenotype.COMMITTED
03-27 06:06:03.935: E/ExecutionCriteria(7156): Package unavailable for task: com.google.android.videos/com.google.android.apps.play.movies.common.service.player.logging.QoePingService{u=0 tag="flush_qoe_logs" trigger=window{period=86400s,flex=86400s,earliest=-25292690s,latest=-25206290s} requirements=[NET_UNMETERED,CHARGING] attributes=[PERSISTED,RECURRING] scheduled=-25292690s last_run=N/A jid=N/A status=PENDING retries=0 client_lib=MANCHEGO_GCM-10400000}
03-27 06:06:03.945: E/ExecutionCriteria(7156): Package unavailable for task: com.google.android.videos/com.google.android.apps.play.movies.common.service.drm.RefreshLicenseTaskService{u=0 tag="refresh_license" trigger=window{period=172800s,flex=172800s,earliest=-25206290s,latest=-25033490s} requirements=[NET_CONNECTED] attributes=[PERSISTED,RECURRING] scheduled=-25206290s last_run=N/A jid=N/A status=PENDING retries=0 client_lib=MANCHEGO_GCM-10400000}
03-27 06:06:03.958: W/ModuleInitIntentOp(7163): Dropping unexpected action com.google.android.gms.phenotype.COMMITTED
03-27 06:06:03.969: E/ExecutionCriteria(7156): Package unavailable for task: com.google.android.videos/com.google.android.apps.play.movies.common.FlushLogsTaskService{u=0 tag="flush_logs" trigger=window{period=86400s,flex=57600s,earliest=23541s,latest=81141s} requirements=[NET_UNMETERED,CHARGING] attributes=[PERSISTED,RECURRING] scheduled=-5258s last_run=N/A jid=N/A status=PENDING retries=0 client_lib=MANCHEGO_GCM-10400000}
03-27 06:06:04.008: I/zygote64(918): Background concurrent copying GC freed 73063(3MB) AllocSpace objects, 0(0B) LOS objects, 42% free, 14MB/25MB, paused 857us total 300.290ms
03-27 06:06:04.008: E/ExecutionCriteria(7156): Package unavailable for task: com.google.android.apps.gcs/.service.WfaStateTaskService{u=0 tag="WfaStateTask" trigger=window{period=518400s,flex=86400s,earliest=426840s,latest=513240s} requirements=[NET_ANY] attributes=[PERSISTED,RECURRING] scheduled=-5159s last_run=N/A jid=N/A status=PENDING retries=0 client_lib=MANCHEGO_GCM-11732000}
03-27 06:06:04.042: W/ModuleInitIntentOp(7163): Dropping unexpected action com.google.android.gms.phenotype.COMMITTED
03-27 06:06:04.060: W/ModuleInitIntentOp(7163): Dropping unexpected action com.google.android.gms.phenotype.COMMITTED
03-27 06:06:04.064: I/zygote64(7156): Deoptimizing bpym bpym.b(bpxg, bpxz) due to JIT inline cache
03-27 06:06:04.064: I/zygote64(7156): Deoptimizing boolean bpxi.i(int) due to JIT inline cache
03-27 06:06:04.071: E/ExecutionCriteria(7156): Package unavailable for task: com.google.android.videos/com.google.android.apps.play.movies.common.service.player.logging.QoePingService{u=0 tag="flush_qoe_logs" trigger=window{period=86400s,flex=86400s,earliest=-25292690s,latest=-25206290s} requirements=[NET_UNMETERED,CHARGING] attributes=[PERSISTED,RECURRING] scheduled=-25292690s last_run=N/A jid=N/A status=PENDING retries=0 client_lib=MANCHEGO_GCM-10400000}
03-27 06:06:04.082: E/ExecutionCriteria(7156): Package unavailable for task: com.google.android.videos/com.google.android.apps.play.movies.common.service.drm.RefreshLicenseTaskService{u=0 tag="refresh_license" trigger=window{period=172800s,flex=172800s,earliest=-25206290s,latest=-25033490s} requirements=[NET_CONNECTED] attributes=[PERSISTED,RECURRING] scheduled=-25206290s last_run=N/A jid=N/A status=PENDING retries=0 client_lib=MANCHEGO_GCM-10400000}
03-27 06:06:04.086: W/ModuleInitIntentOp(7163): Dropping unexpected action com.google.android.gms.phenotype.COMMITTED
03-27 06:06:04.096: E/ExecutionCriteria(7156): Package unavailable for task: com.google.android.videos/com.google.android.apps.play.movies.common.FlushLogsTaskService{u=0 tag="flush_logs" trigger=window{period=86400s,flex=57600s,earliest=23541s,latest=81141s} requirements=[NET_UNMETERED,CHARGING] attributes=[PERSISTED,RECURRING] scheduled=-5258s last_run=N/A jid=N/A status=PENDING retries=0 client_lib=MANCHEGO_GCM-10400000}
03-27 06:06:04.100: W/ModuleInitIntentOp(7163): Dropping unexpected action com.google.android.gms.phenotype.COMMITTED
