03-29 04:50:25.280: I/Remoter(1336): Saved screenshot to '/data/screenshots/__pmv__-0063.jpg'
03-29 04:50:25.570: D/AndroidRuntime(4431): >>>>>> START com.android.internal.os.RuntimeInit uid 0 <<<<<<
03-29 04:50:25.571: D/AndroidRuntime(4431): CheckJNI is OFF
03-29 04:50:25.584: D/ICU(4431): No timezone override file found: /data/misc/zoneinfo/current/icu/icu_tzdata.dat
03-29 04:50:25.584: D/ICU(4431): [ 03-29 04:50:25.588  4431: 4431 W/         ]
03-29 04:50:25.584: D/ICU(4431): Failed to bind-mount /system/lib/x86/cpuinfo as /proc/cpuinfo: No such file or directory
03-29 04:50:25.594: E/memtrack(4431): Couldn't load memtrack module (No such file or directory)
03-29 04:50:25.594: E/android.os.Debug(4431): failed to load memtrack module: -2
03-29 04:50:25.596: I/Radio-JNI(4431): register_android_hardware_Radio DONE
03-29 04:50:25.603: D/AndroidRuntime(4431): Calling main entry com.android.commands.settings.SettingsCmd
03-29 04:50:25.605: D/AndroidRuntime(4431): Shutting down VM
03-29 04:50:26.035: D/AndroidRuntime(4443): >>>>>> START com.android.internal.os.RuntimeInit uid 0 <<<<<<
03-29 04:50:26.037: D/AndroidRuntime(4443): CheckJNI is OFF
03-29 04:50:26.049: D/ICU(4443): No timezone override file found: /data/misc/zoneinfo/current/icu/icu_tzdata.dat
03-29 04:50:26.049: D/ICU(4443): [ 03-29 04:50:26.053  4443: 4443 W/         ]
03-29 04:50:26.049: D/ICU(4443): Failed to bind-mount /system/lib/x86/cpuinfo as /proc/cpuinfo: No such file or directory
03-29 04:50:26.060: E/memtrack(4443): Couldn't load memtrack module (No such file or directory)
03-29 04:50:26.060: E/android.os.Debug(4443): failed to load memtrack module: -2
03-29 04:50:26.061: I/Radio-JNI(4443): register_android_hardware_Radio DONE
03-29 04:50:26.068: D/AndroidRuntime(4443): Calling main entry com.android.commands.settings.SettingsCmd
03-29 04:50:26.071: D/AndroidRuntime(4443): Shutting down VM
03-29 04:50:26.337: I/Remoter(1336): Saved screenshot to '/data/screenshots/__pmv__-0064.jpg'
03-29 04:50:26.475: I/sshd(1587): type=1400 audit(0.0:124): avc: denied { accept } for lport=22 scontext=u:r:gcelogwrapper:s0 tcontext=u:r:gcelogwrapper:s0 tclass=tcp_socket permissive=1
03-29 04:50:27.395: I/Remoter(1336): Saved screenshot to '/data/screenshots/__pmv__-0065.jpg'
03-29 04:50:28.215: I/sshd(4465): type=1400 audit(0.0:125): avc: denied { read open } for path="/system/bin/sh" dev="sda3" ino=499 scontext=u:r:gcelogwrapper:s0 tcontext=u:object_r:shell_exec:s0 tclass=file permissive=1
03-29 04:50:28.225: I/sshd(4465): type=1400 audit(0.0:126): avc: denied { execute_no_trans } for path="/system/bin/sh" dev="sda3" ino=499 scontext=u:r:gcelogwrapper:s0 tcontext=u:object_r:shell_exec:s0 tclass=file permissive=1
03-29 04:50:28.295: I/scp(4465): type=1400 audit(0.0:127): avc: denied { write } for name="tmp" dev="loop6" ino=65538 scontext=u:r:gcelogwrapper:s0 tcontext=u:object_r:shell_data_file:s0 tclass=dir permissive=1
03-29 04:50:28.315: I/scp(4465): type=1400 audit(0.0:128): avc: denied { add_name } for name="com.google.android.apps.mtaas.tools.apk" scontext=u:r:gcelogwrapper:s0 tcontext=u:object_r:shell_data_file:s0 tclass=dir permissive=1
03-29 04:50:28.315: I/scp(4465): type=1400 audit(0.0:129): avc: denied { create } for name="com.google.android.apps.mtaas.tools.apk" scontext=u:r:gcelogwrapper:s0 tcontext=u:object_r:shell_data_file:s0 tclass=file permissive=1
03-29 04:50:28.315: I/scp(4465): type=1400 audit(0.0:130): avc: denied { write open } for path="/data/local/tmp/com.google.android.apps.mtaas.tools.apk" dev="loop6" ino=65577 scontext=u:r:gcelogwrapper:s0 tcontext=u:object_r:shell_data_file:s0 tclass=file permissive=1
03-29 04:50:28.315: I/scp(4465): type=1400 audit(0.0:131): avc: denied { getattr } for path="/data/local/tmp/com.google.android.apps.mtaas.tools.apk" dev="loop6" ino=65577 scontext=u:r:gcelogwrapper:s0 tcontext=u:object_r:shell_data_file:s0 tclass=file permissive=1
03-29 04:50:28.454: I/Remoter(1336): Saved screenshot to '/data/screenshots/__pmv__-0066.jpg'
03-29 04:50:28.983: D/AndroidRuntime(4473): >>>>>> START com.android.internal.os.RuntimeInit uid 0 <<<<<<
03-29 04:50:28.984: D/AndroidRuntime(4473): CheckJNI is OFF
03-29 04:50:28.996: D/ICU(4473): No timezone override file found: /data/misc/zoneinfo/current/icu/icu_tzdata.dat
03-29 04:50:28.996: D/ICU(4473): [ 03-29 04:50:29.001  4473: 4473 W/         ]
03-29 04:50:28.996: D/ICU(4473): Failed to bind-mount /system/lib/x86/cpuinfo as /proc/cpuinfo: No such file or directory
03-29 04:50:29.008: E/memtrack(4473): Couldn't load memtrack module (No such file or directory)
03-29 04:50:29.008: E/android.os.Debug(4473): failed to load memtrack module: -2
03-29 04:50:29.009: I/Radio-JNI(4473): register_android_hardware_Radio DONE
03-29 04:50:29.016: D/AndroidRuntime(4473): Calling main entry com.android.commands.pm.Pm
03-29 04:50:29.042: I/ActivityManager(1720): Start proc 4481:com.android.defcontainer/u0a6 for service com.android.defcontainer/.DefaultContainerService
03-29 04:50:29.005: I/main(1352): type=1400 audit(0.0:132): avc: denied { getattr } for path="/sys/kernel/debug/tracing/trace_marker" dev="tracefs" ino=1048 scontext=u:r:zygote:s0 tcontext=u:object_r:unlabeled:s0 tclass=file permissive=1
03-29 04:50:29.005: I/main(4481): type=1400 audit(0.0:133): avc: denied { search } for name="/" dev="tracefs" ino=1 scontext=u:r:zygote:s0 tcontext=u:object_r:unlabeled:s0 tclass=dir permissive=1
03-29 04:50:29.005: I/main(4481): type=1400 audit(0.0:134): avc: denied { write } for name="trace_marker" dev="tracefs" ino=1048 scontext=u:r:zygote:s0 tcontext=u:object_r:unlabeled:s0 tclass=file permissive=1
03-29 04:50:29.005: I/main(4481): type=1400 audit(0.0:135): avc: denied { open } for path="/sys/kernel/debug/tracing/trace_marker" dev="tracefs" ino=1048 scontext=u:r:zygote:s0 tcontext=u:object_r:unlabeled:s0 tclass=file permissive=1
03-29 04:50:29.140: D/DefContainer(4481): Copying /data/local/tmp/com.google.android.apps.mtaas.tools.apk to base.apk
03-29 04:50:29.180: I/SELinux(1350): SELinux: Loaded file_contexts contexts from /file_contexts.
03-29 04:50:29.181: I/PackageManager.DexOptimizer(1720): Running dexopt (dex2oat) on: /data/app/vmdl1110055623.tmp/base.apk pkg=com.google.android.apps.mtaas.tools isa=x86 vmSafeMode=false debuggable=false oatDir = /data/app/vmdl1110055623.tmp/oat bootComplete=true
03-29 04:50:29.190: I/dex2oat(4495): Starting dex2oat.
03-29 04:50:29.190: E/cutils-trace(4495): Error opening trace file: Permission denied (13)
03-29 04:50:29.445: I/remoter(1336): type=1400 audit(0.0:136): avc: denied { write } for name="screenshots" dev="loop6" ino=172033 scontext=u:r:gcelogwrapper:s0 tcontext=u:object_r:system_data_file:s0 tclass=dir permissive=1
03-29 04:50:29.563: I/Remoter(1336): Saved screenshot to '/data/screenshots/__pmv__-0067.jpg'
03-29 04:50:29.485: I/remoter(1336): type=1400 audit(0.0:137): avc: denied { add_name } for name="__pmv__-0067.jpg" scontext=u:r:gcelogwrapper:s0 tcontext=u:object_r:system_data_file:s0 tclass=dir permissive=1
03-29 04:50:29.485: I/remoter(1336): type=1400 audit(0.0:138): avc: denied { create } for name="__pmv__-0067.jpg" scontext=u:r:gcelogwrapper:s0 tcontext=u:object_r:system_data_file:s0 tclass=file permissive=1
03-29 04:50:29.485: I/remoter(1336): type=1400 audit(0.0:139): avc: denied { write open } for path="/data/screenshots/__pmv__-0067.jpg" dev="loop6" ino=172100 scontext=u:r:gcelogwrapper:s0 tcontext=u:object_r:system_data_file:s0 tclass=file permissive=1
03-29 04:50:29.545: I/remoter(1336): type=1400 audit(0.0:140): avc: denied { setattr } for name="__pmv__-0067.jpg" dev="loop6" ino=172100 scontext=u:r:gcelogwrapper:s0 tcontext=u:object_r:system_data_file:s0 tclass=file permissive=1
03-29 04:50:29.825: W/dex2oat(4495): No verified method for method calling String.<init>: java.lang.String java.io.ByteArrayOutputStream.toString()
03-29 04:50:30.255: I/dex2oat(4495): dex2oat took 1.065s (threads: 2) arena alloc=408KB java alloc=2MB native alloc=9MB free=2MB
03-29 04:50:30.272: W/PackageManager(1720): Not granting permission android.permission.SET_ANIMATION_SCALE to package com.google.android.apps.mtaas.tools (protectionLevel=50 flags=0x3808be44)
03-29 04:50:30.272: W/PackageManager(1720): Not granting permission android.permission.CHANGE_CONFIGURATION to package com.google.android.apps.mtaas.tools (protectionLevel=50 flags=0x3808be44)
03-29 04:50:30.282: V/BackupManagerService(1720): restoreAtInstall pkg=com.google.android.apps.mtaas.tools token=1 restoreSet=0
03-29 04:50:30.282: V/BackupManagerService(1720): Finishing install immediately
03-29 04:50:30.285: W/Settings(1720): Setting install_non_market_apps has moved from android.provider.Settings.Global to android.provider.Settings.Secure, returning read-only value.
03-29 04:50:30.286: I/art(1720): Starting a blocking GC Explicit
03-29 04:50:30.305: I/art(1720): Explicit concurrent mark sweep GC freed 46905(3MB) AllocSpace objects, 12(332KB) LOS objects, 33% free, 19MB/29MB, paused 284us total 19.198ms
03-29 04:50:30.308: I/art(4473): System.exit called, status: 0
03-29 04:50:30.308: I/AndroidRuntime(4473): VM exiting with result code 0.
03-29 04:50:30.311: D/CarrierServiceBindHelper(2044): Receive action: android.intent.action.PACKAGE_ADDED
03-29 04:50:30.311: D/BluetoothMapAppObserver(2523): onReceive
03-29 04:50:30.311: D/BluetoothMapAppObserver(2523): The installed package is: com.google.android.apps.mtaas.tools
03-29 04:50:30.312: D/BluetoothMapAppObserver(2523): Found 0 application(s) with intent android.bluetooth.action.BLUETOOTH_MAP_PROVIDER
03-29 04:50:30.312: D/CarrierServiceBindHelper(2044): mHandler: 3
03-29 04:50:30.312: D/CarrierConfigLoader(2044): mHandler: 9 phoneId: 0
03-29 04:50:30.314: I/InputReader(1720): Reconfiguring input devices.  changes=0x00000010
03-29 04:50:30.314: D/BluetoothMapAppObserver(2523): Found 0 application(s) with intent android.bluetooth.action.BLUETOOTH_MAP_IM_PROVIDER
03-29 04:50:30.324: I/ActivityManager(1720): Start proc 4499:com.google.android.partnersetup/u0a16 for broadcast com.google.android.partnersetup/.RlzPingBroadcastReceiver
03-29 04:50:30.394: W/System(4499): ClassLoader referenced unknown path: /system/priv-app/GooglePartnerSetup/lib/x86
03-29 04:50:30.410: I/ActivityManager(1720): Start proc 4518:com.android.vending/u0a20 for broadcast com.android.vending/com.google.android.finsky.receivers.PackageMonitorReceiver$RegisteredReceiver
03-29 04:50:30.411: I/ActivityManager(1720): Killing 3877:com.android.providers.calendar/u0a1 (adj 15): empty for 4250s
03-29 04:50:30.447: D/ActivityManager(1720): cleanUpApplicationRecord -- 3877
03-29 04:50:30.487: W/System(4518): ClassLoader referenced unknown path: /system/priv-app/Phonesky/lib/x86
03-29 04:50:30.496: W/Finsky(4518): [1] FinskyApp.getCurrentAccount: No account configured on this device.
03-29 04:50:30.503: D/Finsky(4518): [1] FinskyApp.onCreate: Initializing network with DFE https://android.clients.google.com/fdfe/
03-29 04:50:30.504: W/Finsky(4518): [1] FinskyApp.getCurrentAccount: No account configured on this device.
03-29 04:50:30.519: W/Finsky(4518): [1] FinskyApp.getCurrentAccount: No account configured on this device.
03-29 04:50:30.519: W/Finsky(4518): [1] FinskyApp.getCurrentAccount: No account configured on this device.
03-29 04:50:30.520: W/Finsky(4518): [1] FinskyApp.getCurrentAccount: No account configured on this device.
03-29 04:50:30.520: W/Finsky(4518): [1] FinskyApp.getCurrentAccount: No account configured on this device.
03-29 04:50:30.485: I/gce_init_sshd(1718): type=1400 audit(0.0:141): avc: denied { net_raw } for capability=13 scontext=u:r:gcelogwrapper:s0 tcontext=u:r:gcelogwrapper:s0 tclass=capability permissive=1
03-29 04:50:30.524: W/Finsky(4518): [1] FinskyApp.getCurrentAccount: No account configured on this device.
03-29 04:50:30.525: W/Finsky(4518): [1] FinskyApp.getCurrentAccount: No account configured on this device.
03-29 04:50:30.525: D/Finsky(4518): [1] DailyHygiene.goMakeHygieneIfDirty: Dirty, need more hygiene.
03-29 04:50:30.527: W/Settings(4518): Setting download_manager_max_bytes_over_mobile has moved from android.provider.Settings.Secure to android.provider.Settings.Global.
03-29 04:50:30.527: W/Settings(4518): Setting download_manager_recommended_max_bytes_over_mobile has moved from android.provider.Settings.Secure to android.provider.Settings.Global.
03-29 04:50:30.530: W/Finsky(4518): [1] FinskyApp.getCurrentAccount: No account configured on this device.
03-29 04:50:30.531: W/Finsky(4518): [1] FinskyApp.getCurrentAccount: No account configured on this device.
03-29 04:50:30.531: W/Finsky(4518): [1] FinskyApp.getDfeApi: No account configured on this device.
03-29 04:50:30.542: I/ActivityManager(1720): Start proc 4560:android.process.media/u0a7 for content provider com.android.providers.downloads/.DownloadProvider
03-29 04:50:30.544: W/Finsky(4518): [1] FinskyApp.getCurrentAccount: No account configured on this device.
03-29 04:50:30.546: D/Ads(4518): Skipping gmscore version check
03-29 04:50:30.554: I/ActivityManager(1720): Start proc 4566:com.google.android.googlequicksearchbox:search/u0a26 for broadcast com.google.android.googlequicksearchbox/com.google.android.search.core.icingsync.IcingCorporaChangedReceiver
03-29 04:50:30.556: D/Finsky(4518): [1] ExternalReferrer.access$200: Package state data is missing for com.google.android.apps.mtaas.tools
03-29 04:50:30.557: I/ActivityManager(1720): Killing 4123:com.google.android.youtube/u0a74 (adj 15): empty for 2608s
03-29 04:50:30.575: D/ConnectivityService(1720): ConnectivityService NetworkRequestInfo binderDied(NetworkRequest [ id=5, legacyType=-1, [ Capabilities: INTERNET&NOT_RESTRICTED&TRUSTED] ], android.os.BinderProxy@205b8ac)
03-29 04:50:30.575: D/ConnectivityService(1720): releasing NetworkRequest NetworkRequest [ id=5, legacyType=-1, [ Capabilities: INTERNET&NOT_RESTRICTED&TRUSTED] ]
03-29 04:50:30.582: E/ConnectivityService(1720): RemoteException caught trying to send a callback msg for NetworkRequest [ id=5, legacyType=-1, [ Capabilities: INTERNET&NOT_RESTRICTED&TRUSTED] ]
03-29 04:50:30.609: W/Finsky(4518): [1] FinskyApp.getCurrentAccount: No account configured on this device.
03-29 04:50:30.609: D/ActivityManager(1720): cleanUpApplicationRecord -- 4123
03-29 04:50:30.609: W/Finsky(4518): [1] FinskyApp.getCurrentAccount: No account configured on this device.
03-29 04:50:30.585: I/sshd(4572): type=1400 audit(0.0:142): avc: denied { setuid } for capability=7 scontext=u:r:gcelogwrapper:s0 tcontext=u:r:gcelogwrapper:s0 tclass=capability permissive=1
03-29 04:50:30.631: I/ActivityManager(1720): Killing 3578:com.google.android.gms.ui/u0a10 (adj 15): empty for 2607s
03-29 04:50:30.655: I/Remoter(1336): Saved screenshot to '/data/screenshots/__pmv__-0068.jpg'
03-29 04:50:30.691: D/ActivityManager(1720): cleanUpApplicationRecord -- 3578
03-29 04:50:30.693: W/System(4560): ClassLoader referenced unknown path: /system/priv-app/DownloadProvider/lib/x86
03-29 04:50:30.695: W/System(4560): ClassLoader referenced unknown path: /system/priv-app/MediaProvider/lib/x86
03-29 04:50:30.730: I/ActivityManager(1720): Start proc 4599:com.google.android.apps.plus/u0a66 for broadcast com.google.android.apps.plus/.service.PackagesMediaMonitor
03-29 04:50:30.741: D/Finsky(4518): [1] GmsCoreHelper.cleanupNlp: result=false type=4
03-29 04:50:30.753: D/Finsky(4518): [1] RestoreTracker.stopServiceIfDone: Restore complete with 0 success and 0 failed.
03-29 04:50:30.765: I/UpdateIcingCorporaServi(4566): Updating corpora: APPS=com.google.android.apps.mtaas.tools, CONTACTS=MAYBE
03-29 04:50:30.832: I/Icing(2561): IndexChimeraService.getServiceInterface callingPackage=com.google.android.googlequicksearchbox componentName=null serviceId=36
03-29 04:50:30.861: W/System(4599): ClassLoader referenced unknown path: /system/app/PlusOne/lib/x86
03-29 04:50:30.878: I/Icing(2561): Usage reports ok 0, Failed Usage reports 0, indexed 0, rejected 0, imm upload true
03-29 04:50:30.894: I/UpdateIcingCorporaServi(4566): UpdateCorporaTask done [took 129 ms] updated apps [took 129 ms] 
03-29 04:50:30.895: E/DatabaseUtils(4560): Writing exception to parcel
03-29 04:50:30.895: E/DatabaseUtils(4560): java.lang.SecurityException: Permission Denial: reading com.android.providers.media.MediaProvider uri content://media/external/fs_id from pid=4599, uid=10066 requires android.permission.READ_EXTERNAL_STORAGE, or grantUriPermission()
03-29 04:50:30.895: E/DatabaseUtils(4560): 	at android.content.ContentProvider.enforceReadPermissionInner(ContentProvider.java:605)
03-29 04:50:30.895: E/DatabaseUtils(4560): 	at android.content.ContentProvider$Transport.enforceReadPermission(ContentProvider.java:480)
03-29 04:50:30.895: E/DatabaseUtils(4560): 	at android.content.ContentProvider$Transport.query(ContentProvider.java:211)
03-29 04:50:30.895: E/DatabaseUtils(4560): 	at android.content.ContentProviderNative.onTransact(ContentProviderNative.java:112)
03-29 04:50:30.895: E/DatabaseUtils(4560): 	at android.os.Binder.execTransact(Binder.java:453)
03-29 04:50:30.903: W/ActivityManager(1720): Permission Denial: opening provider com.android.providers.contacts.ContactsProvider2 from ProcessRecord{b09f09d 4599:com.google.android.apps.plus/u0a66} (pid=4599, uid=10066) requires android.permission.READ_CONTACTS or android.permission.WRITE_CONTACTS
03-29 04:50:30.928: W/ActivityManager(1720): Permission Denial: opening provider com.android.providers.contacts.ContactsProvider2 from ProcessRecord{b09f09d 4599:com.google.android.apps.plus/u0a66} (pid=4599, uid=10066) requires android.permission.READ_CONTACTS or android.permission.WRITE_CONTACTS
03-29 04:50:30.933: W/ActivityManager(1720): Permission Denial: opening provider com.android.providers.contacts.ContactsProvider2 from ProcessRecord{b09f09d 4599:com.google.android.apps.plus/u0a66} (pid=4599, uid=10066) requires android.permission.READ_CONTACTS or android.permission.WRITE_CONTACTS
03-29 04:50:30.935: E/GooglePlusContactsSync(4599): Failed to clear out contacts
03-29 04:50:30.935: E/GooglePlusContactsSync(4599): java.lang.SecurityException: Permission Denial: opening provider com.android.providers.contacts.ContactsProvider2 from ProcessRecord{b09f09d 4599:com.google.android.apps.plus/u0a66} (pid=4599, uid=10066) requires android.permission.READ_CONTACTS or android.permission.WRITE_CONTACTS
03-29 04:50:30.935: E/GooglePlusContactsSync(4599): 	at android.os.Parcel.readException(Parcel.java:1620)
03-29 04:50:30.935: E/GooglePlusContactsSync(4599): 	at android.os.Parcel.readException(Parcel.java:1573)
03-29 04:50:30.935: E/GooglePlusContactsSync(4599): 	at android.app.ActivityManagerProxy.getContentProvider(ActivityManagerNative.java:3551)
03-29 04:50:30.935: E/GooglePlusContactsSync(4599): 	at android.app.ActivityThread.acquireProvider(ActivityThread.java:4778)
03-29 04:50:30.935: E/GooglePlusContactsSync(4599): 	at android.app.ContextImpl$ApplicationContentResolver.acquireUnstableProvider(ContextImpl.java:2018)
03-29 04:50:30.935: E/GooglePlusContactsSync(4599): 	at android.content.ContentResolver.acquireUnstableProvider(ContentResolver.java:1468)
03-29 04:50:30.935: E/GooglePlusContactsSync(4599): 	at android.content.ContentResolver.query(ContentResolver.java:475)
03-29 04:50:30.935: E/GooglePlusContactsSync(4599): 	at android.content.ContentResolver.query(ContentResolver.java:434)
03-29 04:50:30.935: E/GooglePlusContactsSync(4599): 	at dcl.a(PG:447)
03-29 04:50:30.935: E/GooglePlusContactsSync(4599): 	at dcl.b(PG:1396)
03-29 04:50:30.935: E/GooglePlusContactsSync(4599): 	at dcm.run(PG:333)
03-29 04:50:30.935: E/GooglePlusContactsSync(4599): 	at java.lang.Thread.run(Thread.java:818)
03-29 04:50:30.973: I/Auth(2561): [SupervisedAccountIntentOperation] onHandleIntent(): android.intent.action.PACKAGE_ADDED
03-29 04:50:30.980: I/ChromeSync(2561): [Sync,SyncIntentOperation] Handling the intent: Intent { act=android.intent.action.PACKAGE_ADDED dat=package:com.google.android.apps.mtaas.tools flg=0x4000010 cmp=com.google.android.gms/.chimera.GmsIntentOperationService (has extras) }.
03-29 04:50:30.981: I/FontsPackageChangeOp(2561): Package com.google.android.apps.mtaas.tools has no metadata
03-29 04:50:30.986: I/Auth(2561): [SupervisedAccountIntentOperation] This operation is disabled
03-29 04:50:31.000: I/ChromeSync(2561): [Persistence,AffiliationManager] No affiliation data for android://N50vJU0zrJ8WOzDt6r3GDtfqrkROFOSiqHcmppwn3vxaRC4hFpNn4UsL7XlvjtlfcWuDAQhmck0qjQPwsrpMNg==@com.google.android.apps.mtaas.tools/. Marking affiliation data as stale...
03-29 04:50:31.007: D/AndroidRuntime(4619): >>>>>> START com.android.internal.os.RuntimeInit uid 0 <<<<<<
03-29 04:50:31.008: I/Icing(2561): IndexChimeraService.getServiceInterface callingPackage=com.google.android.gms componentName=AppsCorpus serviceId=32
03-29 04:50:31.008: I/Icing(2561): IndexChimeraService.getServiceInterface callingPackage=com.google.android.gms componentName=AppsCorpus serviceId=36
03-29 04:50:31.009: I/ChromeSync(2561): [Persistence,AffiliationManager] Fetching affiliations from the server.
03-29 04:50:31.013: D/AndroidRuntime(4619): CheckJNI is OFF
03-29 04:50:31.037: I/PeopleContactsSync(2561): triggerPendingContactsCleanup: no accounts
03-29 04:50:31.038: I/Icing(2561): Usage reports ok 0, Failed Usage reports 0, indexed 0, rejected 0, imm upload false
03-29 04:50:31.039: I/PeopleDatabaseHelper(2561): cleanUpNonGplusAccounts done.
03-29 04:50:31.057: D/ICU(4619): No timezone override file found: /data/misc/zoneinfo/current/icu/icu_tzdata.dat
03-29 04:50:31.057: D/ICU(4619): [ 03-29 04:50:31.062  4619: 4619 W/         ]
03-29 04:50:31.057: D/ICU(4619): Failed to bind-mount /system/lib/x86/cpuinfo as /proc/cpuinfo: No such file or directory
03-29 04:50:31.063: I/Icing(2561): Usage reports ok 0, Failed Usage reports 0, indexed 0, rejected 0, imm upload false
03-29 04:50:31.071: E/memtrack(4619): Couldn't load memtrack module (No such file or directory)
03-29 04:50:31.071: E/android.os.Debug(4619): failed to load memtrack module: -2
03-29 04:50:31.072: I/Radio-JNI(4619): register_android_hardware_Radio DONE
03-29 04:50:31.085: D/AndroidRuntime(4619): Calling main entry com.android.commands.pm.Pm
03-29 04:50:31.089: D/DefContainer(4481): Copying /data/local/tmp/com.google.android.apps.mtaas.loginutil.apk to base.apk
03-29 04:50:31.089: W/Conscrypt(2561): Could not set socket write timeout: java.net.SocketException: Socket closed
03-29 04:50:31.089: W/Conscrypt(2561): 	at com.google.android.gms.org.conscrypt.Platform.setSocketWriteTimeout(:com.google.android.gms@14367022@14.3.67 (040700-216465562):2)
03-29 04:50:31.089: W/Conscrypt(2561): 	at com.google.android.gms.org.conscrypt.ConscryptFileDescriptorSocket.setSoWriteTimeout(:com.google.android.gms@14367022@14.3.67 (040700-216465562):2)
03-29 04:50:31.098: I/PackageParser(1720): com.google.android.apps.mtaas.loginutil: compat added android.permission.WRITE_EXTERNAL_STORAGE android.permission.READ_PHONE_STATE
03-29 04:50:31.118: W/Conscrypt(2561): Could not set socket write timeout: java.net.SocketException: Socket closed
03-29 04:50:31.119: W/Conscrypt(2561): 	at com.google.android.gms.org.conscrypt.Platform.setSocketWriteTimeout(:com.google.android.gms@14367022@14.3.67 (040700-216465562):2)
03-29 04:50:31.119: W/Conscrypt(2561): 	at com.google.android.gms.org.conscrypt.ConscryptFileDescriptorSocket.setSoWriteTimeout(:com.google.android.gms@14367022@14.3.67 (040700-216465562):2)
03-29 04:50:31.121: I/PackageManager.DexOptimizer(1720): Running dexopt (dex2oat) on: /data/app/vmdl821897919.tmp/base.apk pkg=com.google.android.apps.mtaas.loginutil isa=x86 vmSafeMode=false debuggable=false oatDir = /data/app/vmdl821897919.tmp/oat bootComplete=true
03-29 04:50:31.130: I/dex2oat(4670): Starting dex2oat.
03-29 04:50:31.130: E/cutils-trace(4670): Error opening trace file: Permission denied (13)
03-29 04:50:31.158: E/NetworkScheduler.ATC(2302): Called cancelTask for already completed task com.google.android.gms/.chimera.container.ConfigService{u=0 tag="ChimeraConfigService_OneOffRetry" trigger=window{start=-301s,end=299s,earliest=-899s,latest=-299s} requirements=[NET_CONNECTED] attributes=[PERSISTED] scheduled=-598s last_run=-292s jid=N/A status=ACTIVE retries=1 client_lib=MANCHEGO_GCM-14367000} :TIMED_OUT
03-29 04:50:31.232: I/Auth(2302): [ReflectiveChannelBinder] Successfully bound channel!
03-29 04:50:31.268: W/Conscrypt(2302): Could not set socket write timeout: java.net.SocketException: Socket closed
03-29 04:50:31.268: W/Conscrypt(2302): 	at com.google.android.gms.org.conscrypt.Platform.setSocketWriteTimeout(:com.google.android.gms@14367022@14.3.67 (040700-216465562):2)
03-29 04:50:31.268: W/Conscrypt(2302): 	at com.google.android.gms.org.conscrypt.ConscryptFileDescriptorSocket.setSoWriteTimeout(:com.google.android.gms@14367022@14.3.67 (040700-216465562):2)
03-29 04:50:31.318: W/Conscrypt(2302): Could not set socket write timeout: java.net.SocketException: Socket closed
03-29 04:50:31.318: W/Conscrypt(2302): 	at com.google.android.gms.org.conscrypt.Platform.setSocketWriteTimeout(:com.google.android.gms@14367022@14.3.67 (040700-216465562):2)
03-29 04:50:31.318: W/Conscrypt(2302): 	at com.google.android.gms.org.conscrypt.ConscryptFileDescriptorSocket.setSoWriteTimeout(:com.google.android.gms@14367022@14.3.67 (040700-216465562):2)
03-29 04:50:31.330: I/ActivityManager(1720): Start proc 4681:com.google.android.youtube/u0a74 for service com.google.android.youtube/com.google.android.libraries.youtube.common.gcore.gcoreclient.gcm.impl.GcmTaskServiceDelegator
03-29 04:50:31.339: W/GLSUser(2302): [AppCertManager] IOException while requesting key: 
03-29 04:50:31.339: W/GLSUser(2302): java.io.IOException: Invalid device key response.
03-29 04:50:31.339: W/GLSUser(2302): 	at hol.a(:com.google.android.gms@14367022@14.3.67 (040700-216465562):13)
03-29 04:50:31.339: W/GLSUser(2302): 	at hol.a(:com.google.android.gms@14367022@14.3.67 (040700-216465562):61)
03-29 04:50:31.339: W/GLSUser(2302): 	at hoj.a(:com.google.android.gms@14367022@14.3.67 (040700-216465562):6)
03-29 04:50:31.339: W/GLSUser(2302): 	at hof.a(:com.google.android.gms@14367022@14.3.67 (040700-216465562))
03-29 04:50:31.339: W/GLSUser(2302): 	at hoe.a(:com.google.android.gms@14367022@14.3.67 (040700-216465562):9)
03-29 04:50:31.339: W/GLSUser(2302): 	at com.google.android.gms.auth.account.be.legacy.AuthCronChimeraService.b(:com.google.android.gms@14367022@14.3.67 (040700-216465562):6)
03-29 04:50:31.339: W/GLSUser(2302): 	at gne.call(:com.google.android.gms@14367022@14.3.67 (040700-216465562):3)
03-29 04:50:31.339: W/GLSUser(2302): 	at java.util.concurrent.FutureTask.run(FutureTask.java:237)
03-29 04:50:31.339: W/GLSUser(2302): 	at qjt.run(:com.google.android.gms@14367022@14.3.67 (040700-216465562):35)
03-29 04:50:31.339: W/GLSUser(2302): 	at java.util.concurrent.ThreadPoolExecutor.runWorker(ThreadPoolExecutor.java:1113)
03-29 04:50:31.339: W/GLSUser(2302): 	at java.util.concurrent.ThreadPoolExecutor$Worker.run(ThreadPoolExecutor.java:588)
03-29 04:50:31.339: W/GLSUser(2302): 	at qpu.run(:com.google.android.gms@14367022@14.3.67 (040700-216465562))
03-29 04:50:31.339: W/GLSUser(2302): 	at java.lang.Thread.run(Thread.java:818)
03-29 04:50:31.445: W/FileProviderCompat(4681): isPatchingNecessary returned true and in == null: false
03-29 04:50:31.449: W/PatchedPackageManager(4681): patching ProviderInfo. Metadata was not null
03-29 04:50:31.449: W/PatchedPackageManager(4681): resolveContentProvider flags: 128 ret: ContentProviderInfo{name=com.google.android.youtube.fileprovider className=com.google.android.apps.youtube.app.common.util.FileProviderCompat}
03-29 04:50:31.456: W/YT(4681): Last known version:13.34.50
03-29 04:50:31.484: W/Conscrypt(2302): Could not set socket write timeout: java.net.SocketException: Socket closed
03-29 04:50:31.484: W/Conscrypt(2302): 	at com.google.android.gms.org.conscrypt.Platform.setSocketWriteTimeout(:com.google.android.gms@14367022@14.3.67 (040700-216465562):2)
03-29 04:50:31.484: W/Conscrypt(2302): 	at com.google.android.gms.org.conscrypt.ConscryptFileDescriptorSocket.setSoWriteTimeout(:com.google.android.gms@14367022@14.3.67 (040700-216465562):2)
03-29 04:50:31.510: W/Conscrypt(2302): Could not set socket write timeout: java.net.SocketException: Socket closed
03-29 04:50:31.511: W/Conscrypt(2302): 	at com.google.android.gms.org.conscrypt.Platform.setSocketWriteTimeout(:com.google.android.gms@14367022@14.3.67 (040700-216465562):2)
03-29 04:50:31.511: W/Conscrypt(2302): 	at com.google.android.gms.org.conscrypt.ConscryptFileDescriptorSocket.setSoWriteTimeout(:com.google.android.gms@14367022@14.3.67 (040700-216465562):2)
03-29 04:50:31.515: W/YouTube(4681): Fetching the Gservices key 'failsafe_clear_cache_release_13_02' before the end of the bulk initialization
03-29 04:50:31.524: W/ActivityManager(1720): Unable to start service Intent { flg=0x4 cmp=com.android.vending/com.google.android.finsky.services.DailyHygiene (has extras) } U=0: not found
03-29 04:50:31.665: E/YouTube(4681): Failed delayed event dispatch, no dispatchers.
03-29 04:50:31.749: I/Remoter(1336): Saved screenshot to '/data/screenshots/__pmv__-0069.jpg'
03-29 04:50:31.794: D/ConnectivityService(1720): listenForNetwork for Listen from uid/pid:10074/4681 for NetworkRequest [ id=6, legacyType=-1, [ Capabilities: INTERNET&NOT_RESTRICTED&TRUSTED] ]
03-29 04:50:31.905: I/Icing(2561): Indexing com.google.android.googlequicksearchbox-applications_uri from com.google.android.googlequicksearchbox
03-29 04:50:31.923: V/EmulatedCamera_Factory(1349): getCameraInfo: id = 0
03-29 04:50:31.923: V/EmulatedCamera_Camera(1349): getCameraInfo
03-29 04:50:31.923: V/EmulatedCamera_BaseCamera(1349): getCameraInfo
03-29 04:50:31.923: I/DynamiteModule(4681): Considering local module com.google.android.gms.ads.dynamite:0 and remote module com.google.android.gms.ads.dynamite:320
03-29 04:50:31.923: I/DynamiteModule(4681): Selected remote version of com.google.android.gms.ads.dynamite, version >= 320
03-29 04:50:31.941: V/EmulatedCamera_Factory(1349): getCameraInfo: id = 1
03-29 04:50:31.941: V/EmulatedCamera_Camera(1349): getCameraInfo
03-29 04:50:31.941: V/EmulatedCamera_BaseCamera(1349): getCameraInfo
03-29 04:50:31.962: I/Icing(2561): Indexing done com.google.android.googlequicksearchbox-applications_uri
03-29 04:50:32.029: I/PrimesTesting(4681): GserviceFlagsSupplier.get()
03-29 04:50:32.038: W/System(4681): ClassLoader referenced unknown path: /data/data/com.google.android.gms/app_chimera/m/00000006/n/x86
03-29 04:50:32.038: W/System(4681): ClassLoader referenced unknown path: /data/data/com.google.android.gms/app_chimera/m/00000006/n/armeabi-v7a
03-29 04:50:32.038: W/System(4681): ClassLoader referenced unknown path: /data/data/com.google.android.gms/app_chimera/m/00000006/n/armeabi
03-29 04:50:32.044: I/CrashMetricService(4681): Startup metric for 'PRIMES_CRASH_MONITORING_INITIALIZED' dropped.
03-29 04:50:32.082: I/Icing(2561): Indexing com.google.android.gms-apps from com.google.android.gms
03-29 04:50:32.107: I/Icing(2561): Indexing done com.google.android.gms-apps
03-29 04:50:32.111: D/DynamitePackage(4681): Instantiated singleton DynamitePackage.
03-29 04:50:32.111: D/DynamitePackage(4681): Instantiating com.google.android.gms.ads.adshield.ChimeraAdShieldCreatorImpl
03-29 04:50:32.112: E/NetworkScheduler(2302): Invalid component specified.
03-29 04:50:32.124: E/NetworkScheduler(2302): Invalid component specified.
03-29 04:50:32.150: E/NetworkScheduler(2302): Invalid component specified.
03-29 04:50:32.152: I/dex2oat(4670): dex2oat took 1.022s (threads: 2) arena alloc=2MB java alloc=848KB native alloc=8MB free=1933KB
03-29 04:50:32.153: W/YouTube(4681): Unknown task tag OnDeviceSuggestIndexFetcher; aborting...
03-29 04:50:32.155: E/NetworkScheduler(2302): Invalid component specified.
03-29 04:50:32.156: E/NetworkScheduler(2302): Invalid component specified.
03-29 04:50:32.191: V/BackupManagerService(1720): restoreAtInstall pkg=com.google.android.apps.mtaas.loginutil token=2 restoreSet=0
03-29 04:50:32.191: V/BackupManagerService(1720): Finishing install immediately
03-29 04:50:32.195: W/Settings(1720): Setting install_non_market_apps has moved from android.provider.Settings.Global to android.provider.Settings.Secure, returning read-only value.
03-29 04:50:32.195: I/art(1720): Starting a blocking GC Explicit
03-29 04:50:32.257: I/art(1720): Explicit concurrent mark sweep GC freed 31602(2MB) AllocSpace objects, 5(100KB) LOS objects, 33% free, 19MB/29MB, paused 496us total 61.199ms
03-29 04:50:32.265: D/CarrierServiceBindHelper(2044): Receive action: android.intent.action.PACKAGE_ADDED
03-29 04:50:32.265: D/BluetoothMapAppObserver(2523): onReceive
03-29 04:50:32.265: D/BluetoothMapAppObserver(2523): The installed package is: com.google.android.apps.mtaas.loginutil
03-29 04:50:32.265: D/BluetoothMapAppObserver(2523): Found 0 application(s) with intent android.bluetooth.action.BLUETOOTH_MAP_PROVIDER
03-29 04:50:32.266: D/BluetoothMapAppObserver(2523): Found 0 application(s) with intent android.bluetooth.action.BLUETOOTH_MAP_IM_PROVIDER
03-29 04:50:32.266: D/CarrierServiceBindHelper(2044): mHandler: 3
03-29 04:50:32.266: D/CarrierConfigLoader(2044): mHandler: 9 phoneId: 0
03-29 04:50:32.268: I/InputReader(1720): Reconfiguring input devices.  changes=0x00000010
03-29 04:50:32.281: I/art(4619): System.exit called, status: 0
03-29 04:50:32.281: I/AndroidRuntime(4619): VM exiting with result code 0.
03-29 04:50:32.296: D/Finsky(4518): [1] ExternalReferrer.access$200: Package state data is missing for com.google.android.apps.mtaas.loginutil
03-29 04:50:32.301: I/UpdateIcingCorporaServi(4566): Updating corpora: APPS=com.google.android.apps.mtaas.loginutil, CONTACTS=MAYBE
03-29 04:50:32.309: I/UpdateIcingCorporaServi(4566): UpdateCorporaTask done [took 8 ms] updated apps [took 8 ms] 
03-29 04:50:32.323: I/Auth(2561): [SupervisedAccountIntentOperation] onHandleIntent(): android.intent.action.PACKAGE_ADDED
03-29 04:50:32.323: I/Auth(2561): [SupervisedAccountIntentOperation] This operation is disabled
03-29 04:50:32.323: I/ChromeSync(2561): [Sync,SyncIntentOperation] Handling the intent: Intent { act=android.intent.action.PACKAGE_ADDED dat=package:com.google.android.apps.mtaas.loginutil flg=0x4000010 cmp=com.google.android.gms/.chimera.GmsIntentOperationService (has extras) }.
03-29 04:50:32.324: I/FontsPackageChangeOp(2561): Package com.google.android.apps.mtaas.loginutil has no metadata
03-29 04:50:32.325: I/ChromeSync(2561): [Persistence,AffiliationManager] No affiliation data for android://hYLDYwB34REMzRkkDCAO41RDCu83EJUgrh0yR4QTKzoWic4CFOf47MQAfK5OsrL3bydJNBPokUImRnqAa33Xng==@com.google.android.apps.mtaas.loginutil/. Marking affiliation data as stale...
03-29 04:50:32.326: I/ChromeSync(2561): [Persistence,AffiliationManager] Fetching affiliations from the server.
03-29 04:50:32.335: I/Icing(2561): IndexChimeraService.getServiceInterface callingPackage=com.google.android.gms componentName=AppsCorpus serviceId=32
03-29 04:50:32.336: I/Icing(2561): IndexChimeraService.getServiceInterface callingPackage=com.google.android.gms componentName=AppsCorpus serviceId=36
03-29 04:50:32.344: I/PeopleContactsSync(2561): triggerPendingContactsCleanup: no accounts
03-29 04:50:32.335: I/Binder_2(1342): type=1400 audit(0.0:143): avc: denied { ioctl } for path="socket:[59694]" dev="sockfs" ino=59694 ioctlcmd=7704 scontext=u:r:surfaceflinger:s0 tcontext=u:r:surfaceflinger:s0 tclass=unix_stream_socket permissive=1
03-29 04:50:32.377: I/Icing(2561): Usage reports ok 0, Failed Usage reports 0, indexed 0, rejected 0, imm upload false
03-29 04:50:32.402: I/Icing(2561): Usage reports ok 0, Failed Usage reports 0, indexed 0, rejected 0, imm upload false
03-29 04:50:32.335: I/Binder_2(1342): type=1400 audit(0.0:144): avc: denied { ioctl } for path="socket:[59694]" dev="sockfs" ino=59694 ioctlcmd=7704 scontext=u:r:surfaceflinger:s0 tcontext=u:r:surfaceflinger:s0 tclass=unix_stream_socket permissive=1
03-29 04:50:32.418: I/GceRil(1347): Received request 19
03-29 04:50:32.418: I/GceRil(1347): Reporting signal strength: GW=27 CDMA=-71 EVDO=-78 LTE=27
03-29 04:50:32.595: I/scp(4850): type=1400 audit(0.0:145): avc: denied { write } for name="tmp" dev="loop6" ino=65538 scontext=u:r:gcelogwrapper:s0 tcontext=u:object_r:shell_data_file:s0 tclass=dir permissive=1
03-29 04:50:32.595: I/scp(4850): type=1400 audit(0.0:146): avc: denied { add_name } for name="com.google.android.apps.mtaas.backdrop.apk" scontext=u:r:gcelogwrapper:s0 tcontext=u:object_r:shell_data_file:s0 tclass=dir permissive=1
03-29 04:50:32.595: I/scp(4850): type=1400 audit(0.0:147): avc: denied { create } for name="com.google.android.apps.mtaas.backdrop.apk" scontext=u:r:gcelogwrapper:s0 tcontext=u:object_r:shell_data_file:s0 tclass=file permissive=1
03-29 04:50:32.595: I/scp(4850): type=1400 audit(0.0:148): avc: denied { write open } for path="/data/local/tmp/com.google.android.apps.mtaas.backdrop.apk" dev="loop6" ino=65579 scontext=u:r:gcelogwrapper:s0 tcontext=u:object_r:shell_data_file:s0 tclass=file permissive=1
03-29 04:50:32.595: I/scp(4850): type=1400 audit(0.0:149): avc: denied { getattr } for path="/data/local/tmp/com.google.android.apps.mtaas.backdrop.apk" dev="loop6" ino=65579 scontext=u:r:gcelogwrapper:s0 tcontext=u:object_r:shell_data_file:s0 tclass=file permissive=1
03-29 04:50:32.817: I/Remoter(1336): Saved screenshot to '/data/screenshots/__pmv__-0070.jpg'
03-29 04:50:33.092: D/AndroidRuntime(4858): >>>>>> START com.android.internal.os.RuntimeInit uid 0 <<<<<<
03-29 04:50:33.093: D/AndroidRuntime(4858): CheckJNI is OFF
03-29 04:50:33.104: D/ICU(4858): No timezone override file found: /data/misc/zoneinfo/current/icu/icu_tzdata.dat
03-29 04:50:33.104: D/ICU(4858): [ 03-29 04:50:33.109  4858: 4858 W/         ]
03-29 04:50:33.104: D/ICU(4858): Failed to bind-mount /system/lib/x86/cpuinfo as /proc/cpuinfo: No such file or directory
03-29 04:50:33.115: E/memtrack(4858): Couldn't load memtrack module (No such file or directory)
03-29 04:50:33.115: E/android.os.Debug(4858): failed to load memtrack module: -2
03-29 04:50:33.116: I/Radio-JNI(4858): register_android_hardware_Radio DONE
03-29 04:50:33.123: D/AndroidRuntime(4858): Calling main entry com.android.commands.pm.Pm
03-29 04:50:33.127: D/DefContainer(4481): Copying /data/local/tmp/com.google.android.apps.mtaas.backdrop.apk to base.apk
03-29 04:50:33.263: I/PackageManager.DexOptimizer(1720): Running dexopt (dex2oat) on: /data/app/vmdl1815808587.tmp/base.apk pkg=com.google.android.apps.mtaas.backdrop isa=x86 vmSafeMode=false debuggable=false oatDir = /data/app/vmdl1815808587.tmp/oat bootComplete=true
03-29 04:50:33.271: I/dex2oat(4866): Starting dex2oat.
03-29 04:50:33.271: E/cutils-trace(4866): Error opening trace file: Permission denied (13)
03-29 04:50:33.405: I/Icing(2561): Indexing com.google.android.gms-apps from com.google.android.gms
03-29 04:50:33.406: I/Icing(2561): Indexing done com.google.android.gms-apps
03-29 04:50:33.409: I/GceRil(1347): Received request 19
03-29 04:50:33.409: I/GceRil(1347): Reporting signal strength: GW=26 CDMA=-72 EVDO=-79 LTE=27
03-29 04:50:33.491: W/dex2oat(4866): Before Android 4.1, method int android.support.v7.widget.DropDownListView.lookForSelectablePosition(int, boolean) would have incorrectly overridden the package-private method in android.widget.ListView
03-29 04:50:33.504: W/dex2oat(4866): Before Android 4.1, method android.graphics.PorterDuffColorFilter android.support.graphics.drawable.VectorDrawableCompat.updateTintFilter(android.graphics.PorterDuffColorFilter, android.content.res.ColorStateList, android.graphics.PorterDuff$Mode) would have incorrectly overridden the package-private method in android.graphics.drawable.Drawable
03-29 04:50:33.508: W/dex2oat(4866): Before Android 4.1, method int android.support.v7.widget.MenuPopupWindow$MenuDropDownListView.lookForSelectablePosition(int, boolean) would have incorrectly overridden the package-private method in android.widget.ListView
03-29 04:50:33.897: I/Remoter(1336): Saved screenshot to '/data/screenshots/__pmv__-0071.jpg'
03-29 04:50:34.120: W/dex2oat(4866): No verified method for method calling String.<init>: java.lang.String android.text.TextUtils.substring(java.lang.CharSequence, int, int)
03-29 04:50:34.986: I/Remoter(1336): Saved screenshot to '/data/screenshots/__pmv__-0072.jpg'
03-29 04:50:35.601: I/dex2oat(4866): dex2oat took 2.330s (threads: 2) arena alloc=1481KB java alloc=7MB native alloc=21MB free=3MB
03-29 04:50:35.625: V/BackupManagerService(1720): restoreAtInstall pkg=com.google.android.apps.mtaas.backdrop token=3 restoreSet=0
03-29 04:50:35.625: V/BackupManagerService(1720): Finishing install immediately
03-29 04:50:35.628: W/Settings(1720): Setting install_non_market_apps has moved from android.provider.Settings.Global to android.provider.Settings.Secure, returning read-only value.
03-29 04:50:35.628: I/art(1720): Starting a blocking GC Explicit
03-29 04:50:35.651: I/art(1720): Explicit concurrent mark sweep GC freed 108138(6MB) AllocSpace objects, 29(1508KB) LOS objects, 33% free, 19MB/29MB, paused 303us total 22.791ms
03-29 04:50:35.653: I/art(4858): System.exit called, status: 0
03-29 04:50:35.653: I/AndroidRuntime(4858): VM exiting with result code 0.
03-29 04:50:35.659: D/CarrierServiceBindHelper(2044): Receive action: android.intent.action.PACKAGE_ADDED
03-29 04:50:35.659: D/BluetoothMapAppObserver(2523): onReceive
03-29 04:50:35.659: D/BluetoothMapAppObserver(2523): The installed package is: com.google.android.apps.mtaas.backdrop
03-29 04:50:35.659: D/BluetoothMapAppObserver(2523): Found 0 application(s) with intent android.bluetooth.action.BLUETOOTH_MAP_PROVIDER
03-29 04:50:35.659: D/BluetoothMapAppObserver(2523): Found 0 application(s) with intent android.bluetooth.action.BLUETOOTH_MAP_IM_PROVIDER
03-29 04:50:35.659: D/CarrierServiceBindHelper(2044): mHandler: 3
03-29 04:50:35.659: D/CarrierConfigLoader(2044): mHandler: 9 phoneId: 0
03-29 04:50:35.662: I/InputReader(1720): Reconfiguring input devices.  changes=0x00000010
03-29 04:50:35.676: D/Finsky(4518): [1] ExternalReferrer.access$200: Package state data is missing for com.google.android.apps.mtaas.backdrop
03-29 04:50:35.686: I/UpdateIcingCorporaServi(4566): Updating corpora: APPS=com.google.android.apps.mtaas.backdrop, CONTACTS=MAYBE
03-29 04:50:35.715: I/Auth(2561): [SupervisedAccountIntentOperation] onHandleIntent(): android.intent.action.PACKAGE_ADDED
03-29 04:50:35.715: I/Auth(2561): [SupervisedAccountIntentOperation] This operation is disabled
03-29 04:50:35.716: I/ChromeSync(2561): [Sync,SyncIntentOperation] Handling the intent: Intent { act=android.intent.action.PACKAGE_ADDED dat=package:com.google.android.apps.mtaas.backdrop flg=0x4000010 cmp=com.google.android.gms/.chimera.GmsIntentOperationService (has extras) }.
03-29 04:50:35.717: I/FontsPackageChangeOp(2561): Package com.google.android.apps.mtaas.backdrop has no metadata
03-29 04:50:35.719: I/ChromeSync(2561): [Persistence,AffiliationManager] No affiliation data for android://N50vJU0zrJ8WOzDt6r3GDtfqrkROFOSiqHcmppwn3vxaRC4hFpNn4UsL7XlvjtlfcWuDAQhmck0qjQPwsrpMNg==@com.google.android.apps.mtaas.backdrop/. Marking affiliation data as stale...
03-29 04:50:35.725: I/ChromeSync(2561): [Persistence,AffiliationManager] Fetching affiliations from the server.
03-29 04:50:35.733: I/PeopleContactsSync(2561): triggerPendingContactsCleanup: no accounts
03-29 04:50:35.739: I/Icing(2561): IndexChimeraService.getServiceInterface callingPackage=com.google.android.googlequicksearchbox componentName=null serviceId=36
03-29 04:50:35.761: I/Icing(2561): Usage reports ok 0, Failed Usage reports 0, indexed 0, rejected 0, imm upload true
03-29 04:50:35.763: I/UpdateIcingCorporaServi(4566): UpdateCorporaTask done [took 77 ms] updated apps [took 77 ms] 
03-29 04:50:35.765: I/Icing(2561): IndexChimeraService.getServiceInterface callingPackage=com.google.android.gms componentName=AppsCorpus serviceId=32
03-29 04:50:35.765: I/Icing(2561): IndexChimeraService.getServiceInterface callingPackage=com.google.android.gms componentName=AppsCorpus serviceId=36
03-29 04:50:35.773: I/Icing(2561): Usage reports ok 0, Failed Usage reports 0, indexed 0, rejected 0, imm upload false
03-29 04:50:35.776: I/Icing(2561): Usage reports ok 0, Failed Usage reports 0, indexed 0, rejected 0, imm upload false
03-29 04:50:36.045: I/Remoter(1336): Saved screenshot to '/data/screenshots/__pmv__-0073.jpg'
03-29 04:50:36.374: D/AndroidRuntime(4897): >>>>>> START com.android.internal.os.RuntimeInit uid 0 <<<<<<
03-29 04:50:36.376: D/AndroidRuntime(4897): CheckJNI is OFF
03-29 04:50:36.387: D/ICU(4897): No timezone override file found: /data/misc/zoneinfo/current/icu/icu_tzdata.dat
03-29 04:50:36.387: D/ICU(4897): [ 03-29 04:50:36.392  4897: 4897 W/         ]
03-29 04:50:36.387: D/ICU(4897): Failed to bind-mount /system/lib/x86/cpuinfo as /proc/cpuinfo: No such file or directory
03-29 04:50:36.398: E/memtrack(4897): Couldn't load memtrack module (No such file or directory)
03-29 04:50:36.398: E/android.os.Debug(4897): failed to load memtrack module: -2
03-29 04:50:36.399: I/Radio-JNI(4897): register_android_hardware_Radio DONE
03-29 04:50:36.406: D/AndroidRuntime(4897): Calling main entry com.android.commands.pm.Pm
03-29 04:50:36.409: D/DefContainer(4481): Copying /data/local/tmp/com.google.android.apps.auth.test.support.apk to base.apk
03-29 04:50:36.413: I/PackageParser(1720): com.google.android.apps.auth.test.support: compat added android.permission.WRITE_EXTERNAL_STORAGE android.permission.READ_PHONE_STATE
03-29 04:50:36.446: I/PackageManager.DexOptimizer(1720): Running dexopt (dex2oat) on: /data/app/vmdl1034117595.tmp/base.apk pkg=com.google.android.apps.auth.test.support isa=x86 vmSafeMode=false debuggable=false oatDir = /data/app/vmdl1034117595.tmp/oat bootComplete=true
03-29 04:50:36.461: I/dex2oat(4905): Starting dex2oat.
03-29 04:50:36.461: E/cutils-trace(4905): Error opening trace file: Permission denied (13)
03-29 04:50:36.785: I/Icing(2561): Indexing com.google.android.googlequicksearchbox-applications_uri from com.google.android.googlequicksearchbox
03-29 04:50:36.808: I/Icing(2561): Indexing done com.google.android.googlequicksearchbox-applications_uri
03-29 04:50:36.810: I/Icing(2561): Indexing com.google.android.gms-apps from com.google.android.gms
03-29 04:50:36.819: I/dex2oat(4905): dex2oat took 357.829ms (threads: 2) arena alloc=4MB java alloc=533KB native alloc=8MB free=4MB
03-29 04:50:36.822: I/Icing(2561): Indexing done com.google.android.gms-apps
03-29 04:50:36.836: W/PackageManager(1720): Unknown permission android.permission.MANAGE_ACCOUNT in package com.google.android.apps.auth.test.support
03-29 04:50:36.836: W/PackageManager(1720): Not granting permission com.google.android.providers.gsf.permission.WRITE_GSERVICES to package com.google.android.apps.auth.test.support (protectionLevel=18 flags=0x18008444)
03-29 04:50:36.847: V/BackupManagerService(1720): restoreAtInstall pkg=com.google.android.apps.auth.test.support token=4 restoreSet=0
03-29 04:50:36.847: V/BackupManagerService(1720): Finishing install immediately
03-29 04:50:36.850: W/Settings(1720): Setting install_non_market_apps has moved from android.provider.Settings.Global to android.provider.Settings.Secure, returning read-only value.
03-29 04:50:36.850: I/art(1720): Starting a blocking GC Explicit
03-29 04:50:36.868: I/art(1720): Explicit concurrent mark sweep GC freed 61221(3MB) AllocSpace objects, 21(452KB) LOS objects, 33% free, 19MB/29MB, paused 257us total 18.327ms
03-29 04:50:36.872: I/InputReader(1720): Reconfiguring input devices.  changes=0x00000010
03-29 04:50:36.874: D/CarrierServiceBindHelper(2044): Receive action: android.intent.action.PACKAGE_ADDED
03-29 04:50:36.874: I/art(4897): System.exit called, status: 0
03-29 04:50:36.874: I/AndroidRuntime(4897): VM exiting with result code 0.
03-29 04:50:36.877: D/BluetoothMapAppObserver(2523): onReceive
03-29 04:50:36.877: D/BluetoothMapAppObserver(2523): The installed package is: com.google.android.apps.auth.test.support
03-29 04:50:36.877: D/BluetoothMapAppObserver(2523): Found 0 application(s) with intent android.bluetooth.action.BLUETOOTH_MAP_PROVIDER
03-29 04:50:36.877: D/CarrierServiceBindHelper(2044): mHandler: 3
03-29 04:50:36.877: D/CarrierConfigLoader(2044): mHandler: 9 phoneId: 0
03-29 04:50:36.878: D/BluetoothMapAppObserver(2523): Found 0 application(s) with intent android.bluetooth.action.BLUETOOTH_MAP_IM_PROVIDER
03-29 04:50:36.887: D/Finsky(4518): [1] ExternalReferrer.access$200: Package state data is missing for com.google.android.apps.auth.test.support
03-29 04:50:36.895: I/UpdateIcingCorporaServi(4566): Updating corpora: APPS=com.google.android.apps.auth.test.support, CONTACTS=MAYBE
03-29 04:50:36.902: I/UpdateIcingCorporaServi(4566): UpdateCorporaTask done [took 7 ms] updated apps [took 7 ms] 
03-29 04:50:36.925: I/Auth(2561): [SupervisedAccountIntentOperation] onHandleIntent(): android.intent.action.PACKAGE_ADDED
03-29 04:50:36.925: I/Auth(2561): [SupervisedAccountIntentOperation] This operation is disabled
03-29 04:50:36.925: I/ChromeSync(2561): [Sync,SyncIntentOperation] Handling the intent: Intent { act=android.intent.action.PACKAGE_ADDED dat=package:com.google.android.apps.auth.test.support flg=0x4000010 cmp=com.google.android.gms/.chimera.GmsIntentOperationService (has extras) }.
03-29 04:50:36.928: I/ChromeSync(2561): [Persistence,AffiliationManager] No affiliation data for android://7G-Efj82hZdHSUvuVB5_HPiHcWccXsypYCo6U8Kc9sLlMNs7HSOe_3VRyq6k0G49kSzhdL3KFII22IkttNSGIg==@com.google.android.apps.auth.test.support/. Marking affiliation data as stale...
03-29 04:50:36.930: I/ChromeSync(2561): [Persistence,AffiliationManager] Fetching affiliations from the server.
03-29 04:50:36.942: I/PeopleContactsSync(2561): triggerPendingContactsCleanup: no accounts
