03-29 04:50:36.945: I/Icing(2561): IndexChimeraService.getServiceInterface callingPackage=com.google.android.gms componentName=AppsCorpus serviceId=32
03-29 04:50:36.947: I/Icing(2561): IndexChimeraService.getServiceInterface callingPackage=com.google.android.gms componentName=AppsCorpus serviceId=36
03-29 04:50:36.951: I/Icing(2561): Usage reports ok 0, Failed Usage reports 0, indexed 0, rejected 0, imm upload false
03-29 04:50:36.954: I/Icing(2561): Usage reports ok 0, Failed Usage reports 0, indexed 0, rejected 0, imm upload false
03-29 04:50:37.109: I/Remoter(1336): Saved screenshot to '/data/screenshots/__pmv__-0074.jpg'
03-29 04:50:37.507: D/AndroidRuntime(4935): >>>>>> START com.android.internal.os.RuntimeInit uid 0 <<<<<<
03-29 04:50:37.509: D/AndroidRuntime(4935): CheckJNI is OFF
03-29 04:50:37.520: D/ICU(4935): No timezone override file found: /data/misc/zoneinfo/current/icu/icu_tzdata.dat
03-29 04:50:37.520: D/ICU(4935): [ 03-29 04:50:37.525  4935: 4935 W/         ]
03-29 04:50:37.520: D/ICU(4935): Failed to bind-mount /system/lib/x86/cpuinfo as /proc/cpuinfo: No such file or directory
03-29 04:50:37.531: E/memtrack(4935): Couldn't load memtrack module (No such file or directory)
03-29 04:50:37.531: E/android.os.Debug(4935): failed to load memtrack module: -2
03-29 04:50:37.531: I/Radio-JNI(4935): register_android_hardware_Radio DONE
03-29 04:50:37.539: D/AndroidRuntime(4935): Calling main entry com.android.commands.pm.Pm
03-29 04:50:37.542: D/DefContainer(4481): Copying /data/local/tmp/com.google.android.apps.mtaas.testloop.apk to base.apk
03-29 04:50:37.589: I/PackageManager.DexOptimizer(1720): Running dexopt (dex2oat) on: /data/app/vmdl737163952.tmp/base.apk pkg=com.google.android.apps.mtaas.testloop isa=x86 vmSafeMode=false debuggable=false oatDir = /data/app/vmdl737163952.tmp/oat bootComplete=true
03-29 04:50:37.596: I/dex2oat(4943): Starting dex2oat.
03-29 04:50:37.596: E/cutils-trace(4943): Error opening trace file: Permission denied (13)
03-29 04:50:37.965: I/Icing(2561): Indexing com.google.android.gms-apps from com.google.android.gms
03-29 04:50:37.965: I/Icing(2561): Indexing done com.google.android.gms-apps
03-29 04:50:38.129: W/dex2oat(4943): No verified method for method calling String.<init>: java.lang.String android.text.TextUtils.substring(java.lang.CharSequence, int, int)
03-29 04:50:38.199: I/Remoter(1336): Saved screenshot to '/data/screenshots/__pmv__-0075.jpg'
03-29 04:50:38.927: I/dex2oat(4943): dex2oat took 1.330s (threads: 2) arena alloc=825KB java alloc=2MB native alloc=13MB free=2MB
03-29 04:50:38.953: V/BackupManagerService(1720): restoreAtInstall pkg=com.google.android.apps.mtaas.testloop token=5 restoreSet=0
03-29 04:50:38.953: V/BackupManagerService(1720): Finishing install immediately
03-29 04:50:38.954: D/VoldConnector(1720): SND -> {7 volume remount_uid 10081 read}
03-29 04:50:38.954: D/vold(1319): Remounting 10081 as mode read
03-29 04:50:38.955: D/VoldConnector(1720): RCV <- {200 7 Command succeeded}
03-29 04:50:38.956: D/VoldConnector(1720): SND -> {8 volume remount_uid 10081 write}
03-29 04:50:38.956: D/vold(1319): Remounting 10081 as mode write
03-29 04:50:38.957: D/VoldConnector(1720): RCV <- {200 8 Command succeeded}
03-29 04:50:38.962: W/Settings(1720): Setting install_non_market_apps has moved from android.provider.Settings.Global to android.provider.Settings.Secure, returning read-only value.
03-29 04:50:38.963: I/art(1720): Starting a blocking GC Explicit
03-29 04:50:38.966: W/GCoreFlp(2302): No location to return for getLastLocation()
03-29 04:50:38.969: W/GCoreFlp(2302): No location to return for getLastLocation()
03-29 04:50:38.985: I/art(1720): Explicit concurrent mark sweep GC freed 45465(3MB) AllocSpace objects, 7(140KB) LOS objects, 33% free, 19MB/29MB, paused 229us total 21.668ms
03-29 04:50:38.987: I/art(4935): System.exit called, status: 0
03-29 04:50:38.987: I/AndroidRuntime(4935): VM exiting with result code 0.
03-29 04:50:38.989: D/CarrierServiceBindHelper(2044): Receive action: android.intent.action.PACKAGE_ADDED
03-29 04:50:38.989: D/BluetoothMapAppObserver(2523): onReceive
03-29 04:50:38.989: D/BluetoothMapAppObserver(2523): The installed package is: com.google.android.apps.mtaas.testloop
03-29 04:50:38.989: D/BluetoothMapAppObserver(2523): Found 0 application(s) with intent android.bluetooth.action.BLUETOOTH_MAP_PROVIDER
03-29 04:50:38.990: D/BluetoothMapAppObserver(2523): Found 0 application(s) with intent android.bluetooth.action.BLUETOOTH_MAP_IM_PROVIDER
03-29 04:50:39.007: D/CarrierServiceBindHelper(2044): mHandler: 3
03-29 04:50:39.007: D/CarrierConfigLoader(2044): mHandler: 9 phoneId: 0
03-29 04:50:39.010: I/InputReader(1720): Reconfiguring input devices.  changes=0x00000010
03-29 04:50:39.012: D/Finsky(4518): [1] ExternalReferrer.access$200: Package state data is missing for com.google.android.apps.mtaas.testloop
03-29 04:50:39.015: I/UpdateIcingCorporaServi(4566): Updating corpora: APPS=com.google.android.apps.mtaas.testloop, CONTACTS=MAYBE
03-29 04:50:39.033: I/Icing(2561): IndexChimeraService.getServiceInterface callingPackage=com.google.android.googlequicksearchbox componentName=null serviceId=36
03-29 04:50:39.044: I/Auth(2561): [SupervisedAccountIntentOperation] onHandleIntent(): android.intent.action.PACKAGE_ADDED
03-29 04:50:39.044: I/Auth(2561): [SupervisedAccountIntentOperation] This operation is disabled
03-29 04:50:39.044: I/ChromeSync(2561): [Sync,SyncIntentOperation] Handling the intent: Intent { act=android.intent.action.PACKAGE_ADDED dat=package:com.google.android.apps.mtaas.testloop flg=0x4000010 cmp=com.google.android.gms/.chimera.GmsIntentOperationService (has extras) }.
03-29 04:50:39.044: I/FontsPackageChangeOp(2561): Package com.google.android.apps.mtaas.testloop has no metadata
03-29 04:50:39.047: I/ChromeSync(2561): [Persistence,AffiliationManager] No affiliation data for android://N50vJU0zrJ8WOzDt6r3GDtfqrkROFOSiqHcmppwn3vxaRC4hFpNn4UsL7XlvjtlfcWuDAQhmck0qjQPwsrpMNg==@com.google.android.apps.mtaas.testloop/. Marking affiliation data as stale...
03-29 04:50:39.048: I/ChromeSync(2561): [Persistence,AffiliationManager] Fetching affiliations from the server.
03-29 04:50:39.056: I/PeopleContactsSync(2561): triggerPendingContactsCleanup: no accounts
03-29 04:50:39.072: I/Icing(2561): IndexChimeraService.getServiceInterface callingPackage=com.google.android.gms componentName=AppsCorpus serviceId=32
03-29 04:50:39.072: I/Icing(2561): IndexChimeraService.getServiceInterface callingPackage=com.google.android.gms componentName=AppsCorpus serviceId=36
03-29 04:50:39.082: I/Icing(2561): Usage reports ok 0, Failed Usage reports 0, indexed 0, rejected 0, imm upload true
03-29 04:50:39.083: I/UpdateIcingCorporaServi(4566): UpdateCorporaTask done [took 68 ms] updated apps [took 68 ms] 
03-29 04:50:39.091: I/Icing(2561): Usage reports ok 0, Failed Usage reports 0, indexed 0, rejected 0, imm upload false
03-29 04:50:39.097: I/Icing(2561): Usage reports ok 0, Failed Usage reports 0, indexed 0, rejected 0, imm upload false
03-29 04:50:39.261: I/Remoter(1336): Saved screenshot to '/data/screenshots/__pmv__-0076.jpg'
03-29 04:50:39.602: D/AndroidRuntime(4973): >>>>>> START com.android.internal.os.RuntimeInit uid 0 <<<<<<
03-29 04:50:39.603: D/AndroidRuntime(4973): CheckJNI is OFF
03-29 04:50:39.615: D/ICU(4973): No timezone override file found: /data/misc/zoneinfo/current/icu/icu_tzdata.dat
03-29 04:50:39.615: D/ICU(4973): [ 03-29 04:50:39.619  4973: 4973 W/         ]
03-29 04:50:39.615: D/ICU(4973): Failed to bind-mount /system/lib/x86/cpuinfo as /proc/cpuinfo: No such file or directory
03-29 04:50:39.625: E/memtrack(4973): Couldn't load memtrack module (No such file or directory)
03-29 04:50:39.625: E/android.os.Debug(4973): failed to load memtrack module: -2
03-29 04:50:39.626: I/Radio-JNI(4973): register_android_hardware_Radio DONE
03-29 04:50:39.632: D/AndroidRuntime(4973): Calling main entry com.android.commands.pm.Pm
03-29 04:50:39.636: D/DefContainer(4481): Copying /data/local/tmp/android.support.test.orchestrator.apk to base.apk
03-29 04:50:39.650: I/PackageManager.DexOptimizer(1720): Running dexopt (dex2oat) on: /data/app/vmdl1306746315.tmp/base.apk pkg=android.support.test.orchestrator isa=x86 vmSafeMode=false debuggable=false oatDir = /data/app/vmdl1306746315.tmp/oat bootComplete=true
03-29 04:50:39.658: I/dex2oat(4981): Starting dex2oat.
03-29 04:50:39.658: E/cutils-trace(4981): Error opening trace file: Permission denied (13)
03-29 04:50:39.748: I/dex2oat(4981): dex2oat took 89.743ms (threads: 2) arena alloc=181KB java alloc=252KB native alloc=1700KB free=1115KB
03-29 04:50:39.771: V/BackupManagerService(1720): restoreAtInstall pkg=android.support.test.orchestrator token=6 restoreSet=0
03-29 04:50:39.771: V/BackupManagerService(1720): Finishing install immediately
03-29 04:50:39.771: D/VoldConnector(1720): SND -> {9 volume remount_uid 10082 read}
03-29 04:50:39.771: D/vold(1319): Remounting 10082 as mode read
03-29 04:50:39.773: D/VoldConnector(1720): RCV <- {200 9 Command succeeded}
03-29 04:50:39.773: D/VoldConnector(1720): SND -> {10 volume remount_uid 10082 write}
03-29 04:50:39.773: D/vold(1319): Remounting 10082 as mode write
03-29 04:50:39.774: D/VoldConnector(1720): RCV <- {200 10 Command succeeded}
03-29 04:50:39.777: W/Settings(1720): Setting install_non_market_apps has moved from android.provider.Settings.Global to android.provider.Settings.Secure, returning read-only value.
03-29 04:50:39.777: I/art(1720): Starting a blocking GC Explicit
03-29 04:50:39.784: W/GCoreFlp(2302): No location to return for getLastLocation()
03-29 04:50:39.788: W/GCoreFlp(2302): No location to return for getLastLocation()
03-29 04:50:39.797: I/art(1720): Explicit concurrent mark sweep GC freed 46311(3MB) AllocSpace objects, 7(140KB) LOS objects, 33% free, 19MB/29MB, paused 307us total 20.153ms
03-29 04:50:39.801: D/CarrierServiceBindHelper(2044): Receive action: android.intent.action.PACKAGE_ADDED
03-29 04:50:39.802: D/CarrierServiceBindHelper(2044): mHandler: 3
03-29 04:50:39.802: D/CarrierConfigLoader(2044): mHandler: 9 phoneId: 0
03-29 04:50:39.804: I/InputReader(1720): Reconfiguring input devices.  changes=0x00000010
03-29 04:50:39.804: D/BluetoothMapAppObserver(2523): onReceive
03-29 04:50:39.804: D/BluetoothMapAppObserver(2523): The installed package is: android.support.test.orchestrator
03-29 04:50:39.806: D/BluetoothMapAppObserver(2523): Found 0 application(s) with intent android.bluetooth.action.BLUETOOTH_MAP_PROVIDER
03-29 04:50:39.806: D/BluetoothMapAppObserver(2523): Found 0 application(s) with intent android.bluetooth.action.BLUETOOTH_MAP_IM_PROVIDER
03-29 04:50:39.808: I/art(4973): System.exit called, status: 0
03-29 04:50:39.808: I/AndroidRuntime(4973): VM exiting with result code 0.
03-29 04:50:39.813: D/Finsky(4518): [1] ExternalReferrer.access$200: Package state data is missing for android.support.test.orchestrator
03-29 04:50:39.824: I/UpdateIcingCorporaServi(4566): Updating corpora: APPS=android.support.test.orchestrator, CONTACTS=MAYBE
03-29 04:50:39.831: I/UpdateIcingCorporaServi(4566): UpdateCorporaTask done [took 6 ms] updated apps [took 6 ms] 
03-29 04:50:39.846: I/Auth(2561): [SupervisedAccountIntentOperation] onHandleIntent(): android.intent.action.PACKAGE_ADDED
03-29 04:50:39.846: I/Auth(2561): [SupervisedAccountIntentOperation] This operation is disabled
03-29 04:50:39.846: I/ChromeSync(2561): [Sync,SyncIntentOperation] Handling the intent: Intent { act=android.intent.action.PACKAGE_ADDED dat=package:android.support.test.orchestrator flg=0x4000010 cmp=com.google.android.gms/.chimera.GmsIntentOperationService (has extras) }.
03-29 04:50:39.847: I/FontsPackageChangeOp(2561): Package android.support.test.orchestrator has no metadata
03-29 04:50:39.849: I/ChromeSync(2561): [Persistence,AffiliationManager] No affiliation data for android://N50vJU0zrJ8WOzDt6r3GDtfqrkROFOSiqHcmppwn3vxaRC4hFpNn4UsL7XlvjtlfcWuDAQhmck0qjQPwsrpMNg==@android.support.test.orchestrator/. Marking affiliation data as stale...
03-29 04:50:39.854: I/ChromeSync(2561): [Persistence,AffiliationManager] Fetching affiliations from the server.
03-29 04:50:39.860: I/Icing(2561): IndexChimeraService.getServiceInterface callingPackage=com.google.android.gms componentName=AppsCorpus serviceId=32
03-29 04:50:39.860: I/Icing(2561): IndexChimeraService.getServiceInterface callingPackage=com.google.android.gms componentName=AppsCorpus serviceId=36
03-29 04:50:39.861: I/PeopleContactsSync(2561): triggerPendingContactsCleanup: no accounts
03-29 04:50:39.868: I/Icing(2561): Usage reports ok 0, Failed Usage reports 0, indexed 0, rejected 0, imm upload false
03-29 04:50:39.872: I/Icing(2561): Usage reports ok 0, Failed Usage reports 0, indexed 0, rejected 0, imm upload false
03-29 04:50:40.084: I/Icing(2561): Indexing com.google.android.googlequicksearchbox-applications_uri from com.google.android.googlequicksearchbox
03-29 04:50:40.096: I/Icing(2561): Indexing done com.google.android.googlequicksearchbox-applications_uri
03-29 04:50:40.097: I/Icing(2561): Indexing com.google.android.gms-apps from com.google.android.gms
03-29 04:50:40.104: I/Icing(2561): Indexing done com.google.android.gms-apps
03-29 04:50:40.325: I/Remoter(1336): Saved screenshot to '/data/screenshots/__pmv__-0077.jpg'
03-29 04:50:40.445: D/AndroidRuntime(5011): >>>>>> START com.android.internal.os.RuntimeInit uid 0 <<<<<<
03-29 04:50:40.446: D/AndroidRuntime(5011): CheckJNI is OFF
03-29 04:50:40.457: D/ICU(5011): No timezone override file found: /data/misc/zoneinfo/current/icu/icu_tzdata.dat
03-29 04:50:40.457: D/ICU(5011): [ 03-29 04:50:40.462  5011: 5011 W/         ]
03-29 04:50:40.457: D/ICU(5011): Failed to bind-mount /system/lib/x86/cpuinfo as /proc/cpuinfo: No such file or directory
03-29 04:50:40.468: E/memtrack(5011): Couldn't load memtrack module (No such file or directory)
03-29 04:50:40.468: E/android.os.Debug(5011): failed to load memtrack module: -2
03-29 04:50:40.469: I/Radio-JNI(5011): register_android_hardware_Radio DONE
03-29 04:50:40.476: D/AndroidRuntime(5011): Calling main entry com.android.commands.pm.Pm
03-29 04:50:40.479: D/DefContainer(4481): Copying /data/local/tmp/androidx.test.orchestrator.apk to base.apk
03-29 04:50:40.494: I/PackageManager.DexOptimizer(1720): Running dexopt (dex2oat) on: /data/app/vmdl1769914116.tmp/base.apk pkg=androidx.test.orchestrator isa=x86 vmSafeMode=false debuggable=true oatDir = /data/app/vmdl1769914116.tmp/oat bootComplete=true
03-29 04:50:40.501: I/dex2oat(5019): /system/bin/dex2oat --debuggable
03-29 04:50:40.501: E/cutils-trace(5019): Error opening trace file: Permission denied (13)
03-29 04:50:40.571: I/dex2oat(5019): dex2oat took 69.486ms (threads: 2) arena alloc=31KB java alloc=238KB native alloc=2MB free=1680KB
03-29 04:50:40.593: V/BackupManagerService(1720): restoreAtInstall pkg=androidx.test.orchestrator token=7 restoreSet=0
03-29 04:50:40.593: V/BackupManagerService(1720): Finishing install immediately
03-29 04:50:40.594: D/VoldConnector(1720): SND -> {11 volume remount_uid 10083 read}
03-29 04:50:40.594: D/vold(1319): Remounting 10083 as mode read
03-29 04:50:40.595: D/VoldConnector(1720): RCV <- {200 11 Command succeeded}
03-29 04:50:40.596: D/VoldConnector(1720): SND -> {12 volume remount_uid 10083 write}
03-29 04:50:40.596: D/vold(1319): Remounting 10083 as mode write
03-29 04:50:40.597: D/VoldConnector(1720): RCV <- {200 12 Command succeeded}
03-29 04:50:40.602: W/Settings(1720): Setting install_non_market_apps has moved from android.provider.Settings.Global to android.provider.Settings.Secure, returning read-only value.
03-29 04:50:40.602: I/art(1720): Starting a blocking GC Explicit
03-29 04:50:40.608: W/GCoreFlp(2302): No location to return for getLastLocation()
03-29 04:50:40.609: W/GCoreFlp(2302): No location to return for getLastLocation()
03-29 04:50:40.624: I/art(1720): Explicit concurrent mark sweep GC freed 56363(3MB) AllocSpace objects, 9(180KB) LOS objects, 33% free, 19MB/29MB, paused 233us total 21.816ms
03-29 04:50:40.627: D/BluetoothMapAppObserver(2523): onReceive
03-29 04:50:40.627: D/BluetoothMapAppObserver(2523): The installed package is: androidx.test.orchestrator
03-29 04:50:40.627: D/BluetoothMapAppObserver(2523): Found 0 application(s) with intent android.bluetooth.action.BLUETOOTH_MAP_PROVIDER
03-29 04:50:40.628: I/InputReader(1720): Reconfiguring input devices.  changes=0x00000010
03-29 04:50:40.628: D/BluetoothMapAppObserver(2523): Found 0 application(s) with intent android.bluetooth.action.BLUETOOTH_MAP_IM_PROVIDER
03-29 04:50:40.630: D/CarrierServiceBindHelper(2044): Receive action: android.intent.action.PACKAGE_ADDED
03-29 04:50:40.630: D/CarrierServiceBindHelper(2044): mHandler: 3
03-29 04:50:40.630: D/CarrierConfigLoader(2044): mHandler: 9 phoneId: 0
03-29 04:50:40.635: I/art(5011): System.exit called, status: 0
03-29 04:50:40.635: I/AndroidRuntime(5011): VM exiting with result code 0.
03-29 04:50:40.647: D/Finsky(4518): [1] ExternalReferrer.access$200: Package state data is missing for androidx.test.orchestrator
03-29 04:50:40.653: I/UpdateIcingCorporaServi(4566): Updating corpora: APPS=androidx.test.orchestrator, CONTACTS=MAYBE
03-29 04:50:40.663: I/UpdateIcingCorporaServi(4566): UpdateCorporaTask done [took 11 ms] updated apps [took 11 ms] 
03-29 04:50:40.671: I/Auth(2561): [SupervisedAccountIntentOperation] onHandleIntent(): android.intent.action.PACKAGE_ADDED
03-29 04:50:40.671: I/Auth(2561): [SupervisedAccountIntentOperation] This operation is disabled
03-29 04:50:40.672: I/FontsPackageChangeOp(2561): Package androidx.test.orchestrator has no metadata
03-29 04:50:40.674: I/ChromeSync(2561): [Sync,SyncIntentOperation] Handling the intent: Intent { act=android.intent.action.PACKAGE_ADDED dat=package:androidx.test.orchestrator flg=0x4000010 cmp=com.google.android.gms/.chimera.GmsIntentOperationService (has extras) }.
03-29 04:50:40.681: I/ChromeSync(2561): [Persistence,AffiliationManager] No affiliation data for android://N50vJU0zrJ8WOzDt6r3GDtfqrkROFOSiqHcmppwn3vxaRC4hFpNn4UsL7XlvjtlfcWuDAQhmck0qjQPwsrpMNg==@androidx.test.orchestrator/. Marking affiliation data as stale...
03-29 04:50:40.682: I/ChromeSync(2561): [Persistence,AffiliationManager] Fetching affiliations from the server.
03-29 04:50:40.685: I/Icing(2561): IndexChimeraService.getServiceInterface callingPackage=com.google.android.gms componentName=AppsCorpus serviceId=32
03-29 04:50:40.685: I/Icing(2561): IndexChimeraService.getServiceInterface callingPackage=com.google.android.gms componentName=AppsCorpus serviceId=36
03-29 04:50:40.687: I/PeopleContactsSync(2561): triggerPendingContactsCleanup: no accounts
03-29 04:50:40.700: I/Icing(2561): Usage reports ok 0, Failed Usage reports 0, indexed 0, rejected 0, imm upload false
03-29 04:50:40.706: I/Icing(2561): Usage reports ok 0, Failed Usage reports 0, indexed 0, rejected 0, imm upload false
03-29 04:50:40.873: I/Icing(2561): Indexing com.google.android.gms-apps from com.google.android.gms
03-29 04:50:40.874: I/Icing(2561): Indexing done com.google.android.gms-apps
03-29 04:50:41.232: D/AndroidRuntime(5049): >>>>>> START com.android.internal.os.RuntimeInit uid 0 <<<<<<
03-29 04:50:41.234: D/AndroidRuntime(5049): CheckJNI is OFF
03-29 04:50:41.249: D/ICU(5049): No timezone override file found: /data/misc/zoneinfo/current/icu/icu_tzdata.dat
03-29 04:50:41.249: D/ICU(5049): [ 03-29 04:50:41.254  5049: 5049 W/         ]
03-29 04:50:41.249: D/ICU(5049): Failed to bind-mount /system/lib/x86/cpuinfo as /proc/cpuinfo: No such file or directory
03-29 04:50:41.260: E/memtrack(5049): Couldn't load memtrack module (No such file or directory)
03-29 04:50:41.260: E/android.os.Debug(5049): failed to load memtrack module: -2
03-29 04:50:41.261: I/Radio-JNI(5049): register_android_hardware_Radio DONE
03-29 04:50:41.278: D/AndroidRuntime(5049): Calling main entry com.android.commands.pm.Pm
03-29 04:50:41.281: D/DefContainer(4481): Copying /data/local/tmp/android.support.test.services.apk to base.apk
03-29 04:50:41.291: I/PackageManager.DexOptimizer(1720): Running dexopt (dex2oat) on: /data/app/vmdl409666192.tmp/base.apk pkg=android.support.test.services isa=x86 vmSafeMode=false debuggable=false oatDir = /data/app/vmdl409666192.tmp/oat bootComplete=true
03-29 04:50:41.298: I/dex2oat(5057): Starting dex2oat.
03-29 04:50:41.298: E/cutils-trace(5057): Error opening trace file: Permission denied (13)
03-29 04:50:41.405: I/Remoter(1336): Saved screenshot to '/data/screenshots/__pmv__-0078.jpg'
03-29 04:50:41.412: I/dex2oat(5057): dex2oat took 113.802ms (threads: 2) arena alloc=244KB java alloc=224KB native alloc=1699KB free=1116KB
03-29 04:50:41.436: V/BackupManagerService(1720): restoreAtInstall pkg=android.support.test.services token=8 restoreSet=0
03-29 04:50:41.436: V/BackupManagerService(1720): Finishing install immediately
03-29 04:50:41.439: W/Settings(1720): Setting install_non_market_apps has moved from android.provider.Settings.Global to android.provider.Settings.Secure, returning read-only value.
03-29 04:50:41.439: I/art(1720): Starting a blocking GC Explicit
03-29 04:50:41.456: I/art(1720): Explicit concurrent mark sweep GC freed 39166(2MB) AllocSpace objects, 7(140KB) LOS objects, 33% free, 19MB/29MB, paused 247us total 16.790ms
03-29 04:50:41.460: I/art(5049): System.exit called, status: 0
03-29 04:50:41.460: I/AndroidRuntime(5049): VM exiting with result code 0.
03-29 04:50:41.466: D/CarrierServiceBindHelper(2044): Receive action: android.intent.action.PACKAGE_ADDED
03-29 04:50:41.466: D/CarrierServiceBindHelper(2044): mHandler: 3
03-29 04:50:41.466: D/CarrierConfigLoader(2044): mHandler: 9 phoneId: 0
03-29 04:50:41.471: D/BluetoothMapAppObserver(2523): onReceive
03-29 04:50:41.471: D/BluetoothMapAppObserver(2523): The installed package is: android.support.test.services
03-29 04:50:41.472: D/BluetoothMapAppObserver(2523): Found 0 application(s) with intent android.bluetooth.action.BLUETOOTH_MAP_PROVIDER
03-29 04:50:41.472: D/BluetoothMapAppObserver(2523): Found 0 application(s) with intent android.bluetooth.action.BLUETOOTH_MAP_IM_PROVIDER
03-29 04:50:41.480: D/Finsky(4518): [1] ExternalReferrer.access$200: Package state data is missing for android.support.test.services
03-29 04:50:41.481: I/InputReader(1720): Reconfiguring input devices.  changes=0x00000010
03-29 04:50:41.482: I/UpdateIcingCorporaServi(4566): Updating corpora: APPS=android.support.test.services, CONTACTS=MAYBE
03-29 04:50:41.491: I/UpdateIcingCorporaServi(4566): UpdateCorporaTask done [took 8 ms] updated apps [took 8 ms] 
03-29 04:50:41.514: I/Auth(2561): [SupervisedAccountIntentOperation] onHandleIntent(): android.intent.action.PACKAGE_ADDED
03-29 04:50:41.514: I/Auth(2561): [SupervisedAccountIntentOperation] This operation is disabled
03-29 04:50:41.514: I/ChromeSync(2561): [Sync,SyncIntentOperation] Handling the intent: Intent { act=android.intent.action.PACKAGE_ADDED dat=package:android.support.test.services flg=0x4000010 cmp=com.google.android.gms/.chimera.GmsIntentOperationService (has extras) }.
03-29 04:50:41.515: I/ChromeSync(2561): [Persistence,AffiliationManager] No affiliation data for android://N50vJU0zrJ8WOzDt6r3GDtfqrkROFOSiqHcmppwn3vxaRC4hFpNn4UsL7XlvjtlfcWuDAQhmck0qjQPwsrpMNg==@android.support.test.services/. Marking affiliation data as stale...
03-29 04:50:41.516: I/FontsPackageChangeOp(2561): Package android.support.test.services has no metadata
03-29 04:50:41.522: I/Icing(2561): IndexChimeraService.getServiceInterface callingPackage=com.google.android.gms componentName=AppsCorpus serviceId=32
03-29 04:50:41.522: I/Icing(2561): IndexChimeraService.getServiceInterface callingPackage=com.google.android.gms componentName=AppsCorpus serviceId=36
03-29 04:50:41.523: I/ChromeSync(2561): [Persistence,AffiliationManager] Fetching affiliations from the server.
03-29 04:50:41.528: I/PeopleContactsSync(2561): triggerPendingContactsCleanup: no accounts
03-29 04:50:41.536: I/Icing(2561): Usage reports ok 0, Failed Usage reports 0, indexed 0, rejected 0, imm upload false
03-29 04:50:41.539: I/Icing(2561): Usage reports ok 0, Failed Usage reports 0, indexed 0, rejected 0, imm upload false
03-29 04:50:41.568: I/MetadataService(1336): Processed 0 update/creates for instance/attributes/
03-29 04:50:41.568: I/MetadataService(1336): Processed 0 update/creates for project/attributes/
03-29 04:50:41.555: I/gce.meta.proxy(976): type=1400 audit(0.0:150): avc: denied { create } for scontext=u:r:kernel:s0 tcontext=u:r:kernel:s0 tclass=tcp_socket permissive=1
03-29 04:50:41.708: I/Icing(2561): Indexing com.google.android.gms-apps from com.google.android.gms
03-29 04:50:41.708: I/Icing(2561): Indexing done com.google.android.gms-apps
03-29 04:50:41.981: D/AndroidRuntime(5087): >>>>>> START com.android.internal.os.RuntimeInit uid 0 <<<<<<
03-29 04:50:41.982: D/AndroidRuntime(5087): CheckJNI is OFF
03-29 04:50:41.993: D/ICU(5087): No timezone override file found: /data/misc/zoneinfo/current/icu/icu_tzdata.dat
03-29 04:50:41.993: D/ICU(5087): [ 03-29 04:50:41.998  5087: 5087 W/         ]
03-29 04:50:41.993: D/ICU(5087): Failed to bind-mount /system/lib/x86/cpuinfo as /proc/cpuinfo: No such file or directory
03-29 04:50:42.004: E/memtrack(5087): Couldn't load memtrack module (No such file or directory)
03-29 04:50:42.004: E/android.os.Debug(5087): failed to load memtrack module: -2
03-29 04:50:42.005: I/Radio-JNI(5087): register_android_hardware_Radio DONE
03-29 04:50:42.012: D/AndroidRuntime(5087): Calling main entry com.android.commands.pm.Pm
03-29 04:50:42.016: D/DefContainer(4481): Copying /data/local/tmp/androidx.test.services.apk to base.apk
03-29 04:50:42.025: I/PackageManager.DexOptimizer(1720): Running dexopt (dex2oat) on: /data/app/vmdl1692031887.tmp/base.apk pkg=androidx.test.services isa=x86 vmSafeMode=false debuggable=true oatDir = /data/app/vmdl1692031887.tmp/oat bootComplete=true
03-29 04:50:42.033: I/dex2oat(5095): /system/bin/dex2oat --debuggable
03-29 04:50:42.033: E/cutils-trace(5095): Error opening trace file: Permission denied (13)
03-29 04:50:42.089: I/dex2oat(5095): dex2oat took 56.162ms (threads: 2) arena alloc=161KB java alloc=222KB native alloc=1744KB free=1327KB
03-29 04:50:42.113: V/BackupManagerService(1720): restoreAtInstall pkg=androidx.test.services token=9 restoreSet=0
03-29 04:50:42.113: V/BackupManagerService(1720): Finishing install immediately
03-29 04:50:42.116: W/Settings(1720): Setting install_non_market_apps has moved from android.provider.Settings.Global to android.provider.Settings.Secure, returning read-only value.
03-29 04:50:42.116: I/art(1720): Starting a blocking GC Explicit
03-29 04:50:42.132: I/art(1720): Explicit concurrent mark sweep GC freed 39042(2MB) AllocSpace objects, 7(140KB) LOS objects, 33% free, 19MB/29MB, paused 248us total 16.085ms
03-29 04:50:42.136: I/art(5087): System.exit called, status: 0
03-29 04:50:42.136: I/AndroidRuntime(5087): VM exiting with result code 0.
03-29 04:50:42.140: D/BluetoothMapAppObserver(2523): onReceive
03-29 04:50:42.140: D/BluetoothMapAppObserver(2523): The installed package is: androidx.test.services
03-29 04:50:42.142: D/CarrierServiceBindHelper(2044): Receive action: android.intent.action.PACKAGE_ADDED
03-29 04:50:42.142: D/BluetoothMapAppObserver(2523): Found 0 application(s) with intent android.bluetooth.action.BLUETOOTH_MAP_PROVIDER
03-29 04:50:42.142: D/BluetoothMapAppObserver(2523): Found 0 application(s) with intent android.bluetooth.action.BLUETOOTH_MAP_IM_PROVIDER
03-29 04:50:42.145: D/CarrierServiceBindHelper(2044): mHandler: 3
03-29 04:50:42.145: D/CarrierConfigLoader(2044): mHandler: 9 phoneId: 0
03-29 04:50:42.146: I/InputReader(1720): Reconfiguring input devices.  changes=0x00000010
03-29 04:50:42.149: D/Finsky(4518): [1] ExternalReferrer.access$200: Package state data is missing for androidx.test.services
03-29 04:50:42.156: I/UpdateIcingCorporaServi(4566): Updating corpora: APPS=androidx.test.services, CONTACTS=MAYBE
03-29 04:50:42.167: I/UpdateIcingCorporaServi(4566): UpdateCorporaTask done [took 11 ms] updated apps [took 11 ms] 
03-29 04:50:42.185: I/GceMetadataClient(3197): Received updated metadata.
03-29 04:50:42.189: I/Auth(2561): [SupervisedAccountIntentOperation] onHandleIntent(): android.intent.action.PACKAGE_ADDED
03-29 04:50:42.189: I/Auth(2561): [SupervisedAccountIntentOperation] This operation is disabled
03-29 04:50:42.192: I/ChromeSync(2561): [Sync,SyncIntentOperation] Handling the intent: Intent { act=android.intent.action.PACKAGE_ADDED dat=package:androidx.test.services flg=0x4000010 cmp=com.google.android.gms/.chimera.GmsIntentOperationService (has extras) }.
03-29 04:50:42.192: I/FontsPackageChangeOp(2561): Package androidx.test.services has no metadata
03-29 04:50:42.194: I/ChromeSync(2561): [Persistence,AffiliationManager] No affiliation data for android://N50vJU0zrJ8WOzDt6r3GDtfqrkROFOSiqHcmppwn3vxaRC4hFpNn4UsL7XlvjtlfcWuDAQhmck0qjQPwsrpMNg==@androidx.test.services/. Marking affiliation data as stale...
03-29 04:50:42.198: I/ChromeSync(2561): [Persistence,AffiliationManager] Fetching affiliations from the server.
03-29 04:50:42.199: I/Icing(2561): IndexChimeraService.getServiceInterface callingPackage=com.google.android.gms componentName=AppsCorpus serviceId=32
03-29 04:50:42.200: I/Icing(2561): IndexChimeraService.getServiceInterface callingPackage=com.google.android.gms componentName=AppsCorpus serviceId=36
03-29 04:50:42.205: I/PeopleContactsSync(2561): triggerPendingContactsCleanup: no accounts
03-29 04:50:42.217: I/Icing(2561): Usage reports ok 0, Failed Usage reports 0, indexed 0, rejected 0, imm upload false
03-29 04:50:42.222: I/Icing(2561): Usage reports ok 0, Failed Usage reports 0, indexed 0, rejected 0, imm upload false
03-29 04:50:42.467: I/Remoter(1336): Saved screenshot to '/data/screenshots/__pmv__-0079.jpg'
03-29 04:50:42.541: I/Icing(2561): Indexing com.google.android.gms-apps from com.google.android.gms
03-29 04:50:42.543: I/Icing(2561): Indexing done com.google.android.gms-apps
03-29 04:50:42.721: D/AndroidRuntime(5125): >>>>>> START com.android.internal.os.RuntimeInit uid 0 <<<<<<
03-29 04:50:42.723: D/AndroidRuntime(5125): CheckJNI is OFF
03-29 04:50:42.734: D/ICU(5125): No timezone override file found: /data/misc/zoneinfo/current/icu/icu_tzdata.dat
03-29 04:50:42.734: D/ICU(5125): [ 03-29 04:50:42.739  5125: 5125 W/         ]
03-29 04:50:42.734: D/ICU(5125): Failed to bind-mount /system/lib/x86/cpuinfo as /proc/cpuinfo: No such file or directory
03-29 04:50:42.745: E/memtrack(5125): Couldn't load memtrack module (No such file or directory)
03-29 04:50:42.745: E/android.os.Debug(5125): failed to load memtrack module: -2
03-29 04:50:42.746: I/Radio-JNI(5125): register_android_hardware_Radio DONE
03-29 04:50:42.753: D/AndroidRuntime(5125): Calling main entry com.android.commands.pm.Pm
03-29 04:50:42.756: D/DefContainer(4481): Copying /data/local/tmp/com.google.android.apps.mtaas.stubapp.apk to base.apk
03-29 04:50:42.757: I/PackageParser(1720): com.google.android.apps.mtaas.stubapp: compat added android.permission.WRITE_EXTERNAL_STORAGE android.permission.READ_PHONE_STATE
03-29 04:50:42.762: I/PackageManager.DexOptimizer(1720): Running dexopt (dex2oat) on: /data/app/vmdl694306056.tmp/base.apk pkg=com.google.android.apps.mtaas.stubapp isa=x86 vmSafeMode=false debuggable=false oatDir = /data/app/vmdl694306056.tmp/oat bootComplete=true
03-29 04:50:42.770: I/dex2oat(5133): Starting dex2oat.
03-29 04:50:42.770: E/cutils-trace(5133): Error opening trace file: Permission denied (13)
03-29 04:50:42.774: I/dex2oat(5133): dex2oat took 4.159ms (threads: 2) arena alloc=6KB java alloc=16KB native alloc=795KB free=740KB
03-29 04:50:42.797: V/BackupManagerService(1720): restoreAtInstall pkg=com.google.android.apps.mtaas.stubapp token=a restoreSet=0
03-29 04:50:42.797: V/BackupManagerService(1720): Finishing install immediately
03-29 04:50:42.800: W/Settings(1720): Setting install_non_market_apps has moved from android.provider.Settings.Global to android.provider.Settings.Secure, returning read-only value.
03-29 04:50:42.800: I/art(1720): Starting a blocking GC Explicit
03-29 04:50:42.816: I/art(1720): Explicit concurrent mark sweep GC freed 39028(2MB) AllocSpace objects, 7(140KB) LOS objects, 33% free, 19MB/29MB, paused 230us total 16.065ms
03-29 04:50:42.819: I/art(5125): System.exit called, status: 0
03-29 04:50:42.819: I/AndroidRuntime(5125): VM exiting with result code 0.
03-29 04:50:42.819: D/BluetoothMapAppObserver(2523): onReceive
03-29 04:50:42.819: D/BluetoothMapAppObserver(2523): The installed package is: com.google.android.apps.mtaas.stubapp
03-29 04:50:42.820: D/CarrierServiceBindHelper(2044): Receive action: android.intent.action.PACKAGE_ADDED
03-29 04:50:42.821: D/BluetoothMapAppObserver(2523): Found 0 application(s) with intent android.bluetooth.action.BLUETOOTH_MAP_PROVIDER
03-29 04:50:42.822: D/BluetoothMapAppObserver(2523): Found 0 application(s) with intent android.bluetooth.action.BLUETOOTH_MAP_IM_PROVIDER
03-29 04:50:42.826: D/CarrierServiceBindHelper(2044): mHandler: 3
03-29 04:50:42.826: D/CarrierConfigLoader(2044): mHandler: 9 phoneId: 0
03-29 04:50:42.827: I/InputReader(1720): Reconfiguring input devices.  changes=0x00000010
03-29 04:50:42.831: D/Finsky(4518): [1] ExternalReferrer.access$200: Package state data is missing for com.google.android.apps.mtaas.stubapp
03-29 04:50:42.835: I/UpdateIcingCorporaServi(4566): Updating corpora: APPS=com.google.android.apps.mtaas.stubapp, CONTACTS=MAYBE
03-29 04:50:42.846: I/UpdateIcingCorporaServi(4566): UpdateCorporaTask done [took 10 ms] updated apps [took 10 ms] 
03-29 04:50:42.866: I/Auth(2561): [SupervisedAccountIntentOperation] onHandleIntent(): android.intent.action.PACKAGE_ADDED
03-29 04:50:42.866: I/Auth(2561): [SupervisedAccountIntentOperation] This operation is disabled
03-29 04:50:42.866: I/ChromeSync(2561): [Sync,SyncIntentOperation] Handling the intent: Intent { act=android.intent.action.PACKAGE_ADDED dat=package:com.google.android.apps.mtaas.stubapp flg=0x4000010 cmp=com.google.android.gms/.chimera.GmsIntentOperationService (has extras) }.
03-29 04:50:42.867: I/FontsPackageChangeOp(2561): Package com.google.android.apps.mtaas.stubapp has no metadata
03-29 04:50:42.867: I/ChromeSync(2561): [Persistence,AffiliationManager] No affiliation data for android://N50vJU0zrJ8WOzDt6r3GDtfqrkROFOSiqHcmppwn3vxaRC4hFpNn4UsL7XlvjtlfcWuDAQhmck0qjQPwsrpMNg==@com.google.android.apps.mtaas.stubapp/. Marking affiliation data as stale...
03-29 04:50:42.869: I/ChromeSync(2561): [Persistence,AffiliationManager] Fetching affiliations from the server.
03-29 04:50:42.871: I/Icing(2561): IndexChimeraService.getServiceInterface callingPackage=com.google.android.gms componentName=AppsCorpus serviceId=36
03-29 04:50:42.871: I/Icing(2561): IndexChimeraService.getServiceInterface callingPackage=com.google.android.gms componentName=AppsCorpus serviceId=32
03-29 04:50:42.876: I/PeopleContactsSync(2561): triggerPendingContactsCleanup: no accounts
03-29 04:50:42.886: I/Icing(2561): Usage reports ok 0, Failed Usage reports 0, indexed 0, rejected 0, imm upload false
03-29 04:50:42.889: I/Icing(2561): Usage reports ok 0, Failed Usage reports 0, indexed 0, rejected 0, imm upload false
03-29 04:50:43.224: I/Icing(2561): Indexing com.google.android.gms-apps from com.google.android.gms
03-29 04:50:43.225: I/Icing(2561): Indexing done com.google.android.gms-apps
03-29 04:50:43.405: D/AndroidRuntime(5163): >>>>>> START com.android.internal.os.RuntimeInit uid 0 <<<<<<
03-29 04:50:43.407: D/AndroidRuntime(5163): CheckJNI is OFF
03-29 04:50:43.418: D/ICU(5163): No timezone override file found: /data/misc/zoneinfo/current/icu/icu_tzdata.dat
03-29 04:50:43.418: D/ICU(5163): [ 03-29 04:50:43.423  5163: 5163 W/         ]
03-29 04:50:43.418: D/ICU(5163): Failed to bind-mount /system/lib/x86/cpuinfo as /proc/cpuinfo: No such file or directory
03-29 04:50:43.429: E/memtrack(5163): Couldn't load memtrack module (No such file or directory)
03-29 04:50:43.429: E/android.os.Debug(5163): failed to load memtrack module: -2
03-29 04:50:43.430: I/Radio-JNI(5163): register_android_hardware_Radio DONE
03-29 04:50:43.437: D/AndroidRuntime(5163): Calling main entry com.android.commands.pm.Pm
03-29 04:50:43.440: D/DefContainer(4481): Copying /data/local/tmp/androidx.test.tools.crawler.stubapp.apk to base.apk
03-29 04:50:43.442: I/PackageParser(1720): androidx.test.tools.crawler.stubapp: compat added android.permission.WRITE_EXTERNAL_STORAGE android.permission.READ_PHONE_STATE
03-29 04:50:43.447: I/PackageManager.DexOptimizer(1720): Running dexopt (dex2oat) on: /data/app/vmdl478329255.tmp/base.apk pkg=androidx.test.tools.crawler.stubapp isa=x86 vmSafeMode=false debuggable=false oatDir = /data/app/vmdl478329255.tmp/oat bootComplete=true
03-29 04:50:43.455: I/dex2oat(5171): Starting dex2oat.
03-29 04:50:43.455: E/cutils-trace(5171): Error opening trace file: Permission denied (13)
03-29 04:50:43.460: I/dex2oat(5171): dex2oat took 5.455ms (threads: 2) arena alloc=6KB java alloc=16KB native alloc=795KB free=740KB
03-29 04:50:43.493: V/BackupManagerService(1720): restoreAtInstall pkg=androidx.test.tools.crawler.stubapp token=b restoreSet=0
03-29 04:50:43.493: V/BackupManagerService(1720): Finishing install immediately
03-29 04:50:43.497: W/Settings(1720): Setting install_non_market_apps has moved from android.provider.Settings.Global to android.provider.Settings.Secure, returning read-only value.
03-29 04:50:43.497: I/art(1720): Starting a blocking GC Explicit
03-29 04:50:43.525: I/art(1720): Explicit concurrent mark sweep GC freed 38404(2MB) AllocSpace objects, 7(140KB) LOS objects, 33% free, 20MB/30MB, paused 399us total 24.334ms
03-29 04:50:43.527: D/CarrierServiceBindHelper(2044): Receive action: android.intent.action.PACKAGE_ADDED
03-29 04:50:43.527: D/BluetoothMapAppObserver(2523): onReceive
03-29 04:50:43.527: D/BluetoothMapAppObserver(2523): The installed package is: androidx.test.tools.crawler.stubapp
03-29 04:50:43.530: I/InputReader(1720): Reconfiguring input devices.  changes=0x00000010
03-29 04:50:43.530: D/BluetoothMapAppObserver(2523): Found 0 application(s) with intent android.bluetooth.action.BLUETOOTH_MAP_PROVIDER
03-29 04:50:43.534: D/CarrierServiceBindHelper(2044): mHandler: 3
03-29 04:50:43.534: D/CarrierConfigLoader(2044): mHandler: 9 phoneId: 0
03-29 04:50:43.535: D/BluetoothMapAppObserver(2523): Found 0 application(s) with intent android.bluetooth.action.BLUETOOTH_MAP_IM_PROVIDER
03-29 04:50:43.545: I/art(5163): System.exit called, status: 0
03-29 04:50:43.545: I/AndroidRuntime(5163): VM exiting with result code 0.
03-29 04:50:43.560: I/Remoter(1336): Saved screenshot to '/data/screenshots/__pmv__-0080.jpg'
03-29 04:50:43.562: D/Finsky(4518): [1] ExternalReferrer.access$200: Package state data is missing for androidx.test.tools.crawler.stubapp
03-29 04:50:43.566: I/UpdateIcingCorporaServi(4566): Updating corpora: APPS=androidx.test.tools.crawler.stubapp, CONTACTS=MAYBE
03-29 04:50:43.573: I/UpdateIcingCorporaServi(4566): UpdateCorporaTask done [took 6 ms] updated apps [took 6 ms] 
03-29 04:50:43.589: I/Auth(2561): [SupervisedAccountIntentOperation] onHandleIntent(): android.intent.action.PACKAGE_ADDED
03-29 04:50:43.589: I/Auth(2561): [SupervisedAccountIntentOperation] This operation is disabled
03-29 04:50:43.589: I/ChromeSync(2561): [Sync,SyncIntentOperation] Handling the intent: Intent { act=android.intent.action.PACKAGE_ADDED dat=package:androidx.test.tools.crawler.stubapp flg=0x4000010 cmp=com.google.android.gms/.chimera.GmsIntentOperationService (has extras) }.
03-29 04:50:43.590: I/FontsPackageChangeOp(2561): Package androidx.test.tools.crawler.stubapp has no metadata
03-29 04:50:43.591: I/ChromeSync(2561): [Persistence,AffiliationManager] No affiliation data for android://N50vJU0zrJ8WOzDt6r3GDtfqrkROFOSiqHcmppwn3vxaRC4hFpNn4UsL7XlvjtlfcWuDAQhmck0qjQPwsrpMNg==@androidx.test.tools.crawler.stubapp/. Marking affiliation data as stale...
03-29 04:50:43.591: I/ChromeSync(2561): [Persistence,AffiliationManager] Fetching affiliations from the server.
03-29 04:50:43.598: I/Icing(2561): IndexChimeraService.getServiceInterface callingPackage=com.google.android.gms componentName=AppsCorpus serviceId=32
03-29 04:50:43.598: I/Icing(2561): IndexChimeraService.getServiceInterface callingPackage=com.google.android.gms componentName=AppsCorpus serviceId=36
03-29 04:50:43.605: I/PeopleContactsSync(2561): triggerPendingContactsCleanup: no accounts
03-29 04:50:43.625: I/Icing(2561): Usage reports ok 0, Failed Usage reports 0, indexed 0, rejected 0, imm upload false
03-29 04:50:43.636: I/Icing(2561): Usage reports ok 0, Failed Usage reports 0, indexed 0, rejected 0, imm upload false
03-29 04:50:43.770: D/AndroidRuntime(5186): >>>>>> START com.android.internal.os.RuntimeInit uid 0 <<<<<<
03-29 04:50:43.771: D/AndroidRuntime(5186): CheckJNI is OFF
03-29 04:50:43.782: D/ICU(5186): No timezone override file found: /data/misc/zoneinfo/current/icu/icu_tzdata.dat
03-29 04:50:43.782: D/ICU(5186): [ 03-29 04:50:43.786  5186: 5186 W/         ]
03-29 04:50:43.782: D/ICU(5186): Failed to bind-mount /system/lib/x86/cpuinfo as /proc/cpuinfo: No such file or directory
03-29 04:50:43.792: E/memtrack(5186): Couldn't load memtrack module (No such file or directory)
03-29 04:50:43.792: E/android.os.Debug(5186): failed to load memtrack module: -2
03-29 04:50:43.793: I/Radio-JNI(5186): register_android_hardware_Radio DONE
03-29 04:50:43.800: D/AndroidRuntime(5186): Calling main entry com.android.commands.input.Input
03-29 04:50:43.800: I/Input(5186): injectKeyEvent: KeyEvent { action=ACTION_DOWN, keyCode=KEYCODE_MENU, scanCode=0, metaState=0, flags=0x0, repeatCount=0, eventTime=4369945, downTime=4369945, deviceId=-1, source=0x101 }
03-29 04:50:43.802: I/Input(5186): injectKeyEvent: KeyEvent { action=ACTION_UP, keyCode=KEYCODE_MENU, scanCode=0, metaState=0, flags=0x0, repeatCount=0, eventTime=4369945, downTime=4369945, deviceId=-1, source=0x101 }
03-29 04:50:43.804: D/AndroidRuntime(5186): Shutting down VM
03-29 04:50:43.854: W/AudioTrack(1802): AUDIO_OUTPUT_FLAG_FAST denied by client; transfer 4, track 44100 Hz, output 48000 Hz
03-29 04:50:43.864: D/PhoneStatusBar(1802): disable: < expand icons* alerts system_info* back HOME RECENT clock SEARCH quick_settings >
03-29 04:50:43.869: I/hwcomposer(1342): Sent 3623 syncs in 60s
03-29 04:50:43.879: I/ActivityManager(1720): Start proc 5196:com.google.android.apps.fitness/u0a40 for broadcast com.google.android.apps.fitness/.widget.TodayStatusWidgetProvider
03-29 04:50:43.893: I/Icing(2561): Indexing com.google.android.gms-apps from com.google.android.gms
03-29 04:50:43.894: I/Icing(2561): Indexing done com.google.android.gms-apps
03-29 04:50:43.914: D/AudioFlinger(1349): mixer(0xb43c0000) throttle end: throttle time(11)
03-29 04:50:43.969: I/Keyboard.Facilitator(2016): onFinishInput()
03-29 04:50:43.999: D/AudioFlinger(1349): mixer(0xb43c0000) throttle end: throttle time(11)
03-29 04:50:43.915: I/Binder_3(1720): type=1400 audit(0.0:151): avc: denied { ioctl } for path="socket:[61003]" dev="sockfs" ino=61003 ioctlcmd=7704 scontext=u:r:system_server:s0 tcontext=u:r:system_server:s0 tclass=unix_stream_socket permissive=1
03-29 04:50:44.182: W/System(5196): ClassLoader referenced unknown path: /system/app/FitnessPrebuilt/lib/x86
03-29 04:50:43.915: I/Binder_3(1720): type=1400 audit(0.0:152): avc: denied { ioctl } for path="socket:[61003]" dev="sockfs" ino=61003 ioctlcmd=7704 scontext=u:r:system_server:s0 tcontext=u:r:system_server:s0 tclass=unix_stream_socket permissive=1
03-29 04:50:43.955: I/Binder_B(1720): type=1400 audit(0.0:153): avc: denied { ioctl } for path="socket:[61002]" dev="sockfs" ino=61002 ioctlcmd=7704 scontext=u:r:system_server:s0 tcontext=u:r:system_server:s0 tclass=unix_stream_socket permissive=1
03-29 04:50:44.463: I/art(2302): Background partial concurrent mark sweep GC freed 89322(5MB) AllocSpace objects, 3(56KB) LOS objects, 40% free, 21MB/35MB, paused 410us total 208.159ms
03-29 04:50:44.472: W/MDM(2561): [457] adiz.c: enableNfc
03-29 04:50:44.478: W/MDM(2561): [457] adiz.c: EnableNfc flag is true
03-29 04:50:44.480: V/NFC(2561): this device does not have NFC support
03-29 04:50:44.492: I/CastDatabase(2561): Opening the database
03-29 04:50:43.955: I/Binder_B(1720): type=1400 audit(0.0:154): avc: denied { ioctl } for path="socket:[61002]" dev="sockfs" ino=61002 ioctlcmd=7704 scontext=u:r:system_server:s0 tcontext=u:r:system_server:s0 tclass=unix_stream_socket permissive=1
03-29 04:50:44.605: I/SQLiteCastDBHelper(2561): Creating cast database
03-29 04:50:44.665: I/Icing(2561): Indexing com.google.android.gms-apps from com.google.android.gms
03-29 04:50:44.686: I/Icing(2561): Indexing done com.google.android.gms-apps
03-29 04:50:44.751: I/SQLiteCastStore(2561): 0 CastNetworkInfo instances loaded, 0 CastDeviceInfo instances loaded, 0 paired guest mode devices loaded.
03-29 04:50:44.505: I/sshd(5222): type=1400 audit(0.0:155): avc: denied { read open } for path="/system/bin/sh" dev="sda3" ino=499 scontext=u:r:gcelogwrapper:s0 tcontext=u:object_r:shell_exec:s0 tclass=file permissive=1
03-29 04:50:44.811: I/GceGrallocRegionRegistry(1342): Mapped gralloc-1342.22 hnd=0xb6d94100 fd=15 base=0xb0c37000 format=RGBA_8888(0x1) width=1080 height=126
03-29 04:50:44.811: I/GceGrallocRegionRegistry(1342): Mapped gralloc-1342.23 hnd=0xb3682a80 fd=25 base=0xb0bad000 format=RGBA_8888(0x1) width=1080 height=126
03-29 04:50:44.811: I/GceGrallocRegionRegistry(1342): Mapped gralloc-1342.24 hnd=0xb3682ac0 fd=26 base=0xb0b23000 format=RGBA_8888(0x1) width=1080 height=126
03-29 04:50:44.820: D/PhoneStatusBar(1802): disable: < expand icons alerts system_info back HOME RECENT clock SEARCH quick_settings >
03-29 04:50:44.821: I/Choreographer(1802): Skipped 55 frames!  The application may be doing too much work on its main thread.
03-29 04:50:44.832: I/GceGrallocRegionRegistry(1802): Mapped gralloc-1342.24 hnd=0x9e599140 fd=54 base=0x9acf6000 format=RGBA_8888(0x1) width=1080 height=126
03-29 04:50:44.505: I/sshd(5222): type=1400 audit(0.0:156): avc: denied { execute_no_trans } for path="/system/bin/sh" dev="sda3" ino=499 scontext=u:r:gcelogwrapper:s0 tcontext=u:object_r:shell_exec:s0 tclass=file permissive=1
03-29 04:50:44.910: I/Remoter(1336): Saved screenshot to '/data/screenshots/__pmv__-0081.jpg'
03-29 04:50:45.071: W/VncBackend(1338): Slow frame encode! (143 ms)
03-29 04:50:45.081: I/GceGrallocRegionRegistry(1802): Unmapped gralloc-1342.19 hnd=0x9e86ad40 fd=48 base=0x99786000
03-29 04:50:45.081: I/GceGrallocRegionRegistry(1802): Unmapped gralloc-1342.20 hnd=0x9ab56fc0 fd=50 base=0x98f8c000
03-29 04:50:45.081: I/GceGrallocRegionRegistry(1802): Unmapped gralloc-1342.21 hnd=0x9ab56f80 fd=51 base=0x98792000
03-29 04:50:45.082: I/GceGrallocRegionRegistry(1342): Unmapped gralloc-1342.19 hnd=0xb6d94480 fd=16 base=0xad2d5000
03-29 04:50:45.083: I/GceGrallocRegionRegistry(1342): Unmapped gralloc-1342.20 hnd=0xb3682240 fd=23 base=0xab04d000
03-29 04:50:45.092: D/PhoneStatusBar(1802): disable: < expand icons alerts system_info back home* recent* clock search* quick_settings >
03-29 04:50:45.093: I/GceGrallocRegionRegistry(1342): Mapped gralloc-1342.25 hnd=0xb6d94580 fd=16 base=0xb0add000 format=RGBA_8888(0x1) width=1080 height=63
03-29 04:50:45.094: I/GceGrallocRegionRegistry(1802): Mapped gralloc-1342.25 hnd=0x9ab56080 fd=50 base=0x9c0ba000 format=RGBA_8888(0x1) width=1080 height=63
03-29 04:50:45.130: I/GceGrallocRegionRegistry(1342): Mapped gralloc-1342.26 hnd=0xb6d94140 fd=23 base=0xb0a97000 format=RGBA_8888(0x1) width=1080 height=63
03-29 04:50:45.130: I/GceGrallocRegionRegistry(1802): Mapped gralloc-1342.26 hnd=0xa935ce80 fd=51 base=0x9bcfb000 format=RGBA_8888(0x1) width=1080 height=63
03-29 04:50:45.135: I/GceGrallocRegionRegistry(1802): Mapped gralloc-1342.23 hnd=0x9c117040 fd=53 base=0x99ef6000 format=RGBA_8888(0x1) width=1080 height=126
03-29 04:50:45.172: I/GceGrallocRegionRegistry(1342): Unmapped gralloc-1342.21 hnd=0xb6d944c0 fd=14 base=0xb2606000
03-29 04:50:45.416: I/CastSocket(2561): 23 >= 18. Adding new CastClientAuthKeyManager.
03-29 04:50:45.458: I/DiscoveryManager(2561): WifiGuestModeDeviceScanner enabled.
03-29 04:50:45.458: D/BluetoothManagerService(1720): Added callback: android.bluetooth.IBluetoothManagerCallback$Stub$Proxy@44dbad8:true
03-29 04:50:45.509: I/MediaRouter(2561): Found default route: MediaRouter.RouteInfo{ uniqueId=android/ags:DEFAULT_ROUTE, name=Phone, description=null, iconUri=null, enabled=true, connecting=false, connectionState=0, canDisconnect=false, playbackType=0, playbackStream=3, deviceType=0, volumeHandling=1, volume=11, volumeMax=15, presentationDisplayId=-1, extras=null, settingsIntent=null, providerPackageName=android }
03-29 04:50:45.509: I/MediaRouter(2561): Unselecting the current route because it is no longer selectable: null
03-29 04:50:45.510: I/GceGrallocRegionRegistry(1802): Mapped gralloc-1342.22 hnd=0x9bbab3c0 fd=56 base=0x99e6c000 format=RGBA_8888(0x1) width=1080 height=126
03-29 04:50:44.815: I/RenderThread(1802): type=1400 audit(0.0:157): avc: denied { read } for path=2F6465762F6173686D656D2F6772616C6C6F632D313334322E3234202864656C6574656429 dev="tmpfs" ino=61900 scontext=u:r:platform_app:s0:c512,c768 tcontext=u:object_r:surfaceflinger_tmpfs:s0 tclass=file permissive=1
03-29 04:50:45.668: D/AndroidRuntime(5230): >>>>>> START com.android.internal.os.RuntimeInit uid 0 <<<<<<
03-29 04:50:45.670: D/AndroidRuntime(5230): CheckJNI is OFF
03-29 04:50:45.692: D/ICU(5230): No timezone override file found: /data/misc/zoneinfo/current/icu/icu_tzdata.dat
03-29 04:50:45.692: D/ICU(5230): [ 03-29 04:50:45.699  5230: 5230 W/         ]
03-29 04:50:45.692: D/ICU(5230): Failed to bind-mount /system/lib/x86/cpuinfo as /proc/cpuinfo: No such file or directory
03-29 04:50:45.707: E/memtrack(5230): Couldn't load memtrack module (No such file or directory)
03-29 04:50:45.707: E/android.os.Debug(5230): failed to load memtrack module: -2
