03-29 04:51:12.804: E/SeTransactionSyncTask(2302): 	at okc.a(:com.google.android.gms@14367022@14.3.67 (040700-216465562):9)
03-29 04:51:12.804: E/SeTransactionSyncTask(2302): 	at dnj.run(:com.google.android.gms@14367022@14.3.67 (040700-216465562):11)
03-29 04:51:12.804: E/SeTransactionSyncTask(2302): 	at dng.run(:com.google.android.gms@14367022@14.3.67 (040700-216465562):9)
03-29 04:51:12.804: E/SeTransactionSyncTask(2302): 	at java.util.concurrent.ThreadPoolExecutor.runWorker(ThreadPoolExecutor.java:1113)
03-29 04:51:12.804: E/SeTransactionSyncTask(2302): 	at java.util.concurrent.ThreadPoolExecutor$Worker.run(ThreadPoolExecutor.java:588)
03-29 04:51:12.804: E/SeTransactionSyncTask(2302): 	at java.lang.Thread.run(Thread.java:818)
03-29 04:51:12.804: E/NetworkScheduler(2302): Invalid component specified.
03-29 04:51:12.806: E/NetworkScheduler(2302): Invalid component specified.
03-29 04:51:12.808: E/NetworkScheduler(2302): Invalid component specified.
03-29 04:51:12.811: E/NetworkScheduler(2302): Invalid component specified.
03-29 04:51:12.812: E/NetworkScheduler(2302): Invalid component specified.
03-29 04:51:12.842: W/ModuleInitIntentOp(2561): Dropping unexpected action com.google.android.gms.phenotype.COMMITTED
03-29 04:51:12.844: I/PTCommittedOperation(2302): Receive new configuration for com.google.android.gms
03-29 04:51:13.275: I/ActivityManager(1720): Start proc 6576:com.android.providers.calendar/u0a1 for content provider com.android.providers.calendar/.CalendarProvider2
03-29 04:51:13.406: W/System(6576): ClassLoader referenced unknown path: /system/priv-app/CalendarProvider/lib/x86
03-29 04:51:13.413: I/CalendarProvider2(6576): Created com.android.providers.calendar.CalendarAlarmManager@1a9164c(com.android.providers.calendar.CalendarProvider2@491d695)
03-29 04:51:13.421: I/GceRil(1347): Received request 19
03-29 04:51:13.421: I/GceRil(1347): Reporting signal strength: GW=27 CDMA=-72 EVDO=-81 LTE=29
03-29 04:51:13.476: I/ActivityManager(1720): Killing 4599:com.google.android.apps.plus/u0a66 (adj 15): empty #17
03-29 04:51:13.527: D/ActivityManager(1720): cleanUpApplicationRecord -- 4599
03-29 04:51:13.576: I/dex2oat(6477): dex2oat took 7.469s (threads: 2) arena alloc=11MB java alloc=5MB native alloc=34MB free=5MB
03-29 04:51:13.594: W/PackageManager(1720): Unknown permission com.sec.android.provider.badge.permission.READ in package com.avrethem.minimal
03-29 04:51:13.594: W/PackageManager(1720): Unknown permission com.sec.android.provider.badge.permission.WRITE in package com.avrethem.minimal
03-29 04:51:13.594: W/PackageManager(1720): Unknown permission com.htc.launcher.permission.READ_SETTINGS in package com.avrethem.minimal
03-29 04:51:13.594: W/PackageManager(1720): Unknown permission com.htc.launcher.permission.UPDATE_SHORTCUT in package com.avrethem.minimal
03-29 04:51:13.594: W/PackageManager(1720): Unknown permission com.sonyericsson.home.permission.BROADCAST_BADGE in package com.avrethem.minimal
03-29 04:51:13.594: W/PackageManager(1720): Unknown permission com.anddoes.launcher.permission.UPDATE_COUNT in package com.avrethem.minimal
03-29 04:51:13.594: W/PackageManager(1720): Unknown permission com.majeur.launcher.permission.UPDATE_BADGE in package com.avrethem.minimal
03-29 04:51:13.594: W/PackageManager(1720): Unknown permission com.google.android.finsky.permission.BIND_GET_INSTALL_REFERRER_SERVICE in package com.avrethem.minimal
03-29 04:51:13.604: V/BackupManagerService(1720): restoreAtInstall pkg=com.avrethem.minimal token=e restoreSet=0
03-29 04:51:13.604: V/BackupManagerService(1720): Finishing install immediately
03-29 04:51:13.608: W/Settings(1720): Setting install_non_market_apps has moved from android.provider.Settings.Global to android.provider.Settings.Secure, returning read-only value.
03-29 04:51:13.608: I/art(1720): Starting a blocking GC Explicit
03-29 04:51:13.626: I/art(1720): Explicit concurrent mark sweep GC freed 51747(3MB) AllocSpace objects, 6(120KB) LOS objects, 33% free, 20MB/30MB, paused 280us total 18.139ms
03-29 04:51:13.632: I/art(6213): System.exit called, status: 0
03-29 04:51:13.632: I/AndroidRuntime(6213): VM exiting with result code 0.
03-29 04:51:13.645: I/InputReader(1720): Reconfiguring input devices.  changes=0x00000010
03-29 04:51:13.646: D/BluetoothMapAppObserver(2523): onReceive
03-29 04:51:13.646: D/BluetoothMapAppObserver(2523): The installed package is: com.avrethem.minimal
03-29 04:51:13.647: D/CarrierServiceBindHelper(2044): Receive action: android.intent.action.PACKAGE_ADDED
03-29 04:51:13.647: D/BluetoothMapAppObserver(2523): Found 0 application(s) with intent android.bluetooth.action.BLUETOOTH_MAP_PROVIDER
03-29 04:51:13.647: D/BluetoothMapAppObserver(2523): Found 0 application(s) with intent android.bluetooth.action.BLUETOOTH_MAP_IM_PROVIDER
03-29 04:51:13.647: D/CarrierServiceBindHelper(2044): mHandler: 3
03-29 04:51:13.647: D/CarrierConfigLoader(2044): mHandler: 9 phoneId: 0
03-29 04:51:13.670: I/ActivityManager(1720): Start proc 6595:com.android.musicfx/u0a19 for broadcast com.android.musicfx/.Compatibility$Receiver
03-29 04:51:13.723: I/Remoter(1336): Saved screenshot to '/data/screenshots/__pmv__-0106.jpg'
03-29 04:51:13.755: W/System(6595): ClassLoader referenced unknown path: /system/priv-app/MusicFX/lib/x86
03-29 04:51:13.764: D/Finsky(5861): [1] ExternalReferrer.access$200: Package state data is missing for com.avrethem.minimal
03-29 04:51:13.777: I/ActivityManager(1720): Start proc 6614:com.google.android.apps.plus/u0a66 for broadcast com.google.android.apps.plus/.service.PackagesMediaMonitor
03-29 04:51:13.777: I/UpdateIcingCorporaServi(4566): Updating corpora: APPS=com.avrethem.minimal, CONTACTS=MAYBE
03-29 04:51:13.791: I/Icing(2561): IndexChimeraService.getServiceInterface callingPackage=com.google.android.googlequicksearchbox componentName=null serviceId=36
03-29 04:51:13.809: I/Icing(2561): Usage reports ok 1, Failed Usage reports 0, indexed 0, rejected 0, imm upload true
03-29 04:51:13.811: I/UpdateIcingCorporaServi(4566): UpdateCorporaTask done [took 34 ms] updated apps [took 34 ms] 
03-29 04:51:13.812: I/ActivityManager(1720): Killing 5889:com.google.android.gm.exchange/u0a68 (adj 15): empty #17
03-29 04:51:13.858: D/ActivityManager(1720): cleanUpApplicationRecord -- 5889
03-29 04:51:13.885: D/AndroidRuntime(6602): >>>>>> START com.android.internal.os.RuntimeInit uid 0 <<<<<<
03-29 04:51:13.886: W/System(6614): ClassLoader referenced unknown path: /system/app/PlusOne/lib/x86
03-29 04:51:13.886: D/AndroidRuntime(6602): CheckJNI is OFF
03-29 04:51:13.903: D/ICU(6602): No timezone override file found: /data/misc/zoneinfo/current/icu/icu_tzdata.dat
03-29 04:51:13.903: D/ICU(6602): [ 03-29 04:51:13.913  6602: 6602 W/         ]
03-29 04:51:13.903: D/ICU(6602): Failed to bind-mount /system/lib/x86/cpuinfo as /proc/cpuinfo: No such file or directory
03-29 04:51:13.917: I/ActivityManager(1720): Start proc 6629:android.process.media/u0a7 for content provider com.android.providers.media/.MediaProvider
03-29 04:51:13.920: W/ActivityManager(1720): Permission Denial: opening provider com.android.providers.contacts.ContactsProvider2 from ProcessRecord{ac447be 6614:com.google.android.apps.plus/u0a66} (pid=6614, uid=10066) requires android.permission.READ_CONTACTS or android.permission.WRITE_CONTACTS
03-29 04:51:13.925: E/memtrack(6602): Couldn't load memtrack module (No such file or directory)
03-29 04:51:13.926: E/android.os.Debug(6602): failed to load memtrack module: -2
03-29 04:51:13.926: I/Radio-JNI(6602): register_android_hardware_Radio DONE
03-29 04:51:13.930: W/ActivityManager(1720): Permission Denial: opening provider com.android.providers.contacts.ContactsProvider2 from ProcessRecord{ac447be 6614:com.google.android.apps.plus/u0a66} (pid=6614, uid=10066) requires android.permission.READ_CONTACTS or android.permission.WRITE_CONTACTS
03-29 04:51:13.936: I/Auth(2561): [SupervisedAccountIntentOperation] onHandleIntent(): android.intent.action.PACKAGE_ADDED
03-29 04:51:13.941: I/ChromeSync(2561): [Sync,SyncIntentOperation] Handling the intent: Intent { act=android.intent.action.PACKAGE_ADDED dat=package:com.avrethem.minimal flg=0x4000010 cmp=com.google.android.gms/.chimera.GmsIntentOperationService (has extras) }.
03-29 04:51:13.944: I/ChromeSync(2561): [Persistence,AffiliationManager] No affiliation data for android://N50vJU0zrJ8WOzDt6r3GDtfqrkROFOSiqHcmppwn3vxaRC4hFpNn4UsL7XlvjtlfcWuDAQhmck0qjQPwsrpMNg==@com.avrethem.minimal/. Marking affiliation data as stale...
03-29 04:51:13.945: I/ChromeSync(2561): [Persistence,AffiliationManager] Fetching affiliations from the server.
03-29 04:51:13.959: I/Auth(2561): [SupervisedAccountIntentOperation] This operation is disabled
03-29 04:51:13.963: D/AndroidRuntime(6602): Calling main entry com.android.commands.pm.Pm
03-29 04:51:14.005: D/DefContainer(6292): Copying /data/local/tmp/androidx.test.tools.crawler.apk to base.apk
03-29 04:51:14.066: W/System(6629): ClassLoader referenced unknown path: /system/priv-app/MediaProvider/lib/x86
03-29 04:51:14.071: W/System(6629): ClassLoader referenced unknown path: /system/priv-app/DownloadProvider/lib/x86
03-29 04:51:14.083: W/ActivityManager(1720): Permission Denial: opening provider com.android.providers.contacts.ContactsProvider2 from ProcessRecord{ac447be 6614:com.google.android.apps.plus/u0a66} (pid=6614, uid=10066) requires android.permission.READ_CONTACTS or android.permission.WRITE_CONTACTS
03-29 04:51:14.085: E/GooglePlusContactsSync(6614): Failed to clear out contacts
03-29 04:51:14.085: E/GooglePlusContactsSync(6614): java.lang.SecurityException: Permission Denial: opening provider com.android.providers.contacts.ContactsProvider2 from ProcessRecord{ac447be 6614:com.google.android.apps.plus/u0a66} (pid=6614, uid=10066) requires android.permission.READ_CONTACTS or android.permission.WRITE_CONTACTS
03-29 04:51:14.085: E/GooglePlusContactsSync(6614): 	at android.os.Parcel.readException(Parcel.java:1620)
03-29 04:51:14.085: E/GooglePlusContactsSync(6614): 	at android.os.Parcel.readException(Parcel.java:1573)
03-29 04:51:14.085: E/GooglePlusContactsSync(6614): 	at android.app.ActivityManagerProxy.getContentProvider(ActivityManagerNative.java:3551)
03-29 04:51:14.085: E/GooglePlusContactsSync(6614): 	at android.app.ActivityThread.acquireProvider(ActivityThread.java:4778)
03-29 04:51:14.085: E/GooglePlusContactsSync(6614): 	at android.app.ContextImpl$ApplicationContentResolver.acquireUnstableProvider(ContextImpl.java:2018)
03-29 04:51:14.085: E/GooglePlusContactsSync(6614): 	at android.content.ContentResolver.acquireUnstableProvider(ContentResolver.java:1468)
03-29 04:51:14.085: E/GooglePlusContactsSync(6614): 	at android.content.ContentResolver.query(ContentResolver.java:475)
03-29 04:51:14.085: E/GooglePlusContactsSync(6614): 	at android.content.ContentResolver.query(ContentResolver.java:434)
03-29 04:51:14.085: E/GooglePlusContactsSync(6614): 	at dcl.a(PG:447)
03-29 04:51:14.085: E/GooglePlusContactsSync(6614): 	at dcl.b(PG:1396)
03-29 04:51:14.085: E/GooglePlusContactsSync(6614): 	at dcm.run(PG:333)
03-29 04:51:14.085: E/GooglePlusContactsSync(6614): 	at java.lang.Thread.run(Thread.java:818)
03-29 04:51:14.086: I/Icing(2561): IndexChimeraService.getServiceInterface callingPackage=com.google.android.gms componentName=AppsCorpus serviceId=32
03-29 04:51:14.086: I/Icing(2561): IndexChimeraService.getServiceInterface callingPackage=com.google.android.gms componentName=AppsCorpus serviceId=36
03-29 04:51:14.110: I/ActivityManager(1720): Killing 6039:com.google.android.videos/u0a71 (adj 15): empty #17
03-29 04:51:14.117: I/Icing(2561): Usage reports ok 0, Failed Usage reports 0, indexed 0, rejected 0, imm upload false
03-29 04:51:14.167: D/ActivityManager(1720): cleanUpApplicationRecord -- 6039
03-29 04:51:14.169: E/DatabaseUtils(6629): Writing exception to parcel
03-29 04:51:14.169: E/DatabaseUtils(6629): java.lang.SecurityException: Permission Denial: reading com.android.providers.media.MediaProvider uri content://media/external/fs_id from pid=6614, uid=10066 requires android.permission.READ_EXTERNAL_STORAGE, or grantUriPermission()
03-29 04:51:14.169: E/DatabaseUtils(6629): 	at android.content.ContentProvider.enforceReadPermissionInner(ContentProvider.java:605)
03-29 04:51:14.169: E/DatabaseUtils(6629): 	at android.content.ContentProvider$Transport.enforceReadPermission(ContentProvider.java:480)
03-29 04:51:14.169: E/DatabaseUtils(6629): 	at android.content.ContentProvider$Transport.query(ContentProvider.java:211)
03-29 04:51:14.169: E/DatabaseUtils(6629): 	at android.content.ContentProviderNative.onTransact(ContentProviderNative.java:112)
03-29 04:51:14.169: E/DatabaseUtils(6629): 	at android.os.Binder.execTransact(Binder.java:453)
03-29 04:51:14.174: I/ActivityManager(1720): Killing 6114:com.android.chrome/u0a36 (adj 15): empty #17
03-29 04:51:14.185: I/Icing(2561): Usage reports ok 0, Failed Usage reports 0, indexed 0, rejected 0, imm upload false
03-29 04:51:14.199: I/PackageManager.DexOptimizer(1720): Running dexopt (dex2oat) on: /data/app/vmdl729356625.tmp/base.apk pkg=androidx.test.tools.crawler isa=x86 vmSafeMode=false debuggable=false oatDir = /data/app/vmdl729356625.tmp/oat bootComplete=true
03-29 04:51:14.207: I/dex2oat(6664): Starting dex2oat.
03-29 04:51:14.207: E/cutils-trace(6664): Error opening trace file: Permission denied (13)
03-29 04:51:14.236: D/ActivityManager(1720): cleanUpApplicationRecord -- 6114
03-29 04:51:14.437: I/CalendarProvider2(6576): Sending notification intent: Intent { act=android.intent.action.PROVIDER_CHANGED dat=content://com.android.calendar flg=0x20000000 }
03-29 04:51:14.437: W/ContentResolver(6576): Failed to get type for: content://com.android.calendar (Unknown URL content://com.android.calendar)
03-29 04:51:14.447: I/IcingInternalCorpora(2561): Received calendar change notification.
03-29 04:51:14.665: W/dex2oat(6664): No verified method for method calling String.<init>: java.lang.String android.text.TextUtils.substring(java.lang.CharSequence, int, int)
03-29 04:51:14.687: W/dex2oat(6664): No verified method for method calling String.<init>: java.lang.String java.io.ByteArrayOutputStream.toString(java.lang.String)
03-29 04:51:14.693: W/dex2oat(6664): No verified method for method calling String.<init>: java.lang.String java.io.ByteArrayOutputStream.toString(java.lang.String)
03-29 04:51:14.809: I/Remoter(1336): Saved screenshot to '/data/screenshots/__pmv__-0107.jpg'
03-29 04:51:14.825: I/Icing(2561): Indexing com.google.android.googlequicksearchbox-applications_uri from com.google.android.googlequicksearchbox
03-29 04:51:14.964: I/Icing(2561): Indexing done com.google.android.googlequicksearchbox-applications_uri
03-29 04:51:15.085: W/GLSUser(2302): [DeviceKeyStore] Cannot load key: Device key file not found.
03-29 04:51:15.085: W/GLSUser(2302): [DeviceKeyStore] Cannot load key: Device key file not found.
03-29 04:51:15.188: I/Icing(2561): Indexing com.google.android.gms-apps from com.google.android.gms
03-29 04:51:15.208: I/Icing(2561): Indexing done com.google.android.gms-apps
03-29 04:51:15.304: I/dex2oat(6664): dex2oat took 1.096s (threads: 2) arena alloc=4MB java alloc=1952KB native alloc=13MB free=3MB
03-29 04:51:15.320: W/PackageManager(1720): Not granting permission android.permission.READ_FRAME_BUFFER to package androidx.test.tools.crawler (protectionLevel=18 flags=0x3808be44)
03-29 04:51:15.320: W/PackageManager(1720): Not granting permission android.permission.DUMP to package androidx.test.tools.crawler (protectionLevel=50 flags=0x3808be44)
03-29 04:51:15.320: W/PackageManager(1720): Unknown permission android.permission.FOREGROUND_SERVICE in package androidx.test.tools.crawler
03-29 04:51:15.331: V/BackupManagerService(1720): restoreAtInstall pkg=androidx.test.tools.crawler token=f restoreSet=0
03-29 04:51:15.331: V/BackupManagerService(1720): Finishing install immediately
03-29 04:51:15.334: W/Settings(1720): Setting install_non_market_apps has moved from android.provider.Settings.Global to android.provider.Settings.Secure, returning read-only value.
03-29 04:51:15.334: I/art(1720): Starting a blocking GC Explicit
03-29 04:51:15.358: I/art(1720): Explicit concurrent mark sweep GC freed 99380(5MB) AllocSpace objects, 25(852KB) LOS objects, 33% free, 20MB/30MB, paused 278us total 20.014ms
03-29 04:51:15.359: I/art(6602): System.exit called, status: 0
03-29 04:51:15.359: I/AndroidRuntime(6602): VM exiting with result code 0.
03-29 04:51:15.360: D/BluetoothMapAppObserver(2523): onReceive
03-29 04:51:15.360: D/BluetoothMapAppObserver(2523): The installed package is: androidx.test.tools.crawler
03-29 04:51:15.361: D/CarrierServiceBindHelper(2044): Receive action: android.intent.action.PACKAGE_ADDED
03-29 04:51:15.362: D/BluetoothMapAppObserver(2523): Found 0 application(s) with intent android.bluetooth.action.BLUETOOTH_MAP_PROVIDER
03-29 04:51:15.362: D/BluetoothMapAppObserver(2523): Found 0 application(s) with intent android.bluetooth.action.BLUETOOTH_MAP_IM_PROVIDER
03-29 04:51:15.366: D/CarrierServiceBindHelper(2044): mHandler: 3
03-29 04:51:15.366: D/CarrierConfigLoader(2044): mHandler: 9 phoneId: 0
03-29 04:51:15.369: I/InputReader(1720): Reconfiguring input devices.  changes=0x00000010
03-29 04:51:15.375: D/Finsky(5861): [1] ExternalReferrer.access$200: Package state data is missing for androidx.test.tools.crawler
03-29 04:51:15.381: I/UpdateIcingCorporaServi(4566): Updating corpora: APPS=androidx.test.tools.crawler, CONTACTS=MAYBE
03-29 04:51:15.390: I/UpdateIcingCorporaServi(4566): UpdateCorporaTask done [took 9 ms] updated apps [took 9 ms] 
03-29 04:51:15.415: I/ChromeSync(2561): [Sync,SyncIntentOperation] Handling the intent: Intent { act=android.intent.action.PACKAGE_ADDED dat=package:androidx.test.tools.crawler flg=0x4000010 cmp=com.google.android.gms/.chimera.GmsIntentOperationService (has extras) }.
03-29 04:51:15.416: I/Auth(2561): [SupervisedAccountIntentOperation] onHandleIntent(): android.intent.action.PACKAGE_ADDED
03-29 04:51:15.416: I/Auth(2561): [SupervisedAccountIntentOperation] This operation is disabled
03-29 04:51:15.416: I/FontsPackageChangeOp(2561): Package androidx.test.tools.crawler has no metadata
03-29 04:51:15.420: I/ChromeSync(2561): [Persistence,AffiliationManager] No affiliation data for android://N50vJU0zrJ8WOzDt6r3GDtfqrkROFOSiqHcmppwn3vxaRC4hFpNn4UsL7XlvjtlfcWuDAQhmck0qjQPwsrpMNg==@androidx.test.tools.crawler/. Marking affiliation data as stale...
03-29 04:51:15.424: I/ChromeSync(2561): [Persistence,AffiliationManager] Fetching affiliations from the server.
03-29 04:51:15.429: I/Icing(2561): IndexChimeraService.getServiceInterface callingPackage=com.google.android.gms componentName=AppsCorpus serviceId=32
03-29 04:51:15.430: I/Icing(2561): IndexChimeraService.getServiceInterface callingPackage=com.google.android.gms componentName=AppsCorpus serviceId=36
03-29 04:51:15.465: I/Icing(2561): Usage reports ok 0, Failed Usage reports 0, indexed 0, rejected 0, imm upload false
03-29 04:51:15.469: I/Icing(2561): Usage reports ok 0, Failed Usage reports 0, indexed 0, rejected 0, imm upload false
03-29 04:51:15.595: D/AndroidRuntime(6682): >>>>>> START com.android.internal.os.RuntimeInit uid 0 <<<<<<
03-29 04:51:15.597: D/AndroidRuntime(6682): CheckJNI is OFF
03-29 04:51:15.608: D/ICU(6682): No timezone override file found: /data/misc/zoneinfo/current/icu/icu_tzdata.dat
03-29 04:51:15.608: D/ICU(6682): [ 03-29 04:51:15.612  6682: 6682 W/         ]
03-29 04:51:15.608: D/ICU(6682): Failed to bind-mount /system/lib/x86/cpuinfo as /proc/cpuinfo: No such file or directory
03-29 04:51:15.618: E/memtrack(6682): Couldn't load memtrack module (No such file or directory)
03-29 04:51:15.618: E/android.os.Debug(6682): failed to load memtrack module: -2
03-29 04:51:15.619: I/Radio-JNI(6682): register_android_hardware_Radio DONE
03-29 04:51:15.626: D/AndroidRuntime(6682): Calling main entry com.android.commands.appops.AppOpsCommand
03-29 04:51:15.628: D/AndroidRuntime(6682): Shutting down VM
03-29 04:51:15.863: I/Remoter(1336): Saved screenshot to '/data/screenshots/__pmv__-0108.jpg'
03-29 04:51:16.268: D/AndroidRuntime(6696): >>>>>> START com.android.internal.os.RuntimeInit uid 0 <<<<<<
03-29 04:51:16.269: D/AndroidRuntime(6696): CheckJNI is OFF
03-29 04:51:16.281: D/ICU(6696): No timezone override file found: /data/misc/zoneinfo/current/icu/icu_tzdata.dat
03-29 04:51:16.281: D/ICU(6696): [ 03-29 04:51:16.285  6696: 6696 W/         ]
03-29 04:51:16.281: D/ICU(6696): Failed to bind-mount /system/lib/x86/cpuinfo as /proc/cpuinfo: No such file or directory
03-29 04:51:16.291: E/memtrack(6696): Couldn't load memtrack module (No such file or directory)
03-29 04:51:16.291: E/android.os.Debug(6696): failed to load memtrack module: -2
03-29 04:51:16.292: I/Radio-JNI(6696): register_android_hardware_Radio DONE
03-29 04:51:16.299: D/AndroidRuntime(6696): Calling main entry com.android.commands.am.Am
03-29 04:51:16.300: I/ActivityManager(1720): Force stopping com.google.android.apps.mtaas.tools appid=10077 user=0: start instr
03-29 04:51:16.311: I/ActivityManager(1720): Start proc 6704:com.google.android.apps.mtaas.tools/u0a77 for added application com.google.android.apps.mtaas.tools
03-29 04:51:16.383: W/System(6704): ClassLoader referenced unknown path: /data/app/com.google.android.apps.mtaas.tools-1/lib/x86
03-29 04:51:16.383: W/System(6704): ClassLoader referenced unknown path: /data/app/com.google.android.apps.mtaas.tools-1/lib/x86
03-29 04:51:16.385: D/GetPackageUid(6704): Instrumentation completed successfully
03-29 04:51:16.386: I/ActivityManager(1720): Force stopping com.google.android.apps.mtaas.tools appid=10077 user=0: finished inst
03-29 04:51:16.386: I/ActivityManager(1720): Killing 6704:com.google.android.apps.mtaas.tools/u0a77 (adj 0): stop com.google.android.apps.mtaas.tools
03-29 04:51:16.386: D/AndroidRuntime(6696): Shutting down VM
03-29 04:51:16.417: D/ActivityManager(1720): cleanUpApplicationRecord -- 6704
03-29 04:51:16.471: I/Icing(2561): Indexing com.google.android.gms-apps from com.google.android.gms
03-29 04:51:16.472: I/Icing(2561): Indexing done com.google.android.gms-apps
03-29 04:51:16.841: D/AndroidRuntime(6722): >>>>>> START com.android.internal.os.RuntimeInit uid 0 <<<<<<
03-29 04:51:16.843: D/AndroidRuntime(6722): CheckJNI is OFF
03-29 04:51:16.854: D/ICU(6722): No timezone override file found: /data/misc/zoneinfo/current/icu/icu_tzdata.dat
03-29 04:51:16.854: D/ICU(6722): [ 03-29 04:51:16.858  6722: 6722 W/         ]
03-29 04:51:16.854: D/ICU(6722): Failed to bind-mount /system/lib/x86/cpuinfo as /proc/cpuinfo: No such file or directory
03-29 04:51:16.867: E/memtrack(6722): Couldn't load memtrack module (No such file or directory)
03-29 04:51:16.867: E/android.os.Debug(6722): failed to load memtrack module: -2
03-29 04:51:16.868: I/Radio-JNI(6722): register_android_hardware_Radio DONE
03-29 04:51:16.878: D/AndroidRuntime(6722): Calling main entry com.android.commands.am.Am
03-29 04:51:16.890: I/ActivityManager(1720): Start proc 6729:com.google.android.gmscore.testing.testsupport/u0a89 for service com.google.android.gmscore.testing.testsupport/.CommandService
03-29 04:51:16.890: D/AndroidRuntime(6722): Shutting down VM
03-29 04:51:16.925: I/Remoter(1336): Saved screenshot to '/data/screenshots/__pmv__-0109.jpg'
03-29 04:51:16.964: W/System(6729): ClassLoader referenced unknown path: /data/app/com.google.android.gmscore.testing.testsupport-1/lib/x86
03-29 04:51:16.966: I/TSDRIVER(6729): CommandService onHandleIntent()
03-29 04:51:16.966: I/TSDRIVER(6729): Got command: PACKAGE
03-29 04:51:16.968: I/TSDRIVER(6729): flag package: EiNjb20uZ29vZ2xlLmFuZHJvaWQuZ21zLmF1dGhfYWNjb3VudBodChlhdXRoX3NpZ19vdmVycmlkZV9lbmFibGVkGAEaIQocYXV0aF9zaWdfb3ZlcnJpZGVfdGFyZ2V0X3VpZCDqThpCChZhdXRoX3NpZ19vdmVycmlkZV9zaGExEigzZmExYTE3M2Q0YjNiYjQ0NDQ2NTdjMDczNjZiOGI3NjAzOWY2ZGUz
03-29 04:51:16.970: I/TSDRIVER(6729): flag package: com.google.android.gms.auth_account
03-29 04:51:16.970: E/GooglePlayServicesUtil(6729): The Google Play services resources were not found. Check your project configuration to ensure that the resources are included.
03-29 04:51:16.988: I/TestSupport(2561): Passing package and signature checks: com.google.android.gmscore.testing.testsupport
03-29 04:51:16.998: I/TestSupport(2561): SetOverrideOperation: gms:phenotype:phenotype_flag:debug_bypass_phenotype = false
03-29 04:51:17.026: I/GservicesProvider(2309): override update completed
03-29 04:51:17.051: E/ConfigUpdater(6491): Received malformed URL while handling Gservices.CHANGED_ACTION intent_firewall: null null
03-29 04:51:17.053: E/ConfigUpdater(6491): Received malformed URL while handling Gservices.CHANGED_ACTION apn_db: null null
03-29 04:51:17.053: I/Telecom(1720): PhoneAccountRegistrar: SimCallManager queried, returning: null
03-29 04:51:17.053: I/Babel_telephony(3260): TeleModule.updateConnectionManagerRegistration, registration preference changed from false to false
03-29 04:51:17.053: W/Babel(3260): BAM#gBA: invalid account id: -1
03-29 04:51:17.053: W/Babel(3260): BAM#gBA: invalid account id: -1
03-29 04:51:17.053: I/Babel_telephony(3260): TeleModule.updateIncomingCallRegistration, preferred account for incoming calls changed from: null to null
03-29 04:51:17.055: E/ConfigUpdater(6491): Received malformed URL while handling Gservices.CHANGED_ACTION tzdata: null null
03-29 04:51:17.065: E/ConfigUpdater(6491): Received malformed URL while handling Gservices.CHANGED_ACTION selinux: null null
03-29 04:51:17.066: E/ConfigUpdater(6491): Received malformed URL while handling Gservices.CHANGED_ACTION carrier_provisioning_urls: null null
03-29 04:51:17.091: I/BroadcastQueue(1720): Delay finish: com.google.android.apps.photos/com.google.android.apps.moviemaker.app.ApplicationEnabler$Receiver
03-29 04:51:17.093: I/GservicesUpdateTask(4566): Updating Gservices keys
03-29 04:51:17.102: I/BroadcastQueue(1720): Resuming delayed broadcast
03-29 04:51:17.113: I/GeofencerStateMachine(2302): sendQueryLocationOptIn
03-29 04:51:17.118: I/GeofencerStateMachine(2302): sendQueryLocationOptIn
03-29 04:51:17.121: I/GeofencerStateMachine(2302): sendQueryLocationOptIn
03-29 04:51:17.124: I/GeofencerStateMachine(2302): sendQueryLocationOptIn
03-29 04:51:17.126: I/GeofencerStateMachine(2302): sendQueryLocationOptIn
03-29 04:51:17.130: I/GeofencerStateMachine(2302): sendQueryLocationOptIn
03-29 04:51:17.133: I/GeofencerStateMachine(2302): sendQueryLocationOptIn
03-29 04:51:17.184: I/TestSupport(2561): Broadcast sent: gms:phenotype:phenotype_flag:debug_bypass_phenotype
03-29 04:51:17.185: I/TestSupport(2561): GServices override confirmed: gms:phenotype:phenotype_flag:debug_bypass_phenotype=false
03-29 04:51:17.189: I/TestSupport(2561): SetFlagOverridesOperation: com.google.android.gms.auth_account, '', [Flag(auth_sig_override_enabled, true, 2, 0)]
03-29 04:51:17.196: I/NetRec(2302): [476] agfw.b: onConfigChanged()
03-29 04:51:17.199: I/GCoreUlr(2302): Starting service, intent=Intent { act=com.google.android.location.reporting.ACTION_UPDATE_WORLD cmp=com.google.android.gms/com.google.android.location.reporting.service.DispatchingService (has extras) }, extras=Bundle[{receiverAction=com.google.gservices.intent.action.GSERVICES_CHANGED}]
03-29 04:51:17.261: W/ActivityManager(1720): Unable to start service Intent { cmp=com.google.android.gms/.analytics.service.RefreshEnabledStateService } U=0: not found
03-29 04:51:17.269: E/IntentOperationSvc(2302): Failed to instantiate Chimera operation impl com.google.android.gms.instantapps.routing.PhenotypeUpdateIntentOperation, dropping operation
03-29 04:51:17.269: E/IntentOperationSvc(2302): java.lang.NoSuchMethodException: <init> []
03-29 04:51:17.269: E/IntentOperationSvc(2302): 	at java.lang.Class.getConstructor(Class.java:528)
03-29 04:51:17.269: E/IntentOperationSvc(2302): 	at java.lang.Class.getConstructor(Class.java:492)
03-29 04:51:17.269: E/IntentOperationSvc(2302): 	at dnl.a(:com.google.android.gms@14367022@14.3.67 (040700-216465562):12)
03-29 04:51:17.269: E/IntentOperationSvc(2302): 	at dnm.run(:com.google.android.gms@14367022@14.3.67 (040700-216465562):67)
03-29 04:51:17.269: E/IntentOperationSvc(2302): 	at java.util.concurrent.ThreadPoolExecutor.runWorker(ThreadPoolExecutor.java:1113)
03-29 04:51:17.269: E/IntentOperationSvc(2302): 	at java.util.concurrent.ThreadPoolExecutor$Worker.run(ThreadPoolExecutor.java:588)
03-29 04:51:17.269: E/IntentOperationSvc(2302): 	at java.lang.Thread.run(Thread.java:818)
03-29 04:51:17.273: W/ChimeraUtils(2561): Non Chimera context
03-29 04:51:17.275: D/CAR.SETUP(2561): Received GService flag change intent.
03-29 04:51:17.283: I/TestSupport(2561): AwaitCommitOperation: auth_sig_override_enabled
03-29 04:51:17.286: D/CAR.SETUP(2561): update DrivingMode components to false
03-29 04:51:17.287: I/ChromeSync(2561): [Sync,SyncIntentOperation] Handling the intent: Intent { act=com.google.gservices.intent.action.GSERVICES_CHANGED flg=0x10 cmp=com.google.android.gms/.chimera.GmsIntentOperationService$PersistentInternalReceiver }.
03-29 04:51:17.300: I/TestSupport(2561): AwaitCommitOperation: FlagOverride(com.google.android.gms.auth_account, , Flag(auth_sig_override_enabled, true, 2, 0), false) != FlagOverride(com.google.android.gms.auth_account, , Flag(auth_sig_override_enabled, false, 2, 0), true)
03-29 04:51:17.300: I/TestSupport(2561): AwaitCommitOperation: uncommitted: FlagOverride(com.google.android.gms.auth_account, , Flag(auth_sig_override_enabled, false, 2, 0), true)
03-29 04:51:17.300: I/TestSupport(2561): AwaitCommitOperation:  sleeping for 10 msec.
03-29 04:51:17.306: E/NetworkScheduler(2302): Invalid component specified.
03-29 04:51:17.307: I/GCoreUlr(2302): WorldUpdater received intent Intent { act=com.google.android.location.reporting.ACTION_UPDATE_WORLD cmp=com.google.android.gms/com.google.android.location.reporting.service.DispatchingService (has extras) } with receiverAction com.google.gservices.intent.action.GSERVICES_CHANGED
03-29 04:51:17.316: W/ModuleInitIntentOp(2561): Dropping unexpected action com.google.android.gms.phenotype.COMMITTED
03-29 04:51:17.319: I/PTCommittedOperation(2302): Receive new configuration for com.google.android.gms.auth_account
03-29 04:51:17.326: I/TestSupport(2561): AwaitCommitOperation: FlagOverride(com.google.android.gms.auth_account, , Flag(auth_sig_override_enabled, true, 2, 0), true) committed
03-29 04:51:17.326: I/TestSupport(2561): AwaitCommitOperation: no more uncommitted overrides
03-29 04:51:17.347: I/MobileDataHub(2561): Scheduling periodic tasks
03-29 04:51:17.348: W/MobileDataHub(2561): [Service] appsupload-periodic periodic task disabled
03-29 04:51:17.377: I/MS_Utils(2561): version of com.google.android.apps.maps = 913012023
03-29 04:51:17.407: I/art(2302): Background partial concurrent mark sweep GC freed 183859(10MB) AllocSpace objects, 5(92KB) LOS objects, 39% free, 21MB/36MB, paused 12.094ms total 83.317ms
03-29 04:51:17.410: I/TestSupport(2561): SetFlagOverridesOperation: com.google.android.gms.auth_account, '', [Flag(auth_sig_override_target_uid, 10090, 1, 0)]
03-29 04:51:17.429: E/IntentOperationSvc(2302): Failed to instantiate Chimera operation impl com.google.android.gms.instantapps.routing.PhenotypeUpdateIntentOperation, dropping operation
03-29 04:51:17.429: E/IntentOperationSvc(2302): java.lang.NoSuchMethodException: <init> []
03-29 04:51:17.429: E/IntentOperationSvc(2302): 	at java.lang.Class.getConstructor(Class.java:528)
03-29 04:51:17.429: E/IntentOperationSvc(2302): 	at java.lang.Class.getConstructor(Class.java:492)
03-29 04:51:17.429: E/IntentOperationSvc(2302): 	at dnl.a(:com.google.android.gms@14367022@14.3.67 (040700-216465562):12)
03-29 04:51:17.429: E/IntentOperationSvc(2302): 	at dnm.run(:com.google.android.gms@14367022@14.3.67 (040700-216465562):67)
03-29 04:51:17.429: E/IntentOperationSvc(2302): 	at java.util.concurrent.ThreadPoolExecutor.runWorker(ThreadPoolExecutor.java:1113)
03-29 04:51:17.429: E/IntentOperationSvc(2302): 	at java.util.concurrent.ThreadPoolExecutor$Worker.run(ThreadPoolExecutor.java:588)
03-29 04:51:17.429: E/IntentOperationSvc(2302): 	at java.lang.Thread.run(Thread.java:818)
03-29 04:51:17.467: I/SystemUpdate(2561): [Installation,ReceiverIntentOperation] Received intent: Intent { act=com.google.gservices.intent.action.GSERVICES_CHANGED flg=0x10 cmp=com.google.android.gms/.chimera.GmsIntentOperationService$PersistentInternalReceiver }.
03-29 04:51:17.472: I/TestSupport(2561): AwaitCommitOperation: auth_sig_override_target_uid
03-29 04:51:17.477: E/NetworkScheduler(2302): Invalid component specified.
03-29 04:51:17.478: W/ChimeraUtils(2561): Non Chimera context
03-29 04:51:17.479: W/ChimeraUtils(2561): Non Chimera context
03-29 04:51:17.480: I/SystemUpdate(2561): [Execution,InstallationEventIntentOperation] Handling event of type 2.
03-29 04:51:17.489: I/SystemUpdate(2561): [Execution,InstallationIntentOperation] Received intent: Intent { act=com.google.android.gms.update.INSTALL_UPDATE cat=[targeted_intent_op_prefix:.update.execution.InstallationIntentOperation] cmp=com.google.android.gms/.chimera.GmsIntentOperationService }.
03-29 04:51:17.489: I/SystemUpdate(2561): [Execution,ExecutionManager] Action finished-execution executed for 0.00 seconds.
03-29 04:51:17.491: I/ChromeSync(2561): [Sync,SyncAdapter] Successfully synced in 17 milliseconds with request: oub{account=<hide PII>, eventType=700, waitForInitialization=false, zipitVersionInfo=null}.
03-29 04:51:17.491: I/TestSupport(2561): AwaitCommitOperation: uncommitted: FlagOverride(com.google.android.gms.auth_account, , Flag(auth_sig_override_target_uid, 10090, 1, 0), false)
03-29 04:51:17.491: I/TestSupport(2561): AwaitCommitOperation:  sleeping for 10 msec.
03-29 04:51:17.503: I/art(2561): Background partial concurrent mark sweep GC freed 20072(1310KB) AllocSpace objects, 20(5MB) LOS objects, 29% free, 38MB/54MB, paused 3.170ms total 132.855ms
03-29 04:51:17.513: I/TestSupport(2561): AwaitCommitOperation: FlagOverride(com.google.android.gms.auth_account, , Flag(auth_sig_override_target_uid, 10090, 1, 0), true) committed
03-29 04:51:17.513: I/TestSupport(2561): AwaitCommitOperation: no more uncommitted overrides
03-29 04:51:17.515: I/PTCommittedOperation(2302): Receive new configuration for com.google.android.gms.auth_account
03-29 04:51:17.519: I/GCoreUlr(2302): WorldUpdater:com.google.gservices.intent.action.GSERVICES_CHANGED: Ensuring that reporting is stopped because of reasons: {account#-11#=[InactiveReason{mIdentifier=6, mName='ReportingNotEnabled'}, InactiveReason{mIdentifier=14, mName='HistoryNotEnabled'}]}
03-29 04:51:17.520: W/ModuleInitIntentOp(2561): Dropping unexpected action com.google.android.gms.phenotype.COMMITTED
03-29 04:51:17.533: W/SystemUpdate(2561): [Config,SystemUpdatePolicyCompat] Error getting device policy. This might be WAI given that there is a bug in Android framework API.
03-29 04:51:17.547: V/EmulatedCamera_Factory(1349): getCameraInfo: id = 0
03-29 04:51:17.547: V/EmulatedCamera_Camera(1349): getCameraInfo
03-29 04:51:17.547: V/EmulatedCamera_BaseCamera(1349): getCameraInfo
03-29 04:51:17.547: I/OcrModelUpStIntentOp(2561): Updating ocr activity enabled=true (phenotypeFlag=true, lowRamDevice=false, prereqCheck=true)
03-29 04:51:17.557: I/GCoreUlr(2302): Unbound from all signal providers.
03-29 04:51:17.589: I/GCoreUlr(2302): Unbound from all signal providers.
03-29 04:51:17.589: I/GCoreUlr(2302): Stopping handler for UlrDispSvcFast
03-29 04:51:17.590: I/TestSupport(2561): SetFlagOverridesOperation: com.google.android.gms.auth_account, '', [Flag(auth_sig_override_sha1, '3fa1a173d4b3bb4444657c07366b8b76039f6de3', 4, 0)]
03-29 04:51:17.596: I/GCoreUlr(2302): DispatchingService ignoring Intent { act=android.net.wifi.WIFI_STATE_CHANGED flg=0x4000010 (has extras) } because ULR inactive
03-29 04:51:17.622: I/OcrModelUpStIntentOp(2561): Downloading text recognizer
03-29 04:51:17.624: E/IntentOperationSvc(2302): Failed to instantiate Chimera operation impl com.google.android.gms.instantapps.routing.PhenotypeUpdateIntentOperation, dropping operation
03-29 04:51:17.624: E/IntentOperationSvc(2302): java.lang.NoSuchMethodException: <init> []
03-29 04:51:17.624: E/IntentOperationSvc(2302): 	at java.lang.Class.getConstructor(Class.java:528)
03-29 04:51:17.624: E/IntentOperationSvc(2302): 	at java.lang.Class.getConstructor(Class.java:492)
03-29 04:51:17.624: E/IntentOperationSvc(2302): 	at dnl.a(:com.google.android.gms@14367022@14.3.67 (040700-216465562):12)
03-29 04:51:17.624: E/IntentOperationSvc(2302): 	at dnm.run(:com.google.android.gms@14367022@14.3.67 (040700-216465562):67)
03-29 04:51:17.624: E/IntentOperationSvc(2302): 	at java.util.concurrent.ThreadPoolExecutor.runWorker(ThreadPoolExecutor.java:1113)
03-29 04:51:17.624: E/IntentOperationSvc(2302): 	at java.util.concurrent.ThreadPoolExecutor$Worker.run(ThreadPoolExecutor.java:588)
03-29 04:51:17.624: E/IntentOperationSvc(2302): 	at java.lang.Thread.run(Thread.java:818)
03-29 04:51:17.645: I/Vision(2561): Details: ocr_x86.zip, ff3dcfd5e3828224849fbeffe1ed2e71a7ad3400
03-29 04:51:17.645: I/Vision(2561): Engine already satisfied by existing download for ocr
03-29 04:51:17.648: I/TestSupport(2561): AwaitCommitOperation: auth_sig_override_sha1
03-29 04:51:17.650: I/TestSupport(2561): AwaitCommitOperation: uncommitted: FlagOverride(com.google.android.gms.auth_account, , Flag(auth_sig_override_sha1, '3fa1a173d4b3bb4444657c07366b8b76039f6de3', 4, 0), false)
03-29 04:51:17.650: I/TestSupport(2561): AwaitCommitOperation:  sleeping for 10 msec.
03-29 04:51:17.675: I/TestSupport(2561): AwaitCommitOperation: FlagOverride(com.google.android.gms.auth_account, , Flag(auth_sig_override_sha1, '3fa1a173d4b3bb4444657c07366b8b76039f6de3', 4, 0), true) committed
03-29 04:51:17.675: I/TestSupport(2561): AwaitCommitOperation: no more uncommitted overrides
03-29 04:51:17.679: W/ModuleInitIntentOp(2561): Dropping unexpected action com.google.android.gms.phenotype.COMMITTED
03-29 04:51:17.682: I/PTCommittedOperation(2302): Receive new configuration for com.google.android.gms.auth_account
03-29 04:51:17.752: I/TestSupport(2561): AwaitCommitOperation: *
03-29 04:51:17.754: I/TestSupport(2561): AwaitCommitOperation: FlagOverride(com.google.android.gms.auth_account, , Flag(auth_sig_override_enabled, true, 2, 0), true) committed
03-29 04:51:17.754: I/TestSupport(2561): AwaitCommitOperation: FlagOverride(com.google.android.gms.auth_account, , Flag(auth_sig_override_sha1, '3fa1a173d4b3bb4444657c07366b8b76039f6de3', 4, 0), true) committed
03-29 04:51:17.754: I/TestSupport(2561): AwaitCommitOperation: FlagOverride(com.google.android.gms.auth_account, , Flag(auth_sig_override_target_uid, 10090, 1, 0), true) committed
03-29 04:51:17.754: I/TestSupport(2561): AwaitCommitOperation: no more uncommitted overrides
03-29 04:51:17.779: D/AndroidRuntime(6773): >>>>>> START com.android.internal.os.RuntimeInit uid 0 <<<<<<
03-29 04:51:17.781: D/AndroidRuntime(6773): CheckJNI is OFF
03-29 04:51:17.792: D/ICU(6773): No timezone override file found: /data/misc/zoneinfo/current/icu/icu_tzdata.dat
03-29 04:51:17.792: D/ICU(6773): [ 03-29 04:51:17.796  6773: 6773 W/         ]
03-29 04:51:17.792: D/ICU(6773): Failed to bind-mount /system/lib/x86/cpuinfo as /proc/cpuinfo: No such file or directory
03-29 04:51:17.802: E/memtrack(6773): Couldn't load memtrack module (No such file or directory)
03-29 04:51:17.802: E/android.os.Debug(6773): failed to load memtrack module: -2
03-29 04:51:17.802: I/Radio-JNI(6773): register_android_hardware_Radio DONE
03-29 04:51:17.810: D/AndroidRuntime(6773): Calling main entry com.android.commands.am.Am
03-29 04:51:17.812: I/ActivityManager(1720): Force stopping com.google.android.apps.mtaas.tools appid=10077 user=0: start instr
03-29 04:51:17.823: I/ActivityManager(1720): Start proc 6782:com.google.android.apps.mtaas.tools/u0a77 for added application com.google.android.apps.mtaas.tools
03-29 04:51:17.830: I/TSDRIVER(6729): Handled command: PACKAGE
03-29 04:51:17.830: I/ActivityManager(1720): Killing 4681:com.google.android.youtube/u0a74 (adj 15): empty #17
03-29 04:51:17.875: D/ConnectivityService(1720): ConnectivityService NetworkRequestInfo binderDied(NetworkRequest [ id=6, legacyType=-1, [ Capabilities: INTERNET&NOT_RESTRICTED&TRUSTED] ], android.os.BinderProxy@5d491e4)
03-29 04:51:17.875: D/ConnectivityService(1720): releasing NetworkRequest NetworkRequest [ id=6, legacyType=-1, [ Capabilities: INTERNET&NOT_RESTRICTED&TRUSTED] ]
03-29 04:51:17.882: D/ActivityManager(1720): cleanUpApplicationRecord -- 4681
03-29 04:51:17.882: E/ConnectivityService(1720): RemoteException caught trying to send a callback msg for NetworkRequest [ id=6, legacyType=-1, [ Capabilities: INTERNET&NOT_RESTRICTED&TRUSTED] ]
03-29 04:51:17.894: W/System(6782): ClassLoader referenced unknown path: /data/app/com.google.android.apps.mtaas.tools-1/lib/x86
03-29 04:51:17.895: W/System(6782): ClassLoader referenced unknown path: /data/app/com.google.android.apps.mtaas.tools-1/lib/x86
03-29 04:51:17.900: D/DumpPackageStats(6782): Instrumentation completed successfully
03-29 04:51:17.901: D/AndroidRuntime(6773): Shutting down VM
03-29 04:51:17.901: I/ActivityManager(1720): Force stopping com.google.android.apps.mtaas.tools appid=10077 user=0: finished inst
03-29 04:51:17.901: I/ActivityManager(1720): Killing 6782:com.google.android.apps.mtaas.tools/u0a77 (adj 0): stop com.google.android.apps.mtaas.tools
03-29 04:51:17.947: D/ActivityManager(1720): cleanUpApplicationRecord -- 6782
03-29 04:51:17.961: W/ActivityManager(1720): Spurious death for ProcessRecord{2171502 0:com.google.android.apps.mtaas.tools/u0a77}, curProc for 6782: null
03-29 04:51:17.986: I/Remoter(1336): Saved screenshot to '/data/screenshots/__pmv__-0110.jpg'
03-29 04:51:18.355: D/AndroidRuntime(6800): >>>>>> START com.android.internal.os.RuntimeInit uid 0 <<<<<<
03-29 04:51:18.356: D/AndroidRuntime(6800): CheckJNI is OFF
03-29 04:51:18.367: D/ICU(6800): No timezone override file found: /data/misc/zoneinfo/current/icu/icu_tzdata.dat
03-29 04:51:18.367: D/ICU(6800): [ 03-29 04:51:18.372  6800: 6800 W/         ]
03-29 04:51:18.367: D/ICU(6800): Failed to bind-mount /system/lib/x86/cpuinfo as /proc/cpuinfo: No such file or directory
03-29 04:51:18.378: E/memtrack(6800): Couldn't load memtrack module (No such file or directory)
03-29 04:51:18.378: E/android.os.Debug(6800): failed to load memtrack module: -2
03-29 04:51:18.379: I/Radio-JNI(6800): register_android_hardware_Radio DONE
03-29 04:51:18.389: D/AndroidRuntime(6800): Calling main entry com.android.commands.am.Am
03-29 04:51:18.391: I/ActivityManager(1720): Force stopping com.google.android.apps.mtaas.tools appid=10077 user=0: start instr
03-29 04:51:18.402: I/ActivityManager(1720): Start proc 6808:com.google.android.apps.mtaas.tools/u0a77 for added application com.google.android.apps.mtaas.tools
03-29 04:51:18.463: W/System(6808): ClassLoader referenced unknown path: /data/app/com.google.android.apps.mtaas.tools-1/lib/x86
03-29 04:51:18.463: W/System(6808): ClassLoader referenced unknown path: /data/app/com.google.android.apps.mtaas.tools-1/lib/x86
03-29 04:51:18.466: D/DumpStaticPerfEnv(6808): Instrumentation completed successfully
03-29 04:51:18.467: D/AndroidRuntime(6800): Shutting down VM
03-29 04:51:18.467: I/ActivityManager(1720): Force stopping com.google.android.apps.mtaas.tools appid=10077 user=0: finished inst
03-29 04:51:18.467: I/ActivityManager(1720): Killing 6808:com.google.android.apps.mtaas.tools/u0a77 (adj 0): stop com.google.android.apps.mtaas.tools
03-29 04:51:18.513: D/ActivityManager(1720): cleanUpApplicationRecord -- 6808
03-29 04:51:18.514: W/ActivityManager(1720): Spurious death for ProcessRecord{dc6be13 0:com.google.android.apps.mtaas.tools/u0a77}, curProc for 6808: null
03-29 04:51:18.909: D/AndroidRuntime(6826): >>>>>> START com.android.internal.os.RuntimeInit uid 0 <<<<<<
03-29 04:51:18.910: D/AndroidRuntime(6826): CheckJNI is OFF
03-29 04:51:18.922: D/ICU(6826): No timezone override file found: /data/misc/zoneinfo/current/icu/icu_tzdata.dat
03-29 04:51:18.922: D/ICU(6826): [ 03-29 04:51:18.926  6826: 6826 W/         ]
03-29 04:51:18.922: D/ICU(6826): Failed to bind-mount /system/lib/x86/cpuinfo as /proc/cpuinfo: No such file or directory
03-29 04:51:18.932: E/memtrack(6826): Couldn't load memtrack module (No such file or directory)
03-29 04:51:18.932: E/android.os.Debug(6826): failed to load memtrack module: -2
03-29 04:51:18.932: I/Radio-JNI(6826): register_android_hardware_Radio DONE
03-29 04:51:18.940: D/AndroidRuntime(6826): Calling main entry com.android.commands.am.Am
03-29 04:51:18.941: I/ActivityManager(1720): Force stopping com.google.android.apps.mtaas.tools appid=10077 user=0: start instr
03-29 04:51:18.952: I/ActivityManager(1720): Start proc 6834:com.google.android.apps.mtaas.tools/u0a77 for added application com.google.android.apps.mtaas.tools
03-29 04:51:19.060: W/System(6834): ClassLoader referenced unknown path: /data/app/com.google.android.apps.mtaas.tools-1/lib/x86
03-29 04:51:19.060: W/System(6834): ClassLoader referenced unknown path: /data/app/com.google.android.apps.mtaas.tools-1/lib/x86
03-29 04:51:19.063: D/GetPackageUid(6834): Instrumentation completed successfully
03-29 04:51:19.064: D/AndroidRuntime(6826): Shutting down VM
03-29 04:51:19.064: I/ActivityManager(1720): Force stopping com.google.android.apps.mtaas.tools appid=10077 user=0: finished inst
03-29 04:51:19.064: I/ActivityManager(1720): Killing 6834:com.google.android.apps.mtaas.tools/u0a77 (adj 0): stop com.google.android.apps.mtaas.tools
03-29 04:51:19.085: I/Remoter(1336): Saved screenshot to '/data/screenshots/__pmv__-0111.jpg'
03-29 04:51:19.122: D/ActivityManager(1720): cleanUpApplicationRecord -- 6834
03-29 04:51:19.462: I/ActivityManager(1720): Killing 5644:com.google.android.gm/u0a69 (adj 15): empty #17
03-29 04:51:19.498: D/ActivityManager(1720): cleanUpApplicationRecord -- 5644
03-29 04:51:19.945: I/sshd(6877): type=1400 audit(0.0:194): avc: denied { setuid } for capability=7 scontext=u:r:gcelogwrapper:s0 tcontext=u:r:gcelogwrapper:s0 tclass=capability permissive=1
03-29 04:51:19.965: I/scp(6877): type=1400 audit(0.0:195): avc: denied { write } for name="perfd" dev="loop6" ino=106713 scontext=u:r:gcelogwrapper:s0 tcontext=u:object_r:shell_data_file:s0 tclass=dir permissive=1
03-29 04:51:19.965: I/scp(6877): type=1400 audit(0.0:196): avc: denied { add_name } for name="perfd" scontext=u:r:gcelogwrapper:s0 tcontext=u:object_r:shell_data_file:s0 tclass=dir permissive=1
03-29 04:51:19.965: I/scp(6877): type=1400 audit(0.0:197): avc: denied { create } for name="perfd" scontext=u:r:gcelogwrapper:s0 tcontext=u:object_r:shell_data_file:s0 tclass=file permissive=1
03-29 04:51:19.965: I/scp(6877): type=1400 audit(0.0:198): avc: denied { write open } for path="/data/local/tmp/perfd/perfd" dev="loop6" ino=106714 scontext=u:r:gcelogwrapper:s0 tcontext=u:object_r:shell_data_file:s0 tclass=file permissive=1
03-29 04:51:19.965: I/scp(6877): type=1400 audit(0.0:199): avc: denied { getattr } for path="/data/local/tmp/perfd/perfd" dev="loop6" ino=106714 scontext=u:r:gcelogwrapper:s0 tcontext=u:object_r:shell_data_file:s0 tclass=file permissive=1
03-29 04:51:20.154: I/Remoter(1336): Saved screenshot to '/data/screenshots/__pmv__-0112.jpg'
03-29 04:51:21.206: I/Remoter(1336): Saved screenshot to '/data/screenshots/__pmv__-0113.jpg'
03-29 04:51:22.247: W/arqq(2302): Empty context buffer. Thus might mean that the context is not synced down.
03-29 04:51:22.247: W/armt(2302): Empty context model while retrieving upload opt-in status!
03-29 04:51:22.271: I/Remoter(1336): Saved screenshot to '/data/screenshots/__pmv__-0114.jpg'
03-29 04:51:22.648: W/ChimeraUtils(2302): Non Chimera context
03-29 04:51:22.653: W/ChimeraUtils(2302): Non Chimera context
03-29 04:51:22.672: I/Auth(2302): [ReflectiveChannelBinder] Successfully bound channel!
03-29 04:51:22.681: W/Conscrypt(2302): Could not set socket write timeout: java.net.SocketException: Socket closed
03-29 04:51:22.682: W/Conscrypt(2302): 	at com.google.android.gms.org.conscrypt.Platform.setSocketWriteTimeout(:com.google.android.gms@14367022@14.3.67 (040700-216465562):2)
03-29 04:51:22.682: W/Conscrypt(2302): 	at com.google.android.gms.org.conscrypt.ConscryptFileDescriptorSocket.setSoWriteTimeout(:com.google.android.gms@14367022@14.3.67 (040700-216465562):2)
03-29 04:51:22.696: W/Conscrypt(2302): Could not set socket write timeout: java.net.SocketException: Socket closed
03-29 04:51:22.696: W/Conscrypt(2302): 	at com.google.android.gms.org.conscrypt.Platform.setSocketWriteTimeout(:com.google.android.gms@14367022@14.3.67 (040700-216465562):2)
03-29 04:51:22.697: W/Conscrypt(2302): 	at com.google.android.gms.org.conscrypt.ConscryptFileDescriptorSocket.setSoWriteTimeout(:com.google.android.gms@14367022@14.3.67 (040700-216465562):2)
03-29 04:51:22.699: W/arqq(2302): Empty context buffer. Thus might mean that the context is not synced down.
03-29 04:51:22.699: W/armt(2302): Empty context model while retrieving upload opt-in status!
03-29 04:51:22.756: W/GLSUser(2302): [DeviceKeyStore] Cannot load key: Device key file not found.
03-29 04:51:22.836: W/GLSUser(2302): [AppCertManager] IOException while requesting key: 
03-29 04:51:22.836: W/GLSUser(2302): java.io.IOException: Invalid device key response.
03-29 04:51:22.836: W/GLSUser(2302): 	at hol.a(:com.google.android.gms@14367022@14.3.67 (040700-216465562):13)
03-29 04:51:22.836: W/GLSUser(2302): 	at hol.a(:com.google.android.gms@14367022@14.3.67 (040700-216465562):61)
03-29 04:51:22.836: W/GLSUser(2302): 	at hol.a(:com.google.android.gms@14367022@14.3.67 (040700-216465562):23)
03-29 04:51:22.836: W/GLSUser(2302): 	at hoj.a(:com.google.android.gms@14367022@14.3.67 (040700-216465562):2)
03-29 04:51:22.836: W/GLSUser(2302): 	at hog.a(:com.google.android.gms@14367022@14.3.67 (040700-216465562))
