03-29 04:50:52.420: I/GceRil(1347): Reporting signal strength: GW=26 CDMA=-72 EVDO=-79 LTE=28
03-29 04:50:52.572: D/AndroidRuntime(5529): >>>>>> START com.android.internal.os.RuntimeInit uid 0 <<<<<<
03-29 04:50:52.573: D/AndroidRuntime(5529): CheckJNI is OFF
03-29 04:50:52.589: D/ICU(5529): No timezone override file found: /data/misc/zoneinfo/current/icu/icu_tzdata.dat
03-29 04:50:52.589: D/ICU(5529): [ 03-29 04:50:52.595  5529: 5529 W/         ]
03-29 04:50:52.589: D/ICU(5529): Failed to bind-mount /system/lib/x86/cpuinfo as /proc/cpuinfo: No such file or directory
03-29 04:50:52.603: E/memtrack(5529): Couldn't load memtrack module (No such file or directory)
03-29 04:50:52.603: E/android.os.Debug(5529): failed to load memtrack module: -2
03-29 04:50:52.604: I/Radio-JNI(5529): register_android_hardware_Radio DONE
03-29 04:50:52.615: D/AndroidRuntime(5529): Calling main entry com.android.commands.pm.Pm
03-29 04:50:52.617: I/art(5529): System.exit called, status: 0
03-29 04:50:52.617: I/AndroidRuntime(5529): VM exiting with result code 0.
03-29 04:50:52.621: I/Remoter(1336): Saved screenshot to '/data/screenshots/__pmv__-0088.jpg'
03-29 04:50:52.881: D/AndroidRuntime(5542): >>>>>> START com.android.internal.os.RuntimeInit uid 0 <<<<<<
03-29 04:50:52.882: D/AndroidRuntime(5542): CheckJNI is OFF
03-29 04:50:52.893: D/ICU(5542): No timezone override file found: /data/misc/zoneinfo/current/icu/icu_tzdata.dat
03-29 04:50:52.893: D/ICU(5542): [ 03-29 04:50:52.897  5542: 5542 W/         ]
03-29 04:50:52.893: D/ICU(5542): Failed to bind-mount /system/lib/x86/cpuinfo as /proc/cpuinfo: No such file or directory
03-29 04:50:52.903: E/memtrack(5542): Couldn't load memtrack module (No such file or directory)
03-29 04:50:52.903: E/android.os.Debug(5542): failed to load memtrack module: -2
03-29 04:50:52.904: I/Radio-JNI(5542): register_android_hardware_Radio DONE
03-29 04:50:52.911: D/AndroidRuntime(5542): Calling main entry com.android.commands.am.Am
03-29 04:50:52.913: I/ActivityManager(1720): Force stopping com.google.android.apps.mtaas.tools appid=10077 user=0: start instr
03-29 04:50:52.923: I/ActivityManager(1720): Start proc 5550:com.google.android.apps.mtaas.tools/u0a77 for added application com.google.android.apps.mtaas.tools
03-29 04:50:53.003: W/System(5550): ClassLoader referenced unknown path: /data/app/com.google.android.apps.mtaas.tools-1/lib/x86
03-29 04:50:53.003: W/System(5550): ClassLoader referenced unknown path: /data/app/com.google.android.apps.mtaas.tools-1/lib/x86
03-29 04:50:53.006: I/ActivityManager(1720): Config changes=2004 {1.0 310mcc260mnc en_GB ldltr sw411dp w411dp h659dp 420dpi nrml port finger qwerty/v/v -nav/h s.6}
03-29 04:50:53.014: I/GceGrallocRegionRegistry(1342): Mapped gralloc-1342.27 hnd=0xb374b000 fd=28 base=0xb2606000 format=RGBA_8888(0x1) width=1080 height=1920
03-29 04:50:53.096: D/ChangeLocale(5550): Instrumentation completed successfully
03-29 04:50:53.099: I/ActivityManager(1720): Force stopping com.google.android.apps.mtaas.tools appid=10077 user=0: finished inst
03-29 04:50:53.099: I/ActivityManager(1720): Killing 5550:com.google.android.apps.mtaas.tools/u0a77 (adj 0): stop com.google.android.apps.mtaas.tools
03-29 04:50:53.099: D/AndroidRuntime(5542): Shutting down VM
03-29 04:50:53.156: D/ActivityManager(1720): cleanUpApplicationRecord -- 5550
03-29 04:50:53.186: I/ContactLocale(2035): AddressBook Labels [en-GB]: [, A, B, C, D, E, F, G, H, I, J, K, L, M, N, O, P, Q, R, S, T, U, V, W, X, Y, Z, , , , , , , , , , , , , , , , , , , , , , , , , , , , , , , , , , , , , , , , , , , , , , , , , , , , , , , , , , , , , , , , , , , , , , , , , , , , , , , , , , , , , , , , , , , , , , , , , , , , , , , , , , , , , , , , , , , , , , , , , , , , , , , , , , , , , , , , , , , , , , , , , , , , , , , , , , , , , , , , , , , , , , , , , , , , , , , , , , , , , , , , , , , #, ]
03-29 04:50:53.187: D/Finsky(4518): [1] ClearCacheReceiver.onReceive: Received android.intent.action.LOCALE_CHANGED. Clearing cache and exiting.
03-29 04:50:53.188: D/Volley(4518): [272] DiskBasedCache.clear: Cache cleared.
03-29 04:50:53.188: D/Volley(4518): [279] DiskBasedCache.clear: Cache cleared.
03-29 04:50:53.205: I/art(2059): Starting a blocking GC Explicit
03-29 04:50:53.230: I/art(4518): System.exit called, status: 0
03-29 04:50:53.230: I/AndroidRuntime(4518): VM exiting with result code 0, cleanup skipped.
03-29 04:50:53.247: W/KeyphraseEnrollmentInfo(2005): Enrollment application doesn't support keyphrases
03-29 04:50:53.250: I/art(2059): Explicit concurrent mark sweep GC freed 41854(2MB) AllocSpace objects, 16(1328KB) LOS objects, 40% free, 13MB/22MB, paused 116us total 32.622ms
03-29 04:50:53.253: I/art(2059): Starting a blocking GC Explicit
03-29 04:50:53.254: I/ContactsProvider(2035): Locale has changed from en-US to en-GB
03-29 04:50:53.255: I/ContactsDatabaseHelper(2035): Switching to locale en-GB (ICU v55.1)
03-29 04:50:53.263: I/ContactsDatabaseHelper(2035): Locale change completed in 8ms
03-29 04:50:53.263: I/ContactsDatabaseHelper(2035): Switching to locale en-GB (ICU v55.1)
03-29 04:50:53.268: I/art(2059): Explicit concurrent mark sweep GC freed 10364(547KB) AllocSpace objects, 1(16KB) LOS objects, 40% free, 12MB/21MB, paused 107us total 7.170ms
03-29 04:50:53.268: I/art(2059): Starting a blocking GC Explicit
03-29 04:50:53.271: I/ContactsDatabaseHelper(2035): Locale change completed in 9ms
03-29 04:50:53.274: I/art(2059): Explicit concurrent mark sweep GC freed 3(96B) AllocSpace objects, 0(0B) LOS objects, 40% free, 12MB/21MB, paused 114us total 6.186ms
03-29 04:50:53.277: I/ContactsFTS(2035): Rebuild contact search index in 4ms, 0 contacts
03-29 04:50:53.281: I/GceGrallocRegionRegistry(2059): Unmapped gralloc-1342.15 hnd=0x9abf8b00 fd=39 base=0x97a46000
03-29 04:50:53.281: I/GceGrallocRegionRegistry(2059): Unmapped gralloc-1342.16 hnd=0x9bf79240 fd=38 base=0x98240000
03-29 04:50:53.281: I/GceGrallocRegionRegistry(2059): Unmapped gralloc-1342.17 hnd=0x9abf8900 fd=37 base=0x98a3a000
03-29 04:50:53.282: I/GceGrallocRegionRegistry(1342): Unmapped gralloc-1342.15 hnd=0xb36827c0 fd=30 base=0xaeac3000
03-29 04:50:53.283: I/GceGrallocRegionRegistry(1342): Unmapped gralloc-1342.17 hnd=0xb3682300 fd=34 base=0xadacf000
03-29 04:50:53.285: I/ActivityManager(1720): Process com.android.vending (pid 4518) has died
03-29 04:50:53.285: D/ActivityManager(1720): cleanUpApplicationRecord -- 4518
03-29 04:50:53.286: W/Launcher(2059): setApplicationContext called twice! old=android.app.Application@491d695 new=android.app.Application@491d695
03-29 04:50:53.338: I/ActivityManager(1720): Start proc 5574:com.google.android.calendar/u0a32 for broadcast com.google.android.calendar/com.android.calendar.alerts.AlertReceiver
03-29 04:50:53.343: I/GceGrallocRegionRegistry(1342): Unmapped gralloc-1342.16 hnd=0xb36822c0 fd=33 base=0xae2c9000
03-29 04:50:53.335: I/Binder_5(1720): type=1400 audit(0.0:162): avc: denied { ioctl } for path="socket:[64479]" dev="sockfs" ino=64479 ioctlcmd=7704 scontext=u:r:system_server:s0 tcontext=u:r:system_server:s0 tclass=unix_stream_socket permissive=1
03-29 04:50:53.409: I/UpdateIcingCorporaServi(4566): Updating corpora: APPS=FORCE_ALL, CONTACTS=FORCE_ALL
03-29 04:50:53.415: I/GceRil(1347): Received request 19
03-29 04:50:53.415: I/GceRil(1347): Reporting signal strength: GW=26 CDMA=-72 EVDO=-80 LTE=27
03-29 04:50:53.418: I/InputMethodManagerService(1720): Selected default: com.google.android.inputmethod.latin/com.android.inputmethod.latin.LatinIME
03-29 04:50:53.419: W/InputMethodManagerService(1720): Illegal subtype state: old subtype = null, new subtype = android.view.inputmethod.InputMethodSubtype@b045e755
03-29 04:50:53.335: I/Binder_5(1720): type=1400 audit(0.0:163): avc: denied { ioctl } for path="socket:[64479]" dev="sockfs" ino=64479 ioctlcmd=7704 scontext=u:r:system_server:s0 tcontext=u:r:system_server:s0 tclass=unix_stream_socket permissive=1
03-29 04:50:53.645: W/System(5574): ClassLoader referenced unknown path: /system/app/CalendarGooglePrebuilt/lib/x86
03-29 04:50:53.688: I/GceGrallocRegionRegistry(1342): Mapped gralloc-1342.28 hnd=0xb37502c0 fd=14 base=0xb029d000 format=RGBA_8888(0x1) width=1080 height=1920
03-29 04:50:53.688: I/GceGrallocRegionRegistry(1342): Mapped gralloc-1342.29 hnd=0xb6d94400 fd=27 base=0xaf246000 format=RGBA_8888(0x1) width=1080 height=1920
03-29 04:50:53.688: I/GceGrallocRegionRegistry(1342): Mapped gralloc-1342.30 hnd=0xb6d94600 fd=29 base=0xaea4c000 format=RGBA_8888(0x1) width=1080 height=1920
03-29 04:50:53.783: I/UpdateIcingCorporaServi(4566): UpdateCorporaTask done [took 373 ms] updated apps [took 324 ms] updated contacts [took 49 ms]
03-29 04:50:53.794: I/ActivityManager(1720): Start proc 5604:com.android.providers.calendar/u0a1 for content provider com.android.providers.calendar/.CalendarProvider2
03-29 04:50:53.861: W/ActivityManager(1720): Unable to start service Intent { act=com.google.android.gms.playlog.service.START pkg=com.google.android.gms } U=0: not found
03-29 04:50:53.864: W/ActivityManager(1720): Unbind failed: could not find connection for android.os.BinderProxy@b53a819
03-29 04:50:53.865: E/GmsClient(5574): unable to connect to service: com.google.android.gms.playlog.service.START
03-29 04:50:53.875: E/TimelyPrefService(5574): Primary account is null
03-29 04:50:53.908: W/AnalyticsLogBase(5574): PlayLogger.onLoggerFailedConnection
03-29 04:50:53.911: I/GceGrallocRegionRegistry(2059): Mapped gralloc-1342.30 hnd=0xadc35180 fd=25 base=0x99c5d000 format=RGBA_8888(0x1) width=1080 height=1920
03-29 04:50:53.936: I/Keyboard.Facilitator(2016): onFinishInput()
03-29 04:50:53.942: W/System(5604): ClassLoader referenced unknown path: /system/priv-app/CalendarProvider/lib/x86
03-29 04:50:53.955: I/WindowManager(1720): Screen frozen for +949ms due to Window{d8db71d u0 com.android.launcher3/com.android.launcher3.Launcher}
03-29 04:50:53.970: I/Remoter(1336): Saved screenshot to '/data/screenshots/__pmv__-0089.jpg'
03-29 04:50:53.977: I/CalendarProvider2(5604): Created com.android.providers.calendar.CalendarAlarmManager@1a9164c(com.android.providers.calendar.CalendarProvider2@491d695)
03-29 04:50:54.005: I/SystemBroadcastReceiver(2016): System locale changed
03-29 04:50:54.082: D/AndroidRuntime(5588): >>>>>> START com.android.internal.os.RuntimeInit uid 0 <<<<<<
03-29 04:50:54.084: D/AndroidRuntime(5588): CheckJNI is OFF
03-29 04:50:54.104: D/ICU(5588): No timezone override file found: /data/misc/zoneinfo/current/icu/icu_tzdata.dat
03-29 04:50:54.104: D/ICU(5588): [ 03-29 04:50:54.112  5588: 5588 W/         ]
03-29 04:50:54.104: D/ICU(5588): Failed to bind-mount /system/lib/x86/cpuinfo as /proc/cpuinfo: No such file or directory
03-29 04:50:54.119: E/memtrack(5588): Couldn't load memtrack module (No such file or directory)
03-29 04:50:54.119: E/android.os.Debug(5588): failed to load memtrack module: -2
03-29 04:50:54.120: I/Radio-JNI(5588): register_android_hardware_Radio DONE
03-29 04:50:54.167: D/AndroidRuntime(5588): Calling main entry com.android.commands.settings.SettingsCmd
03-29 04:50:54.170: D/AndroidRuntime(5588): Shutting down VM
03-29 04:50:54.176: E/art(5588): Thread attaching while runtime is shutting down: Binder_1
03-29 04:50:54.176: I/AndroidRuntime(5588): NOTE: attach of thread 'Binder_1' failed
03-29 04:50:53.555: I/Binder_C(1720): type=1400 audit(0.0:164): avc: denied { ioctl } for path="socket:[65276]" dev="sockfs" ino=65276 ioctlcmd=7704 scontext=u:r:system_server:s0 tcontext=u:r:system_server:s0 tclass=unix_stream_socket permissive=1
03-29 04:50:54.234: V/AlarmClock(4056): AlarmInitReceiver android.intent.action.LOCALE_CHANGED
03-29 04:50:54.245: W/InstanceID/Rpc(5370): Found 10010
03-29 04:50:53.555: I/Binder_C(1720): type=1400 audit(0.0:165): avc: denied { ioctl } for path="socket:[65276]" dev="sockfs" ino=65276 ioctlcmd=7704 scontext=u:r:system_server:s0 tcontext=u:r:system_server:s0 tclass=unix_stream_socket permissive=1
03-29 04:50:54.329: I/GceGrallocRegionRegistry(2059): Mapped gralloc-1342.29 hnd=0x9ac9fd00 fd=31 base=0x99463000 format=RGBA_8888(0x1) width=1080 height=1920
03-29 04:50:53.895: I/RenderThread(2059): type=1400 audit(0.0:166): avc: denied { read } for path=2F6465762F6173686D656D2F6772616C6C6F632D313334322E3330202864656C6574656429 dev="tmpfs" ino=65281 scontext=u:r:untrusted_app:s0:c512,c768 tcontext=u:object_r:surfaceflinger_tmpfs:s0 tclass=file permissive=1
03-29 04:50:54.361: V/AlarmClock(4056): AlarmInitReceiver finished
03-29 04:50:54.370: W/art(1720): Long monitor contention event with owner method=void com.android.server.wm.WindowManagerService$H.handleMessage(android.os.Message) from WindowManagerService.java:7830 waiters=1 for 136ms
03-29 04:50:54.376: I/ActivityManager(1720): Start proc 5644:com.google.android.gm/u0a69 for broadcast com.google.android.gm/.MailIntentReceiver
03-29 04:50:53.925: I/Binder_1(1720): type=1400 audit(0.0:167): avc: denied { ioctl } for path="socket:[61002]" dev="sockfs" ino=61002 ioctlcmd=7704 scontext=u:r:system_server:s0 tcontext=u:r:system_server:s0 tclass=unix_stream_socket permissive=1
03-29 04:50:53.925: I/Binder_1(1720): type=1400 audit(0.0:168): avc: denied { ioctl } for path="socket:[61002]" dev="sockfs" ino=61002 ioctlcmd=7704 scontext=u:r:system_server:s0 tcontext=u:r:system_server:s0 tclass=unix_stream_socket permissive=1
03-29 04:50:54.579: I/GceGrallocRegionRegistry(2059): Mapped gralloc-1342.28 hnd=0x9ce71b40 fd=32 base=0x98c69000 format=RGBA_8888(0x1) width=1080 height=1920
03-29 04:50:54.586: I/art(1720): Background partial concurrent mark sweep GC freed 27262(1604KB) AllocSpace objects, 5(164KB) LOS objects, 33% free, 20MB/30MB, paused 594us total 101.976ms
03-29 04:50:54.597: W/Conscrypt(2302): Could not set socket write timeout: java.net.SocketException: Socket closed
03-29 04:50:54.597: W/Conscrypt(2302): 	at com.google.android.gms.org.conscrypt.Platform.setSocketWriteTimeout(:com.google.android.gms@14367022@14.3.67 (040700-216465562):2)
03-29 04:50:54.597: W/Conscrypt(2302): 	at com.google.android.gms.org.conscrypt.ConscryptFileDescriptorSocket.setSoWriteTimeout(:com.google.android.gms@14367022@14.3.67 (040700-216465562):2)
03-29 04:50:54.597: W/Conscrypt(2302): Could not set socket write timeout: java.net.SocketException: Socket closed
03-29 04:50:54.597: W/Conscrypt(2302): 	at com.google.android.gms.org.conscrypt.Platform.setSocketWriteTimeout(:com.google.android.gms@14367022@14.3.67 (040700-216465562):2)
03-29 04:50:54.597: W/Conscrypt(2302): 	at com.google.android.gms.org.conscrypt.ConscryptFileDescriptorSocket.setSoWriteTimeout(:com.google.android.gms@14367022@14.3.67 (040700-216465562):2)
03-29 04:50:54.800: W/System(5644): ClassLoader referenced unknown path: /data/app/com.google.android.gm-1/lib/x86
03-29 04:50:54.994: W/Conscrypt(2302): Could not set socket write timeout: java.net.SocketException: Socket closed
03-29 04:50:54.997: W/Conscrypt(2302): 	at com.google.android.gms.org.conscrypt.Platform.setSocketWriteTimeout(:com.google.android.gms@14367022@14.3.67 (040700-216465562):2)
03-29 04:50:54.997: W/Conscrypt(2302): 	at com.google.android.gms.org.conscrypt.ConscryptFileDescriptorSocket.setSoWriteTimeout(:com.google.android.gms@14367022@14.3.67 (040700-216465562):2)
03-29 04:50:54.998: I/CalendarProvider2(5604): Sending notification intent: Intent { act=android.intent.action.PROVIDER_CHANGED dat=content://com.android.calendar flg=0x20000000 }
03-29 04:50:54.998: W/ContentResolver(5604): Failed to get type for: content://com.android.calendar (Unknown URL content://com.android.calendar)
03-29 04:50:55.019: W/Conscrypt(2302): Could not set socket write timeout: java.net.SocketException: Socket closed
03-29 04:50:55.019: W/Conscrypt(2302): 	at com.google.android.gms.org.conscrypt.Platform.setSocketWriteTimeout(:com.google.android.gms@14367022@14.3.67 (040700-216465562):2)
03-29 04:50:55.019: W/Conscrypt(2302): 	at com.google.android.gms.org.conscrypt.ConscryptFileDescriptorSocket.setSoWriteTimeout(:com.google.android.gms@14367022@14.3.67 (040700-216465562):2)
03-29 04:50:55.025: I/IcingInternalCorpora(2561): Received calendar change notification.
03-29 04:50:55.109: I/GceGrallocRegionRegistry(1342): Unmapped gralloc-1342.27 hnd=0xb374b000 fd=28 base=0xb2606000
03-29 04:50:55.216: W/PrimesInit(5644): Primes instant initialization
03-29 04:50:55.244: W/Primes(5644): background initialization
03-29 04:50:55.339: W/GAV2(5644): Thread[main,5,main]: Need to call initialize() and be in fallback mode to start dispatch.
03-29 04:50:55.340: I/art(2302): Background partial concurrent mark sweep GC freed 70575(4MB) AllocSpace objects, 3(60KB) LOS objects, 40% free, 20MB/34MB, paused 765us total 153.784ms
03-29 04:50:55.386: W/Gmail(5644): Gmail:For b/73513912, load account content://com.android.gmail.ui/account.-2137146394 from MailAppProvider. Is account valid result: 1.
03-29 04:50:55.387: I/Remoter(1336): Saved screenshot to '/data/screenshots/__pmv__-0090.jpg'
03-29 04:50:55.389: W/Gmail(5644): Gmail:For b/73513912, load account content://com.google.android.gm.email.provider/account.-437561172?suppress_combined%3Dtrue from MailAppProvider. Is account valid result: 1.
03-29 04:50:55.390: I/PrimesTesting(5644): GserviceFlagsSupplier.get()
03-29 04:50:55.416: W/ChimeraUtils(2302): Non Chimera context
03-29 04:50:55.421: W/ChimeraUtils(2561): Non Chimera context
03-29 04:50:55.426: I/PeopleDatabaseHelper(2561): Updating DB locale: en_US -> en_GB
03-29 04:50:55.440: E/NetworkScheduler(2302): Invalid component specified.
03-29 04:50:55.451: W/ChimeraUtils(2561): Non Chimera context
03-29 04:50:55.457: W/ChimeraUtils(2302): Non Chimera context
03-29 04:50:55.472: I/PeopleSearchIndexManage(2561): Marking for index update.
03-29 04:50:55.488: I/PeopleSearchIndexManage(2561): Index version changed from 0
03-29 04:50:55.515: I/PeopleSearchIndexManage(2561): Rebuilding index...
03-29 04:50:55.522: I/PeopleASM(2561): Rebuilding autocomplete index...
03-29 04:50:55.522: I/PeopleSearchIndexManage(2561): Rebuilding index done.
03-29 04:50:55.582: W/ActivityManager(1720): Unable to start service Intent { cmp=com.google.android.gm/com.android.email.service.AttachmentService } U=0: not found
03-29 04:50:55.594: D/AndroidRuntime(5662): >>>>>> START com.android.internal.os.RuntimeInit uid 0 <<<<<<
03-29 04:50:55.595: D/AndroidRuntime(5662): CheckJNI is OFF
03-29 04:50:55.613: D/ICU(5662): No timezone override file found: /data/misc/zoneinfo/current/icu/icu_tzdata.dat
03-29 04:50:55.613: D/ICU(5662): [ 03-29 04:50:55.619  5662: 5662 W/         ]
03-29 04:50:55.613: D/ICU(5662): Failed to bind-mount /system/lib/x86/cpuinfo as /proc/cpuinfo: No such file or directory
03-29 04:50:55.629: E/memtrack(5662): Couldn't load memtrack module (No such file or directory)
03-29 04:50:55.629: E/android.os.Debug(5662): failed to load memtrack module: -2
03-29 04:50:55.630: I/Radio-JNI(5662): register_android_hardware_Radio DONE
03-29 04:50:55.641: D/AndroidRuntime(5662): Calling main entry com.android.commands.settings.SettingsCmd
03-29 04:50:55.654: D/AndroidRuntime(5662): Shutting down VM
03-29 04:50:55.715: I/BeaconBle(2302): 'L' hardware scan: scan stopped, no clients
03-29 04:50:55.715: I/BeaconBle(2302): Nearby requested to stop scan
03-29 04:50:55.724: I/BeaconBle(2302): Scan canceled successfully.
03-29 04:50:55.730: D/BluetoothAdapter(2302): STATE_ON
03-29 04:50:55.730: D/BtGatt.GattService(2523): stopScan() - queue size =1
03-29 04:50:55.730: D/BtGatt.ScanManager(2523): stop scan
03-29 04:50:55.730: D/BtGatt.ScanManager(2523): configureRegularScanParams() - queue=0
03-29 04:50:55.730: D/BtGatt.ScanManager(2523): configureRegularScanParams() - ScanSetting Scan mode=-2147483648 mLastConfiguredScanSetting=0
03-29 04:50:55.730: D/BtGatt.ScanManager(2523): configureRegularScanParams() - queue emtpy, scan stopped
03-29 04:50:55.730: D/BtGatt.GattService(2523): unregisterClient() - clientIf=5
03-29 04:50:55.763: D/BluetoothAdapter(2302): STATE_ON
03-29 04:50:55.764: D/BtGatt.GattService(2523): registerClient() - UUID=d3f7f4e1-f550-4b4a-9f29-fb0f69af620c
03-29 04:50:55.764: D/BtGatt.GattService(2523): onClientRegistered() - UUID=d3f7f4e1-f550-4b4a-9f29-fb0f69af620c, clientIf=5
03-29 04:50:55.764: D/BluetoothLeScanner(2302): onClientRegistered() - status=0 clientIf=5
03-29 04:50:55.765: D/BtGatt.GattService(2523): start scan with filters
03-29 04:50:55.766: D/BtGatt.ScanManager(2523): handling starting scan
03-29 04:50:55.766: D/BtGatt.ScanManager(2523): configureRegularScanParams() - queue=1
03-29 04:50:55.766: D/BtGatt.ScanManager(2523): configureRegularScanParams() - ScanSetting Scan mode=0 mLastConfiguredScanSetting=-2147483648
03-29 04:50:55.766: D/BtGatt.ScanManager(2523): configureRegularScanParams - scanInterval = 8000configureRegularScanParams - scanWindow = 800
03-29 04:50:55.767: D/BtGatt.GattService(2523): onScanParamSetupCompleted : 0
03-29 04:50:55.768: I/BeaconBle(2302): Client requested scan, settings=BleSettings [scanMode=LOW_LATENCY, callbackType=ALL_MATCHES, reportDelayMillis=0, 6 filters, 1 clients, callingClientName=Nearby]
03-29 04:50:55.774: W/GCoreFlp(2302): No location to return for getLastLocation()
03-29 04:50:55.784: W/NearbyMessages(2302): LocationProvider returns null [CONTEXT service_id=62 ]
03-29 04:50:55.785: I/BeaconBle(2302): 'L' hardware scan: 6 filters, scanMode=2, reportdelay=0, callback type=1, #clients=1, workSource=WorkSource{10010 com.google.android.gms}
03-29 04:50:55.786: I/BeaconBle(2302): Starting scan on OS scanner. BT state: 12
03-29 04:50:55.786: D/BluetoothAdapter(2302): STATE_ON
03-29 04:50:55.790: D/BtGatt.GattService(2523): registerClient() - UUID=88537faa-845c-4c46-b55e-1b31b458b908
03-29 04:50:55.790: D/BtGatt.GattService(2523): onClientRegistered() - UUID=88537faa-845c-4c46-b55e-1b31b458b908, clientIf=6
03-29 04:50:55.790: D/BluetoothLeScanner(2302): onClientRegistered() - status=0 clientIf=6
03-29 04:50:55.790: D/BtGatt.GattService(2523): start scan with filters
03-29 04:50:55.790: D/BtGatt.ScanManager(2523): handling starting scan
03-29 04:50:55.793: D/BtGatt.ScanManager(2523): configureRegularScanParams() - queue=2
03-29 04:50:55.793: D/BtGatt.ScanManager(2523): configureRegularScanParams() - ScanSetting Scan mode=2 mLastConfiguredScanSetting=0
03-29 04:50:55.793: D/BtGatt.ScanManager(2523): configureRegularScanParams - scanInterval = 8000configureRegularScanParams - scanWindow = 8000
03-29 04:50:55.815: D/BtGatt.GattService(2523): onScanParamSetupCompleted : 0
03-29 04:50:55.833: I/NearbyMessages(2302): NetworkPollManager:  RPC was requested, but deemed unnecessary. [CONTEXT service_id=62 ]
03-29 04:50:55.903: I/Icing(2561): IndexChimeraService.getServiceInterface callingPackage=com.google.android.gms componentName=AppsCorpus serviceId=32
03-29 04:50:55.904: I/Icing(2561): IndexChimeraService.getServiceInterface callingPackage=com.google.android.gms componentName=AppsCorpus serviceId=36
03-29 04:50:55.912: I/Icing(2561): Usage reports ok 0, Failed Usage reports 0, indexed 0, rejected 0, imm upload false
03-29 04:50:55.913: I/Icing(2561): Query from package: com.google.android.gms, component: AppsCorpus, restrict package: com.google.android.gms, start: 0, num: 100 maxNumSlices: 2147483647
03-29 04:50:55.922: I/Icing(2561): Usage reports ok 0, Failed Usage reports 0, indexed 0, rejected 0, imm upload false
03-29 04:50:55.922: I/Icing(2561): IndexChimeraService.getServiceInterface callingPackage=com.google.android.gms componentName=AppsCorpus serviceId=36
03-29 04:50:55.924: I/Icing(2561): IndexChimeraService.getServiceInterface callingPackage=com.google.android.gms componentName=AppsCorpus serviceId=32
03-29 04:50:55.931: I/Icing(2561): Usage reports ok 0, Failed Usage reports 0, indexed 0, rejected 0, imm upload false
03-29 04:50:55.934: I/Icing(2561): Usage reports ok 0, Failed Usage reports 0, indexed 0, rejected 0, imm upload false
03-29 04:50:56.076: I/IcingInternalCorpora(2561): EventIndexer: starting incremental update
03-29 04:50:56.076: I/IcingInternalCorpora(2561): EventIndexer: 0 added, 0 removed, 0 changed, 0 unchanged, 0 errors.
03-29 04:50:56.076: I/IcingInternalCorpora(2561): EventIndexer: finished after 0 ms.
03-29 04:50:56.193: D/AndroidRuntime(5721): >>>>>> START com.android.internal.os.RuntimeInit uid 0 <<<<<<
03-29 04:50:56.194: D/AndroidRuntime(5721): CheckJNI is OFF
03-29 04:50:56.209: D/ICU(5721): No timezone override file found: /data/misc/zoneinfo/current/icu/icu_tzdata.dat
03-29 04:50:56.209: D/ICU(5721): [ 03-29 04:50:56.214  5721: 5721 W/         ]
03-29 04:50:56.209: D/ICU(5721): Failed to bind-mount /system/lib/x86/cpuinfo as /proc/cpuinfo: No such file or directory
03-29 04:50:56.222: E/memtrack(5721): Couldn't load memtrack module (No such file or directory)
03-29 04:50:56.222: E/android.os.Debug(5721): failed to load memtrack module: -2
03-29 04:50:56.223: I/Radio-JNI(5721): register_android_hardware_Radio DONE
03-29 04:50:56.233: D/AndroidRuntime(5721): Calling main entry com.android.commands.settings.SettingsCmd
03-29 04:50:56.246: D/AndroidRuntime(5721): Shutting down VM
03-29 04:50:56.253: E/art(5721): Thread attaching while runtime is shutting down: Binder_2
03-29 04:50:56.253: I/AndroidRuntime(5721): NOTE: attach of thread 'Binder_2' failed
03-29 04:50:56.370: I/art(1720): Starting a blocking GC Explicit
03-29 04:50:56.387: I/art(1720): Explicit concurrent mark sweep GC freed 1929(188KB) AllocSpace objects, 0(0B) LOS objects, 33% free, 20MB/30MB, paused 353us total 16.613ms
03-29 04:50:56.485: I/Remoter(1336): Saved screenshot to '/data/screenshots/__pmv__-0091.jpg'
03-29 04:50:56.796: D/AndroidRuntime(5735): >>>>>> START com.android.internal.os.RuntimeInit uid 0 <<<<<<
03-29 04:50:56.798: D/AndroidRuntime(5735): CheckJNI is OFF
03-29 04:50:56.810: D/ICU(5735): No timezone override file found: /data/misc/zoneinfo/current/icu/icu_tzdata.dat
03-29 04:50:56.810: D/ICU(5735): [ 03-29 04:50:56.814  5735: 5735 W/         ]
03-29 04:50:56.810: D/ICU(5735): Failed to bind-mount /system/lib/x86/cpuinfo as /proc/cpuinfo: No such file or directory
03-29 04:50:56.821: E/memtrack(5735): Couldn't load memtrack module (No such file or directory)
03-29 04:50:56.821: E/android.os.Debug(5735): failed to load memtrack module: -2
03-29 04:50:56.822: I/Radio-JNI(5735): register_android_hardware_Radio DONE
03-29 04:50:56.830: D/AndroidRuntime(5735): Calling main entry com.android.commands.settings.SettingsCmd
03-29 04:50:56.833: D/AndroidRuntime(5735): Shutting down VM
03-29 04:50:56.938: I/Icing(2561): Indexing com.google.android.gms-apps from com.google.android.gms
03-29 04:50:57.091: I/Icing(2561): Indexing done com.google.android.gms-apps
03-29 04:50:57.288: D/AndroidRuntime(5747): >>>>>> START com.android.internal.os.RuntimeInit uid 0 <<<<<<
03-29 04:50:57.289: D/AndroidRuntime(5747): CheckJNI is OFF
03-29 04:50:57.301: D/ICU(5747): No timezone override file found: /data/misc/zoneinfo/current/icu/icu_tzdata.dat
03-29 04:50:57.301: D/ICU(5747): [ 03-29 04:50:57.306  5747: 5747 W/         ]
03-29 04:50:57.301: D/ICU(5747): Failed to bind-mount /system/lib/x86/cpuinfo as /proc/cpuinfo: No such file or directory
03-29 04:50:57.312: E/memtrack(5747): Couldn't load memtrack module (No such file or directory)
03-29 04:50:57.312: E/android.os.Debug(5747): failed to load memtrack module: -2
03-29 04:50:57.313: I/Radio-JNI(5747): register_android_hardware_Radio DONE
03-29 04:50:57.320: D/AndroidRuntime(5747): Calling main entry com.android.commands.input.Input
03-29 04:50:57.320: I/Input(5747): injectKeyEvent: KeyEvent { action=ACTION_DOWN, keyCode=KEYCODE_HOME, scanCode=0, metaState=0, flags=0x0, repeatCount=0, eventTime=4383465, downTime=4383465, deviceId=-1, source=0x101 }
03-29 04:50:57.321: I/Input(5747): injectKeyEvent: KeyEvent { action=ACTION_UP, keyCode=KEYCODE_HOME, scanCode=0, metaState=0, flags=0x0, repeatCount=0, eventTime=4383465, downTime=4383465, deviceId=-1, source=0x101 }
03-29 04:50:57.323: I/ActivityManager(1720): START u0 {act=android.intent.action.MAIN cat=[android.intent.category.HOME] flg=0x10200000 cmp=com.android.launcher3/.Launcher (has extras)} from uid 1000 on display 0
03-29 04:50:57.324: D/AndroidRuntime(5747): Shutting down VM
03-29 04:50:57.336: I/GceLights(1720): set_light: dev 0xaf3f4ed0 state 0x9cd303e4
03-29 04:50:57.336: I/GceLights(1720): set_light: state value -15921907
03-29 04:50:57.353: I/GceLights(1720): set_light: dev 0xaf3f4ed0 state 0x9cd303e4
03-29 04:50:57.353: I/GceLights(1720): set_light: state value -15724528
03-29 04:50:57.369: I/GceLights(1720): set_light: dev 0xaf3f4ed0 state 0x9cd303e4
03-29 04:50:57.369: I/GceLights(1720): set_light: state value -15461356
03-29 04:50:57.386: I/GceLights(1720): set_light: dev 0xaf3f4ed0 state 0x9cd303e4
03-29 04:50:57.386: I/GceLights(1720): set_light: state value -15263977
03-29 04:50:57.403: I/GceLights(1720): set_light: dev 0xaf3f4ed0 state 0x9cd303e4
03-29 04:50:57.403: I/GceLights(1720): set_light: state value -15066598
03-29 04:50:57.420: I/GceLights(1720): set_light: dev 0xaf3f4ed0 state 0x9cd303e4
03-29 04:50:57.420: I/GceLights(1720): set_light: state value -14803426
03-29 04:50:57.437: I/GceLights(1720): set_light: dev 0xaf3f4ed0 state 0x9cd303e4
03-29 04:50:57.437: I/GceLights(1720): set_light: state value -14606047
03-29 04:50:57.454: I/GceLights(1720): set_light: dev 0xaf3f4ed0 state 0x9cd303e4
03-29 04:50:57.454: I/GceLights(1720): set_light: state value -14342875
03-29 04:50:57.471: I/GceLights(1720): set_light: dev 0xaf3f4ed0 state 0x9cd303e4
03-29 04:50:57.471: I/GceLights(1720): set_light: state value -14145496
03-29 04:50:57.485: I/remoter(1336): type=1400 audit(0.0:169): avc: denied { write } for name="screenshots" dev="loop6" ino=172033 scontext=u:r:gcelogwrapper:s0 tcontext=u:object_r:system_data_file:s0 tclass=dir permissive=1
03-29 04:50:57.505: I/remoter(1336): type=1400 audit(0.0:170): avc: denied { add_name } for name="__pmv__-0092.jpg" scontext=u:r:gcelogwrapper:s0 tcontext=u:object_r:system_data_file:s0 tclass=dir permissive=1
03-29 04:50:57.505: I/remoter(1336): type=1400 audit(0.0:171): avc: denied { create } for name="__pmv__-0092.jpg" scontext=u:r:gcelogwrapper:s0 tcontext=u:object_r:system_data_file:s0 tclass=file permissive=1
03-29 04:50:57.491: I/GceLights(1720): set_light: dev 0xaf3f4ed0 state 0x9cd303e4
03-29 04:50:57.491: I/GceLights(1720): set_light: state value -13948117
03-29 04:50:57.518: I/GceLights(1720): set_light: dev 0xaf3f4ed0 state 0x9cd303e4
03-29 04:50:57.518: I/GceLights(1720): set_light: state value -13553359
03-29 04:50:57.533: I/GceLights(1720): set_light: dev 0xaf3f4ed0 state 0x9cd303e4
03-29 04:50:57.533: I/GceLights(1720): set_light: state value -13355980
03-29 04:50:57.594: I/GceLights(1720): set_light: dev 0xaf3f4ed0 state 0x9cd303e4
03-29 04:50:57.594: I/GceLights(1720): set_light: state value -12698050
03-29 04:50:57.630: I/GceLights(1720): set_light: dev 0xaf3f4ed0 state 0x9cd303e4
03-29 04:50:57.630: I/GceLights(1720): set_light: state value -12040120
03-29 04:50:57.650: I/GceLights(1720): set_light: dev 0xaf3f4ed0 state 0x9cd303e4
03-29 04:50:57.650: I/GceLights(1720): set_light: state value -11776948
03-29 04:50:57.666: I/GceLights(1720): set_light: dev 0xaf3f4ed0 state 0x9cd303e4
03-29 04:50:57.666: I/GceLights(1720): set_light: state value -11579569
03-29 04:50:57.677: I/Remoter(1336): Saved screenshot to '/data/screenshots/__pmv__-0092.jpg'
03-29 04:50:57.505: I/remoter(1336): type=1400 audit(0.0:172): avc: denied { write open } for path="/data/screenshots/__pmv__-0092.jpg" dev="loop6" ino=172125 scontext=u:r:gcelogwrapper:s0 tcontext=u:object_r:system_data_file:s0 tclass=file permissive=1
03-29 04:50:57.707: I/GceLights(1720): set_light: dev 0xaf3f4ed0 state 0x9cd303e4
03-29 04:50:57.707: I/GceLights(1720): set_light: state value -11184811
03-29 04:50:57.665: I/remoter(1336): type=1400 audit(0.0:173): avc: denied { setattr } for name="__pmv__-0092.jpg" dev="loop6" ino=172125 scontext=u:r:gcelogwrapper:s0 tcontext=u:object_r:system_data_file:s0 tclass=file permissive=1
03-29 04:50:57.714: I/GceLights(1720): set_light: dev 0xaf3f4ed0 state 0x9cd303e4
03-29 04:50:57.714: I/GceLights(1720): set_light: state value -10987432
03-29 04:50:57.735: I/GceLights(1720): set_light: dev 0xaf3f4ed0 state 0x9cd303e4
03-29 04:50:57.735: I/GceLights(1720): set_light: state value -10724260
03-29 04:50:57.747: I/GceLights(1720): set_light: dev 0xaf3f4ed0 state 0x9cd303e4
03-29 04:50:57.747: I/GceLights(1720): set_light: state value -10526881
03-29 04:50:57.764: I/GceLights(1720): set_light: dev 0xaf3f4ed0 state 0x9cd303e4
03-29 04:50:57.764: I/GceLights(1720): set_light: state value -10263709
03-29 04:50:57.781: I/GceLights(1720): set_light: dev 0xaf3f4ed0 state 0x9cd303e4
03-29 04:50:57.781: I/GceLights(1720): set_light: state value -10066330
03-29 04:50:58.172: D/AndroidRuntime(5758): >>>>>> START com.android.internal.os.RuntimeInit uid 0 <<<<<<
03-29 04:50:58.174: D/AndroidRuntime(5758): CheckJNI is OFF
03-29 04:50:58.250: D/ICU(5758): No timezone override file found: /data/misc/zoneinfo/current/icu/icu_tzdata.dat
03-29 04:50:58.250: D/ICU(5758): [ 03-29 04:50:58.263  5758: 5758 W/         ]
03-29 04:50:58.250: D/ICU(5758): Failed to bind-mount /system/lib/x86/cpuinfo as /proc/cpuinfo: No such file or directory
03-29 04:50:58.272: E/memtrack(5758): Couldn't load memtrack module (No such file or directory)
03-29 04:50:58.272: E/android.os.Debug(5758): failed to load memtrack module: -2
03-29 04:50:58.273: I/Radio-JNI(5758): register_android_hardware_Radio DONE
03-29 04:50:58.282: D/AndroidRuntime(5758): Calling main entry com.android.commands.am.Am
03-29 04:50:58.283: I/ActivityManager(1720): START u0 {flg=0x10000000 cmp=com.google.android.apps.mtaas.backdrop/.BackdropActivity} from uid 0 on display 0
03-29 04:50:58.385: D/AndroidRuntime(5758): Shutting down VM
03-29 04:50:58.385: I/GceGrallocRegionRegistry(1342): Mapped gralloc-1342.31 hnd=0xb6d94380 fd=28 base=0xb2606000 format=RGBA_8888(0x1) width=1080 height=1920
03-29 04:50:58.387: I/GceGrallocRegionRegistry(1720): Mapped gralloc-1342.31 hnd=0x94b3b840 fd=147 base=0x99b5a000 format=RGBA_8888(0x1) width=1080 height=1920
03-29 04:50:58.375: I/android.display(1720): type=1400 audit(0.0:174): avc: denied { read } for path=2F6465762F6173686D656D2F6772616C6C6F632D313334322E3331202864656C6574656429 dev="tmpfs" ino=66859 scontext=u:r:system_server:s0 tcontext=u:object_r:surfaceflinger_tmpfs:s0 tclass=file permissive=1
03-29 04:50:58.544: I/ActivityManager(1720): Start proc 5766:com.google.android.apps.mtaas.backdrop/u0a79 for activity com.google.android.apps.mtaas.backdrop/.BackdropActivity
03-29 04:50:58.726: W/System(5766): ClassLoader referenced unknown path: /data/app/com.google.android.apps.mtaas.backdrop-1/lib/x86
03-29 04:50:58.728: I/MultiDex(5766): VM with version 2.1.0 has multidex support
03-29 04:50:58.728: I/MultiDex(5766): install
03-29 04:50:58.728: I/MultiDex(5766): VM has multidex support, MultiDex support library is disabled.
03-29 04:50:58.774: I/BeaconBle(2302): Client requested scan, settings=BleSettings [scanMode=ZERO_POWER, callbackType=ALL_MATCHES, reportDelayMillis=0, 6 filters, 1 clients, callingClientName=Nearby]
03-29 04:50:58.774: I/GceGrallocRegionRegistry(2059): Unmapped gralloc-1342.28 hnd=0x9ce71b40 fd=32 base=0x98c69000
03-29 04:50:58.774: I/GceGrallocRegionRegistry(2059): Unmapped gralloc-1342.29 hnd=0x9ac9fd00 fd=31 base=0x99463000
03-29 04:50:58.775: I/GceGrallocRegionRegistry(2059): Unmapped gralloc-1342.30 hnd=0xadc35180 fd=25 base=0x99c5d000
03-29 04:50:58.788: I/BeaconBle(2302): Stopping scan on delegate scanner. BT state: 12
03-29 04:50:58.788: D/BluetoothAdapter(2302): STATE_ON
03-29 04:50:58.788: D/BtGatt.GattService(2523): stopScan() - queue size =2
03-29 04:50:58.788: D/BtGatt.ScanManager(2523): configureRegularScanParams() - queue=1
03-29 04:50:58.788: D/BtGatt.ScanManager(2523): configureRegularScanParams() - ScanSetting Scan mode=0 mLastConfiguredScanSetting=2
03-29 04:50:58.788: D/BtGatt.ScanManager(2523): configureRegularScanParams - scanInterval = 8000configureRegularScanParams - scanWindow = 800
03-29 04:50:58.788: D/BtGatt.GattService(2523): unregisterClient() - clientIf=6
03-29 04:50:58.789: D/BtGatt.GattService(2523): onScanParamSetupCompleted : 0
03-29 04:50:58.795: I/BeaconBle(2302): Resetting - new scanner available: true
03-29 04:50:58.795: I/BeaconBle(2302): ZERO_POWER is disabled.
03-29 04:50:58.795: I/BeaconBle(2302): 'L' hardware scan: scan stopped, no powered clients
03-29 04:50:58.801: W/art(5766): Before Android 4.1, method android.graphics.PorterDuffColorFilter android.support.graphics.drawable.VectorDrawableCompat.updateTintFilter(android.graphics.PorterDuffColorFilter, android.content.res.ColorStateList, android.graphics.PorterDuff$Mode) would have incorrectly overridden the package-private method in android.graphics.drawable.Drawable
03-29 04:50:58.827: I/GceGrallocRegionRegistry(1342): Unmapped gralloc-1342.28 hnd=0xb37502c0 fd=14 base=0xb029d000
03-29 04:50:58.870: I/GAV2(5574): Thread[GAThread,5,main]: No campaign data found.
03-29 04:50:58.880: I/art(5766): Rejecting re-init on previously-failed class java.lang.Class<android.support.v4.view.ViewCompat$2>
03-29 04:50:58.880: I/art(5766): Rejecting re-init on previously-failed class java.lang.Class<android.support.v4.view.ViewCompat$2>
03-29 04:50:58.898: I/GceGrallocRegionRegistry(1342): Unmapped gralloc-1342.30 hnd=0xb6d94600 fd=29 base=0xaea4c000
03-29 04:50:58.979: I/BackdropActivity(5766): android_id: 4231394588980454701
03-29 04:50:59.024: I/Remoter(1336): Saved screenshot to '/data/screenshots/__pmv__-0093.jpg'
03-29 04:50:58.975: I/Binder_1(1342): type=1400 audit(0.0:175): avc: denied { ioctl } for path="socket:[66897]" dev="sockfs" ino=66897 ioctlcmd=7704 scontext=u:r:surfaceflinger:s0 tcontext=u:r:surfaceflinger:s0 tclass=unix_stream_socket permissive=1
03-29 04:50:59.105: D/OpenGLRenderer(5766): Use EGL_SWAP_BEHAVIOR_PRESERVED: true
03-29 04:50:59.106: I/GceGrallocRegionRegistry(5766): Mapped gralloc-1342.2 hnd=0xaa049700 fd=25 base=0x9dd29000 format=RGBA_8888(0x1) width=832 height=2048
03-29 04:50:58.975: I/Binder_1(1342): type=1400 audit(0.0:176): avc: denied { ioctl } for path="socket:[66897]" dev="sockfs" ino=66897 ioctlcmd=7704 scontext=u:r:surfaceflinger:s0 tcontext=u:r:surfaceflinger:s0 tclass=unix_stream_socket permissive=1
03-29 04:50:59.139: D/NotificationSQLiteLog(1720): Pruned event entries: 0
03-29 04:50:59.139: I/ActivityManager(1720): Killing 4560:android.process.media/u0a7 (adj 15): empty #17
03-29 04:50:59.095: I/Binder_1(1342): type=1400 audit(0.0:177): avc: denied { ioctl } for path="socket:[66901]" dev="sockfs" ino=66901 ioctlcmd=7704 scontext=u:r:surfaceflinger:s0 tcontext=u:r:surfaceflinger:s0 tclass=unix_stream_socket permissive=1
03-29 04:50:59.198: I/FontsSharedState(2561): Updating from directory version 0 to 12 from disk
03-29 04:50:59.200: D/ActivityManager(1720): cleanUpApplicationRecord -- 4560
03-29 04:50:59.095: I/Binder_1(1342): type=1400 audit(0.0:178): avc: denied { ioctl } for path="socket:[66901]" dev="sockfs" ino=66901 ioctlcmd=7704 scontext=u:r:surfaceflinger:s0 tcontext=u:r:surfaceflinger:s0 tclass=unix_stream_socket permissive=1
03-29 04:50:59.216: I/FontsContentProvider(2561): Received query Google Sans, URI content://com.google.android.gms.fonts
03-29 04:50:59.218: I/FontsContentProvider(2561): Query [Google Sans] resolved to {Google Sans, wdth 100.0, wght 400, ital 0.0, bestEffort false}
03-29 04:50:59.236: I/FontsContentProvider(2561): Fetch {Google Sans, wdth 100.0, wght 400, ital 0.0, bestEffort false} end status Status{statusCode=SUCCESS, resolution=null}
03-29 04:50:59.260: I/FontsContentProvider(2561): Pulling font file for id = 1, cache size = 1
03-29 04:50:59.307: I/ActivityManager(1720): Killing 2765:com.google.android.gms.unstable/u0a10 (adj 15): empty #17
03-29 04:50:59.426: W/art(1720): Long monitor contention event with owner method=void com.android.server.am.ActivityManagerService.serviceDoneExecuting(android.os.IBinder, int, int, int) from ActivityManagerService.java:16053 waiters=1 for 118ms
03-29 04:50:59.426: D/ActivityManager(1720): cleanUpApplicationRecord -- 2765
03-29 04:50:59.426: W/art(1720): Long monitor contention event with owner method=void com.android.server.am.ActivityManagerService.serviceDoneExecuting(android.os.IBinder, int, int, int) from ActivityManagerService.java:16053 waiters=2 for 101ms
03-29 04:50:59.435: D/AndroidRuntime(5783): >>>>>> START com.android.internal.os.RuntimeInit uid 0 <<<<<<
03-29 04:50:59.437: D/AndroidRuntime(5783): CheckJNI is OFF
03-29 04:50:59.452: D/ICU(5783): No timezone override file found: /data/misc/zoneinfo/current/icu/icu_tzdata.dat
03-29 04:50:59.452: D/ICU(5783): [ 03-29 04:50:59.467  5783: 5783 W/         ]
03-29 04:50:59.452: D/ICU(5783): Failed to bind-mount /system/lib/x86/cpuinfo as /proc/cpuinfo: No such file or directory
03-29 04:50:59.469: W/art(1720): Long monitor contention event with owner method=void com.android.server.wm.WindowAnimator$1.doFrame(long) from WindowAnimator.java:121 waiters=0 for 128ms
03-29 04:50:59.516: E/memtrack(5783): Couldn't load memtrack module (No such file or directory)
03-29 04:50:59.516: E/android.os.Debug(5783): failed to load memtrack module: -2
03-29 04:50:59.517: I/Radio-JNI(5783): register_android_hardware_Radio DONE
03-29 04:50:59.524: I/GceGrallocRegionRegistry(1342): Unmapped gralloc-1342.29 hnd=0xb6d94400 fd=27 base=0xaf246000
03-29 04:50:59.570: D/AndroidRuntime(5783): Calling main entry com.android.commands.am.Am
03-29 04:50:59.584: I/ActivityManager(1720): Force stopping com.google.android.apps.mtaas.loginutil appid=10078 user=0: start instr
03-29 04:50:59.604: I/ActivityManager(1720): Start proc 5795:com.google.android.apps.mtaas.loginutil/u0a78 for added application com.google.android.apps.mtaas.loginutil
03-29 04:50:59.575: I/Binder_2(1720): type=1400 audit(0.0:179): avc: denied { ioctl } for path="socket:[66938]" dev="sockfs" ino=66938 ioctlcmd=7704 scontext=u:r:system_server:s0 tcontext=u:r:system_server:s0 tclass=unix_stream_socket permissive=1
03-29 04:50:59.575: I/Binder_2(1720): type=1400 audit(0.0:180): avc: denied { ioctl } for path="socket:[66938]" dev="sockfs" ino=66938 ioctlcmd=7704 scontext=u:r:system_server:s0 tcontext=u:r:system_server:s0 tclass=unix_stream_socket permissive=1
03-29 04:50:59.711: I/OpenGLRenderer(5766): Initialized EGL, version 1.4
03-29 04:50:59.716: I/GceGrallocRegionRegistry(1342): Mapped gralloc-1342.32 hnd=0xb6d94180 fd=14 base=0xb029d000 format=RGBA_8888(0x1) width=1080 height=1920
03-29 04:50:59.716: I/GceGrallocRegionRegistry(1342): Mapped gralloc-1342.33 hnd=0xb6d94680 fd=27 base=0xaf246000 format=RGBA_8888(0x1) width=1080 height=1920
03-29 04:50:59.716: I/GceGrallocRegionRegistry(1342): Mapped gralloc-1342.34 hnd=0xb6d946c0 fd=33 base=0xaea4c000 format=RGBA_8888(0x1) width=1080 height=1920
03-29 04:50:59.734: I/FTLNetworkMonitor(5766): Network Info: [type: MOBILE[LTE], state: CONNECTED/CONNECTED, reason: connected, extra: epc.tmobile.com, roaming: false, failover: false, isAvailable: true]
03-29 04:50:59.735: I/FTLNetworkMonitor(5766): Network Info: [type: MOBILE[LTE], state: CONNECTED/CONNECTED, reason: connected, extra: epc.tmobile.com, roaming: false, failover: false, isAvailable: true]
03-29 04:50:59.790: W/System(5795): ClassLoader referenced unknown path: /data/app/com.google.android.apps.mtaas.loginutil-1/lib/x86
03-29 04:50:59.790: W/System(5795): ClassLoader referenced unknown path: /data/app/com.google.android.apps.mtaas.loginutil-1/lib/x86
03-29 04:50:59.826: D/LoginUtil(5795): Connected to Internet
03-29 04:50:59.828: D/LoginUtil(5795): Adding Account {name=S37FFK2YM7DQQWXYEWKTQTSGKI-02@cloudtestlabaccounts.com, type=com.google}
03-29 04:50:59.843: I/ActivityManager(1720): Start proc 5813:com.google.android.apps.auth.test.support/u0a80 for service com.google.android.apps.auth.test.support/.services.AccountService
03-29 04:50:59.937: W/System(5813): ClassLoader referenced unknown path: /data/app/com.google.android.apps.auth.test.support-1/lib/x86
03-29 04:50:59.944: E/ActivityThread(5813): Failed to find provider info for com.google.android.apps.common.testing.services.storage.testargs
03-29 04:50:59.944: W/AuthService(5813): [TestArgsHelper] Error when calling AndroidTestUtil.getTestArgs(). Note that this behavior might be expected.
03-29 04:50:59.957: I/AuthService(5813): [AddAccountOperation] Call GmsCore API.
03-29 04:50:59.992: I/ActivityManager(1720): Start proc 5828:com.google.android.gms.unstable/u0a10 for service com.google.android.gms/.droidguard.DroidGuardService
03-29 04:51:00.105: I/ActivityManager(1720): Killing 4025:com.android.musicfx/u0a19 (adj 15): empty #17
03-29 04:51:00.147: I/GceGrallocRegionRegistry(5766): Mapped gralloc-1342.34 hnd=0xad939780 fd=26 base=0x9b506000 format=RGBA_8888(0x1) width=1080 height=1920
03-29 04:51:00.161: D/ActivityManager(1720): cleanUpApplicationRecord -- 4025
03-29 04:51:00.155: I/Binder_8(1720): type=1400 audit(0.0:181): avc: denied { ioctl } for path="socket:[67717]" dev="sockfs" ino=67717 ioctlcmd=7704 scontext=u:r:system_server:s0 tcontext=u:r:system_server:s0 tclass=unix_stream_socket permissive=1
03-29 04:51:00.155: I/Binder_8(1720): type=1400 audit(0.0:182): avc: denied { ioctl } for path="socket:[67717]" dev="sockfs" ino=67717 ioctlcmd=7704 scontext=u:r:system_server:s0 tcontext=u:r:system_server:s0 tclass=unix_stream_socket permissive=1
03-29 04:51:00.155: I/Binder_5(1720): type=1400 audit(0.0:183): avc: denied { ioctl } for path="socket:[67716]" dev="sockfs" ino=67716 ioctlcmd=7704 scontext=u:r:system_server:s0 tcontext=u:r:system_server:s0 tclass=unix_stream_socket permissive=1
03-29 04:51:00.155: I/Binder_5(1720): type=1400 audit(0.0:184): avc: denied { ioctl } for path="socket:[67716]" dev="sockfs" ino=67716 ioctlcmd=7704 scontext=u:r:system_server:s0 tcontext=u:r:system_server:s0 tclass=unix_stream_socket permissive=1
03-29 04:51:00.166: I/ActivityManager(1720): Displayed com.google.android.apps.mtaas.backdrop/.BackdropActivity: +1s636ms
03-29 04:51:00.168: I/Keyboard.Facilitator(2016): onFinishInput()
03-29 04:51:00.171: I/Remoter(1336): Saved screenshot to '/data/screenshots/__pmv__-0094.jpg'
03-29 04:51:00.226: I/GceGrallocRegionRegistry(5766): Mapped gralloc-1342.33 hnd=0xad939800 fd=28 base=0x9ad0c000 format=RGBA_8888(0x1) width=1080 height=1920
03-29 04:51:00.334: W/GmsApplication(5828): Failed to invoke the SupplierSetterRegistry.
03-29 04:51:00.439: I/GceGrallocRegionRegistry(1720): Unmapped gralloc-1342.31 hnd=0x94b3b840 fd=147 base=0x99b5a000
03-29 04:51:00.463: I/GceGrallocRegionRegistry(1342): Unmapped gralloc-1342.31 hnd=0xb6d94380 fd=28 base=0xb2606000
03-29 04:51:00.513: V/NativeCrypto(5828): Registering com/google/android/gms/org/conscrypt/NativeCrypto's 287 native methods...
03-29 04:51:00.522: I/art(5828): Rejecting re-init on previously-failed class java.lang.Class<com.google.android.gms.org.conscrypt.Java7ExtendedSSLSession>
03-29 04:51:00.522: I/art(5828): Rejecting re-init on previously-failed class java.lang.Class<com.google.android.gms.org.conscrypt.Java7ExtendedSSLSession>
03-29 04:51:00.523: I/art(5828): Rejecting re-init on previously-failed class java.lang.Class<com.google.android.gms.org.conscrypt.Java8ExtendedSSLSession>
03-29 04:51:00.523: I/art(5828): Rejecting re-init on previously-failed class java.lang.Class<com.google.android.gms.org.conscrypt.Java8ExtendedSSLSession>
03-29 04:51:00.528: I/ProviderInstaller(5828): Installed default security provider GmsCore_OpenSSL
03-29 04:51:00.578: W/Primes(5828): Primes not initialized, returning default (no-op) Primes instance which will ignore all calls. Please call Primes.initialize(...) before using any Primes API.
03-29 04:51:00.693: I/Auth(2302): [ReflectiveChannelBinder] Successfully bound channel!
03-29 04:51:00.703: W/Conscrypt(2302): Could not set socket write timeout: java.net.SocketException: Socket closed
03-29 04:51:00.703: W/Conscrypt(2302): 	at com.google.android.gms.org.conscrypt.Platform.setSocketWriteTimeout(:com.google.android.gms@14367022@14.3.67 (040700-216465562):2)
03-29 04:51:00.703: W/Conscrypt(2302): 	at com.google.android.gms.org.conscrypt.ConscryptFileDescriptorSocket.setSoWriteTimeout(:com.google.android.gms@14367022@14.3.67 (040700-216465562):2)
03-29 04:51:00.717: W/Conscrypt(2302): Could not set socket write timeout: java.net.SocketException: Socket closed
03-29 04:51:00.717: W/Conscrypt(2302): 	at com.google.android.gms.org.conscrypt.Platform.setSocketWriteTimeout(:com.google.android.gms@14367022@14.3.67 (040700-216465562):2)
03-29 04:51:00.717: W/Conscrypt(2302): 	at com.google.android.gms.org.conscrypt.ConscryptFileDescriptorSocket.setSoWriteTimeout(:com.google.android.gms@14367022@14.3.67 (040700-216465562):2)
03-29 04:51:00.983: I/AccountManagerService(1720): the accounts changed, sending broadcast of android.accounts.LOGIN_ACCOUNTS_CHANGED
03-29 04:51:00.990: I/Icing(2561): updateResources: need to parse zjt{com.google.android.gm}
03-29 04:51:00.991: I/AccountManagerService(1720): the accounts changed, sending broadcast of android.accounts.LOGIN_ACCOUNTS_CHANGED
03-29 04:51:00.992: I/ContactsProvider(2035): Accounts changed
03-29 04:51:00.997: I/ActivityManager(1720): Start proc 5861:com.android.vending/u0a20 for broadcast com.android.vending/com.google.android.finsky.receivers.AccountsChangedReceiver
03-29 04:51:01.011: I/GceGrallocRegionRegistry(5766): Mapped gralloc-1342.32 hnd=0xad939840 fd=29 base=0x9a512000 format=RGBA_8888(0x1) width=1080 height=1920
03-29 04:51:01.025: I/Auth(2302): [BroadcastManager] Broadcasting account services changed.
03-29 04:51:01.026: I/ContactsProvider(2035): Accounts changed
03-29 04:51:01.028: V/Backup(2302): [BackupTransportCS] Accounts changed
03-29 04:51:01.028: I/Backup(2302): [GmsBackupAccountManager] Backup account not found in gmscore.
