03-29 02:32:36.753: V/SettingsProvider(1149): Notifying for 0: content://settings/global/device_is_dirty
03-29 02:32:36.836: W/sh(20672): type=1400 audit(0.0:75): avc: denied { read } for name="cache" dev="dm-0" ino=3397 scontext=u:r:shell:s0 tcontext=u:object_r:cache_file:s0 tclass=lnk_file permissive=0
03-29 02:32:37.027: D/QSEECOMAPI(20651): QSEECom_get_handle sb_length = 0x400
03-29 02:32:37.027: D/QSEECOMAPI(20651): App is already loaded QSEE and app id = 1
03-29 02:32:37.030: E/fpc_tac(20651): qsee_km_get_encapsulated_key KEYMASTER_GET_AUTH_TOKEN_KEY returned status=-24
03-29 02:32:37.030: D/QSEECOMAPI(20651): QSEECom_dealloc_memory 
03-29 02:32:37.030: D/QSEECOMAPI(20651): QSEECom_shutdown_app, app_id = 1
03-29 02:32:37.030: E/fpc_fingerprint_hal(20651): fpc_hal_open failed
03-29 02:32:37.032: I/EventHub(1149): Removing device uinput-fpc due to epoll hang-up event.
03-29 02:32:37.032: I/EventHub(1149): Removed device: path=/dev/input/event3 name=uinput-fpc id=8470 fd=118 classes=0x101
03-29 02:32:37.032: W/EventHub(1149): built-in keyboard device /dev/input/event3 (id=8470) is closing! the apps will not like this
03-29 02:32:37.033: W/InputReader(1149): Ignoring spurious device removed event for deviceId 8470.
03-29 02:32:37.033: I/EventHub(1149): Removing device '/dev/input/event3' due to inotify event
03-29 02:32:37.055: D/QSEECOMAPI(20651): QSEECom_dealloc_memory 
03-29 02:32:37.055: D/QSEECOMAPI(20651): QSEECom_shutdown_app, app_id = 8478
03-29 02:32:37.258: I/ActivityManager(1149): Start proc 20688:com.android.defcontainer/u0a34 for service com.android.defcontainer/.DefaultContainerService
03-29 02:32:37.269: E/id.defcontaine(20688): Not starting debugger since process cannot load the jdwp agent.
03-29 02:32:37.325: I/id.defcontaine(20688): The ClassLoaderContext is a special shared library.
03-29 02:32:37.454: I/PackageManager.DexOptimizer(1149): Running dexopt (dexoptNeeded=1) on: /data/app/com.google.android.gms.policy_test_support-9czBmfWErm--3mhHsCuENA==/base.apk pkg=com.google.android.gms.policy_test_support isa=arm64 dexoptFlags=boot_complete,profile_guided,public,enable_hidden_api_checks targetFilter=speed-profile oatDir=/data/app/com.google.android.gms.policy_test_support-9czBmfWErm--3mhHsCuENA==/oat classLoaderContext=PCL[/system/framework/org.apache.http.legacy.boot.jar]
03-29 02:32:37.455: V/installed(860): DexInv: --- BEGIN '/data/app/com.google.android.gms.policy_test_support-9czBmfWErm--3mhHsCuENA==/base.apk' ---
03-29 02:32:37.514: I/dex2oat(20704): /system/bin/dex2oat --input-vdex-fd=-1 --output-vdex-fd=19 --compiler-filter=speed-profile --classpath-dir=/data/app/com.google.android.gms.policy_test_support-9czBmfWErm--3mhHsCuENA== --class-loader-context=PCL[/system/framework/org.apache.http.legacy.boot.jar] --generate-mini-debug-info --compact-dex-level=none --compilation-reason=install
03-29 02:32:37.812: I/dex2oat(20704): Explicit concurrent copying GC freed 8235(1922KB) AllocSpace objects, 0(0B) LOS objects, 99% free, 896B/1536KB, paused 32us total 3.465ms
03-29 02:32:37.879: I/dex2oat(20704): dex2oat took 367.007ms (859.826ms cpu) (threads: 8) arena alloc=20KB (20584B) java alloc=16KB (17280B) native alloc=2MB (2876064B) free=3MB (3939680B)
03-29 02:32:37.885: V/installed(860): DexInv: --- END '/data/app/com.google.android.gms.policy_test_support-9czBmfWErm--3mhHsCuENA==/base.apk' (success) ---
03-29 02:32:37.885: V/installed(860): [ 03-29 02:32:37.887   860:  900 E/         ]
03-29 02:32:37.885: V/installed(860): Couldn't opendir /data/app/vmdl1190191.tmp: No such file or directory
03-29 02:32:37.887: E/installd(860): Failed to delete /data/app/vmdl1190191.tmp: No such file or directory
03-29 02:32:37.897: I/Finsky(10889): [2] com.google.android.finsky.packagemanager.impl.PackageMonitorReceiverImpl.a(4): PackageMonitor received: android.intent.action.PACKAGE_ADDED
03-29 02:32:37.904: I/CarrierServices(12783): [2] RcsAutoStartReceiver.b: carrierServicesJibeServiceEnabled changed from true to true
03-29 02:32:37.905: I/InputReader(1149): Reconfiguring input devices.  changes=0x00000010
03-29 02:32:37.906: I/CarrierServices(12783): [2] RcsAutoStartReceiver.b: enableRcs changed from true to true
03-29 02:32:37.908: I/Finsky(10889): [2] vbr.a(11): Do not start WearSupportService due to Wear service optimization
03-29 02:32:37.910: I/CarrierServices(12783): [2] RcsAutoStartReceiver.b: RcsAutoStartReceiver triggered. Fetching RCS State. Action: android.intent.action.PACKAGE_ADDED
03-29 02:32:37.910: I/Finsky(10889): [2] vbr.a(11): Do not start WearSupportService due to Wear service optimization
03-29 02:32:37.911: I/Finsky(10889): [211] kou.run(2): Cleaning dev-triggered-update data on package install for com.google.android.gms.policy_test_support.
03-29 02:32:37.914: W/BroadcastQueue(1149): Background execution not allowed: receiving Intent { act=android.intent.action.PACKAGE_ADDED dat=package:com.google.android.gms.policy_test_support flg=0x4000010 (has extras) } to com.android.musicfx/.Compatibility$Receiver
03-29 02:32:37.915: W/BroadcastQueue(1149): Background execution not allowed: receiving Intent { act=android.intent.action.PACKAGE_ADDED dat=package:com.google.android.gms.policy_test_support flg=0x4000010 (has extras) } to com.android.vending/com.google.android.finsky.packagemanager.impl.PackageMonitorReceiverImpl$RegisteredReceiver
03-29 02:32:37.915: W/BroadcastQueue(1149): Background execution not allowed: receiving Intent { act=android.intent.action.PACKAGE_ADDED dat=package:com.google.android.gms.policy_test_support flg=0x4000010 (has extras) } to com.google.android.gms/.games.chimera.GamesSystemBroadcastReceiverProxy
03-29 02:32:37.915: W/BroadcastQueue(1149): Background execution not allowed: receiving Intent { act=android.intent.action.PACKAGE_ADDED dat=package:com.google.android.gms.policy_test_support flg=0x4000010 (has extras) } to com.google.android.gms/.gass.chimera.PackageChangeBroadcastReceiver
03-29 02:32:37.915: W/BroadcastQueue(1149): Background execution not allowed: receiving Intent { act=android.intent.action.PACKAGE_ADDED dat=package:com.google.android.gms.policy_test_support flg=0x4000010 (has extras) } to com.google.android.gms/.chimera.GmsIntentOperationService$PersistentTrustedReceiver
03-29 02:32:37.915: W/BroadcastQueue(1149): Background execution not allowed: receiving Intent { act=android.intent.action.PACKAGE_ADDED dat=package:com.google.android.gms.policy_test_support flg=0x4000010 (has extras) } to com.google.android.googlequicksearchbox/com.google.android.apps.gsa.googlequicksearchbox.GelStubAppWatcher
03-29 02:32:37.915: W/BroadcastQueue(1149): Background execution not allowed: receiving Intent { act=android.intent.action.PACKAGE_ADDED dat=package:com.google.android.gms.policy_test_support flg=0x4000010 (has extras) } to com.google.android.ims/.receivers.RcsAutoStartReceiver
03-29 02:32:37.915: I/Finsky(10889): [212] kow.run(2): Finished dev-triggered-update cleaning.
03-29 02:32:37.915: I/Finsky(10889): [2] ner.b(2): Frosting ID looked up on UI thread. Caller should move to a background thread.
03-29 02:32:37.918: I/CarrierServices(12783): [2] aws.a: Migration binding to RcsMigrationService
03-29 02:32:37.922: I/Finsky(10889): [2] ijw.run(4): Package state data is missing for com.google.android.gms.policy_test_support
03-29 02:32:37.926: I/Bugle(5138): returning RCS state provider.
03-29 02:32:37.927: I/Finsky(10889): [213] nes.run(16): Wrote row to frosting DB: 232
03-29 02:32:37.929: E/PhoneInterfaceManager(1611): [PhoneIntfMgr] getCarrierPackageNamesForIntent: No UICC
03-29 02:32:37.929: D/CarrierSvcBindHelper(1611): No carrier app for: 0
03-29 02:32:37.931: D/RegisteredNfcFServicesCache(2223): Service unchanged, not updating
03-29 02:32:37.933: I/CarrierServices(5138): [416] inq.a: Sim state is not ready. Returning last known operation mode.
03-29 02:32:37.934: I/CarrierServices(12783): [660] awt.doInBackground: Saving RCS State
03-29 02:32:37.935: I/CarrierServices(12783): [660] awt.doInBackground: Old operation mode: 0
03-29 02:32:37.935: I/CarrierServices(12783): [660] awt.doInBackground: New operation mode: 0
03-29 02:32:37.933: W/sh(20723): type=1400 audit(0.0:76): avc: denied { read } for name="cache" dev="dm-0" ino=3397 scontext=u:r:shell:s0 tcontext=u:object_r:cache_file:s0 tclass=lnk_file permissive=0
03-29 02:32:37.936: I/CarrierServices(12783): [2] aww.a: Unbinding RcsMigrationService
03-29 02:32:37.946: E/VvmPkgInstalledRcvr(1611): cannot create TelephonyManager from ComponentInfo{com.android.phone/com.android.services.telephony.TelephonyConnectionService}, ***, UserHandle{0}
03-29 02:32:37.946: D/ImsResolver(1611): maybeAddedImsService, packageName: com.google.android.gms.policy_test_support
03-29 02:32:37.947: D/CarrierConfigLoader(1611): mHandler: 9 phoneId: 0
03-29 02:32:37.973: I/Telecom(1149): DefaultDialerCache: Refreshing default dialer for user 0: now com.google.android.dialer: DDC.oR@AHo
03-29 02:32:37.978: V/BackupManagerConstants(1149): getFullBackupIntervalMilliseconds(...) returns 86400000
03-29 02:32:37.978: V/BackupManagerConstants(1149): getKeyValueBackupIntervalMilliseconds(...) returns 14400000
03-29 02:32:37.978: V/BackupManagerConstants(1149): getKeyValueBackupFuzzMilliseconds(...) returns 600000
03-29 02:32:37.978: V/BackupManagerConstants(1149): getKeyValueBackupRequiredNetworkType(...) returns 1
03-29 02:32:37.978: V/BackupManagerConstants(1149): getKeyValueBackupRequireCharging(...) returns true
03-29 02:32:37.978: V/KeyValueBackupJob(1149): Scheduling k/v pass in 245 minutes
03-29 02:32:38.059: I/Finsky(10889): [2] ppi.b(7): Jobs in database: 1-1337 12-1 24-77777777 26-1414141414 
03-29 02:32:38.059: I/Finsky(10889): [2] pnb.a(66): ConstraintMapping: 24-77777777,  -> L: 0ms, D: 42366605ms, C: false, I: true, N: 0
03-29 02:32:38.060: I/Finsky(10889): [2] pnb.a(66): ConstraintMapping: 1-1337, 12-1,  -> L: 14861ms, D: 73714715ms, C: false, I: false, N: 1
03-29 02:32:38.060: I/Finsky(10889): [2] pnb.a(66): ConstraintMapping: 26-1414141414,  -> L: 767914ms, D: 1667914ms, C: false, I: false, N: 0
03-29 02:32:38.061: I/Finsky(10889): [2] com.google.android.finsky.scheduler.JobSchedulerEngine.a(40): Cancelling existing job with id: 9005
03-29 02:32:38.063: I/Finsky(10889): [2] com.google.android.finsky.scheduler.JobSchedulerEngine.a(40): Cancelling existing job with id: 9004
03-29 02:32:38.065: I/Finsky(10889): [2] com.google.android.finsky.scheduler.JobSchedulerEngine.a(40): Cancelling existing job with id: 9000
03-29 02:32:38.066: I/Finsky(10889): [2] com.google.android.finsky.scheduler.JobSchedulerEngine.a(4): Scheduling job Id: 9001, L: 0, D: 42366605, C: false, I: true, N: 0
03-29 02:32:38.068: I/Finsky(10889): [2] com.google.android.finsky.scheduler.JobSchedulerEngine.a(4): Scheduling job Id: 9002, L: 14861, D: 73714715, C: false, I: false, N: 1
03-29 02:32:38.070: I/Finsky(10889): [2] com.google.android.finsky.scheduler.JobSchedulerEngine.a(4): Scheduling job Id: 9003, L: 767914, D: 1667914, C: false, I: false, N: 0
03-29 02:32:38.090: W/ChimeraModuleApk(8121): Failed to read chimera manifests from InstalledApk(com.google.android.projection.gearhead): ChimeraManifest.pb
03-29 02:32:38.246: W/ChimeraCfgRslvr(8121): Can't get Chimera manifests from ApkDescriptor(INSTALLED, com.google.android.projection.gearhead)
03-29 02:32:38.288: I/PackageManager.DexOptimizer(1149): Running dexopt (dexoptNeeded=1) on: /data/app/com.google.android.gmscore.testing.testsupport-ZKtvoYvdwn_BdY21RL3K6g==/base.apk pkg=com.google.android.gmscore.testing.testsupport isa=arm64 dexoptFlags=boot_complete,profile_guided,public,enable_hidden_api_checks targetFilter=speed-profile oatDir=/data/app/com.google.android.gmscore.testing.testsupport-ZKtvoYvdwn_BdY21RL3K6g==/oat classLoaderContext=PCL[/system/framework/org.apache.http.legacy.boot.jar]
03-29 02:32:38.288: V/installed(860): DexInv: --- BEGIN '/data/app/com.google.android.gmscore.testing.testsupport-ZKtvoYvdwn_BdY21RL3K6g==/base.apk' ---
03-29 02:32:38.309: I/dex2oat(20752): /system/bin/dex2oat --input-vdex-fd=-1 --output-vdex-fd=19 --compiler-filter=speed-profile --classpath-dir=/data/app/com.google.android.gmscore.testing.testsupport-ZKtvoYvdwn_BdY21RL3K6g== --class-loader-context=PCL[/system/framework/org.apache.http.legacy.boot.jar] --generate-mini-debug-info --compact-dex-level=none --compilation-reason=install
03-29 02:32:38.402: I/gle.android.gm(8121): Compiler allocated 4MB to compile void dws.a(java.util.List, java.util.ArrayList, boolean)
03-29 02:32:38.520: I/gle.android.gm(8121): Compiler allocated 4MB to compile boolean dws.a(java.util.List, dya)
03-29 02:32:38.708: I/dex2oat(20752): Explicit concurrent copying GC freed 11043(2MB) AllocSpace objects, 0(0B) LOS objects, 99% free, 896B/1536KB, paused 29us total 2.718ms
03-29 02:32:38.792: E/DowngradeHelper(8121): isModuleDowngradeRequired false
03-29 02:32:38.792: E/ConfigFileUtils(8121): Failed to read config file: /data/user_de/0/com.google.android.gms/app_chimera/current_modules_init.pb (No such file or directory)
03-29 02:32:38.810: I/dex2oat(20752): dex2oat took 502.472ms (984.963ms cpu) (threads: 8) arena alloc=11KB (11744B) java alloc=16KB (17280B) native alloc=5MB (5286480B) free=2MB (3102128B)
03-29 02:32:38.815: V/installed(860): DexInv: --- END '/data/app/com.google.android.gmscore.testing.testsupport-ZKtvoYvdwn_BdY21RL3K6g==/base.apk' (success) ---
03-29 02:32:38.815: V/installed(860): [ 03-29 02:32:38.816   860:  900 E/         ]
03-29 02:32:38.815: V/installed(860): Couldn't opendir /data/app/vmdl380586536.tmp: No such file or directory
03-29 02:32:38.816: E/installd(860): Failed to delete /data/app/vmdl380586536.tmp: No such file or directory
03-29 02:32:38.822: D/ImsResolver(1611): maybeAddedImsService, packageName: com.google.android.gmscore.testing.testsupport
03-29 02:32:38.823: I/Finsky(10889): [2] com.google.android.finsky.packagemanager.impl.PackageMonitorReceiverImpl.a(4): PackageMonitor received: android.intent.action.PACKAGE_ADDED
03-29 02:32:38.827: I/Finsky(10889): [2] vbr.a(11): Do not start WearSupportService due to Wear service optimization
03-29 02:32:38.827: W/BroadcastQueue(1149): Background execution not allowed: receiving Intent { act=com.google.android.chimera.MODULE_CONFIGURATION_CHANGED flg=0x10 (has extras) } to com.google.android.gms/.chimera.GmsIntentOperationService$PersistentInternalReceiver
03-29 02:32:38.827: I/Finsky(10889): [2] vbr.a(11): Do not start WearSupportService due to Wear service optimization
03-29 02:32:38.827: I/CarrierServices(12783): [2] RcsAutoStartReceiver.b: carrierServicesJibeServiceEnabled changed from true to true
03-29 02:32:38.828: I/InputReader(1149): Reconfiguring input devices.  changes=0x00000010
03-29 02:32:38.828: I/CarrierServices(12783): [2] RcsAutoStartReceiver.b: enableRcs changed from true to true
03-29 02:32:38.828: I/CarrierServices(12783): [2] RcsAutoStartReceiver.b: RcsAutoStartReceiver triggered. Fetching RCS State. Action: android.intent.action.PACKAGE_ADDED
03-29 02:32:38.830: I/Finsky(10889): [211] kou.run(2): Cleaning dev-triggered-update data on package install for com.google.android.gmscore.testing.testsupport.
03-29 02:32:38.830: I/Finsky(10889): [2] ner.b(2): Frosting ID looked up on UI thread. Caller should move to a background thread.
03-29 02:32:38.831: I/Finsky(10889): [212] kow.run(2): Finished dev-triggered-update cleaning.
03-29 02:32:38.833: I/CarrierServices(12783): [2] aws.a: Migration binding to RcsMigrationService
03-29 02:32:38.834: I/Finsky(10889): [2] ijw.run(4): Package state data is missing for com.google.android.gmscore.testing.testsupport
03-29 02:32:38.834: W/BroadcastQueue(1149): Background execution not allowed: receiving Intent { act=android.intent.action.PACKAGE_ADDED dat=package:com.google.android.gmscore.testing.testsupport flg=0x4000010 (has extras) } to com.android.musicfx/.Compatibility$Receiver
03-29 02:32:38.834: W/BroadcastQueue(1149): Background execution not allowed: receiving Intent { act=android.intent.action.PACKAGE_ADDED dat=package:com.google.android.gmscore.testing.testsupport flg=0x4000010 (has extras) } to com.android.vending/com.google.android.finsky.packagemanager.impl.PackageMonitorReceiverImpl$RegisteredReceiver
03-29 02:32:38.834: W/BroadcastQueue(1149): Background execution not allowed: receiving Intent { act=android.intent.action.PACKAGE_ADDED dat=package:com.google.android.gmscore.testing.testsupport flg=0x4000010 (has extras) } to com.google.android.gms/.games.chimera.GamesSystemBroadcastReceiverProxy
03-29 02:32:38.834: W/BroadcastQueue(1149): Background execution not allowed: receiving Intent { act=android.intent.action.PACKAGE_ADDED dat=package:com.google.android.gmscore.testing.testsupport flg=0x4000010 (has extras) } to com.google.android.gms/.gass.chimera.PackageChangeBroadcastReceiver
03-29 02:32:38.834: I/Finsky(10889): [213] nes.run(16): Wrote row to frosting DB: 233
03-29 02:32:38.834: W/BroadcastQueue(1149): Background execution not allowed: receiving Intent { act=android.intent.action.PACKAGE_ADDED dat=package:com.google.android.gmscore.testing.testsupport flg=0x4000010 (has extras) } to com.google.android.gms/.chimera.GmsIntentOperationService$PersistentTrustedReceiver
03-29 02:32:38.836: W/BroadcastQueue(1149): Background execution not allowed: receiving Intent { act=android.intent.action.PACKAGE_ADDED dat=package:com.google.android.gmscore.testing.testsupport flg=0x4000010 (has extras) } to com.google.android.googlequicksearchbox/com.google.android.apps.gsa.googlequicksearchbox.GelStubAppWatcher
03-29 02:32:38.836: W/BroadcastQueue(1149): Background execution not allowed: receiving Intent { act=android.intent.action.PACKAGE_ADDED dat=package:com.google.android.gmscore.testing.testsupport flg=0x4000010 (has extras) } to com.google.android.ims/.receivers.RcsAutoStartReceiver
03-29 02:32:38.839: I/ChimeraCfgMgr(8121): Sending com.google.android.chimera.IntentOperation.NEW_MODULE Intents: 1,false,true
03-29 02:32:38.839: I/Telecom(1149): DefaultDialerCache: Refreshing default dialer for user 0: now com.google.android.dialer: DDC.oR@AHs
03-29 02:32:38.841: I/Bugle(5138): returning RCS state provider.
03-29 02:32:38.853: I/CarrierServices(5138): [416] inq.a: Sim state is not ready. Returning last known operation mode.
03-29 02:32:38.856: I/CarrierServices(12783): [661] awt.doInBackground: Saving RCS State
03-29 02:32:38.856: D/RegisteredNfcFServicesCache(2223): Service unchanged, not updating
03-29 02:32:38.856: I/CarrierServices(12783): [661] awt.doInBackground: Old operation mode: 0
03-29 02:32:38.857: I/CarrierServices(12783): [661] awt.doInBackground: New operation mode: 0
03-29 02:32:38.857: I/CarrierServices(12783): [2] aww.a: Unbinding RcsMigrationService
03-29 02:32:38.861: E/PhoneInterfaceManager(1611): [PhoneIntfMgr] getCarrierPackageNamesForIntent: No UICC
03-29 02:32:38.862: D/CarrierSvcBindHelper(1611): No carrier app for: 0
03-29 02:32:38.863: W/gle.android.gm(8121): Unsupported class loader
03-29 02:32:38.865: E/VvmPkgInstalledRcvr(1611): cannot create TelephonyManager from ComponentInfo{com.android.phone/com.android.services.telephony.TelephonyConnectionService}, ***, UserHandle{0}
03-29 02:32:38.865: D/CarrierConfigLoader(1611): mHandler: 9 phoneId: 0
03-29 02:32:38.870: I/Auth(8121): [SupervisedAccountIntentOperation] onHandleIntent(): android.intent.action.PACKAGE_ADDED
03-29 02:32:38.870: I/Auth(8121): [SupervisedAccountIntentOperation] This operation is disabled
03-29 02:32:38.872: I/ChromeSync(8121): [Sync,SyncIntentOperation] Handling the intent: Intent { act=android.intent.action.PACKAGE_ADDED dat=package:com.google.android.gms.policy_test_support flg=0x4000010 cmp=com.google.android.gms/.chimera.GmsIntentOperationService (has extras) }.
03-29 02:32:38.876: W/gle.android.gm(8121): Skipping duplicate class check due to unsupported classloader
03-29 02:32:38.878: I/gle.android.gm(8121): Failed to add image file Failed to flatten class loader hierarchy 'Unknown class loader type dwy'
03-29 02:32:38.890: I/ChromeSync(8121): [Persistence,AffiliationManager] One of affiliation or grouping data for android://JQGPsg9dd2HvcQ3NOvpIBkUqO05p1z872yyCqMPGKyYTrXaagXb_cTSR6Tw7zvKHuN1SL7HTpLIIpZ7kfHKqVA==@com.google.android.gms.policy_test_support/ was not found. Marking affiliation data as stale...
03-29 02:32:38.920: I/ChromeSync(8121): [Persistence,AffiliationManager] Failed to get password domain for package: com.vzw.apnlib
03-29 02:32:38.955: I/TestSupport(8121): Activate: 1553670000000@1553851958953
03-29 02:32:38.955: I/TestSupport(8121): Boot time: 1553809514133
03-29 02:32:38.959: I/PeopleContactsSync(8121): triggerPendingContactsCleanup: no accounts
03-29 02:32:38.971: I/TestSupport(8121): Updated: /data/data/com.google.android.gms/app_testsupport/.startup
03-29 02:32:38.974: I/ChimeraCfgMgr(8121): Received com.google.android.chimera.IntentOperation.NEW_MODULE(1/0): 1,false
03-29 02:32:38.981: I/ChmraDebugLogger(8121): [46] container:15090
03-29 02:32:38.992: I/ChromeSync(8121): [Persistence,AffiliationManager] Fetching affiliations from the server.
03-29 02:32:38.998: W/DynamiteModule(8121): Local module descriptor class for providerinstaller not found.
03-29 02:32:38.998: W/ProviderHelper(8121): Unknown dynamite feature providerinstaller
03-29 02:32:38.998: I/DynamiteModule(8121): Considering local module providerinstaller:0 and remote module providerinstaller:0
03-29 02:32:38.998: W/ProviderInstaller(8121): Failed to load providerinstaller module: No acceptable module found. Local version is 0 and remote version is 0.
03-29 02:32:39.027: W/DynamiteModule(8121): Local module descriptor class for providerinstaller not found.
03-29 02:32:39.028: I/DynamiteModule(8121): Considering local module providerinstaller:0 and remote module providerinstaller:0
03-29 02:32:39.028: W/ProviderInstaller(8121): Failed to load providerinstaller module: No acceptable module found. Local version is 0 and remote version is 0.
03-29 02:32:39.038: E/PhenotypeRegOp(8121): Attempting to overwrite config package for com.google.android.gms.car
03-29 02:32:39.054: W/DynamiteModule(8121): Local module descriptor class for providerinstaller not found.
03-29 02:32:39.054: I/DynamiteModule(8121): Considering local module providerinstaller:0 and remote module providerinstaller:0
03-29 02:32:39.054: W/ProviderInstaller(8121): Failed to load providerinstaller module: No acceptable module found. Local version is 0 and remote version is 0.
03-29 02:32:39.057: I/Icing(8121): IndexChimeraService.getServiceInterface callingPackage=com.google.android.gms componentName=AppsCorpus serviceId=SEARCH_QUERIES
03-29 02:32:39.058: I/Icing(8121): IndexChimeraService.getServiceInterface callingPackage=com.google.android.gms componentName=AppsCorpus serviceId=SEARCH_CORPORA
03-29 02:32:39.088: W/Conscrypt(8121): Could not set socket write timeout: java.net.SocketException: Socket closed
03-29 02:32:39.088: W/Conscrypt(8121): 	at com.google.android.gms.org.conscrypt.Platform.setSocketWriteTimeout(:com.google.android.gms@15090037@15.0.90 (100400-231259764):2)
03-29 02:32:39.088: W/Conscrypt(8121): 	at com.google.android.gms.org.conscrypt.ConscryptFileDescriptorSocket.setSoWriteTimeout(:com.google.android.gms@15090037@15.0.90 (100400-231259764):2)
03-29 02:32:39.097: W/DynamiteModule(8121): Local module descriptor class for providerinstaller not found.
03-29 02:32:39.098: I/DynamiteModule(8121): Considering local module providerinstaller:0 and remote module providerinstaller:0
03-29 02:32:39.098: W/ProviderInstaller(8121): Failed to load providerinstaller module: No acceptable module found. Local version is 0 and remote version is 0.
03-29 02:32:39.108: W/DynamiteModule(8121): Local module descriptor class for providerinstaller not found.
03-29 02:32:39.108: I/DynamiteModule(8121): Considering local module providerinstaller:0 and remote module providerinstaller:0
03-29 02:32:39.109: W/ProviderInstaller(8121): Failed to load providerinstaller module: No acceptable module found. Local version is 0 and remote version is 0.
03-29 02:32:39.114: I/Icing(8121): Usage reports ok 0, Failed Usage reports 0, indexed 0, rejected 0, imm upload false
03-29 02:32:39.140: W/DynamiteModule(8121): Local module descriptor class for providerinstaller not found.
03-29 02:32:39.140: I/DynamiteModule(8121): Considering local module providerinstaller:0 and remote module providerinstaller:0
03-29 02:32:39.140: W/ProviderInstaller(8121): Failed to load providerinstaller module: No acceptable module found. Local version is 0 and remote version is 0.
03-29 02:32:39.147: I/Icing(8121): Usage reports ok 0, Failed Usage reports 0, indexed 0, rejected 0, imm upload false
03-29 02:32:39.153: W/DynamiteModule(8121): Local module descriptor class for providerinstaller not found.
03-29 02:32:39.154: I/DynamiteModule(8121): Considering local module providerinstaller:0 and remote module providerinstaller:0
03-29 02:32:39.154: W/ProviderInstaller(8121): Failed to load providerinstaller module: No acceptable module found. Local version is 0 and remote version is 0.
03-29 02:32:39.167: W/Conscrypt(8121): Could not set socket write timeout: java.net.SocketException: Socket closed
03-29 02:32:39.167: W/Conscrypt(8121): 	at com.google.android.gms.org.conscrypt.Platform.setSocketWriteTimeout(:com.google.android.gms@15090037@15.0.90 (100400-231259764):2)
03-29 02:32:39.167: W/Conscrypt(8121): 	at com.google.android.gms.org.conscrypt.ConscryptFileDescriptorSocket.setSoWriteTimeout(:com.google.android.gms@15090037@15.0.90 (100400-231259764):2)
03-29 02:32:39.168: W/DynamiteModule(8121): Local module descriptor class for providerinstaller not found.
03-29 02:32:39.168: I/DynamiteModule(8121): Considering local module providerinstaller:0 and remote module providerinstaller:0
03-29 02:32:39.168: W/ProviderInstaller(8121): Failed to load providerinstaller module: No acceptable module found. Local version is 0 and remote version is 0.
03-29 02:32:39.249: E/ExecutionCriteria(8033): Package unavailable for task: com.google.android.apps.gcs/.service.GcsTaskService{u=0 tag="WfaStateTask" trigger=window{period=518400s,flex=86400s,earliest=-1611068s,latest=-1524668s} requirements=[NET_ANY] attributes=[PERSISTED,RECURRING] scheduled=-2043068s last_run=N/A jid=N/A status=PENDING retries=0 client_lib=MANCHEGO_GCM-11732000}
03-29 02:32:39.249: E/ExecutionCriteria(8033): Package unavailable for task: com.google.android.apps.gcs/com.google.android.flib.phenotype.services.PhenotypeExperimentCommitService{u=0 tag="PhenotypeExpCommitSvc" trigger=window{start=0s,end=30s,earliest=-42421s,latest=-42391s} requirements=[NET_ANY] attributes=[PERSISTED] scheduled=-42421s last_run=N/A jid=N/A status=PENDING retries=0 client_lib=MANCHEGO_GCM-11732000}
03-29 02:32:39.250: E/ExecutionCriteria(8033): Package unavailable for task: com.google.android.videos/com.google.android.apps.play.movies.common.FlushLogsTaskService{u=0 tag="flush_logs" trigger=window{period=86400s,flex=57600s,earliest=-13619s,latest=43980s} requirements=[NET_UNMETERED,CHARGING] attributes=[PERSISTED,RECURRING] scheduled=-42419s last_run=N/A jid=N/A status=PENDING retries=0 client_lib=MANCHEGO_GCM-10400000}
03-29 02:32:39.295: I/aldd(8033): Scheduling Phenotype for a PhenotypeSyncImmediately(6, com.google.android.gms.testsupport) one off with window [1, 2] in seconds [CONTEXT service_id=51 ]
03-29 02:32:39.534: I/Auth(8121): [SupervisedAccountIntentOperation] onHandleIntent(): android.intent.action.PACKAGE_ADDED
03-29 02:32:39.534: I/Auth(8121): [SupervisedAccountIntentOperation] This operation is disabled
03-29 02:32:39.534: I/ChromeSync(8121): [Sync,SyncIntentOperation] Handling the intent: Intent { act=android.intent.action.PACKAGE_ADDED dat=package:com.google.android.gmscore.testing.testsupport flg=0x4000010 cmp=com.google.android.gms/.chimera.GmsIntentOperationService (has extras) }.
03-29 02:32:39.558: I/PeopleContactsSync(8121): triggerPendingContactsCleanup: no accounts
03-29 02:32:39.560: I/Icing(8121): IndexChimeraService.getServiceInterface callingPackage=com.google.android.gms componentName=AppsCorpus serviceId=SEARCH_QUERIES
03-29 02:32:39.565: I/Icing(8121): IndexChimeraService.getServiceInterface callingPackage=com.google.android.gms componentName=AppsCorpus serviceId=SEARCH_CORPORA
03-29 02:32:39.577: I/Icing(8121): Usage reports ok 0, Failed Usage reports 0, indexed 0, rejected 0, imm upload false
03-29 02:32:39.906: I/ActivityManager(1149): Start proc 20788:com.google.android.gmscore.testing.testsupport/u0a170 for service com.google.android.gmscore.testing.testsupport/.CommandService
03-29 02:32:39.586: I/Icing(8121): Usage reports ok 0, Failed Usage reports 0, indexed 0, rejected 0, imm upload false
03-29 02:32:39.918: E/ing.testsuppor(20788): Not starting debugger since process cannot load the jdwp agent.
03-29 02:32:39.956: I/ing.testsuppor(20788): The ClassLoaderContext is a special shared library.
03-29 02:32:39.974: I/TSDRIVER(20788): CommandService onHandleIntent()
03-29 02:32:39.975: I/TSDRIVER(20788): Got command: PACKAGE
03-29 02:32:39.996: I/TSDRIVER(20788): flag package: Eglnc2VydmljZXMaLAooZmluc2t5LnBsYXlfc2VydmljZXNfYXV0b191cGRhdGVfZW5hYmxlZBgAGjUKMWZpbnNreS5zZXR1cF93aXphcmRfYWRkaXRpb25hbF9hY2NvdW50X3ZwYV9lbmFibGUYAA
03-29 02:32:40.001: I/TSDRIVER(20788): flag package: gservices
03-29 02:32:40.004: E/GooglePlayServicesUtil(20788): The Google Play services resources were not found. Check your project configuration to ensure that the resources are included.
03-29 02:32:40.026: W/Primes(8121): Primes not initialized, returning default (no-op) Primes instance which will ignore all calls. Please call Primes.initialize(...) before using any Primes API.
03-29 02:32:40.047: W/DynamiteModule(8121): Local module descriptor class for com.google.android.gms.googlecertificates not found.
03-29 02:32:40.050: I/DynamiteModule(8121): Considering local module com.google.android.gms.googlecertificates:0 and remote module com.google.android.gms.googlecertificates:4
03-29 02:32:40.050: I/DynamiteModule(8121): Selected remote version of com.google.android.gms.googlecertificates, version >= 4
03-29 02:32:40.054: W/gle.android.gm(8121): Unsupported class loader
03-29 02:32:40.057: W/gle.android.gm(8121): Skipping duplicate class check due to unsupported classloader
03-29 02:32:40.127: I/TestSupport(8121): Activated: 1553670000000@1553851958953
03-29 02:32:40.128: I/TestSupport(8121): Boot time: 1553809514133
03-29 02:32:40.129: I/TestSupport(8121): Passing package and signature checks: com.google.android.gmscore.testing.testsupport
03-29 02:32:40.157: I/TestSupport(8121): SetOverrideOperation: finsky.play_services_auto_update_enabled = false
03-29 02:32:40.217: I/Icing(8121): Indexing com.google.android.gms-apps from com.google.android.gms
03-29 02:32:40.226: I/Icing(8121): Indexing done com.google.android.gms-apps
03-29 02:32:40.226: V/SettingsProvider(1149): Notifying for 0: content://settings/global/text_classifier_constants
03-29 02:32:40.233: I/GservicesProvider(2153): override update completed
03-29 02:32:40.263: E/ExecutionCriteria(8033): Package unavailable for task: com.google.android.apps.gcs/.service.GcsTaskService{u=0 tag="WfaStateTask" trigger=window{period=518400s,flex=86400s,earliest=-1611069s,latest=-1524669s} requirements=[NET_ANY] attributes=[PERSISTED,RECURRING] scheduled=-2043069s last_run=N/A jid=N/A status=PENDING retries=0 client_lib=MANCHEGO_GCM-11732000}
03-29 02:32:40.263: E/ExecutionCriteria(8033): Package unavailable for task: com.google.android.apps.gcs/com.google.android.flib.phenotype.services.PhenotypeExperimentCommitService{u=0 tag="PhenotypeExpCommitSvc" trigger=window{start=0s,end=30s,earliest=-42422s,latest=-42392s} requirements=[NET_ANY] attributes=[PERSISTED] scheduled=-42422s last_run=N/A jid=N/A status=PENDING retries=0 client_lib=MANCHEGO_GCM-11732000}
03-29 02:32:40.268: I/CarrierServices(12783): [2] bxu.e: Carrier Services GServices flags:
03-29 02:32:40.268: I/CarrierServices(12783):    carrier_services_security_flags_ec_api_white_listed_packages: com.google.android.apps.messaging,com.google.android.dialer,com.google.android.ims.client.sampleapp,com.android.contacts,com.lge.rcscall,com.android.incallui,com.huawei.incallui.appfeature.rcsfeature
03-29 02:32:40.268: I/CarrierServices(12783):    carrier_services_security_flags_ec_api_white_listed_signatures: B28C3EDB665DF32686224DF800F603E9959BBE4E,0980A12BE993528C19107BC21AD811478C63CEFC,B38FA7B5ECFAEC44620A020752B07E063B3120A8,203997BC46B8792DC9747ABD230569071F9A0439,EDA6413C3E3A95492114FE07CD953AD897E40D1A,760EBB9F4200B3DFB1B817B40FF0563A3C150D39,5B368CFF2DA2686996BC95EAC190EAA4F5630FE5,01D845B26B688D8EF647205A5944E9407E52E06E,27196E386B875E76ADF700E7EA84E4C6EEE33DFA,1CDD04F1E4A732BB0352FDFAEE26D2315526DF85,025D5212BF3B5F5CDA6117A518721D70A94D84E0
03-29 02:32:40.268: I/CarrierServices(12783):    carrier_services_security_flags_test_service_white_listed_packages: com.google.android.ims.mobly.snippets
03-29 02:32:40.268: I/CarrierServices(12783):    carrier_services_security_flags_test_service_white_listed_signatures: AE41481F52E0F58DF2806D5A38EB3DBCA5AE02B0,E165542B31953CC282AA4EF2F4D5F07F7663A2A2
03-29 02:32:40.268: I/CarrierServices(12783):    carrier_services_security_flags_white_listed_packages: com.google.android.apps.messaging,com.google.android.dialer,com.google.android.ims.client.sampleapp,com.android.contacts,com.lge.rcscall,com.android.incallui,com.huawei.incallui.appfeature.rcsfeature
03-29 02:32:40.268: I/CarrierServices(12783):    carrier_services_security_flags_white_listed_signatures: B28C3EDB665DF32686224DF800F603E9959BBE4E,0980A12BE993528C19107BC21AD811478C63CEFC,B38FA7B5ECFAEC44620A020752B07E063B3120A8,203997BC46B8792DC9747ABD230569071F9A0439,EDA6413C3E3A95492114FE07CD953AD897E40D1A,760EBB9F4200B3DFB1B817B40FF0563A3C150D39,5B368CFF2DA2686996BC95EAC190EAA4F5630FE5,01D845B26B688D8EF647205A5944E9407E52E06E,27196E386B875E76ADF700E7EA84E4C6EEE33DFA,1CDD04F1E4A732BB0352FDFAEE26D2315526DF85,025D5212BF3B5F5CDA6117A518721D70A94D84E0
03-29 02:32:40.268: I/CarrierServices(12783):    carrier_services_video_share_disabled_user_agent_substrings: SM-G930,SM-G935,SM-A320
03-29 02:32:40.268: I/CarrierServices(12783): ====================
03-29 02:32:40.286: I/CarrierServices(12783): [2] RcsAutoStartReceiver.b: carrierServicesJibeServiceEnabled changed from true to true
03-29 02:32:40.287: I/CarrierServices(12783): [2] RcsAutoStartReceiver.b: enableRcs changed from true to true
03-29 02:32:40.287: I/CarrierServices(12783): [2] RcsAutoStartReceiver.b: RcsAutoStartReceiver triggered. Fetching RCS State. Action: com.google.gservices.intent.action.GSERVICES_OVERRIDE
03-29 02:32:40.289: I/CarrierServices(12783): [2] aws.a: Migration binding to RcsMigrationService
03-29 02:32:40.292: I/BugleRcs(5138): updating RCS availability
03-29 02:32:40.293: I/Bugle(5138): returning RCS state provider.
03-29 02:32:40.296: I/BugleRcs(5138): No minimum Cs.apk version is set, not checking Cs.apk version
03-29 02:32:40.299: D/CarrierServices(12783): log_saver already enabled
03-29 02:32:40.302: V/BugleRcs(5138): RcsAvailability updated but unchanged: RCS is disabled due to SIM absent
03-29 02:32:40.303: I/CarrierServices(5138): [387] inq.a: Sim state is not ready. Returning last known operation mode.
03-29 02:32:40.305: I/CarrierServices(12783): [660] awt.doInBackground: Saving RCS State
03-29 02:32:40.305: I/Bugle(5138): ApnsOta: OTA version -1
03-29 02:32:40.305: I/CarrierServices(12783): [660] awt.doInBackground: Old operation mode: 0
03-29 02:32:40.306: I/CarrierServices(12783): [660] awt.doInBackground: New operation mode: 0
03-29 02:32:40.307: I/TestSupport(8121): Broadcast sent: finsky.play_services_auto_update_enabled
03-29 02:32:40.308: I/CarrierServices(12783): [2] aww.a: Unbinding RcsMigrationService
03-29 02:32:40.313: I/ActivityManager(1149): Start proc 20820:com.android.connectivity.metrics/u0a27 for broadcast com.android.connectivity.metrics/.SnapshotSchedulingReceiver
03-29 02:32:40.318: I/TestSupport(8121): GServices override confirmed: finsky.play_services_auto_update_enabled=false
03-29 02:32:40.320: E/ExecutionCriteria(8033): Package unavailable for task: com.google.android.videos/com.google.android.apps.play.movies.common.FlushLogsTaskService{u=0 tag="flush_logs" trigger=window{period=86400s,flex=57600s,earliest=-13620s,latest=43979s} requirements=[NET_UNMETERED,CHARGING] attributes=[PERSISTED,RECURRING] scheduled=-42420s last_run=N/A jid=N/A status=PENDING retries=0 client_lib=MANCHEGO_GCM-10400000}
03-29 02:32:40.324: E/ctivity.metric(20820): Not starting debugger since process cannot load the jdwp agent.
03-29 02:32:40.331: I/TestSupport(8121): SetOverrideOperation: finsky.setup_wizard_additional_account_vpa_enable = false
03-29 02:32:40.356: I/ctivity.metric(20820): The ClassLoaderContext is a special shared library.
03-29 02:32:40.357: I/ctivity.metric(20820): The ClassLoaderContext is a special shared library.
03-29 02:32:40.370: D/ConnMetrics:App(20820): onCreate()
03-29 02:32:40.385: D/fpc_hidl(20833): fpc fingerprint hwbinder service starting
03-29 02:32:40.385: D/QSEECOMAPI(20833): QSEECom_get_handle sb_length = 0x80
03-29 02:32:40.386: D/QSEECOMAPI(20833): App is not loaded in QSEE
03-29 02:32:40.386: D/QSEECOMAPI(20833): app_arch = 2, total_files = 9
03-29 02:32:40.389: I/ActivityManager(1149): Start proc 20837:com.google.android.apps.multidevice.client/u0a72 for broadcast com.google.android.apps.multidevice.client/.ui.pixel.SettingsActivityAvailabilityReceiver
03-29 02:32:40.395: E/tidevice.clien(20837): Not starting debugger since process cannot load the jdwp agent.
03-29 02:32:40.401: E/GooglePlayServicesUtil(20820): The Google Play services resources were not found. Check your project configuration to ensure that the resources are included.
03-29 02:32:40.423: I/tidevice.clien(20837): The ClassLoaderContext is a special shared library.
03-29 02:32:40.426: I/tidevice.clien(20837): The ClassLoaderContext is a special shared library.
03-29 02:32:40.427: D/ConnMetrics:App(20820): IsOptedIn = false
03-29 02:32:40.445: D/QSEECOMAPI(20833): Loaded image: APP id = 8479
03-29 02:32:40.447: E/ExecutionCriteria(8033): Package unavailable for task: com.google.android.apps.gcs/.service.GcsTaskService{u=0 tag="WfaStateTask" trigger=window{period=518400s,flex=86400s,earliest=-1611069s,latest=-1524669s} requirements=[NET_ANY] attributes=[PERSISTED,RECURRING] scheduled=-2043069s last_run=N/A jid=N/A status=PENDING retries=0 client_lib=MANCHEGO_GCM-11732000}
03-29 02:32:40.447: E/ExecutionCriteria(8033): Package unavailable for task: com.google.android.apps.gcs/com.google.android.flib.phenotype.services.PhenotypeExperimentCommitService{u=0 tag="PhenotypeExpCommitSvc" trigger=window{start=0s,end=30s,earliest=-42422s,latest=-42392s} requirements=[NET_ANY] attributes=[PERSISTED] scheduled=-42422s last_run=N/A jid=N/A status=PENDING retries=0 client_lib=MANCHEGO_GCM-11732000}
03-29 02:32:40.448: E/ExecutionCriteria(8033): Package unavailable for task: com.google.android.videos/com.google.android.apps.play.movies.common.FlushLogsTaskService{u=0 tag="flush_logs" trigger=window{period=86400s,flex=57600s,earliest=-13620s,latest=43979s} requirements=[NET_UNMETERED,CHARGING] attributes=[PERSISTED,RECURRING] scheduled=-42420s last_run=N/A jid=N/A status=PENDING retries=0 client_lib=MANCHEGO_GCM-10400000}
03-29 02:32:40.450: E/fpc_tac(20833): fpcbuildinfo : 575ddab5b91efea67ee1d200fc813ff2fpc_bio=bd35c3fec78219829149bea6c9ec961e6f655b90C:prodtestlib=4304cf5c884c198624b749af3482befacbd3028eC:fpc_c_core=dc194509594e837dedfb5452aaf06fcb61977135C:fpc_lib=cd5b7b876c3d69afa68a11ac6fd86f873e70817bC:cac=297e11552c60a3607ed664cf44c3e4b36ab2e737C:fpc_bio_interface=94a457caecae31eca8ef04b64c3f82a018e9bbc0C:fpc_sensor=ba909a5500944acafe47a0ef3a49f89509aadfb6C:tools_core=94ddf1e684cfa6c99f0f237f7cc35f3962e0e597C:sensor_settings=4fcf864fb493ae0272a9b2806446b379d99fd8ceC:fingerprint_ta=066bc0ab880960a4a69b74a328c7d7871c72225bC:fingerprint_pal=0deb9a478a3572872639f9cb2559ccc464ee3f9bC:manifests=dcb3d8ab0bdb7a5b341839d8c75bb88fc7f5e1a4C:Manifesttag=SW23.3.0-PDR1.0.5:jenkins@84ffd74dac44:Thu,17May201810:17:08+0200:FPC_SENSOR_TYPE=FPC_SENSOR_TYPE_FPC1270:FPC_CC_TYPE=FPC_COMPANION_CHIP_FPC2050:FPC_C_TYPE=FPC_COATING_NORMAL
03-29 02:32:40.450: E/fpc_tac(20833): fpcbuildtype : build=RELEASE sensor=9
03-29 02:32:40.452: W/EventHub(1149): Unable to disable kernel key repeat for /dev/input/event3: Function not implemented
03-29 02:32:40.452: I/EventHub(1149): wakeMechanism=EPOLLWAKEUP, usingClockIoctl=true
03-29 02:32:40.452: I/EventHub(1149): New device: id=8471, fd=309, path='/dev/input/event3', name='uinput-fpc', classes=0x101, configuration='/system/usr/idc/uinput-fpc.idc', keyLayout='/system/usr/keylayout/uinput-fpc.kl', keyCharacterMap='/system/usr/keychars/Generic.kcm', builtinKeyboard=true, 
03-29 02:32:40.452: W/InputReader(1149): Ignoring spurious device added event for deviceId 0.
03-29 02:32:40.476: I/SettingsActivityAvailab(20837): Disabling com.google.android.apps.multidevice.client.ui.pixel.SettingsActivity.
03-29 02:32:40.478: D/GservicesChangeReceiver(3807): Gservices Changed broadcast Received. context is android.app.ReceiverRestrictedContext@a2d6fd0
03-29 02:32:40.481: D/GservicesChangeReceiver(3807): Gservices allowPowerAnomalyData is False.
03-29 02:32:40.482: D/ConnectivityMonitorManager(3807): Service com.google.android.connectivitymonitor.PowerAnomalyDetectorService is not running...
03-29 02:32:40.490: D/GservicesChangeReceiver(3807): Gservices allowLowPowerMonitoring is False.
03-29 02:32:40.491: D/ConnectivityMonitorManager(3807): Service com.google.android.connectivitymonitor.LowPowerMonitorService is not running...
03-29 02:32:40.497: V/BackupManagerConstants(1149): getFullBackupRequiredNetworkType(...) returns 2
03-29 02:32:40.497: V/BackupManagerConstants(1149): getFullBackupRequireCharging(...) returns true
03-29 02:32:40.508: D/GservicesChangeReceiver(3807): Gservices isConnectivityMonitorEnabled is True.
03-29 02:32:40.509: D/ConnectivityMonitorManager(3807): Service com.google.android.connectivitymonitor.ConnectivityMonitorService is running...
03-29 02:32:40.525: I/Backup(8121): [GmsBackupStatusChangeReceiver] Going to enable gms backup transport.
03-29 02:32:40.534: D/BugleRcsEngine(8430): log_saver already enabled
03-29 02:32:40.539: I/NetRec(8033): [849] aill.b: onConfigChanged()
03-29 02:32:40.541: I/BgTaskExecutorImpl(8068): Starting NONEXCLUSIVE background task UPDATE_GSERVICES_CONFIG.
03-29 02:32:40.544: I/GCoreUlr(8033): Starting service, intent=Intent { act=com.google.android.location.reporting.ACTION_UPDATE_WORLD cmp=com.google.android.gms/com.google.android.location.reporting.service.DispatchingService (has extras) }, extras=Bundle[{receiverAction=com.google.gservices.intent.action.GSERVICES_CHANGED}]
03-29 02:32:40.544: I/GservicesUpdateTask(8068): Updating Gservices keys
03-29 02:32:40.555: I/Backup(8121): [BackupTransportMigratorChimeraService] Starting migration...
03-29 02:32:40.558: I/ActivityManager(1149): Start proc 20863:com.google.process.gapps/u0a51 for broadcast com.google.android.gsf/.loginservice.ServicesWatcher
03-29 02:32:40.573: E/e.process.gapp(20863): Not starting debugger since process cannot load the jdwp agent.
03-29 02:32:40.594: I/GCoreUlr(8033): WorldUpdater received intent Intent { act=com.google.android.location.reporting.ACTION_UPDATE_WORLD cmp=com.google.android.gms/com.google.android.location.reporting.service.DispatchingService (has extras) } with receiverAction com.google.gservices.intent.action.GSERVICES_CHANGED
03-29 02:32:40.601: I/e.process.gapp(20863): The ClassLoaderContext is a special shared library.
03-29 02:32:40.603: I/e.process.gapp(20863): The ClassLoaderContext is a special shared library.
03-29 02:32:40.609: I/GCoreUlr(8033): Successfully sent flags updated to controllers.
03-29 02:32:40.621: I/GCoreUlr(8033): WorldUpdater:com.google.gservices.intent.action.GSERVICES_CHANGED: Ensuring that reporting is stopped because of reasons: (no Google accounts)
03-29 02:32:40.625: I/GCoreUlr(8033): Unbound from all signal providers.
03-29 02:32:40.625: I/GCoreUlr(8033): Successfully accounts update
03-29 02:32:40.633: I/GCoreUlr(8033): DispatchingService ignoring Intent { act=android.net.wifi.WIFI_STATE_CHANGED flg=0x4000010 (has extras) } because ULR inactive
03-29 02:32:40.634: I/GoogleHttpClient(20863): GMS http client unavailable, use old client
03-29 02:32:40.638: I/GCoreUlr(8033): Unbound from all signal providers.
03-29 02:32:40.638: I/GCoreUlr(8033): Stopping handler for UlrDispSvcFast
03-29 02:32:40.639: I/GCoreUlr(8033): Successfully accounts update
03-29 02:32:40.682: W/ActivityManager(1149): Unable to start service Intent { cmp=com.google.android.gms/.analytics.service.RefreshEnabledStateService } U=0: not found
03-29 02:32:40.693: I/Icing(8121): Indexing com.google.android.gms-apps from com.google.android.gms
03-29 02:32:40.696: I/RecoverableKeyStoreGms(8121): [RecoverableKeyStoreGmsInitOperation] Initializing auth_folsom
03-29 02:32:40.697: I/RecoverableKeyStoreGms(8121): [RecoverableKeyStoreGmsInitOperation] com.google.android.gms.auth.folsom.service.FolsomPublicKeyUpdateService is already enabled. Ignore.
03-29 02:32:40.704: I/RecoverableKeyStoreGms(8121): [RecoverableKeyStoreGmsInitOperation] com.google.android.gms.auth.folsom.service.GcmReceiverService is already enabled. Ignore.
03-29 02:32:40.707: V/RecoverableKeyStoreMgr(1149): Not updating secret types - same as old value.
03-29 02:32:40.708: I/RecoverableKeyStoreGms(8121): [VaultHandleHelper] Building vaultHandle(version=1, instanceId=cphnFk-e6ug, deviceId=3610791406267106530)
03-29 02:32:40.708: I/RecoverableKeyStoreGms(8121): [RecoverableKeyStoreGmsInitOperation] Setting vault handle
03-29 02:32:40.708: V/RecoverableKeyStoreMgr(1149): Not updating server params - same as old value.
03-29 02:32:40.719: W/ChimeraUtils(8121): Non Chimera context
03-29 02:32:40.719: W/ChimeraUtils(8121): Non Chimera context
03-29 02:32:40.723: I/RecoverableKeyStoreGms(8121): [EnrollmentManager] Returning certificates list from cache
03-29 02:32:40.726: W/DynamiteModule(8121): Local module descriptor class for providerinstaller not found.
03-29 02:32:40.728: W/ProviderHelper(8121): Unknown dynamite feature providerinstaller
03-29 02:32:40.729: I/DynamiteModule(8121): Considering local module providerinstaller:0 and remote module providerinstaller:0
03-29 02:32:40.729: W/ProviderInstaller(8121): Failed to load providerinstaller module: No acceptable module found. Local version is 0 and remote version is 0.
03-29 02:32:40.740: W/DynamiteModule(8121): Local module descriptor class for providerinstaller not found.
03-29 02:32:40.741: D/CAR.SETUP(8121): Received GService flag change intent.
03-29 02:32:40.741: D/CAR.SETUP(8121): update DrivingMode components to true
03-29 02:32:40.742: I/DynamiteModule(8121): Considering local module providerinstaller:0 and remote module providerinstaller:0
03-29 02:32:40.742: W/ProviderInstaller(8121): Failed to load providerinstaller module: No acceptable module found. Local version is 0 and remote version is 0.
03-29 02:32:40.742: D/CAR.SETUP(8121): Scheduling DrivingModeConfigCopier to start
03-29 02:32:40.745: D/CAR.DRIVINGMODE(8121): binding
03-29 02:32:40.759: E/android.gms:ca(20890): Not starting debugger since process cannot load the jdwp agent.
03-29 02:32:40.759: I/ActivityManager(1149): Start proc 20890:com.google.android.gms:car/u0a51 for service com.google.android.gms/.chimera.CarBoundBrokerService
03-29 02:32:40.760: W/DynamiteModule(8121): Local module descriptor class for providerinstaller not found.
03-29 02:32:40.760: I/DynamiteModule(8121): Considering local module providerinstaller:0 and remote module providerinstaller:0
03-29 02:32:40.760: W/ProviderInstaller(8121): Failed to load providerinstaller module: No acceptable module found. Local version is 0 and remote version is 0.
03-29 02:32:40.760: I/GeofencerStateMachine(8033): sendQueryLocationOptIn
03-29 02:32:40.762: I/Icing(8121): Indexing done com.google.android.gms-apps
03-29 02:32:40.762: I/RecoverableKeyStoreMgr(1149): The cert file serial number is the same, so skip updating.
03-29 02:32:40.762: I/RecoverableKeyStoreGms(8121): [EnrollmentManager] Recovery service is initialized.
03-29 02:32:40.766: I/GeofencerStateMachine(8033): sendQueryLocationOptIn
03-29 02:32:40.768: I/RecoverySnapshotLstnrs(1149): Registered listener for agent with uid 10051
03-29 02:32:40.772: I/GeofencerStateMachine(8033): sendQueryLocationOptIn
03-29 02:32:40.785: I/chatty(8033): uid=10051 com.google.android.gms.persistent identical 3 lines
03-29 02:32:40.789: I/GeofencerStateMachine(8033): sendQueryLocationOptIn
03-29 02:32:40.801: I/ChromeSync(8121): [Sync,SyncIntentOperation] Handling the intent: Intent { act=com.google.gservices.intent.action.GSERVICES_CHANGED flg=0x1000010 cmp=com.google.android.gms/.chimera.GmsIntentOperationService$PersistentInternalReceiver }.
03-29 02:32:40.803: I/android.gms:ca(20890): The ClassLoaderContext is a special shared library.
03-29 02:32:40.814: I/ActivityManager(1149): Start proc 20907:com.google.intelligence.sense/u0a67 for broadcast com.google.intelligence.sense/.ambientmusic.SystemBroadcastReceiver
03-29 02:32:40.807: I/chatty(20890): uid=10051 com.google.android.gms:car identical 1 line
03-29 02:32:40.808: I/android.gms:ca(20890): The ClassLoaderContext is a special shared library.
03-29 02:32:40.817: E/elligence.sens(20907): Not starting debugger since process cannot load the jdwp agent.
03-29 02:32:40.818: W/DynamiteModule(8121): Local module descriptor class for providerinstaller not found.
03-29 02:32:40.818: I/DynamiteModule(8121): Considering local module providerinstaller:0 and remote module providerinstaller:0
