03-29 02:32:53.473: I/FontsContentProvider(8121): Query [Google Sans Display] resolved to {Google Sans Display, wdth 100.0, wght 400, ital 0.0, bestEffort false}
03-29 02:32:53.476: I/FontsContentProvider(8121): Fetch {Google Sans Display, wdth 100.0, wght 400, ital 0.0, bestEffort false} end status Status{statusCode=SUCCESS, resolution=null}
03-29 02:32:53.479: I/FontsContentProvider(8121): Pulling font file for id = 11, cache size = 6
03-29 02:32:53.498: I/ActivityManager(1149): Killing 21678:com.google.android.music:main/u0a83 (adj 906): empty #17
03-29 02:32:53.499: W/libprocessgroup(1149): kill(-21678, 9) failed: No such process
03-29 02:32:53.515: I/ActivityManager(1149): Start proc 22666:com.google.android.apps.docs/u0a103 for broadcast com.google.android.apps.docs/.mendel.MendelReceiver
03-29 02:32:53.520: I/Zygote(737): Process 21678 exited due to signal (9)
03-29 02:32:53.522: E/droid.apps.doc(22666): Not starting debugger since process cannot load the jdwp agent.
03-29 02:32:53.544: W/libprocessgroup(1149): kill(-21678, 9) failed: No such process
03-29 02:32:53.544: I/libprocessgroup(1149): Successfully killed process cgroup uid 10083 pid 21678 in 45ms
03-29 02:32:53.550: I/droid.apps.doc(22666): The ClassLoaderContext is a special shared library.
03-29 02:32:53.552: I/droid.apps.doc(22666): The ClassLoaderContext is a special shared library.
03-29 02:32:53.605: E/droid.apps.doc(22666): The String#value field is not present on Android versions >= 6.0
03-29 02:32:53.658: W/Conscrypt(8033): Could not set socket write timeout: java.net.SocketException: Socket closed
03-29 02:32:53.658: W/Conscrypt(8033): 	at com.google.android.gms.org.conscrypt.Platform.setSocketWriteTimeout(:com.google.android.gms@15090037@15.0.90 (100400-231259764):2)
03-29 02:32:53.658: W/Conscrypt(8033): 	at com.google.android.gms.org.conscrypt.ConscryptFileDescriptorSocket.setSoWriteTimeout(:com.google.android.gms@15090037@15.0.90 (100400-231259764):2)
03-29 02:32:53.675: I/GAv4(22666): Google Analytics 11.9.10 is starting up. To enable debug logging on a device run:
03-29 02:32:53.675: I/GAv4(22666):   adb shell setprop log.tag.GAv4 DEBUG
03-29 02:32:53.675: I/GAv4(22666):   adb logcat -s GAv4
03-29 02:32:53.675: W/Conscrypt(8033): Could not set socket write timeout: java.net.SocketException: Socket closed
03-29 02:32:53.675: W/Conscrypt(8033): 	at com.google.android.gms.org.conscrypt.Platform.setSocketWriteTimeout(:com.google.android.gms@15090037@15.0.90 (100400-231259764):2)
03-29 02:32:53.675: W/Conscrypt(8033): 	at com.google.android.gms.org.conscrypt.ConscryptFileDescriptorSocket.setSoWriteTimeout(:com.google.android.gms@15090037@15.0.90 (100400-231259764):2)
03-29 02:32:53.703: W/GAv4(22666): CampaignTrackingReceiver is not registered, not exported or is disabled. Installation campaign tracking is not possible. See http://goo.gl/8Rd3yj for instructions.
03-29 02:32:53.703: W/main-FieldDefinition(22666): Ignoring isIndexed constraint as field also has uniqueness constraint (on just this field, and therefore SQLite will have to create an index on that. For field: com.google.android.apps.docs.database.common.FieldDefinition$a@75138df
03-29 02:32:53.710: W/TaskScheduler0-CoreComponentFactoryImpl(22666): RetainedComponent will not be retained if  eec does not inherit FragmentActivity and fulfill lfi contract.
03-29 02:32:53.793: E/ExecutionCriteria(8033): Package unavailable for task: com.google.android.apps.gcs/.service.GcsTaskService{u=0 tag="WfaStateTask" trigger=window{period=518400s,flex=86400s,earliest=-1611083s,latest=-1524683s} requirements=[NET_ANY] attributes=[PERSISTED,RECURRING] scheduled=-2043083s last_run=N/A jid=N/A status=PENDING retries=0 client_lib=MANCHEGO_GCM-11732000}
03-29 02:32:53.794: E/ExecutionCriteria(8033): Package unavailable for task: com.google.android.apps.gcs/com.google.android.flib.phenotype.services.PhenotypeExperimentCommitService{u=0 tag="PhenotypeExpCommitSvc" trigger=window{start=0s,end=30s,earliest=-42436s,latest=-42406s} requirements=[NET_ANY] attributes=[PERSISTED] scheduled=-42436s last_run=N/A jid=N/A status=PENDING retries=0 client_lib=MANCHEGO_GCM-11732000}
03-29 02:32:53.795: E/ExecutionCriteria(8033): Package unavailable for task: com.google.android.videos/com.google.android.apps.play.movies.common.FlushLogsTaskService{u=0 tag="flush_logs" trigger=window{period=86400s,flex=57600s,earliest=-13633s,latest=43966s} requirements=[NET_UNMETERED,CHARGING] attributes=[PERSISTED,RECURRING] scheduled=-42433s last_run=N/A jid=N/A status=PENDING retries=0 client_lib=MANCHEGO_GCM-10400000}
03-29 02:32:53.882: I/aldd(8033): Scheduling Phenotype for a PhenotypeSyncImmediately(15, com.google.android.apps.chromecast.app) one off with window [1, 2] in seconds [CONTEXT service_id=51 ]
03-29 02:32:53.910: I/ActivityManager(1149): Killing 21657:com.google.android.gm/u0a126 (adj 906): empty #17
03-29 02:32:53.910: I/PhenotypeUpdate(1420): onReceive() urgent = false
03-29 02:32:53.912: W/libprocessgroup(1149): kill(-21657, 9) failed: No such process
03-29 02:32:53.931: I/ActivityManager(1149): Start proc 22704:com.android.settings/1000 for broadcast com.android.settings/com.google.android.settings.phenotype.PhenotypeBroadcastReceiver
03-29 02:32:53.935: I/Zygote(737): Process 21657 exited due to signal (9)
03-29 02:32:53.938: E/ndroid.setting(22704): Not starting debugger since process cannot load the jdwp agent.
03-29 02:32:53.957: W/libprocessgroup(1149): kill(-21657, 9) failed: No such process
03-29 02:32:53.957: I/libprocessgroup(1149): Successfully killed process cgroup uid 10126 pid 21657 in 45ms
03-29 02:32:53.970: I/ndroid.setting(22704): The ClassLoaderContext is a special shared library.
03-29 02:32:54.035: I/ActivityManager(1149): Killing 21427:com.google.android.apps.wellbeing/u0a70 (adj 906): empty #17
03-29 02:32:53.973: I/ndroid.setting(22704): The ClassLoaderContext is a special shared library.
03-29 02:32:54.036: W/libprocessgroup(1149): kill(-21427, 9) failed: No such process
03-29 02:32:54.047: I/ActivityManager(1149): Start proc 22721:com.google.android.configupdater/u0a10 for broadcast com.google.android.configupdater/.PhenotypeBroadcastReceiver
03-29 02:32:54.051: E/d.configupdate(22721): Not starting debugger since process cannot load the jdwp agent.
03-29 02:32:54.056: I/Zygote(737): Process 21427 exited due to signal (9)
03-29 02:32:54.067: W/ContextImpl(22704): Calling a method in the system process without a qualified user: android.app.ContextImpl.bindService:1611 android.content.ContextWrapper.bindService:698 com.google.android.gms.common.stats.zza.zza:22 com.google.android.gms.common.internal.zzr.zza:30 com.google.android.gms.common.internal.zzq.bindService:15 
03-29 02:32:54.075: I/d.configupdate(22721): The ClassLoaderContext is a special shared library.
03-29 02:32:54.076: I/d.configupdate(22721): The ClassLoaderContext is a special shared library.
03-29 02:32:54.079: W/libprocessgroup(1149): kill(-21427, 9) failed: No such process
03-29 02:32:54.079: I/libprocessgroup(1149): Successfully killed process cgroup uid 10070 pid 21427 in 43ms
03-29 02:32:54.099: I/ActivityManager(1149): Killing 22317:android.process.media/u0a12 (adj 906): empty #17
03-29 02:32:54.100: W/libprocessgroup(1149): kill(-22317, 9) failed: No such process
03-29 02:32:54.119: I/Zygote(737): Process 22317 exited due to signal (9)
03-29 02:32:54.120: E/ndroid.calenda(22738): Not starting debugger since process cannot load the jdwp agent.
03-29 02:32:54.121: I/ActivityManager(1149): Start proc 22738:com.google.android.calendar/u0a96 for broadcast com.google.android.calendar/com.google.android.apps.calendar.config.phenotypesupport.firebase.PhenotypeBroadcastReceiver
03-29 02:32:54.136: W/libprocessgroup(1149): kill(-22317, 9) failed: No such process
03-29 02:32:54.136: I/libprocessgroup(1149): Successfully killed process cgroup uid 10012 pid 22317 in 35ms
03-29 02:32:54.147: I/ndroid.calenda(22738): The ClassLoaderContext is a special shared library.
03-29 02:32:54.149: I/ndroid.calenda(22738): The ClassLoaderContext is a special shared library.
03-29 02:32:54.219: E/ndroid.calenda(22738): The String#value field is not present on Android versions >= 6.0
03-29 02:32:54.246: W/Primes(22738): Primes not initialized, returning default (no-op) Primes instance which will ignore all calls. Please call Primes.initialize(...) before using any Primes API.
03-29 02:32:54.246: I/PerformanceMetricCollec(22738): Logging experiments memory-false, lantency-false
03-29 02:32:54.246: I/PerformanceMetricCollec(22738): Start crash monitoring.
03-29 02:32:54.264: I/CalendarApplication(22738): HSV is Optional.absent()
03-29 02:32:54.370: I/ActivityManager(1149): Killing 21696:com.google.android.keep/u0a150 (adj 906): empty #17
03-29 02:32:54.371: W/libprocessgroup(1149): kill(-21696, 9) failed: No such process
03-29 02:32:54.385: W/libprocessgroup(1149): kill(-21696, 9) failed: No such process
03-29 02:32:54.391: E/ExecutionCriteria(8033): Package unavailable for task: com.google.android.apps.gcs/.service.GcsTaskService{u=0 tag="WfaStateTask" trigger=window{period=518400s,flex=86400s,earliest=-1611083s,latest=-1524683s} requirements=[NET_ANY] attributes=[PERSISTED,RECURRING] scheduled=-2043083s last_run=N/A jid=N/A status=PENDING retries=0 client_lib=MANCHEGO_GCM-11732000}
03-29 02:32:54.392: E/ExecutionCriteria(8033): Package unavailable for task: com.google.android.apps.gcs/com.google.android.flib.phenotype.services.PhenotypeExperimentCommitService{u=0 tag="PhenotypeExpCommitSvc" trigger=window{start=0s,end=30s,earliest=-42436s,latest=-42406s} requirements=[NET_ANY] attributes=[PERSISTED] scheduled=-42436s last_run=N/A jid=N/A status=PENDING retries=0 client_lib=MANCHEGO_GCM-11732000}
03-29 02:32:54.394: I/Zygote(737): Process 21696 exited due to signal (9)
03-29 02:32:54.397: E/ExecutionCriteria(8033): Package unavailable for task: com.google.android.videos/com.google.android.apps.play.movies.common.FlushLogsTaskService{u=0 tag="flush_logs" trigger=window{period=86400s,flex=57600s,earliest=-13634s,latest=43965s} requirements=[NET_UNMETERED,CHARGING] attributes=[PERSISTED,RECURRING] scheduled=-42434s last_run=N/A jid=N/A status=PENDING retries=0 client_lib=MANCHEGO_GCM-10400000}
03-29 02:32:54.430: W/libprocessgroup(1149): kill(-21696, 9) failed: No such process
03-29 02:32:54.430: I/libprocessgroup(1149): Successfully killed process cgroup uid 10150 pid 21696 in 58ms
03-29 02:32:54.561: W/AiAi-AllApps(21499): UserContextProviderImpl#Timeout when fetching the place info
03-29 02:32:55.420: W/SearchServiceCore(8068): Abort, client detached.
03-29 02:32:55.430: D/fpc_hidl(22789): fpc fingerprint hwbinder service starting
03-29 02:32:55.430: D/QSEECOMAPI(22789): QSEECom_get_handle sb_length = 0x80
03-29 02:32:55.431: D/QSEECOMAPI(22789): App is not loaded in QSEE
03-29 02:32:55.431: D/QSEECOMAPI(22789): app_arch = 2, total_files = 9
03-29 02:32:55.439: E/ExecutionCriteria(8033): Package unavailable for task: com.google.android.apps.gcs/.service.GcsTaskService{u=0 tag="WfaStateTask" trigger=window{period=518400s,flex=86400s,earliest=-1611084s,latest=-1524684s} requirements=[NET_ANY] attributes=[PERSISTED,RECURRING] scheduled=-2043084s last_run=N/A jid=N/A status=PENDING retries=0 client_lib=MANCHEGO_GCM-11732000}
03-29 02:32:55.439: E/ExecutionCriteria(8033): Package unavailable for task: com.google.android.apps.gcs/com.google.android.flib.phenotype.services.PhenotypeExperimentCommitService{u=0 tag="PhenotypeExpCommitSvc" trigger=window{start=0s,end=30s,earliest=-42437s,latest=-42407s} requirements=[NET_ANY] attributes=[PERSISTED] scheduled=-42437s last_run=N/A jid=N/A status=PENDING retries=0 client_lib=MANCHEGO_GCM-11732000}
03-29 02:32:55.443: E/ExecutionCriteria(8033): Package unavailable for task: com.google.android.videos/com.google.android.apps.play.movies.common.FlushLogsTaskService{u=0 tag="flush_logs" trigger=window{period=86400s,flex=57600s,earliest=-13635s,latest=43964s} requirements=[NET_UNMETERED,CHARGING] attributes=[PERSISTED,RECURRING] scheduled=-42435s last_run=N/A jid=N/A status=PENDING retries=0 client_lib=MANCHEGO_GCM-10400000}
03-29 02:32:55.479: V/SettingsProvider(1149): Notifying for 0: content://settings/global/text_classifier_constants
03-29 02:32:55.488: I/GservicesProvider(2153): override update completed
03-29 02:32:55.512: D/QSEECOMAPI(22789): Loaded image: APP id = 8482
03-29 02:32:55.517: E/fpc_tac(22789): fpcbuildinfo : 575ddab5b91efea67ee1d200fc813ff2fpc_bio=bd35c3fec78219829149bea6c9ec961e6f655b90C:prodtestlib=4304cf5c884c198624b749af3482befacbd3028eC:fpc_c_core=dc194509594e837dedfb5452aaf06fcb61977135C:fpc_lib=cd5b7b876c3d69afa68a11ac6fd86f873e70817bC:cac=297e11552c60a3607ed664cf44c3e4b36ab2e737C:fpc_bio_interface=94a457caecae31eca8ef04b64c3f82a018e9bbc0C:fpc_sensor=ba909a5500944acafe47a0ef3a49f89509aadfb6C:tools_core=94ddf1e684cfa6c99f0f237f7cc35f3962e0e597C:sensor_settings=4fcf864fb493ae0272a9b2806446b379d99fd8ceC:fingerprint_ta=066bc0ab880960a4a69b74a328c7d7871c72225bC:fingerprint_pal=0deb9a478a3572872639f9cb2559ccc464ee3f9bC:manifests=dcb3d8ab0bdb7a5b341839d8c75bb88fc7f5e1a4C:Manifesttag=SW23.3.0-PDR1.0.5:jenkins@84ffd74dac44:Thu,17May201810:17:08+0200:FPC_SENSOR_TYPE=FPC_SENSOR_TYPE_FPC1270:FPC_CC_TYPE=FPC_COMPANION_CHIP_FPC2050:FPC_C_TYPE=FPC_COATING_NORMAL
03-29 02:32:55.517: E/fpc_tac(22789): fpcbuildtype : build=RELEASE sensor=9
03-29 02:32:55.519: W/EventHub(1149): Unable to disable kernel key repeat for /dev/input/event3: Function not implemented
03-29 02:32:55.519: I/EventHub(1149): wakeMechanism=EPOLLWAKEUP, usingClockIoctl=true
03-29 02:32:55.519: I/EventHub(1149): New device: id=8474, fd=120, path='/dev/input/event3', name='uinput-fpc', classes=0x101, configuration='/system/usr/idc/uinput-fpc.idc', keyLayout='/system/usr/keylayout/uinput-fpc.kl', keyCharacterMap='/system/usr/keychars/Generic.kcm', builtinKeyboard=true, 
03-29 02:32:55.519: W/InputReader(1149): Ignoring spurious device added event for deviceId 0.
03-29 02:32:55.526: I/ActivityManager(1149): Waited long enough for: ServiceRecord{e92a01d u0 com.google.android.gms/.backup.BackupTransportMigratorService}
03-29 02:32:55.534: E/ExecutionCriteria(8033): Package unavailable for task: com.google.android.apps.gcs/.service.GcsTaskService{u=0 tag="WfaStateTask" trigger=window{period=518400s,flex=86400s,earliest=-1611084s,latest=-1524684s} requirements=[NET_ANY] attributes=[PERSISTED,RECURRING] scheduled=-2043084s last_run=N/A jid=N/A status=PENDING retries=0 client_lib=MANCHEGO_GCM-11732000}
03-29 02:32:55.534: E/ExecutionCriteria(8033): Package unavailable for task: com.google.android.apps.gcs/com.google.android.flib.phenotype.services.PhenotypeExperimentCommitService{u=0 tag="PhenotypeExpCommitSvc" trigger=window{start=0s,end=30s,earliest=-42437s,latest=-42407s} requirements=[NET_ANY] attributes=[PERSISTED] scheduled=-42437s last_run=N/A jid=N/A status=PENDING retries=0 client_lib=MANCHEGO_GCM-11732000}
03-29 02:32:55.538: E/ExecutionCriteria(8033): Package unavailable for task: com.google.android.videos/com.google.android.apps.play.movies.common.FlushLogsTaskService{u=0 tag="flush_logs" trigger=window{period=86400s,flex=57600s,earliest=-13635s,latest=43964s} requirements=[NET_UNMETERED,CHARGING] attributes=[PERSISTED,RECURRING] scheduled=-42435s last_run=N/A jid=N/A status=PENDING retries=0 client_lib=MANCHEGO_GCM-10400000}
03-29 02:32:55.547: I/CarrierServices(12783): [2] bxu.e: Carrier Services GServices flags:
03-29 02:32:55.547: I/CarrierServices(12783):    carrier_services_security_flags_ec_api_white_listed_packages: com.google.android.apps.messaging,com.google.android.dialer,com.google.android.ims.client.sampleapp,com.android.contacts,com.lge.rcscall,com.android.incallui,com.huawei.incallui.appfeature.rcsfeature
03-29 02:32:55.547: I/CarrierServices(12783):    carrier_services_security_flags_ec_api_white_listed_signatures: B28C3EDB665DF32686224DF800F603E9959BBE4E,0980A12BE993528C19107BC21AD811478C63CEFC,B38FA7B5ECFAEC44620A020752B07E063B3120A8,203997BC46B8792DC9747ABD230569071F9A0439,EDA6413C3E3A95492114FE07CD953AD897E40D1A,760EBB9F4200B3DFB1B817B40FF0563A3C150D39,5B368CFF2DA2686996BC95EAC190EAA4F5630FE5,01D845B26B688D8EF647205A5944E9407E52E06E,27196E386B875E76ADF700E7EA84E4C6EEE33DFA,1CDD04F1E4A732BB0352FDFAEE26D2315526DF85,025D5212BF3B5F5CDA6117A518721D70A94D84E0
03-29 02:32:55.547: I/CarrierServices(12783):    carrier_services_security_flags_test_service_white_listed_packages: com.google.android.ims.mobly.snippets
03-29 02:32:55.547: I/CarrierServices(12783):    carrier_services_security_flags_test_service_white_listed_signatures: AE41481F52E0F58DF2806D5A38EB3DBCA5AE02B0,E165542B31953CC282AA4EF2F4D5F07F7663A2A2
03-29 02:32:55.547: I/CarrierServices(12783):    carrier_services_security_flags_white_listed_packages: com.google.android.apps.messaging,com.google.android.dialer,com.google.android.ims.client.sampleapp,com.android.contacts,com.lge.rcscall,com.android.incallui,com.huawei.incallui.appfeature.rcsfeature
03-29 02:32:55.547: I/CarrierServices(12783):    carrier_services_security_flags_white_listed_signatures: B28C3EDB665DF32686224DF800F603E9959BBE4E,0980A12BE993528C19107BC21AD811478C63CEFC,B38FA7B5ECFAEC44620A020752B07E063B3120A8,203997BC46B8792DC9747ABD230569071F9A0439,EDA6413C3E3A95492114FE07CD953AD897E40D1A,760EBB9F4200B3DFB1B817B40FF0563A3C150D39,5B368CFF2DA2686996BC95EAC190EAA4F5630FE5,01D845B26B688D8EF647205A5944E9407E52E06E,27196E386B875E76ADF700E7EA84E4C6EEE33DFA,1CDD04F1E4A732BB0352FDFAEE26D2315526DF85,025D5212BF3B5F5CDA6117A518721D70A94D84E0
03-29 02:32:55.547: I/CarrierServices(12783):    carrier_services_video_share_disabled_user_agent_substrings: SM-G930,SM-G935,SM-A320
03-29 02:32:55.547: I/CarrierServices(12783): ====================
03-29 02:32:55.555: I/CarrierServices(12783): [2] RcsAutoStartReceiver.b: carrierServicesJibeServiceEnabled changed from true to true
03-29 02:32:55.556: I/CarrierServices(12783): [2] RcsAutoStartReceiver.b: enableRcs changed from true to true
03-29 02:32:55.556: I/CarrierServices(12783): [2] RcsAutoStartReceiver.b: RcsAutoStartReceiver triggered. Fetching RCS State. Action: com.google.gservices.intent.action.GSERVICES_OVERRIDE
03-29 02:32:55.558: I/CarrierServices(12783): [2] aws.a: Migration binding to RcsMigrationService
03-29 02:32:55.561: I/Bugle(5138): returning RCS state provider.
03-29 02:32:55.561: W/BroadcastQueue(1149): Background execution not allowed: receiving Intent { act=com.google.android.gms.location.reporting.SETTINGS_CHANGED flg=0x10 } to com.google.android.gms/.chimera.GmsIntentOperationService$PersistentInternalReceiver
03-29 02:32:55.563: W/BroadcastQueue(1149): Background execution not allowed: receiving Intent { act=com.google.android.gms.location.reporting.SETTINGS_CHANGED flg=0x10 } to com.google.android.googlequicksearchbox/com.google.android.apps.gsa.search.core.udc.UdcSettingBroadcastReceiver
03-29 02:32:55.564: D/CarrierServices(12783): log_saver already enabled
03-29 02:32:55.567: I/TestSupport(8121): Broadcast sent: gms:phenotype:phenotype_flag:debug_bypass_phenotype
03-29 02:32:55.567: I/TestSupport(8121): GServices override confirmed: gms:phenotype:phenotype_flag:debug_bypass_phenotype=false
03-29 02:32:55.567: I/CarrierServices(5138): [416] inq.a: Sim state is not ready. Returning last known operation mode.
03-29 02:32:55.569: I/CarrierServices(12783): [664] awt.doInBackground: Saving RCS State
03-29 02:32:55.569: I/CarrierServices(12783): [664] awt.doInBackground: Old operation mode: 0
03-29 02:32:55.569: I/BugleRcs(5138): updating RCS availability
03-29 02:32:55.570: I/BugleRcs(5138): No minimum Cs.apk version is set, not checking Cs.apk version
03-29 02:32:55.571: V/BugleRcs(5138): RcsAvailability updated but unchanged: RCS is disabled due to SIM absent
03-29 02:32:55.572: I/TestSupport(8121): SetFlagOverridesOperation: com.google.android.gms.auth_account, '', [Flag(auth_sig_override_enabled, true, 2, 0)]
03-29 02:32:55.574: I/CarrierServices(12783): [664] awt.doInBackground: New operation mode: 0
03-29 02:32:55.576: I/CarrierServices(12783): [2] aww.a: Unbinding RcsMigrationService
03-29 02:32:55.576: I/Bugle(5138): ApnsOta: OTA version -1
03-29 02:32:55.598: W/Zebedee-inferBucketsJob(3644): Models given by config: 1
03-29 02:32:55.598: E/Backup(8121): [BackupTransportMigratorChimeraService] Could not migrate transport!
03-29 02:32:55.602: I/TestSupport(8121): AwaitCommitOperation: auth_sig_override_enabled
03-29 02:32:55.603: W/BroadcastQueue(1149): Background execution not allowed: receiving Intent { act=com.google.android.music.START_DOWNLOAD_SCHEDULING flg=0x10 } to com.google.android.music/.autocache.AutoCacheSchedulingService$EnablingReceiver
03-29 02:32:55.607: I/TestSupport(8121): AwaitCommitOperation: FlagOverride(com.google.android.gms.auth_account, , Flag(auth_sig_override_enabled, true, 2, 0), false) != FlagOverride(com.google.android.gms.auth_account, , Flag(auth_sig_override_enabled, false, 2, 0), true)
03-29 02:32:55.607: I/TestSupport(8121): AwaitCommitOperation: uncommitted: FlagOverride(com.google.android.gms.auth_account, , Flag(auth_sig_override_enabled, false, 2, 0), true)
03-29 02:32:55.607: I/TestSupport(8121): AwaitCommitOperation:  sleeping for 10 msec.
03-29 02:32:55.612: W/ModuleInitIntentOp(8121): Dropping unexpected action com.google.android.gms.phenotype.COMMITTED
03-29 02:32:55.615: I/PTCommittedOperation(8033): Receive new configuration for com.google.android.gms.beacon
03-29 02:32:55.619: I/PTCommittedOperation(8033): Receive new configuration for com.google.android.gms.subscriptions
03-29 02:32:55.620: I/PTCommittedOperation(8033): Receive new configuration for com.google.android.gms.gconnect
03-29 02:32:55.621: I/PTCommittedOperation(8033): Receive new configuration for com.google.android.gms.trustlet_place
03-29 02:32:55.622: D/BugleRcsEngine(21827): log_saver already enabled
03-29 02:32:55.625: I/PTCommittedOperation(8033): Receive new configuration for com.google.android.gms.trustagent
03-29 02:32:55.629: I/PTCommittedOperation(8033): Receive new configuration for com.google.android.gms.people.ui
03-29 02:32:55.635: I/PTCommittedOperation(8033): Receive new configuration for com.google.android.gms.trustlet_onbody
03-29 02:32:55.641: I/PTCommittedOperation(8033): Receive new configuration for com.google.android.gms.languageprofile
03-29 02:32:55.644: I/PTCommittedOperation(8033): Receive new configuration for com.google.android.gms.auth_api_phone
03-29 02:32:55.648: I/PTCommittedOperation(8033): Receive new configuration for com.google.android.client_error_logging
03-29 02:32:55.651: I/PTCommittedOperation(8033): Receive new configuration for com.google.android.gms.romanesco
03-29 02:32:55.655: I/PTCommittedOperation(8033): Receive new configuration for com.google.android.gms.people
03-29 02:32:55.661: I/PTCommittedOperation(8033): Receive new configuration for com.google.android.gms.easysignin
03-29 02:32:55.664: I/TestSupport(8121): AwaitCommitOperation: FlagOverride(com.google.android.gms.auth_account, , Flag(auth_sig_override_enabled, true, 2, 0), false) != FlagOverride(com.google.android.gms.auth_account, , Flag(auth_sig_override_enabled, false, 2, 0), true)
03-29 02:32:55.664: I/TestSupport(8121): AwaitCommitOperation: uncommitted: FlagOverride(com.google.android.gms.auth_account, , Flag(auth_sig_override_enabled, false, 2, 0), true)
03-29 02:32:55.664: I/TestSupport(8121): AwaitCommitOperation:  sleeping for 20 msec.
03-29 02:32:55.671: I/ActivityManager(1149): Start proc 22800:com.android.connectivity.metrics/u0a27 for broadcast com.android.connectivity.metrics/.SnapshotSchedulingReceiver
03-29 02:32:55.678: E/ctivity.metric(22800): Not starting debugger since process cannot load the jdwp agent.
03-29 02:32:55.690: I/TestSupport(8121): AwaitCommitOperation: FlagOverride(com.google.android.gms.auth_account, , Flag(auth_sig_override_enabled, true, 2, 0), false) != FlagOverride(com.google.android.gms.auth_account, , Flag(auth_sig_override_enabled, false, 2, 0), true)
03-29 02:32:55.690: I/TestSupport(8121): AwaitCommitOperation: uncommitted: FlagOverride(com.google.android.gms.auth_account, , Flag(auth_sig_override_enabled, false, 2, 0), true)
03-29 02:32:55.690: I/TestSupport(8121): AwaitCommitOperation:  sleeping for 40 msec.
03-29 02:32:55.697: E/ExecutionCriteria(8033): Package unavailable for task: com.google.android.apps.gcs/.service.GcsTaskService{u=0 tag="WfaStateTask" trigger=window{period=518400s,flex=86400s,earliest=-1611085s,latest=-1524685s} requirements=[NET_ANY] attributes=[PERSISTED,RECURRING] scheduled=-2043085s last_run=N/A jid=N/A status=PENDING retries=0 client_lib=MANCHEGO_GCM-11732000}
03-29 02:32:55.697: E/ExecutionCriteria(8033): Package unavailable for task: com.google.android.apps.gcs/com.google.android.flib.phenotype.services.PhenotypeExperimentCommitService{u=0 tag="PhenotypeExpCommitSvc" trigger=window{start=0s,end=30s,earliest=-42438s,latest=-42408s} requirements=[NET_ANY] attributes=[PERSISTED] scheduled=-42438s last_run=N/A jid=N/A status=PENDING retries=0 client_lib=MANCHEGO_GCM-11732000}
03-29 02:32:55.697: E/ExecutionCriteria(8033): Package unavailable for task: com.google.android.videos/com.google.android.apps.play.movies.common.FlushLogsTaskService{u=0 tag="flush_logs" trigger=window{period=86400s,flex=57600s,earliest=-13635s,latest=43964s} requirements=[NET_UNMETERED,CHARGING] attributes=[PERSISTED,RECURRING] scheduled=-42435s last_run=N/A jid=N/A status=PENDING retries=0 client_lib=MANCHEGO_GCM-10400000}
03-29 02:32:55.701: I/ctivity.metric(22800): The ClassLoaderContext is a special shared library.
03-29 02:32:55.703: I/ctivity.metric(22800): The ClassLoaderContext is a special shared library.
03-29 02:32:55.713: D/ConnMetrics:App(22800): onCreate()
03-29 02:32:55.727: I/ActivityManager(1149): Start proc 22816:com.google.android.apps.multidevice.client/u0a72 for broadcast com.google.android.apps.multidevice.client/.ui.pixel.SettingsActivityAvailabilityReceiver
03-29 02:32:55.731: E/tidevice.clien(22816): Not starting debugger since process cannot load the jdwp agent.
03-29 02:32:55.739: E/GooglePlayServicesUtil(22800): The Google Play services resources were not found. Check your project configuration to ensure that the resources are included.
03-29 02:32:55.748: I/tidevice.clien(22816): The ClassLoaderContext is a special shared library.
03-29 02:32:55.751: I/tidevice.clien(22816): The ClassLoaderContext is a special shared library.
03-29 02:32:55.754: D/ConnMetrics:App(22800): IsOptedIn = false
03-29 02:32:55.773: I/TestSupport(8121): AwaitCommitOperation: FlagOverride(com.google.android.gms.auth_account, , Flag(auth_sig_override_enabled, true, 2, 0), false) != FlagOverride(com.google.android.gms.auth_account, , Flag(auth_sig_override_enabled, false, 2, 0), true)
03-29 02:32:55.773: I/TestSupport(8121): AwaitCommitOperation: uncommitted: FlagOverride(com.google.android.gms.auth_account, , Flag(auth_sig_override_enabled, false, 2, 0), true)
03-29 02:32:55.773: I/TestSupport(8121): AwaitCommitOperation:  sleeping for 80 msec.
03-29 02:32:55.777: W/ModuleInitIntentOp(8121): Dropping unexpected action com.google.android.gms.phenotype.COMMITTED
03-29 02:32:55.788: W/ModuleInitIntentOp(8121): Dropping unexpected action com.google.android.gms.phenotype.COMMITTED
03-29 02:32:55.790: I/SettingsActivityAvailab(22816): Disabling com.google.android.apps.multidevice.client.ui.pixel.SettingsActivity.
03-29 02:32:55.792: I/ActivityManager(1149): Killing 22367:com.google.android.settings.intelligence/u0a43 (adj 906): empty #17
03-29 02:32:55.792: D/GservicesChangeReceiver(3807): Gservices Changed broadcast Received. context is android.app.ReceiverRestrictedContext@a2d6fd0
03-29 02:32:55.794: W/libprocessgroup(1149): kill(-22367, 9) failed: No such process
03-29 02:32:55.795: W/ModuleInitIntentOp(8121): Dropping unexpected action com.google.android.gms.phenotype.COMMITTED
03-29 02:32:55.800: D/GservicesChangeReceiver(3807): Gservices allowPowerAnomalyData is False.
03-29 02:32:55.801: W/ModuleInitIntentOp(8121): Dropping unexpected action com.google.android.gms.phenotype.COMMITTED
03-29 02:32:55.803: D/ConnectivityMonitorManager(3807): Service com.google.android.connectivitymonitor.PowerAnomalyDetectorService is not running...
03-29 02:32:55.808: I/Zygote(737): Process 22367 exited due to signal (9)
03-29 02:32:55.811: D/GservicesChangeReceiver(3807): Gservices allowLowPowerMonitoring is False.
03-29 02:32:55.812: W/ModuleInitIntentOp(8121): Dropping unexpected action com.google.android.gms.phenotype.COMMITTED
03-29 02:32:55.813: D/ConnectivityMonitorManager(3807): Service com.google.android.connectivitymonitor.LowPowerMonitorService is not running...
03-29 02:32:55.821: W/ModuleInitIntentOp(8121): Dropping unexpected action com.google.android.gms.phenotype.COMMITTED
03-29 02:32:55.829: W/ModuleInitIntentOp(8121): Dropping unexpected action com.google.android.gms.phenotype.COMMITTED
03-29 02:32:55.832: D/GservicesChangeReceiver(3807): Gservices isConnectivityMonitorEnabled is True.
03-29 02:32:55.833: D/ConnectivityMonitorManager(3807): Service com.google.android.connectivitymonitor.ConnectivityMonitorService is running...
03-29 02:32:55.834: W/ModuleInitIntentOp(8121): Dropping unexpected action com.google.android.gms.phenotype.COMMITTED
03-29 02:32:55.838: W/ModuleInitIntentOp(8121): Dropping unexpected action com.google.android.gms.phenotype.COMMITTED
03-29 02:32:55.839: W/libprocessgroup(1149): kill(-22367, 9) failed: No such process
03-29 02:32:55.839: I/libprocessgroup(1149): Successfully killed process cgroup uid 10043 pid 22367 in 45ms
03-29 02:32:55.843: W/ModuleInitIntentOp(8121): Dropping unexpected action com.google.android.gms.phenotype.COMMITTED
03-29 02:32:55.846: W/ModuleInitIntentOp(8121): Dropping unexpected action com.google.android.gms.phenotype.COMMITTED
03-29 02:32:55.850: I/Backup(8121): [GmsBackupStatusChangeReceiver] Going to enable gms backup transport.
03-29 02:32:55.862: W/ModuleInitIntentOp(8121): Dropping unexpected action com.google.android.gms.phenotype.COMMITTED
03-29 02:32:55.862: I/NetRec(8033): [903] aill.b: onConfigChanged()
03-29 02:32:55.865: I/Backup(8121): [BackupTransportMigratorChimeraService] Starting migration...
03-29 02:32:55.868: I/GCoreUlr(8033): Starting service, intent=Intent { act=com.google.android.location.reporting.ACTION_UPDATE_WORLD cmp=com.google.android.gms/com.google.android.location.reporting.service.DispatchingService (has extras) }, extras=Bundle[{receiverAction=com.google.gservices.intent.action.GSERVICES_CHANGED}]
03-29 02:32:55.877: I/BgTaskExecutorImpl(8068): Starting NONEXCLUSIVE background task UPDATE_GSERVICES_CONFIG.
03-29 02:32:55.887: I/GservicesUpdateTask(8068): Updating Gservices keys
03-29 02:32:55.901: I/TestSupport(8121): AwaitCommitOperation: FlagOverride(com.google.android.gms.auth_account, , Flag(auth_sig_override_enabled, true, 2, 0), false) != FlagOverride(com.google.android.gms.auth_account, , Flag(auth_sig_override_enabled, false, 2, 0), true)
03-29 02:32:55.901: I/TestSupport(8121): AwaitCommitOperation: uncommitted: FlagOverride(com.google.android.gms.auth_account, , Flag(auth_sig_override_enabled, false, 2, 0), true)
03-29 02:32:55.901: I/TestSupport(8121): AwaitCommitOperation:  sleeping for 160 msec.
03-29 02:32:55.912: I/ActivityManager(1149): Start proc 22844:com.google.android.partnersetup/u0a23 for broadcast com.google.android.partnersetup/.RlzPingBroadcastReceiver
03-29 02:32:55.924: E/id.partnersetu(22844): Not starting debugger since process cannot load the jdwp agent.
03-29 02:32:55.934: I/GCoreUlr(8033): WorldUpdater received intent Intent { act=com.google.android.location.reporting.ACTION_UPDATE_WORLD cmp=com.google.android.gms/com.google.android.location.reporting.service.DispatchingService (has extras) } with receiverAction com.google.gservices.intent.action.GSERVICES_CHANGED
03-29 02:32:55.944: I/id.partnersetu(22844): The ClassLoaderContext is a special shared library.
03-29 02:32:55.946: I/id.partnersetu(22844): The ClassLoaderContext is a special shared library.
03-29 02:32:55.969: W/System(8121): A resource failed to call close. 
03-29 02:32:55.969: W/System(8121): A resource failed to call close. 
03-29 02:32:55.971: I/GCoreUlr(8033): Successfully sent flags updated to controllers.
03-29 02:32:55.977: W/ActivityManager(1149): Unable to start service Intent { cmp=com.google.android.gms/.analytics.service.RefreshEnabledStateService } U=0: not found
03-29 02:32:55.981: W/ChimeraUtils(8121): Non Chimera context
03-29 02:32:55.981: W/ChimeraUtils(8121): Non Chimera context
03-29 02:32:55.992: W/DynamiteModule(8121): Local module descriptor class for providerinstaller not found.
03-29 02:32:55.992: I/DynamiteModule(8121): Considering local module providerinstaller:0 and remote module providerinstaller:0
03-29 02:32:55.992: W/ProviderInstaller(8121): Failed to load providerinstaller module: No acceptable module found. Local version is 0 and remote version is 0.
03-29 02:32:55.997: W/DynamiteModule(8121): Local module descriptor class for providerinstaller not found.
03-29 02:32:55.997: I/DynamiteModule(8121): Considering local module providerinstaller:0 and remote module providerinstaller:0
03-29 02:32:55.998: W/ProviderInstaller(8121): Failed to load providerinstaller module: No acceptable module found. Local version is 0 and remote version is 0.
03-29 02:32:55.998: I/GeofencerStateMachine(8033): sendQueryLocationOptIn
03-29 02:32:56.004: I/GeofencerStateMachine(8033): sendQueryLocationOptIn
03-29 02:32:56.005: W/SearchServiceCore(8068): Abort, client detached.
03-29 02:32:56.007: I/GeofencerStateMachine(8033): sendQueryLocationOptIn
03-29 02:32:56.011: I/GeofencerStateMachine(8033): sendQueryLocationOptIn
03-29 02:32:56.014: W/DynamiteModule(8121): Local module descriptor class for providerinstaller not found.
03-29 02:32:56.014: I/DynamiteModule(8121): Considering local module providerinstaller:0 and remote module providerinstaller:0
03-29 02:32:56.014: W/ProviderInstaller(8121): Failed to load providerinstaller module: No acceptable module found. Local version is 0 and remote version is 0.
03-29 02:32:56.015: I/ActivityManager(1149): Killing 22390:com.google.android.contacts/u0a129 (adj 906): empty #17
03-29 02:32:56.016: W/libprocessgroup(1149): kill(-22390, 9) failed: No such process
03-29 02:32:56.017: I/GeofencerStateMachine(8033): sendQueryLocationOptIn
03-29 02:32:56.020: I/chatty(8033): uid=10051 com.google.android.gms.persistent identical 1 line
03-29 02:32:56.026: I/GeofencerStateMachine(8033): sendQueryLocationOptIn
03-29 02:32:56.032: I/Zygote(737): Process 22390 exited due to signal (9)
03-29 02:32:56.038: W/libprocessgroup(1149): kill(-22390, 9) failed: No such process
03-29 02:32:56.038: I/libprocessgroup(1149): Successfully killed process cgroup uid 10129 pid 22390 in 22ms
03-29 02:32:56.040: I/GCoreUlr(8033): WorldUpdater:com.google.gservices.intent.action.GSERVICES_CHANGED: Ensuring that reporting is stopped because of reasons: {account#-5#=[InactiveReason{mIdentifier=6, mName='ReportingNotEnabled'}, InactiveReason{mIdentifier=14, mName='HistoryNotEnabled'}]}
03-29 02:32:56.044: W/DynamiteModule(8121): Local module descriptor class for providerinstaller not found.
03-29 02:32:56.044: I/DynamiteModule(8121): Considering local module providerinstaller:0 and remote module providerinstaller:0
03-29 02:32:56.044: W/ProviderInstaller(8121): Failed to load providerinstaller module: No acceptable module found. Local version is 0 and remote version is 0.
03-29 02:32:56.047: I/GCoreUlr(8033): Unbound from all signal providers.
03-29 02:32:56.049: I/GCoreUlr(8033): Successfully accounts update
03-29 02:32:56.051: W/DynamiteModule(8121): Local module descriptor class for providerinstaller not found.
03-29 02:32:56.051: I/DynamiteModule(8121): Considering local module providerinstaller:0 and remote module providerinstaller:0
03-29 02:32:56.051: W/ProviderInstaller(8121): Failed to load providerinstaller module: No acceptable module found. Local version is 0 and remote version is 0.
03-29 02:32:56.052: I/SoundTriggerModelLoader(22465): Unloading model 9f6ad62a-1f0b-11e7-87c5-40a8f03d3f15
03-29 02:32:56.052: I/SoundTriggerManagerComp(22465): Unloading model 9f6ad62a-1f0b-11e7-87c5-40a8f03d3f15
03-29 02:32:56.052: I/SoundTriggerService(1149): deleteSoundModel(): id = 9f6ad62a-1f0b-11e7-87c5-40a8f03d3f15
03-29 02:32:56.052: W/SoundTriggerHelper(1149): Unload error: Attempting unload invalid generic model with id:9f6ad62a-1f0b-11e7-87c5-40a8f03d3f15
03-29 02:32:56.057: I/ActivityManager(1149): Killing 22416:com.google.android.play.games.ui/u0a167 (adj 906): empty #17
03-29 02:32:56.058: W/libprocessgroup(1149): kill(-22416, 9) failed: No such process
03-29 02:32:56.067: W/DynamiteModule(8121): Local module descriptor class for providerinstaller not found.
03-29 02:32:56.067: I/DynamiteModule(8121): Considering local module providerinstaller:0 and remote module providerinstaller:0
03-29 02:32:56.067: I/GCoreUlr(8033): DispatchingService ignoring Intent { act=android.net.wifi.WIFI_STATE_CHANGED flg=0x4000010 (has extras) } because ULR inactive
03-29 02:32:56.067: W/ProviderInstaller(8121): Failed to load providerinstaller module: No acceptable module found. Local version is 0 and remote version is 0.
03-29 02:32:56.068: I/GCoreUlr(8033): Unbound from all signal providers.
03-29 02:32:56.068: I/GCoreUlr(8033): Successfully accounts update
03-29 02:32:56.068: I/GCoreUlr(8033): Stopping handler for UlrDispSvcFast
03-29 02:32:56.072: I/Zygote(737): Process 22416 exited due to signal (9)
03-29 02:32:56.074: W/DynamiteModule(8121): Local module descriptor class for providerinstaller not found.
03-29 02:32:56.074: I/DynamiteModule(8121): Considering local module providerinstaller:0 and remote module providerinstaller:0
03-29 02:32:56.074: W/ProviderInstaller(8121): Failed to load providerinstaller module: No acceptable module found. Local version is 0 and remote version is 0.
03-29 02:32:56.083: W/DynamiteModule(8121): Local module descriptor class for providerinstaller not found.
03-29 02:32:56.083: I/DynamiteModule(8121): Considering local module providerinstaller:0 and remote module providerinstaller:0
03-29 02:32:56.083: W/ProviderInstaller(8121): Failed to load providerinstaller module: No acceptable module found. Local version is 0 and remote version is 0.
03-29 02:32:56.089: W/libprocessgroup(1149): kill(-22416, 9) failed: No such process
03-29 02:32:56.089: I/libprocessgroup(1149): Successfully killed process cgroup uid 10167 pid 22416 in 31ms
03-29 02:32:56.099: E/ExecutionCriteria(8033): Package unavailable for task: com.google.android.apps.gcs/.service.GcsTaskService{u=0 tag="WfaStateTask" trigger=window{period=518400s,flex=86400s,earliest=-1611085s,latest=-1524685s} requirements=[NET_ANY] attributes=[PERSISTED,RECURRING] scheduled=-2043085s last_run=N/A jid=N/A status=PENDING retries=0 client_lib=MANCHEGO_GCM-11732000}
03-29 02:32:56.099: E/ExecutionCriteria(8033): Package unavailable for task: com.google.android.apps.gcs/com.google.android.flib.phenotype.services.PhenotypeExperimentCommitService{u=0 tag="PhenotypeExpCommitSvc" trigger=window{start=0s,end=30s,earliest=-42438s,latest=-42408s} requirements=[NET_ANY] attributes=[PERSISTED] scheduled=-42438s last_run=N/A jid=N/A status=PENDING retries=0 client_lib=MANCHEGO_GCM-11732000}
03-29 02:32:56.105: E/ExecutionCriteria(8033): Package unavailable for task: com.google.android.videos/com.google.android.apps.play.movies.common.FlushLogsTaskService{u=0 tag="flush_logs" trigger=window{period=86400s,flex=57600s,earliest=-13635s,latest=43964s} requirements=[NET_UNMETERED,CHARGING] attributes=[PERSISTED,RECURRING] scheduled=-42435s last_run=N/A jid=N/A status=PENDING retries=0 client_lib=MANCHEGO_GCM-10400000}
03-29 02:32:56.124: I/RecoverableKeyStoreGms(8121): [RecoverableKeyStoreGmsInitOperation] Initializing auth_folsom
03-29 02:32:56.125: I/RecoverableKeyStoreGms(8121): [RecoverableKeyStoreGmsInitOperation] com.google.android.gms.auth.folsom.service.FolsomPublicKeyUpdateService is already enabled. Ignore.
03-29 02:32:56.126: I/TestSupport(8121): AwaitCommitOperation: FlagOverride(com.google.android.gms.auth_account, , Flag(auth_sig_override_enabled, true, 2, 0), false) != FlagOverride(com.google.android.gms.auth_account, , Flag(auth_sig_override_enabled, false, 2, 0), true)
03-29 02:32:56.126: I/TestSupport(8121): AwaitCommitOperation: uncommitted: FlagOverride(com.google.android.gms.auth_account, , Flag(auth_sig_override_enabled, false, 2, 0), true)
03-29 02:32:56.126: I/TestSupport(8121): AwaitCommitOperation:  sleeping for 320 msec.
03-29 02:32:56.128: I/RecoverableKeyStoreGms(8121): [RecoverableKeyStoreGmsInitOperation] com.google.android.gms.auth.folsom.service.GcmReceiverService is already enabled. Ignore.
03-29 02:32:56.132: V/RecoverableKeyStoreMgr(1149): Not updating secret types - same as old value.
03-29 02:32:56.133: I/RecoverableKeyStoreGms(8121): [VaultHandleHelper] Building vaultHandle(version=1, instanceId=cphnFk-e6ug, deviceId=3610791406267106530)
03-29 02:32:56.133: I/RecoverableKeyStoreGms(8121): [RecoverableKeyStoreGmsInitOperation] Setting vault handle
03-29 02:32:56.134: V/RecoverableKeyStoreMgr(1149): Not updating server params - same as old value.
03-29 02:32:56.137: D/CAR.SETUP(8121): Received GService flag change intent.
03-29 02:32:56.138: I/ChromeSync(8121): [Sync,SyncIntentOperation] Handling the intent: Intent { act=com.google.gservices.intent.action.GSERVICES_CHANGED flg=0x1000010 cmp=com.google.android.gms/.chimera.GmsIntentOperationService$PersistentInternalReceiver }.
03-29 02:32:56.140: I/RecoverableKeyStoreGms(8121): [EnrollmentManager] Returning certificates list from cache
03-29 02:32:56.144: D/CAR.SETUP(8121): update DrivingMode components to true
03-29 02:32:56.145: D/CAR.SETUP(8121): Scheduling DrivingModeConfigCopier to start
03-29 02:32:56.150: D/CAR.DRIVINGMODE(8121): binding
03-29 02:32:56.162: D/CAR.DRIVINGMODE(8121): connected
03-29 02:32:56.162: W/ChimeraUtils(8121): Non Chimera context
03-29 02:32:56.163: I/chatty(8121): uid=10051(com.google.android.gms) ERVICES_CHANGED identical 2 lines
03-29 02:32:56.163: W/ChimeraUtils(8121): Non Chimera context
03-29 02:32:56.172: D/CAR.DRIVINGMODE(8121): Not showing set up notification due to settings flags.
03-29 02:32:56.172: D/CAR.SETUP(8121): Driving Mode ActivityTransition conditions not met. Skip registration.
03-29 02:32:56.172: D/CAR.DRIVINGMODE(8121): unbinding
03-29 02:32:56.177: I/RecoverableKeyStoreMgr(1149): The cert file serial number is the same, so skip updating.
03-29 02:32:56.177: I/RecoverableKeyStoreGms(8121): [EnrollmentManager] Recovery service is initialized.
03-29 02:32:56.179: I/RecoverySnapshotLstnrs(1149): Registered listener for agent with uid 10051
03-29 02:32:56.226: I/MobileDataHub(8121): Scheduling periodic tasks
03-29 02:32:56.242: W/MobileDataHub(8121): [Service] appsupload-periodic periodic task disabled
03-29 02:32:56.244: I/MS_Utils(8121): version of com.google.android.apps.maps = 977500244
03-29 02:32:56.273: I/SystemUpdate(8121): [Installation,ReceiverIntentOperation] Received intent: Intent { act=com.google.gservices.intent.action.GSERVICES_CHANGED flg=0x1000010 cmp=com.google.android.gms/.chimera.GmsIntentOperationService$PersistentInternalReceiver }.
03-29 02:32:56.288: E/bvzg(8121): *~*~*~ Channel {0} was not shutdown properly!!! ~*~*~*
03-29 02:32:56.288: E/bvzg(8121):     Make sure to call shutdown()/shutdownNow() and wait until awaitTermination() returns true.
03-29 02:32:56.288: E/bvzg(8121): java.lang.RuntimeException: ManagedChannel allocation site
03-29 02:32:56.288: E/bvzg(8121): 	at bvzh.<init>(:com.google.android.gms@15090037@15.0.90 (100400-231259764):1)
03-29 02:32:56.288: E/bvzg(8121): 	at bvzg.<init>(:com.google.android.gms@15090037@15.0.90 (100400-231259764):2)
03-29 02:32:56.288: E/bvzg(8121): 	at bvzg.<init>(:com.google.android.gms@15090037@15.0.90 (100400-231259764):1)
03-29 02:32:56.288: E/bvzg(8121): 	at bvry.b(:com.google.android.gms@15090037@15.0.90 (100400-231259764):13)
03-29 02:32:56.288: E/bvzg(8121): 	at rfz.a(:com.google.android.gms@15090037@15.0.90 (100400-231259764):39)
03-29 02:32:56.288: E/bvzg(8121): 	at rfz.a(:com.google.android.gms@15090037@15.0.90 (100400-231259764):67)
03-29 02:32:56.288: E/bvzg(8121): 	at ryk.a(:com.google.android.gms@15090037@15.0.90 (100400-231259764):309)
03-29 02:32:56.288: E/bvzg(8121): 	at rxn.a(:com.google.android.gms@15090037@15.0.90 (100400-231259764):3)
03-29 02:32:56.288: E/bvzg(8121): 	at rxn.a(:com.google.android.gms@15090037@15.0.90 (100400-231259764):14)
03-29 02:32:56.288: E/bvzg(8121): 	at rxn.a(:com.google.android.gms@15090037@15.0.90 (100400-231259764):58)
03-29 02:32:56.288: E/bvzg(8121): 	at com.google.android.gms.constellation.EventManager.onHandleIntent(:com.google.android.gms@15090037@15.0.90 (100400-231259764):62)
03-29 02:32:56.288: E/bvzg(8121): 	at com.google.android.chimera.IntentOperation.onHandleIntent(:com.google.android.gms@15090037@15.0.90 (100400-231259764):2)
03-29 02:32:56.288: E/bvzg(8121): 	at pkf.onHandleIntent(:com.google.android.gms@15090037@15.0.90 (100400-231259764):4)
03-29 02:32:56.288: E/bvzg(8121): 	at dvx.run(:com.google.android.gms@15090037@15.0.90 (100400-231259764):12)
03-29 02:32:56.288: E/bvzg(8121): 	at dvu.run(:com.google.android.gms@15090037@15.0.90 (100400-231259764):9)
03-29 02:32:56.288: E/bvzg(8121): 	at java.util.concurrent.ThreadPoolExecutor.runWorker(ThreadPoolExecutor.java:1167)
03-29 02:32:56.288: E/bvzg(8121): 	at java.util.concurrent.ThreadPoolExecutor$Worker.run(ThreadPoolExecutor.java:641)
03-29 02:32:56.288: E/bvzg(8121): 	at java.lang.Thread.run(Thread.java:764)
03-29 02:32:56.288: E/bvzg(8121): *~*~*~ Channel {0} was not shutdown properly!!! ~*~*~*
03-29 02:32:56.288: E/bvzg(8121):     Make sure to call shutdown()/shutdownNow() and wait until awaitTermination() returns true.
03-29 02:32:56.288: E/bvzg(8121): java.lang.RuntimeException: ManagedChannel allocation site
03-29 02:32:56.288: E/bvzg(8121): 	at bvzh.<init>(:com.google.android.gms@15090037@15.0.90 (100400-231259764):1)
03-29 02:32:56.288: E/bvzg(8121): 	at bvzg.<init>(:com.google.android.gms@15090037@15.0.90 (100400-231259764):2)
03-29 02:32:56.288: E/bvzg(8121): 	at bvzg.<init>(:com.google.android.gms@15090037@15.0.90 (100400-231259764):1)
03-29 02:32:56.288: E/bvzg(8121): 	at bvry.b(:com.google.android.gms@15090037@15.0.90 (100400-231259764):13)
03-29 02:32:56.288: E/bvzg(8121): 	at ilr.<init>(:com.google.android.gms@15090037@15.0.90 (100400-231259764):4)
03-29 02:32:56.288: E/bvzg(8121): 	at inl.<init>(:com.google.android.gms@15090037@15.0.90 (100400-231259764):1)
03-29 02:32:56.288: E/bvzg(8121): 	at inm.a(:com.google.android.gms@15090037@15.0.90 (100400-231259764):6)
03-29 02:32:56.288: E/bvzg(8121): 	at inm.a(:com.google.android.gms@15090037@15.0.90 (100400-231259764):85)
03-29 02:32:56.288: E/bvzg(8121): 	at iob.a(:com.google.android.gms@15090037@15.0.90 (100400-231259764):2)
03-29 02:32:56.288: E/bvzg(8121): 	at yvi.run(:com.google.android.gms@15090037@15.0.90 (100400-231259764):27)
03-29 02:32:56.288: E/bvzg(8121): 	at bgjq.run(:com.google.android.gms@15090037@15.0.90 (100400-231259764):2)
03-29 02:32:56.288: E/bvzg(8121): 	at rnb.run(:com.google.android.gms@15090037@15.0.90 (100400-231259764):21)
03-29 02:32:56.288: E/bvzg(8121): 	at java.util.concurrent.ThreadPoolExecutor.runWorker(ThreadPoolExecutor.java:1167)
03-29 02:32:56.288: E/bvzg(8121): 	at java.util.concurrent.ThreadPoolExecutor$Worker.run(ThreadPoolExecutor.java:641)
03-29 02:32:56.288: E/bvzg(8121): 	at rsw.run(Unknown Source:7)
03-29 02:32:56.288: E/bvzg(8121): 	at java.lang.Thread.run(Thread.java:764)
03-29 02:32:56.305: I/SystemUpdate(8121): [Execution,InstallationEventIntentOperation] Handling event of type 2.
03-29 02:32:56.306: I/SystemUpdate(8121): [Execution,InstallationIntentOperation] Received intent: Intent { act=com.google.android.gms.update.INSTALL_UPDATE cat=[targeted_intent_op_prefix:.update.execution.InstallationIntentOperation] cmp=com.google.android.gms/.chimera.GmsIntentOperationService }.
03-29 02:32:56.308: I/SystemUpdate(8121): [Execution,ExecutionManager] Action finished-execution executed for 0.00 seconds.
03-29 02:32:56.316: W/Conscrypt(8033): Could not set socket write timeout: java.net.SocketException: Socket closed
03-29 02:32:56.316: W/Conscrypt(8033): 	at com.google.android.gms.org.conscrypt.Platform.setSocketWriteTimeout(:com.google.android.gms@15090037@15.0.90 (100400-231259764):2)
03-29 02:32:56.316: W/Conscrypt(8033): 	at com.google.android.gms.org.conscrypt.ConscryptFileDescriptorSocket.setSoWriteTimeout(:com.google.android.gms@15090037@15.0.90 (100400-231259764):2)
03-29 02:32:56.322: I/OcrModelUpStIntentOp(8121): Updating ocr activity enabled=true (phenotypeFlag=true, lowRamDevice=false, prereqCheck=true)
03-29 02:32:56.329: W/Conscrypt(8033): Could not set socket write timeout: java.net.SocketException: Socket closed
03-29 02:32:56.330: W/Conscrypt(8033): 	at com.google.android.gms.org.conscrypt.Platform.setSocketWriteTimeout(:com.google.android.gms@15090037@15.0.90 (100400-231259764):2)
03-29 02:32:56.330: W/Conscrypt(8033): 	at com.google.android.gms.org.conscrypt.ConscryptFileDescriptorSocket.setSoWriteTimeout(:com.google.android.gms@15090037@15.0.90 (100400-231259764):2)
03-29 02:32:56.337: D/QSEECOMAPI(22789): QSEECom_get_handle sb_length = 0x400
03-29 02:32:56.337: D/QSEECOMAPI(22789): App is already loaded QSEE and app id = 1
03-29 02:32:56.338: E/fpc_tac(22789): qsee_km_get_encapsulated_key KEYMASTER_GET_AUTH_TOKEN_KEY returned status=-24
03-29 02:32:56.339: D/QSEECOMAPI(22789): QSEECom_dealloc_memory 
03-29 02:32:56.339: D/QSEECOMAPI(22789): QSEECom_shutdown_app, app_id = 1
03-29 02:32:56.339: E/fpc_fingerprint_hal(22789): fpc_hal_open failed
