03-29 02:32:44.876: W/ActivityManager(1149): Background start not allowed: service Intent { act=com.google.firebase.INSTANCE_ID_EVENT pkg=com.google.android.gm cmp=com.google.android.gm/com.google.firebase.iid.FirebaseInstanceIdService (has extras) } to com.google.android.gm/com.google.firebase.iid.FirebaseInstanceIdService from pid=21657 uid=10126 pkg=com.google.android.gm startFg?=false
03-29 02:32:44.876: E/FirebaseInstanceId(21657): Failed to start service while in background: java.lang.IllegalStateException: Not allowed to start service Intent { act=com.google.firebase.INSTANCE_ID_EVENT pkg=com.google.android.gm cmp=com.google.android.gm/com.google.firebase.iid.FirebaseInstanceIdService (has extras) }: app is in background uid UidRecord{e6c9c0d u0a126 RCVR idle change:uncached procs:1 seq(0,0,0)}
03-29 02:32:44.876: I/AccountManagerService(1149): the accounts changed, sending broadcast of android.accounts.LOGIN_ACCOUNTS_CHANGED
03-29 02:32:44.880: I/AccountManagerService(1149): the accounts changed, sending broadcast of android.accounts.LOGIN_ACCOUNTS_CHANGED
03-29 02:32:44.891: I/ContactsProvider(21107): Accounts changed
03-29 02:32:44.893: I/ActivityManager(1149): Start proc 21678:com.google.android.music:main/u0a83 for broadcast com.google.android.music/.AccountsBroadcastReceiver
03-29 02:32:44.895: I/ContactsProvider(21107): Accounts changed
03-29 02:32:44.897: I/Auth(8033): [BroadcastManager] Broadcasting account services changed.
03-29 02:32:44.903: E/roid.music:mai(21678): Not starting debugger since process cannot load the jdwp agent.
03-29 02:32:44.911: W/Gmail(21657): EasBundling:in EasBundling.init, isBundlingEnabled=true
03-29 02:32:44.922: W/AccountTypeProvider(21602): Skipping extension package com.google.android.gms because the CONTACTS_STRUCTURE metadata doesn't have the accountType attribute
03-29 02:32:44.926: I/ActivityManager(1149): Start proc 21696:com.google.android.keep/u0a150 for service com.google.android.keep/.syncadapter.KeepSyncAdapterService
03-29 02:32:44.926: I/AuthService(21442): [AddAccountOperation] Succeeded.
03-29 02:32:44.934: E/le.android.kee(21696): Not starting debugger since process cannot load the jdwp agent.
03-29 02:32:44.938: I/roid.music:mai(21678): The ClassLoaderContext is a special shared library.
03-29 02:32:44.941: I/roid.music:mai(21678): The ClassLoaderContext is a special shared library.
03-29 02:32:44.950: I/AccountManagerService(1149): the accounts changed, sending broadcast of android.accounts.LOGIN_ACCOUNTS_CHANGED
03-29 02:32:44.951: I/ActivityManager(1149): Start proc 21714:com.google.process.gapps/u0a118 for content provider com.google.android.syncadapters.contacts/.ProxyGalProvider
03-29 02:32:44.966: E/e.process.gapp(21714): Not starting debugger since process cannot load the jdwp agent.
03-29 02:32:44.992: I/Icing(8121): updateResources: need to parse abei{com.google.android.gms}
03-29 02:32:44.992: I/AuthService(21442): [AccountService] Execution time for add account with authorization code, options: Bundle[{}] is 796 ms.
03-29 02:32:44.995: I/MultiDex(21678): VM with version 2.1.0 has multidex support
03-29 02:32:44.995: I/MultiDex(21678): install
03-29 02:32:44.995: I/MultiDex(21678): VM has multidex support, MultiDex support library is disabled.
03-29 02:32:44.996: I/e.process.gapp(21714): The ClassLoaderContext is a special shared library.
03-29 02:32:44.998: D/LoginUtil(21379): Instrumentation completed successfully
03-29 02:32:44.998: I/e.process.gapp(21714): The ClassLoaderContext is a special shared library.
03-29 02:32:44.998: I/ActivityManager(1149): Force stopping com.google.android.apps.mtaas.loginutil appid=10154 user=0: finished inst
03-29 02:32:44.999: I/ActivityManager(1149): Killing 21379:com.google.android.apps.mtaas.loginutil/u0a154 (adj 0): stop com.google.android.apps.mtaas.loginutil
03-29 02:32:45.000: W/Binder(1149): Outgoing transactions from this process must be FLAG_ONEWAY
03-29 02:32:45.000: W/Binder(1149): java.lang.Throwable
03-29 02:32:45.000: W/Binder(1149): 	at android.os.BinderProxy.transact(Binder.java:1114)
03-29 02:32:45.000: W/Binder(1149): 	at android.app.IInstrumentationWatcher$Stub$Proxy.instrumentationFinished(IInstrumentationWatcher.java:164)
03-29 02:32:45.000: W/Binder(1149): 	at com.android.server.am.InstrumentationReporter$MyThread.run(InstrumentationReporter.java:86)
03-29 02:32:45.001: D/AndroidRuntime(21330): Shutting down VM
03-29 02:32:45.002: W/libprocessgroup(1149): kill(-21379, 9) failed: No such process
03-29 02:32:45.006: I/ActivityManager(1149): Killing 21082:com.android.cellbroadcastreceiver/u0a58 (adj 906): empty #17
03-29 02:32:45.013: I/Zygote(737): Process 21379 exited due to signal (9)
03-29 02:32:45.019: W/GAV2(21657): Thread[main,5,main]: Need to call initialize() and be in fallback mode to start dispatch.
03-29 02:32:45.026: I/AlarmClock(21634): Started indexing all application data.
03-29 02:32:45.027: W/ComponentDiscovery(21696): Application info not found.
03-29 02:32:45.028: W/ComponentDiscovery(21696): Could not retrieve metadata, returning empty list of registrars.
03-29 02:32:45.036: I/Zygote(737): Process 21082 exited due to signal (9)
03-29 02:32:45.038: E/Gmail(21657): Gmail:TotalBandwidthLoggerRunner: Bandwidth Value was not valid: BandwidthValue{mTxBytes=-1, mRxBytes=-1, mTxPackets=-1, mRxPackets=-1, mStartTimeMs=0, mEndTimeMs=42450904, mConnectivityType=TYPE_COMBINED, mTag=TOTAL_APP_UID}
03-29 02:32:45.046: W/libprocessgroup(1149): kill(-21379, 9) failed: No such process
03-29 02:32:45.046: I/libprocessgroup(1149): Successfully killed process cgroup uid 10154 pid 21379 in 43ms
03-29 02:32:45.046: W/libprocessgroup(1149): kill(-21082, 9) failed: No such process
03-29 02:32:45.046: I/libprocessgroup(1149): Successfully killed process cgroup uid 10058 pid 21082 in 0ms
03-29 02:32:45.048: E/ogle.android.g(21657): The String#value field is not present on Android versions >= 6.0
03-29 02:32:45.051: I/GoogleHttpClient(21714): GMS http client unavailable, use old client
03-29 02:32:45.051: W/SyncManager(1149): Clock is valid now.
03-29 02:32:45.061: D/AppIndexApi(21634): Logging objectbpv@fd0f5ef
03-29 02:32:45.061: W/Gmail(21657): Gmail:For b/73513912, load account content://com.android.gmail.ui/account.-2137146394 from MailAppProvider. Is account valid result: 1.
03-29 02:32:45.064: W/Gmail(21657): Gmail:For b/73513912, load account content://com.google.android.gm.email.provider/account.-437561172?suppress_combined%3Dtrue from MailAppProvider. Is account valid result: 1.
03-29 02:32:45.068: W/Primes(21696): Primes not initialized, returning default (no-op) Primes instance which will ignore all calls. Please call Primes.initialize(...) before using any Primes API.
03-29 02:32:45.068: I/ProxyGalProvider(21714): QueryGalProvider in Legacy provider.
03-29 02:32:45.072: W/PrimesInit(21696): Primes instant initialization
03-29 02:32:45.074: D/MusicLifecycle(21678): com.google.android.music.store.ConfigContentProvider generated event: Content provider created
03-29 02:32:45.076: I/ActivityManager(1149): Killing 20426:android.process.media/u0a12 (adj 906): empty #17
03-29 02:32:45.076: W/libprocessgroup(1149): kill(-20426, 9) failed: No such process
03-29 02:32:45.077: W/Primes(21696): background initialization
03-29 02:32:45.085: D/MusicLifecycle(21678): com.google.android.music.api.MusicPublicContentProvider generated event: Content provider created
03-29 02:32:45.097: I/Zygote(737): Process 20426 exited due to signal (9)
03-29 02:32:45.099: W/ChimeraUtils(8121): Non Chimera context
03-29 02:32:45.099: W/ChimeraUtils(8121): Non Chimera context
03-29 02:32:45.105: D/MusicLifecycle(21678): com.google.android.music.store.MusicContentProvider generated event: Content provider created
03-29 02:32:45.119: W/libprocessgroup(1149): kill(-20426, 9) failed: No such process
03-29 02:32:45.119: I/libprocessgroup(1149): Successfully killed process cgroup uid 10012 pid 20426 in 42ms
03-29 02:32:45.129: D/MusicLifecycle(21678): com.google.android.music.ui.PhoneMusicApplication generated event: Application created
03-29 02:32:45.137: I/CheckinUtil(8033): Classify the device as Phone.
03-29 02:32:45.141: I/ContactDirectoryManager(21107): deleted 0 stale rows which don't have any relevant directory
03-29 02:32:45.142: I/ContactDirectoryManager(21107): Discovered 1 contact directories in 230ms
03-29 02:32:45.148: I/LanguageSettingsHelper(8068): Removing enrollment utterances : Locale changed
03-29 02:32:45.150: E/UtteranceHandler(8068): Called deleteEnrollmentUtterances for null account
03-29 02:32:45.156: I/system_server(1149): Waiting for a blocking GC Explicit
03-29 02:32:45.160: W/ChimeraUtils(8033): Non Chimera context
03-29 02:32:45.160: W/ChimeraUtils(8033): Non Chimera context
03-29 02:32:45.165: I/PeopleDatabaseHelper(8121): Updating DB locale: en_US -> en_GB
03-29 02:32:45.169: W/ChimeraUtils(8033): Non Chimera context
03-29 02:32:45.169: W/ChimeraUtils(8033): Non Chimera context
03-29 02:32:45.180: I/OpaEnabledReceiver(1437): Dispatching OPA eligble = true; AGSA = true; OPA enabled = true
03-29 02:32:45.180: I/OpaLayout(1437): Setting opa enabled to true
03-29 02:32:45.181: I/OpaLayout(1437): Setting opa enabled to true
03-29 02:32:45.186: W/Conscrypt(8033): Could not set socket write timeout: java.net.SocketException: Socket closed
03-29 02:32:45.186: W/Conscrypt(8033): 	at com.google.android.gms.org.conscrypt.Platform.setSocketWriteTimeout(:com.google.android.gms@15090037@15.0.90 (100400-231259764):2)
03-29 02:32:45.186: W/Conscrypt(8033): 	at com.google.android.gms.org.conscrypt.ConscryptFileDescriptorSocket.setSoWriteTimeout(:com.google.android.gms@15090037@15.0.90 (100400-231259764):2)
03-29 02:32:45.188: W/ChimeraUtils(8121): Non Chimera context
03-29 02:32:45.189: I/chatty(8121): uid=10051(com.google.android.gms) identical 4 lines
03-29 02:32:45.189: W/ChimeraUtils(8121): Non Chimera context
03-29 02:32:45.191: I/OpaEligibilityChecker(8068): send OpaEligibilityChange broadcast to CommonBroadcastReceiver
03-29 02:32:45.196: I/DefaultSticker(1420): Received android.intent.action.LOCALE_CHANGED broadcast from null
03-29 02:32:45.197: D/MusicLifecycle(21678): com.google.android.music.store.ConfigContentProvider generated event: initializing
03-29 02:32:45.197: I/OpaEnabledReceiver(1437): Dispatching OPA eligble = true; AGSA = true; OPA enabled = true
03-29 02:32:45.197: I/OpaLayout(1437): Setting opa enabled to true
03-29 02:32:45.198: I/OpaLayout(1437): Setting opa enabled to true
03-29 02:32:45.202: I/BaseStore(21678): ConfigStore database version: 1
03-29 02:32:45.213: W/KeepGATracker(21696): Disabling GA because no account was specified
03-29 02:32:45.215: I/BgTaskExecutorImpl(8068): Starting EXCLUSIVE background task UPDATE_HOTWORD_MODELS.
03-29 02:32:45.216: E/ExecutionCriteria(8033): Package unavailable for task: com.google.android.apps.gcs/.service.GcsTaskService{u=0 tag="WfaStateTask" trigger=window{period=518400s,flex=86400s,earliest=-1611074s,latest=-1524674s} requirements=[NET_ANY] attributes=[PERSISTED,RECURRING] scheduled=-2043074s last_run=N/A jid=N/A status=PENDING retries=0 client_lib=MANCHEGO_GCM-11732000}
03-29 02:32:45.216: E/ExecutionCriteria(8033): Package unavailable for task: com.google.android.apps.gcs/com.google.android.flib.phenotype.services.PhenotypeExperimentCommitService{u=0 tag="PhenotypeExpCommitSvc" trigger=window{start=0s,end=30s,earliest=-42427s,latest=-42397s} requirements=[NET_ANY] attributes=[PERSISTED] scheduled=-42427s last_run=N/A jid=N/A status=PENDING retries=0 client_lib=MANCHEGO_GCM-11732000}
03-29 02:32:45.217: I/HotwordHelper(8068): hasHotwordEverywhere-true
03-29 02:32:45.218: W/DynamiteModule(8121): Local module descriptor class for providerinstaller not found.
03-29 02:32:45.218: I/DynamiteModule(8121): Considering local module providerinstaller:0 and remote module providerinstaller:0
03-29 02:32:45.218: W/ProviderInstaller(8121): Failed to load providerinstaller module: No acceptable module found. Local version is 0 and remote version is 0.
03-29 02:32:45.222: W/Conscrypt(8033): Could not set socket write timeout: java.net.SocketException: Socket closed
03-29 02:32:45.222: W/Conscrypt(8033): 	at com.google.android.gms.org.conscrypt.Platform.setSocketWriteTimeout(:com.google.android.gms@15090037@15.0.90 (100400-231259764):2)
03-29 02:32:45.222: W/Conscrypt(8033): 	at com.google.android.gms.org.conscrypt.ConscryptFileDescriptorSocket.setSoWriteTimeout(:com.google.android.gms@15090037@15.0.90 (100400-231259764):2)
03-29 02:32:45.225: I/PeopleSearchIndexManage(8121): Marking for index update.
03-29 02:32:45.231: W/ActivityManager(1149): Unable to start service Intent { cmp=com.google.android.gm/com.android.email.service.AttachmentService } U=0: not found
03-29 02:32:45.234: I/PeopleSearchIndexManage(8121): Index version changed from 0
03-29 02:32:45.235: I/BgTaskExecutorImpl(8068): Starting EXCLUSIVE background task SEND_GSA_HOME_REQUEST.
03-29 02:32:45.239: W/SearchServiceCore(8068): Abort, client detached.
03-29 02:32:45.243: I/roid.music:mai(21678): The ClassLoaderContext is a special shared library.
03-29 02:32:45.244: I/ModelDownloadController(8068): requestHotwordModelUpdate modelType-OK_GOOGLE
03-29 02:32:45.245: I/roid.music:mai(21678): The ClassLoaderContext is a special shared library.
03-29 02:32:45.245: I/ModelDownloadController(8068): Handle the downloaded hotword model
03-29 02:32:45.246: I/roid.music:mai(21678): The ClassLoaderContext is a special shared library.
03-29 02:32:45.250: I/GsaVoiceInteractionSrv(2193): Creating AOHD: Keyphrase - Ok Google, Locale - en-GB/en-GB
03-29 02:32:45.251: I/PrimesTesting(21696): GserviceFlagsSupplier.get()
03-29 02:32:45.251: W/SoundTriggerHelper(1149): Attempting stopRecognition without a successful startRecognition
03-29 02:32:45.251: W/AlwaysOnHotwordDetector(2193): stopRecognition() failed with error code -2147483648
03-29 02:32:45.254: I/PeopleSearchIndexManage(8121): Rebuilding index...
03-29 02:32:45.258: W/AlwaysOnHotwordDetector(2193): Received message: 1 for an invalid detector
03-29 02:32:45.268: I/system_server(1149): Background concurrent copying GC freed 124007(6MB) AllocSpace objects, 218(9MB) LOS objects, 42% free, 19MB/33MB, paused 71us total 201.994ms
03-29 02:32:45.268: I/system_server(1149): WaitForGcToComplete blocked Explicit on HeapTrim for 111.754ms
03-29 02:32:45.272: W/SoundModelDBHelper(1149): No SoundModel available for the given keyphrase
03-29 02:32:45.280: V/NativeCrypto(21678): Registering com/google/android/gms/org/conscrypt/NativeCrypto's 287 native methods...
03-29 02:32:45.283: W/Icing(8033): isOptedInForAppHistory: empty Account Name encountered
03-29 02:32:45.291: I/ActivityManager(1149): START u0 {act=com.android.intent.action.MANAGE_VOICE_KEYPHRASES flg=0x10000000 pkg=com.android.hotwordenrollment.okgoogle cmp=com.android.hotwordenrollment.okgoogle/.EnrollmentActivity (has extras)} from uid 10048
03-29 02:32:45.298: D/NetworkSecurityConfig(21678): No Network Security Config specified, using platform default
03-29 02:32:45.298: I/ProviderInstaller(21678): Installed default security provider GmsCore_OpenSSL
03-29 02:32:45.298: D/AndroidMusic(21678): GMSCore installation verified
03-29 02:32:45.304: D/android.hardware.power@1.3-service.crosshatch-libperfmgr(777): LAUNCH ON
03-29 02:32:45.359: E/ExecutionCriteria(8033): Package unavailable for task: com.google.android.videos/com.google.android.apps.play.movies.common.FlushLogsTaskService{u=0 tag="flush_logs" trigger=window{period=86400s,flex=57600s,earliest=-13625s,latest=43974s} requirements=[NET_UNMETERED,CHARGING] attributes=[PERSISTED,RECURRING] scheduled=-42425s last_run=N/A jid=N/A status=PENDING retries=0 client_lib=MANCHEGO_GCM-10400000}
03-29 02:32:45.367: W/SearchServiceCore(8068): Abort, client detached.
03-29 02:32:45.367: I/chatty(8068): uid=10048 com.google.android.googlequicksearchbox:search identical 1 line
03-29 02:32:45.367: W/SearchServiceCore(8068): Abort, client detached.
03-29 02:32:45.383: D/fpc_hidl(21809): fpc fingerprint hwbinder service starting
03-29 02:32:45.383: D/QSEECOMAPI(21809): QSEECom_get_handle sb_length = 0x80
03-29 02:32:45.383: D/QSEECOMAPI(21809): App is not loaded in QSEE
03-29 02:32:45.383: D/QSEECOMAPI(21809): app_arch = 2, total_files = 9
03-29 02:32:45.384: I/ActivityManager(1149): Start proc 21812:com.android.hotwordenrollment.okgoogle/u0a33 for activity com.android.hotwordenrollment.okgoogle/.EnrollmentActivity
03-29 02:32:45.386: W/SessionLifecycleManager(8068): Client : AttachedClient[35484993061279018, ClientConfig[mFlags=[default, headless, launch_external_voice_search_ui, support_transparent_background, legacy_leave_behind_dirty_session_fixme] mSuggestFlags=[0] mClientId=HOTWORD_SERVICE mSessionType=search]] has no associated SessionController
03-29 02:32:45.386: W/SearchServiceCore(8068): Abort, client detached.
03-29 02:32:45.386: W/SearchServiceCore(8068): Abort, client detached.
03-29 02:32:45.392: E/llment.okgoogl(21812): Not starting debugger since process cannot load the jdwp agent.
03-29 02:32:45.395: I/BgTaskExecutorImpl(8068): Starting EXCLUSIVE background task SPEAKERID_SILENT_ENROLLMENT.
03-29 02:32:45.396: I/PeopleASM(8121): Rebuilding autocomplete index...
03-29 02:32:45.400: I/PeopleSearchIndexManage(8121): Rebuilding index done.
03-29 02:32:45.408: I/HotwordSilentEnrollment(8068): Executing HotwordSilentEnrollment
03-29 02:32:45.422: W/SearchServiceCore(8068): Abort, client detached.
03-29 02:32:45.422: W/SearchServiceCore(8068): Abort, client detached.
03-29 02:32:45.433: E/s.messaging:rc(21827): Not starting debugger since process cannot load the jdwp agent.
03-29 02:32:45.433: I/ActivityManager(1149): Start proc 21827:com.google.android.apps.messaging:rcs/u0a88 for service com.google.android.apps.messaging/com.google.android.ims.service.JibeService
03-29 02:32:45.435: I/system_server(1149): Explicit concurrent copying GC freed 41405(2MB) AllocSpace objects, 19(968KB) LOS objects, 42% free, 16MB/28MB, paused 75us total 166.808ms
03-29 02:32:45.440: I/llment.okgoogl(21812): The ClassLoaderContext is a special shared library.
03-29 02:32:45.446: D/QSEECOMAPI(21809): Loaded image: APP id = 8480
03-29 02:32:45.443: W/com.android.hotwordenrollment.okgoogle(21812): type=1400 audit(0.0:83): avc: denied { read } for comm=45474C20496E6974 name="u:object_r:vendor_default_prop:s0" dev="tmpfs" ino=19690 scontext=u:r:priv_app:s0:c512,c768 tcontext=u:object_r:vendor_default_prop:s0 tclass=file permissive=0
03-29 02:32:45.448: E/libc(21812): Access denied finding property "vendor.debug.egl.profiler"
03-29 02:32:45.451: E/fpc_tac(21809): fpcbuildinfo : 575ddab5b91efea67ee1d200fc813ff2fpc_bio=bd35c3fec78219829149bea6c9ec961e6f655b90C:prodtestlib=4304cf5c884c198624b749af3482befacbd3028eC:fpc_c_core=dc194509594e837dedfb5452aaf06fcb61977135C:fpc_lib=cd5b7b876c3d69afa68a11ac6fd86f873e70817bC:cac=297e11552c60a3607ed664cf44c3e4b36ab2e737C:fpc_bio_interface=94a457caecae31eca8ef04b64c3f82a018e9bbc0C:fpc_sensor=ba909a5500944acafe47a0ef3a49f89509aadfb6C:tools_core=94ddf1e684cfa6c99f0f237f7cc35f3962e0e597C:sensor_settings=4fcf864fb493ae0272a9b2806446b379d99fd8ceC:fingerprint_ta=066bc0ab880960a4a69b74a328c7d7871c72225bC:fingerprint_pal=0deb9a478a3572872639f9cb2559ccc464ee3f9bC:manifests=dcb3d8ab0bdb7a5b341839d8c75bb88fc7f5e1a4C:Manifesttag=SW23.3.0-PDR1.0.5:jenkins@84ffd74dac44:Thu,17May201810:17:08+0200:FPC_SENSOR_TYPE=FPC_SENSOR_TYPE_FPC1270:FPC_CC_TYPE=FPC_COMPANION_CHIP_FPC2050:FPC_C_TYPE=FPC_COATING_NORMAL
03-29 02:32:45.451: E/fpc_tac(21809): fpcbuildtype : build=RELEASE sensor=9
03-29 02:32:45.452: I/aldd(8033): Scheduling Phenotype for a PhenotypeSyncImmediately(6, com.google.android.keep) one off with window [1, 2] in seconds [CONTEXT service_id=51 ]
03-29 02:32:45.453: W/EventHub(1149): Unable to disable kernel key repeat for /dev/input/event3: Function not implemented
03-29 02:32:45.453: I/EventHub(1149): wakeMechanism=EPOLLWAKEUP, usingClockIoctl=true
03-29 02:32:45.453: I/EventHub(1149): New device: id=8472, fd=120, path='/dev/input/event3', name='uinput-fpc', classes=0x101, configuration='/system/usr/idc/uinput-fpc.idc', keyLayout='/system/usr/keylayout/uinput-fpc.kl', keyCharacterMap='/system/usr/keychars/Generic.kcm', builtinKeyboard=true, 
03-29 02:32:45.453: W/InputReader(1149): Ignoring spurious device added event for deviceId 0.
03-29 02:32:45.466: I/AlarmClock(21634): Finished indexing all application data.
03-29 02:32:45.469: I/EnrollmentActivity(21812): Started by non-activity for action: 0, keyphrase: Ok Google, locale: en-GB
03-29 02:32:45.471: D/OpenGLRenderer(21812): Skia GL Pipeline
03-29 02:32:45.473: I/gle.android.gm(8121): Background concurrent copying GC freed 47001(2MB) AllocSpace objects, 4(208KB) LOS objects, 49% free, 10MB/21MB, paused 899us total 181.856ms
03-29 02:32:45.478: I/s.messaging:rc(21827): The ClassLoaderContext is a special shared library.
03-29 02:32:45.484: W/System(8121): A resource failed to call close. 
03-29 02:32:45.485: I/s.messaging:rc(21827): The ClassLoaderContext is a special shared library.
03-29 02:32:45.490: W/SoundTriggerHelper(1149): Attempting stopRecognition without a successful startRecognition
03-29 02:32:45.490: W/AlwaysOnHotwordDetector(2193): stopRecognition() failed with error code -2147483648
03-29 02:32:45.501: I/Adreno(21812): QUALCOMM build                   : 3f88ca2, I42f6fe38fb
03-29 02:32:45.501: I/Adreno(21812): Build Date                       : 07/13/18
03-29 02:32:45.501: I/Adreno(21812): OpenGL ES Shader Compiler Version: EV031.24.00.00
03-29 02:32:45.501: I/Adreno(21812): Local Branch                     : 50.04
03-29 02:32:45.501: I/Adreno(21812): Remote Branch                    : 
03-29 02:32:45.501: I/Adreno(21812): Remote Branch                    : 
03-29 02:32:45.501: I/Adreno(21812): Reconstruct Branch               : 
03-29 02:32:45.501: I/Adreno(21812): Build Config                     : S P 4.0.10 AArch64
03-29 02:32:45.501: I/EnrollmentActivity(21812): Enroll keyphrase Ok Googleoperation succeeded for en-GB
03-29 02:32:45.500: W/RenderThread(21812): type=1400 audit(0.0:84): avc: denied { read } for name="u:object_r:vendor_default_prop:s0" dev="tmpfs" ino=19690 scontext=u:r:priv_app:s0:c512,c768 tcontext=u:object_r:vendor_default_prop:s0 tclass=file permissive=0
03-29 02:32:45.502: E/libc(21812): Access denied finding property "ro.vendor.graphics.memory"
03-29 02:32:45.503: I/Adreno(21812): PFP: 0x016ee170, ME: 0x00000000
03-29 02:32:45.504: I/MultiDex(21827): VM with version 2.1.0 has multidex support
03-29 02:32:45.504: I/MultiDex(21827): install
03-29 02:32:45.504: I/MultiDex(21827): VM has multidex support, MultiDex support library is disabled.
03-29 02:32:45.506: I/ConfigStore(21812): android::hardware::configstore::V1_0::ISurfaceFlingerConfigs::hasWideColorDisplay retrieved: 1
03-29 02:32:45.506: I/ConfigStore(21812): android::hardware::configstore::V1_0::ISurfaceFlingerConfigs::hasHDRDisplay retrieved: 1
03-29 02:32:45.506: I/OpenGLRenderer(21812): Initialized EGL, version 1.4
03-29 02:32:45.506: D/OpenGLRenderer(21812): Swap behavior 2
03-29 02:32:45.509: W/Nearby(8033): Bind call too late - someone already tried to get: interface boqs [CONTEXT service_id=49 ]
03-29 02:32:45.511: I/GsaVoiceInteractionSrv(2193): Not starting recognition
03-29 02:32:45.513: W/RenderThread(21812): type=1400 audit(0.0:85): avc: denied { read } for name="u:object_r:vendor_default_prop:s0" dev="tmpfs" ino=19690 scontext=u:r:priv_app:s0:c512,c768 tcontext=u:object_r:vendor_default_prop:s0 tclass=file permissive=0
03-29 02:32:45.517: E/libc(21812): Access denied finding property "vendor.gralloc.enable_ahardware_buffer"
03-29 02:32:45.524: I/Bugle(21827): Initializing EmojiCompat
03-29 02:32:45.531: I/Bugle(21827): BugleApplicationBase: Bugle version: 3.3.039 (xylophone_rc18_xxhdpi.arm64-v8a.phone)
03-29 02:32:45.532: I/MusicExperimentManager(21678): Received config change, experiments list is null
03-29 02:32:45.532: W/MusicExperimentManager(21678): Parsing error while updating analysis experiments
03-29 02:32:45.545: E/s.messaging:rc(21827): The String#value field is not present on Android versions >= 6.0
03-29 02:32:45.546: I/HotwordHelper(8068): hasHotwordEverywhere-true
03-29 02:32:45.554: I/ActivityManager(1149): Displayed com.android.hotwordenrollment.okgoogle/.EnrollmentActivity: +233ms
03-29 02:32:45.558: W/SessionLifecycleManager(8068): Client : AttachedClient[35484993061279023, ClientConfig[mFlags=[default, headless, launch_external_voice_search_ui, support_transparent_background, legacy_leave_behind_dirty_session_fixme] mSuggestFlags=[0] mClientId=HOTWORD_SERVICE mSessionType=search]] has no associated SessionController
03-29 02:32:45.558: W/SearchServiceCore(8068): Abort, client detached.
03-29 02:32:45.558: W/SearchServiceCore(8068): Abort, client detached.
03-29 02:32:45.563: I/FontsContentProvider(8121): Received query Noto Color Emoji Compat, URI content://com.google.android.gms.fonts
03-29 02:32:45.568: W/SurfaceFlinger(627): Attempting to destroy on removed layer: AppWindowToken{1526c3e token=Token{82744f9 ActivityRecord{6376fc0 u0 com.android.hotwordenrollment.okgoogle/.EnrollmentActivity t4}}}#0
03-29 02:32:45.571: I/TopChartsIcing(21678): Starting 'com.google.android.music.sync.google.MusicGcmTaskService
03-29 02:32:45.573: I/FontsContentProvider(8121): Query [Noto Color Emoji Compat] resolved to {Noto Color Emoji Compat, wdth 100.0, wght 400, ital 0.0, bestEffort false}
03-29 02:32:45.574: I/FontsContentProvider(8121): Fetch {Noto Color Emoji Compat, wdth 100.0, wght 400, ital 0.0, bestEffort false} end status Status{statusCode=SUCCESS, resolution=null}
03-29 02:32:45.578: E/Backup(8121): [BackupTransportMigratorChimeraService] Could not migrate transport!
03-29 02:32:45.579: I/Backup(8121): [BackupTransportMigratorChimeraService] Starting migration...
03-29 02:32:45.585: I/BaseStore(21678): Store database version: 146
03-29 02:32:45.592: I/FontsContentProvider(8121): Pulling font file for id = 8, cache size = 5
03-29 02:32:45.610: I/FontsContentProvider(8121): Pulling font file for id = 8, cache size = 5
03-29 02:32:45.622: I/CarrierServices(21827): [2] hhv.a: Initializing Carrier Services Library.
03-29 02:32:45.643: I/Bugle(21827): GServicesValues:
03-29 02:32:45.643: I/Bugle(21827): bugle_enable_primes_crash_metrics: true
03-29 02:32:45.643: I/Bugle(21827): bugle_max_telemetry_upload_retries: 10
03-29 02:32:45.643: I/Bugle(21827): bugle_sticker_set_list_version: 3
03-29 02:32:45.647: I/PlaybackClient(21678): init: Initializing
03-29 02:32:45.659: I/Icing(8121): doRemovePackageData com.google.android.videos
03-29 02:32:45.671: I/CarrierServices(21827): [2] hhv.b: Initializing Carrier Services Logging.
03-29 02:32:45.678: D/ConnectivityService(1149): Returning BLOCKED NetworkInfo to uid=10083
03-29 02:32:45.685: I/ipa(21827): LogSaver new instance with filename: carrier_services
03-29 02:32:45.695: I/BugleRcsEngine(21827): [2] inq.shouldUseCarrierServicesApkForV1Apis: Checking if using CarrierServices.apk is possible. Enabled: true, isAtLeastM: true, runningInsideBugle: true
03-29 02:32:45.702: I/.gms.persisten(8033): Background concurrent copying GC freed 213229(10MB) AllocSpace objects, 18(592KB) LOS objects, 49% free, 10MB/21MB, paused 134us total 191.325ms
03-29 02:32:45.709: I/BugleRcsEngine(21827): [2] htt.a: Using CarrierServicesNetworkFactory
03-29 02:32:45.723: I/BugleRcsEngine(21827): [2] inq.shouldUseCarrierServicesApkForV1Apis: Checking if using CarrierServices.apk is possible. Enabled: true, isAtLeastM: true, runningInsideBugle: true
03-29 02:32:45.727: E/PlayCommon(21678): [2] MetalogHelper.<init>: Failed to restore PlayMetalog
03-29 02:32:45.727: E/PlayCommon(21678): [2] MetalogHelper.<init>: Failed to restore LogsUploadAttempt
03-29 02:32:45.741: D/MusicLifecycle(21678): com.google.android.music.AccountsBroadcastReceiver generated event: Broadcast received with context android.app.ReceiverRestrictedContext@7bc5b5b and intent Intent { act=android.accounts.LOGIN_ACCOUNTS_CHANGED flg=0x5000010 cmp=com.google.android.music/.AccountsBroadcastReceiver }
03-29 02:32:45.741: D/MusicLifecycle(21678): com.google.android.music.sync.SyncAdapterService generated event: Service created
03-29 02:32:45.742: I/SignupStatusTask(21678): Starting 'com.google.android.music.sync.google.MusicGcmTaskService
03-29 02:32:45.760: D/MusicLifecycle(21678): com.google.android.music.net.NetworkConnectivityMonitor$NetworkChangedReceiver generated event: Broadcast received with context com.google.android.music.ui.PhoneMusicApplication@74f7773 and intent Intent { act=android.net.conn.CONNECTIVITY_CHANGE flg=0x4200010 (has extras) }
03-29 02:32:45.761: I/NetworkConnectivity(21678): Network state changed: [type: WIFI[], state: DISCONNECTED/BLOCKED, reason: (unspecified), extra: (none), failover: false, available: true, roaming: false]
03-29 02:32:45.762: W/SignupStatus(21678): No connection available, not continuing signup check
03-29 02:32:45.765: W/RcsProvisioning(21827): Failed to read configuration: /data/user/0/com.google.android.apps.messaging/files/rcsconfig (No such file or directory)
03-29 02:32:45.766: W/RcsProvisioning(21827): java.io.FileNotFoundException: /data/user/0/com.google.android.apps.messaging/files/rcsconfig (No such file or directory)
03-29 02:32:45.766: W/RcsProvisioning(21827): 	at java.io.FileInputStream.open0(Native Method)
03-29 02:32:45.766: W/RcsProvisioning(21827): 	at java.io.FileInputStream.open(FileInputStream.java:231)
03-29 02:32:45.766: W/RcsProvisioning(21827): 	at java.io.FileInputStream.<init>(FileInputStream.java:165)
03-29 02:32:45.766: W/RcsProvisioning(21827): 	at android.app.ContextImpl.openFileInput(ContextImpl.java:560)
03-29 02:32:45.766: W/RcsProvisioning(21827): 	at android.content.ContextWrapper.openFileInput(ContextWrapper.java:202)
03-29 02:32:45.766: W/RcsProvisioning(21827): 	at ion.a(SourceFile:2)
03-29 02:32:45.766: W/RcsProvisioning(21827): 	at idl.a(SourceFile:4)
03-29 02:32:45.766: W/RcsProvisioning(21827): 	at idm.a(SourceFile:7)
03-29 02:32:45.766: W/RcsProvisioning(21827): 	at ids.<init>(SourceFile:877)
03-29 02:32:45.766: W/RcsProvisioning(21827): 	at ids.<init>(SourceFile:861)
03-29 02:32:45.766: W/RcsProvisioning(21827): 	at iki.<init>(SourceFile:8)
03-29 02:32:45.766: W/RcsProvisioning(21827): 	at hir.c(SourceFile:48)
03-29 02:32:45.766: W/RcsProvisioning(21827): 	at hiq.b(SourceFile:26)
03-29 02:32:45.766: W/RcsProvisioning(21827): 	at com.google.android.ims.service.JibeService.c(SourceFile:415)
03-29 02:32:45.766: W/RcsProvisioning(21827): 	at com.google.android.ims.service.JibeService.onCreate(SourceFile:338)
03-29 02:32:45.766: W/RcsProvisioning(21827): 	at android.app.ActivityThread.handleCreateService(ActivityThread.java:3570)
03-29 02:32:45.766: W/RcsProvisioning(21827): 	at android.app.ActivityThread.access$1300(ActivityThread.java:200)
03-29 02:32:45.766: W/RcsProvisioning(21827): 	at android.app.ActivityThread$H.handleMessage(ActivityThread.java:1672)
03-29 02:32:45.766: W/RcsProvisioning(21827): 	at android.os.Handler.dispatchMessage(Handler.java:106)
03-29 02:32:45.766: W/RcsProvisioning(21827): 	at android.os.Looper.loop(Looper.java:193)
03-29 02:32:45.766: W/RcsProvisioning(21827): 	at android.app.ActivityThread.main(ActivityThread.java:6718)
03-29 02:32:45.766: W/RcsProvisioning(21827): 	at java.lang.reflect.Method.invoke(Native Method)
03-29 02:32:45.766: W/RcsProvisioning(21827): 	at com.android.internal.os.RuntimeInit$MethodAndArgsCaller.run(RuntimeInit.java:493)
03-29 02:32:45.766: W/RcsProvisioning(21827): 	at com.android.internal.os.ZygoteInit.main(ZygoteInit.java:858)
03-29 02:32:45.766: D/RcsProvisioning(21827): Retrieving backup token
03-29 02:32:45.767: D/MusicLifecycle(21678): com.google.android.music.notifications.NotificationChannelInitializationBroadcastReceiver generated event: Broadcast received with context android.app.ReceiverRestrictedContext@7bc5b5b and intent Intent { act=android.intent.action.LOCALE_CHANGED flg=0x11200010 cmp=com.google.android.music/.notifications.NotificationChannelInitializationBroadcastReceiver }
03-29 02:32:45.769: D/MusicLifecycle(21678): com.google.android.music.download.EncapsulatedBroadcastReceiver$1 generated event: Broadcast received with context com.google.android.music.ui.PhoneMusicApplication@74f7773 and intent Intent { act=com.google.android.music.ResumeStorageMigration flg=0x10 (has extras) }
03-29 02:32:45.772: D/MusicLifecycle(21678): com.google.android.music.download.artwork.ArtDownloadService generated event: Service created
03-29 02:32:45.775: I/ActivityManager(1149): Start proc 21888:com.android.chrome/u0a84 for broadcast com.android.chrome/org.chromium.chrome.browser.services.AccountsChangedReceiver
03-29 02:32:45.779: I/Icing(8121): updateResources: need to parse abei{com.google.android.gm}
03-29 02:32:45.780: E/.android.chrom(21888): Not starting debugger since process cannot load the jdwp agent.
03-29 02:32:45.791: I/ActivityManager(1149): Start proc 21902:com.google.android.youtube/u0a104 for broadcast com.google.android.youtube/com.google.android.apps.youtube.app.application.system.LocaleUpdatedReceiver
03-29 02:32:45.793: W/Bugle(21827): SubscriptionMetadataUtils get: invalid subId = -1
03-29 02:32:45.798: E/android.youtub(21902): Not starting debugger since process cannot load the jdwp agent.
03-29 02:32:45.804: I/.android.chrom(21888): The ClassLoaderContext is a special shared library.
03-29 02:32:45.809: D/android.hardware.power@1.3-service.crosshatch-libperfmgr(777): LAUNCH OFF
03-29 02:32:45.809: D/MusicLifecycle(21678): com.google.android.music.download.EncapsulatedBroadcastReceiver$1 generated event: Broadcast received with context com.google.android.music.ui.PhoneMusicApplication@74f7773 and intent Intent { act=com.google.android.music.download.keepon.KeeponSchedulingService.START_DOWNLOAD flg=0x10 }
03-29 02:32:45.819: I/android.youtub(21902): The ClassLoaderContext is a special shared library.
03-29 02:32:45.821: I/android.youtub(21902): The ClassLoaderContext is a special shared library.
03-29 02:32:45.836: D/AwarenessRouter(21678): 0 new fences
03-29 02:32:45.842: W/YT(21902): Last known version:13.23.60
03-29 02:32:45.861: I/ActivityManager(1149): Killing 21145:com.android.sdm.plugins.sprintdm/1001 (adj 906): empty #17
03-29 02:32:45.861: W/libprocessgroup(1149): kill(-21145, 9) failed: No such process
03-29 02:32:45.862: W/AdvertisingIdClient(21678): Error while reading from SharedPreferences 
03-29 02:32:45.862: W/AdvertisingIdClient(21678): java.lang.SecurityException: MODE_WORLD_READABLE no longer supported
03-29 02:32:45.862: W/AdvertisingIdClient(21678): 	at android.app.ContextImpl.checkMode(ContextImpl.java:2495)
03-29 02:32:45.862: W/AdvertisingIdClient(21678): 	at android.app.ContextImpl.getSharedPreferences(ContextImpl.java:414)
03-29 02:32:45.862: W/AdvertisingIdClient(21678): 	at android.app.ContextImpl.getSharedPreferences(ContextImpl.java:404)
03-29 02:32:45.862: W/AdvertisingIdClient(21678): 	at com.google.android.gms.ads.identifier.AdvertisingIdClient.getAdvertisingIdInfo(Unknown Source:12)
03-29 02:32:45.862: W/AdvertisingIdClient(21678): 	at com.google.android.music.preferences.MusicPreferences.getAdvertisingIdInfo(MusicPreferences.java:2476)
03-29 02:32:45.862: W/AdvertisingIdClient(21678): 	at com.google.android.music.preferences.MusicPreferences.access$1000(MusicPreferences.java:83)
03-29 02:32:45.862: W/AdvertisingIdClient(21678): 	at com.google.android.music.preferences.MusicPreferences$7.run(MusicPreferences.java:2457)
03-29 02:32:45.862: W/AdvertisingIdClient(21678): 	at com.google.android.music.utils.async.TraceableRunnable.runLogged(TraceableRunnable.java:21)
03-29 02:32:45.862: W/AdvertisingIdClient(21678): 	at com.google.android.music.utils.async.LoggedRunnable.run(LoggedRunnable.java:30)
03-29 02:32:45.862: W/AdvertisingIdClient(21678): 	at android.os.Handler.handleCallback(Handler.java:873)
03-29 02:32:45.862: W/AdvertisingIdClient(21678): 	at android.os.Handler.dispatchMessage(Handler.java:99)
03-29 02:32:45.862: W/AdvertisingIdClient(21678): 	at com.google.android.music.utils.LoggableHandler.dispatchMessage(LoggableHandler.java:74)
03-29 02:32:45.862: W/AdvertisingIdClient(21678): 	at android.os.Looper.loop(Looper.java:193)
03-29 02:32:45.862: W/AdvertisingIdClient(21678): 	at android.os.HandlerThread.run(HandlerThread.java:65)
03-29 02:32:45.866: I/Finsky(10889): [2] com.google.android.finsky.setup.VpaService.a(6): Skipping additional VPA because disabled.
03-29 02:32:45.866: I/Finsky(10889): [2] tul.a(65): Refreshing user settings: account=[AnesCbnMu8Y5dff2xyGmsBm-6kM]
03-29 02:32:45.867: D/Volley(10889): [140] uti.b: Cache cleared.
03-29 02:32:45.873: W/YouTube(21902): Fetching the Gservices key 'failsafe_clear_cache_release_13_02' before the end of the bulk initialization
03-29 02:32:45.874: E/PlayCommon(10889): [2] adiv.<init>(10): Failed to restore PlayMetalog
03-29 02:32:45.874: E/PlayCommon(10889): [2] adiv.<init>(11): Failed to restore LogsUploadAttempt
03-29 02:32:45.877: I/Zygote(737): Process 21145 exited due to signal (9)
03-29 02:32:45.878: D/Volley(10889): [146] uti.b: Cache cleared.
03-29 02:32:45.890: D/AwarenessRouter(21678): 0 fences already registered
03-29 02:32:45.893: D/Volley(10889): [2] uti.b: Cache cleared.
03-29 02:32:45.906: W/libprocessgroup(1149): kill(-21145, 9) failed: No such process
03-29 02:32:45.906: I/libprocessgroup(1149): Successfully killed process cgroup uid 1001 pid 21145 in 44ms
03-29 02:32:45.916: D/AwarenessRouter(21678): Successfully removed 0 context fences
03-29 02:32:45.942: D/RcsProvisioning(21827): No backup token found
03-29 02:32:45.946: I/BugleRcsEngine(21827): [2] hit.<init>: RcsEngine: Constructor running in com.google.android.apps.messaging
03-29 02:32:45.949: W/BugleRcsEngine(21827): [2] ide.a: No config URL. RCS will be disabled!
03-29 02:32:45.950: I/OpaEnabledReceiver(1437): Dispatching OPA eligble = true; AGSA = true; OPA enabled = true
03-29 02:32:45.950: I/OpaLayout(1437): Setting opa enabled to true
03-29 02:32:45.950: I/OpaLayout(1437): Setting opa enabled to true
03-29 02:32:45.952: E/android.youtub(21902): The String#value field is not present on Android versions >= 6.0
03-29 02:32:45.963: E/ExecutionCriteria(8033): Package unavailable for task: com.google.android.apps.gcs/.service.GcsTaskService{u=0 tag="WfaStateTask" trigger=window{period=518400s,flex=86400s,earliest=-1611075s,latest=-1524675s} requirements=[NET_ANY] attributes=[PERSISTED,RECURRING] scheduled=-2043075s last_run=N/A jid=N/A status=PENDING retries=0 client_lib=MANCHEGO_GCM-11732000}
03-29 02:32:45.963: E/ExecutionCriteria(8033): Package unavailable for task: com.google.android.apps.gcs/com.google.android.flib.phenotype.services.PhenotypeExperimentCommitService{u=0 tag="PhenotypeExpCommitSvc" trigger=window{start=0s,end=30s,earliest=-42428s,latest=-42398s} requirements=[NET_ANY] attributes=[PERSISTED] scheduled=-42428s last_run=N/A jid=N/A status=PENDING retries=0 client_lib=MANCHEGO_GCM-11732000}
03-29 02:32:45.964: I/OpaEligibilityChecker(8068): send OpaEligibilityChange broadcast to CommonBroadcastReceiver
03-29 02:32:45.965: E/ExecutionCriteria(8033): Package unavailable for task: com.google.android.videos/com.google.android.apps.play.movies.common.FlushLogsTaskService{u=0 tag="flush_logs" trigger=window{period=86400s,flex=57600s,earliest=-13625s,latest=43974s} requirements=[NET_UNMETERED,CHARGING] attributes=[PERSISTED,RECURRING] scheduled=-42425s last_run=N/A jid=N/A status=PENDING retries=0 client_lib=MANCHEGO_GCM-10400000}
03-29 02:32:45.966: I/OpaEnabledReceiver(1437): Dispatching OPA eligble = true; AGSA = true; OPA enabled = true
03-29 02:32:45.966: I/OpaLayout(1437): Setting opa enabled to true
03-29 02:32:45.966: I/OpaLayout(1437): Setting opa enabled to true
03-29 02:32:45.977: W/YouTube(21902): Fetching the Gservices key 'disable_binder_callback_flush' before the end of the bulk initialization
03-29 02:32:45.985: E/YouTube(21902): flushBinderConnectionCallbacks is unverified on SDK 28
03-29 02:32:45.985: I/android.vendin(10889): Background concurrent copying GC freed 88131(3MB) AllocSpace objects, 20(1028KB) LOS objects, 49% free, 4MB/9MB, paused 43us total 107.288ms
03-29 02:32:45.986: I/Finsky(10889): [2] com.google.android.finsky.accounts.impl.LoginAccountsChangedReceiver.a(36): Accounts changed, prefetching preloads for account [AnesCbnMu8Y5dff2xyGmsBm-6kM] (previously null)
03-29 02:32:45.986: I/Finsky(10889): [215] qbz.call(2): Prefetching preloads for account [AnesCbnMu8Y5dff2xyGmsBm-6kM]
03-29 02:32:45.993: I/Finsky(10889): [127] qay.call(7): Found VPA stub android.autoinstalls.config.google.nexus:1
03-29 02:32:45.994: D/BugleRcsEngine(21827): log_saver already enabled
03-29 02:32:46.011: I/Finsky(10889): [134] mdn.a(13): Loaded library for account: [AnesCbnMu8Y5dff2xyGmsBm-6kM]
03-29 02:32:46.012: I/Finsky(10889): [134] mdn.a(15): Finished loading 1 libraries.
03-29 02:32:46.012: I/BugleRcsEngine(21827): [2] ids.a: RCS provisioning stopped!!
03-29 02:32:46.014: I/android.youtub(21902): The ClassLoaderContext is a special shared library.
03-29 02:32:46.014: I/chatty(21902): uid=10104(com.google.android.youtube) initCrit2-2 identical 1 line
03-29 02:32:46.015: I/android.youtub(21902): The ClassLoaderContext is a special shared library.
03-29 02:32:46.021: I/Finsky(10889): [220] hcd.f(20): GameSdkDeviceInfo experiment not enabled.
03-29 02:32:46.023: I/BugleRcsEngine(21827): [2] ids.a: RCS provisioning stopped!!
03-29 02:32:46.025: I/Finsky(10889): [2] com.google.android.finsky.scheduler.JobSchedulerEngine.a(40): Cancelling existing job with id: 9001
03-29 02:32:46.026: I/Finsky(10889): [2] com.google.android.finsky.scheduler.JobSchedulerEngine.a(40): Cancelling existing job with id: 9002
03-29 02:32:46.027: I/Finsky(10889): [2] com.google.android.finsky.scheduler.JobSchedulerEngine.a(40): Cancelling existing job with id: 9003
03-29 02:32:46.034: I/Finsky(10889): [2] com.google.android.finsky.scheduler.JobSchedulerEngine.a(55): Scheduling immediate wakeup job with id: 9000
03-29 02:32:46.038: I/Finsky(10889): [2] com.google.android.finsky.scheduler.JobSchedulerEngine$PhoneskyJobSchedulerJobService.onStartJob(3): onJobSchedulerWakeup with jobId 9000
03-29 02:32:46.039: I/Finsky(10889): [2] pnu.a(21): Scheduling fallback job with id: 9034, and delay: 43200000 ms
03-29 02:32:46.040: I/Finsky(10889): [2] pnu.a(5): Scheduling fallback in 64799999 (absolute: 107251906)
03-29 02:32:46.043: I/BugleRcsEngine(21827): [2] ids.a: RCS provisioning stopped!!
03-29 02:32:46.045: I/Finsky(10889): [2] poc.handleMessage(10): DeviceState: DeviceState{currentTime=1553851966042, isCharging=true, isIdle=false, netAny=true, netNotRoaming=true, netUnmetered=true}
03-29 02:32:46.054: I/Finsky(10889): [210] ppi.b(7): Jobs in database: 1-1337 12-1 24-77777777 26-1414141414 
03-29 02:32:46.056: I/Finsky(10889): [2] pnx.a(45): Running job: 1-1337
03-29 02:32:46.056: I/Finsky(10889): [2] jjp.b(5): Probe [AnesCbnMu8Y5dff2xyGmsBm-6kM] for hygiene pass
03-29 02:32:46.096: I/Finsky(10889): [2] hcl.a(10): Uploading GcmRegistration Id because not registered yet
03-29 02:32:46.098: I/BugleRcsEngine(21827): [2] ids.a: RCS provisioning stopped!!
03-29 02:32:46.101: I/Finsky(10889): [2] poc.handleMessage(81): RunningQueue size: 1, PendingQueue size: 0
03-29 02:32:46.101: I/Finsky(10889): [2] poc.handleMessage(90): Running queue: 1-1337 
03-29 02:32:46.105: D/ConnectivityService(1149): Returning BLOCKED NetworkInfo to uid=10104
03-29 02:32:46.111: I/PackageManager.DexOptimizer(1149): Running dexopt (dexoptNeeded=1) on: /data/app/com.avrethem.minimal-bcwtKqnZ5R64ez1zeWP-ig==/base.apk pkg=com.avrethem.minimal isa=arm64 dexoptFlags=boot_complete,profile_guided,public,enable_hidden_api_checks targetFilter=speed-profile oatDir=/data/app/com.avrethem.minimal-bcwtKqnZ5R64ez1zeWP-ig==/oat classLoaderContext=PCL[/system/framework/org.apache.http.legacy.boot.jar]
03-29 02:32:46.111: V/installed(860): DexInv: --- BEGIN '/data/app/com.avrethem.minimal-bcwtKqnZ5R64ez1zeWP-ig==/base.apk' ---
03-29 02:32:46.118: W/android.youtub(21902): Unsupported class loader
03-29 02:32:46.120: E/ExecutionCriteria(8033): Package unavailable for task: com.google.android.apps.gcs/.service.GcsTaskService{u=0 tag="WfaStateTask" trigger=window{period=518400s,flex=86400s,earliest=-1611075s,latest=-1524675s} requirements=[NET_ANY] attributes=[PERSISTED,RECURRING] scheduled=-2043075s last_run=N/A jid=N/A status=PENDING retries=0 client_lib=MANCHEGO_GCM-11732000}
03-29 02:32:46.120: E/ExecutionCriteria(8033): Package unavailable for task: com.google.android.apps.gcs/com.google.android.flib.phenotype.services.PhenotypeExperimentCommitService{u=0 tag="PhenotypeExpCommitSvc" trigger=window{start=0s,end=30s,earliest=-42428s,latest=-42398s} requirements=[NET_ANY] attributes=[PERSISTED] scheduled=-42428s last_run=N/A jid=N/A status=PENDING retries=0 client_lib=MANCHEGO_GCM-11732000}
03-29 02:32:46.122: D/Bugle(21827): EmojiCompat initialized
03-29 02:32:46.125: I/Icing(8121): IndexChimeraService.getServiceInterface callingPackage=com.google.android.googlequicksearchbox componentName=agsa_icing_connection serviceId=GLOBAL_SEARCH_ADMIN
03-29 02:32:46.128: I/dex2oat(21956): /system/bin/dex2oat --input-vdex-fd=-1 --output-vdex-fd=19 --compiler-filter=speed-profile --classpath-dir=/data/app/com.avrethem.minimal-bcwtKqnZ5R64ez1zeWP-ig== --class-loader-context=PCL[/system/framework/org.apache.http.legacy.boot.jar] --generate-mini-debug-info --compact-dex-level=none --compilation-reason=install
03-29 02:32:46.130: W/SearchServiceCore(8068): Abort, client detached.
03-29 02:32:46.132: I/Icing(8121): IndexChimeraService.getServiceInterface callingPackage=com.google.android.googlequicksearchbox componentName=agsa_icing_connection serviceId=SEARCH_QUERIES
03-29 02:32:46.133: D/NetworkSecurityConfig(21696): No Network Security Config specified, using platform default
03-29 02:32:46.141: W/android.youtub(21902): Skipping duplicate class check due to unsupported classloader
03-29 02:32:46.148: E/ExecutionCriteria(8033): Package unavailable for task: com.google.android.videos/com.google.android.apps.play.movies.common.FlushLogsTaskService{u=0 tag="flush_logs" trigger=window{period=86400s,flex=57600s,earliest=-13625s,latest=43974s} requirements=[NET_UNMETERED,CHARGING] attributes=[PERSISTED,RECURRING] scheduled=-42425s last_run=N/A jid=N/A status=PENDING retries=0 client_lib=MANCHEGO_GCM-10400000}
03-29 02:32:46.158: I/Icing(8121): updateResources: need to parse abei{com.google.android.gms}
03-29 02:32:46.174: I/DynamiteModule(21902): Considering local module com.google.android.gms.ads.dynamite:0 and remote module com.google.android.gms.ads.dynamite:11140
03-29 02:32:46.174: I/DynamiteModule(21902): Selected remote version of com.google.android.gms.ads.dynamite, version >= 11140
03-29 02:32:46.192: E/YouTube(21902): Failed delayed event dispatch, no dispatchers.
03-29 02:32:46.241: W/android.youtub(21902): Unsupported class loader
03-29 02:32:46.256: D/QSEECOMAPI(21809): QSEECom_get_handle sb_length = 0x400
03-29 02:32:46.256: D/QSEECOMAPI(21809): App is already loaded QSEE and app id = 1
03-29 02:32:46.258: E/fpc_tac(21809): qsee_km_get_encapsulated_key KEYMASTER_GET_AUTH_TOKEN_KEY returned status=-24
03-29 02:32:46.258: D/QSEECOMAPI(21809): QSEECom_dealloc_memory 
03-29 02:32:46.258: D/QSEECOMAPI(21809): QSEECom_shutdown_app, app_id = 1
03-29 02:32:46.258: E/fpc_fingerprint_hal(21809): fpc_hal_open failed
03-29 02:32:46.259: I/EventHub(1149): Removing device uinput-fpc due to epoll hang-up event.
03-29 02:32:46.259: I/EventHub(1149): Removed device: path=/dev/input/event3 name=uinput-fpc id=8472 fd=120 classes=0x101
03-29 02:32:46.259: W/EventHub(1149): built-in keyboard device /dev/input/event3 (id=8472) is closing! the apps will not like this
03-29 02:32:46.260: W/InputReader(1149): Ignoring spurious device removed event for deviceId 8472.
03-29 02:32:46.260: I/EventHub(1149): Removing device '/dev/input/event3' due to inotify event
03-29 02:32:46.274: W/android.youtub(21902): Skipping duplicate class check due to unsupported classloader
03-29 02:32:46.277: D/QSEECOMAPI(21809): QSEECom_dealloc_memory 
03-29 02:32:46.277: D/QSEECOMAPI(21809): QSEECom_shutdown_app, app_id = 8480
03-29 02:32:46.294: E/ExecutionCriteria(8033): Package unavailable for task: com.google.android.apps.gcs/.service.GcsTaskService{u=0 tag="WfaStateTask" trigger=window{period=518400s,flex=86400s,earliest=-1611075s,latest=-1524675s} requirements=[NET_ANY] attributes=[PERSISTED,RECURRING] scheduled=-2043075s last_run=N/A jid=N/A status=PENDING retries=0 client_lib=MANCHEGO_GCM-11732000}
03-29 02:32:46.295: E/ExecutionCriteria(8033): Package unavailable for task: com.google.android.apps.gcs/com.google.android.flib.phenotype.services.PhenotypeExperimentCommitService{u=0 tag="PhenotypeExpCommitSvc" trigger=window{start=0s,end=30s,earliest=-42428s,latest=-42398s} requirements=[NET_ANY] attributes=[PERSISTED] scheduled=-42428s last_run=N/A jid=N/A status=PENDING retries=0 client_lib=MANCHEGO_GCM-11732000}
03-29 02:32:46.297: E/ExecutionCriteria(8033): Package unavailable for task: com.google.android.videos/com.google.android.apps.play.movies.common.FlushLogsTaskService{u=0 tag="flush_logs" trigger=window{period=86400s,flex=57600s,earliest=-13626s,latest=43973s} requirements=[NET_UNMETERED,CHARGING] attributes=[PERSISTED,RECURRING] scheduled=-42426s last_run=N/A jid=N/A status=PENDING retries=0 client_lib=MANCHEGO_GCM-10400000}
03-29 02:32:46.325: I/CrashMetricService(21902): Startup metric for 'PRIMES_CRASH_MONITORING_INITIALIZED' dropped.
03-29 02:32:46.336: D/DynamitePackage(21902): Instantiated singleton DynamitePackage.
03-29 02:32:46.336: D/DynamitePackage(21902): Instantiating com.google.android.gms.ads.adshield.ChimeraAdShieldCreatorImpl
