03-29 02:32:56.340: I/EventHub(1149): Removing device '/dev/input/event3' due to inotify event
03-29 02:32:56.340: I/EventHub(1149): Removed device: path=/dev/input/event3 name=uinput-fpc id=8474 fd=120 classes=0x101
03-29 02:32:56.340: W/EventHub(1149): built-in keyboard device /dev/input/event3 (id=8474) is closing! the apps will not like this
03-29 02:32:56.341: W/InputReader(1149): Ignoring spurious device removed event for deviceId 8474.
03-29 02:32:56.346: I/OcrModelUpStIntentOp(8121): Downloading text recognizer
03-29 02:32:56.347: W/Conscrypt(8121): Could not set socket write timeout: java.net.SocketException: Socket closed
03-29 02:32:56.347: W/Conscrypt(8121): 	at com.google.android.gms.org.conscrypt.Platform.setSocketWriteTimeout(:com.google.android.gms@15090037@15.0.90 (100400-231259764):2)
03-29 02:32:56.347: W/Conscrypt(8121): 	at com.google.android.gms.org.conscrypt.ConscryptFileDescriptorSocket.setSoWriteTimeout(:com.google.android.gms@15090037@15.0.90 (100400-231259764):2)
03-29 02:32:56.358: D/QSEECOMAPI(22789): QSEECom_dealloc_memory 
03-29 02:32:56.358: D/QSEECOMAPI(22789): QSEECom_shutdown_app, app_id = 8482
03-29 02:32:56.365: W/Conscrypt(8121): Could not set socket write timeout: java.net.SocketException: Socket closed
03-29 02:32:56.365: W/Conscrypt(8121): 	at com.google.android.gms.org.conscrypt.Platform.setSocketWriteTimeout(:com.google.android.gms@15090037@15.0.90 (100400-231259764):2)
03-29 02:32:56.365: W/Conscrypt(8121): 	at com.google.android.gms.org.conscrypt.ConscryptFileDescriptorSocket.setSoWriteTimeout(:com.google.android.gms@15090037@15.0.90 (100400-231259764):2)
03-29 02:32:56.454: E/ExecutionCriteria(8033): Package unavailable for task: com.google.android.apps.gcs/.service.GcsTaskService{u=0 tag="WfaStateTask" trigger=window{period=518400s,flex=86400s,earliest=-1611085s,latest=-1524685s} requirements=[NET_ANY] attributes=[PERSISTED,RECURRING] scheduled=-2043085s last_run=N/A jid=N/A status=PENDING retries=0 client_lib=MANCHEGO_GCM-11732000}
03-29 02:32:56.455: E/ExecutionCriteria(8033): Package unavailable for task: com.google.android.apps.gcs/com.google.android.flib.phenotype.services.PhenotypeExperimentCommitService{u=0 tag="PhenotypeExpCommitSvc" trigger=window{start=0s,end=30s,earliest=-42438s,latest=-42408s} requirements=[NET_ANY] attributes=[PERSISTED] scheduled=-42438s last_run=N/A jid=N/A status=PENDING retries=0 client_lib=MANCHEGO_GCM-11732000}
03-29 02:32:56.456: E/ExecutionCriteria(8033): Package unavailable for task: com.google.android.videos/com.google.android.apps.play.movies.common.FlushLogsTaskService{u=0 tag="flush_logs" trigger=window{period=86400s,flex=57600s,earliest=-13636s,latest=43963s} requirements=[NET_UNMETERED,CHARGING] attributes=[PERSISTED,RECURRING] scheduled=-42436s last_run=N/A jid=N/A status=PENDING retries=0 client_lib=MANCHEGO_GCM-10400000}
03-29 02:32:56.457: I/ChromeSync(8121): [Sync,SyncAdapter] Successfully synced in 232 milliseconds with request: puv{account=<hide PII>, eventType=700, waitForInitialization=false, zipitVersionInfo=null}.
03-29 02:32:56.544: I/TestSupport(8121): AwaitCommitOperation: FlagOverride(com.google.android.gms.auth_account, , Flag(auth_sig_override_enabled, true, 2, 0), false) != FlagOverride(com.google.android.gms.auth_account, , Flag(auth_sig_override_enabled, false, 2, 0), true)
03-29 02:32:56.544: I/TestSupport(8121): AwaitCommitOperation: uncommitted: FlagOverride(com.google.android.gms.auth_account, , Flag(auth_sig_override_enabled, false, 2, 0), true)
03-29 02:32:56.544: I/TestSupport(8121): AwaitCommitOperation:  sleeping for 640 msec.
03-29 02:32:56.732: E/ExecutionCriteria(8033): Package unavailable for task: com.google.android.apps.gcs/.service.GcsTaskService{u=0 tag="WfaStateTask" trigger=window{period=518400s,flex=86400s,earliest=-1611086s,latest=-1524686s} requirements=[NET_ANY] attributes=[PERSISTED,RECURRING] scheduled=-2043086s last_run=N/A jid=N/A status=PENDING retries=0 client_lib=MANCHEGO_GCM-11732000}
03-29 02:32:56.732: E/ExecutionCriteria(8033): Package unavailable for task: com.google.android.apps.gcs/com.google.android.flib.phenotype.services.PhenotypeExperimentCommitService{u=0 tag="PhenotypeExpCommitSvc" trigger=window{start=0s,end=30s,earliest=-42439s,latest=-42409s} requirements=[NET_ANY] attributes=[PERSISTED] scheduled=-42439s last_run=N/A jid=N/A status=PENDING retries=0 client_lib=MANCHEGO_GCM-11732000}
03-29 02:32:56.734: E/ExecutionCriteria(8033): Package unavailable for task: com.google.android.videos/com.google.android.apps.play.movies.common.FlushLogsTaskService{u=0 tag="flush_logs" trigger=window{period=86400s,flex=57600s,earliest=-13636s,latest=43963s} requirements=[NET_UNMETERED,CHARGING] attributes=[PERSISTED,RECURRING] scheduled=-42436s last_run=N/A jid=N/A status=PENDING retries=0 client_lib=MANCHEGO_GCM-10400000}
03-29 02:32:56.807: I/droid.apps.doc(22666): The ClassLoaderContext is a special shared library.
03-29 02:32:56.809: I/chatty(22666): uid=10103(com.google.android.apps.docs) TaskSchedulerLo identical 1 line
03-29 02:32:56.811: I/droid.apps.doc(22666): The ClassLoaderContext is a special shared library.
03-29 02:32:56.838: V/NativeCrypto(22666): Registering com/google/android/gms/org/conscrypt/NativeCrypto's 287 native methods...
03-29 02:32:56.858: D/NetworkSecurityConfig(22666): No Network Security Config specified, using platform default
03-29 02:32:56.860: I/ProviderInstaller(22666): Installed default security provider GmsCore_OpenSSL
03-29 02:32:56.899: I/albh(8033): updateFromConfigurations using legacy put method [CONTEXT service_id=51 ]
03-29 02:32:56.915: V/SettingsProvider(1149): Notifying for 0: content://settings/global/text_classifier_constants
03-29 02:32:56.958: W/SearchServiceCore(8068): Abort, client detached.
03-29 02:32:56.959: I/albh(8033): updateFromConfigurations using legacy put method [CONTEXT service_id=51 ]
03-29 02:32:56.959: I/BgTaskExecutorImpl(8068): Starting EXCLUSIVE background task PROCESS_ACCOUNT_CHANGE.
03-29 02:32:56.968: I/aldd(8033): Scheduling adaptive one off task with window [14400, 604800] in seconds [CONTEXT service_id=51 ]
03-29 02:32:57.026: E/ExecutionCriteria(8033): Package unavailable for task: com.google.android.apps.gcs/.service.GcsTaskService{u=0 tag="WfaStateTask" trigger=window{period=518400s,flex=86400s,earliest=-1611086s,latest=-1524686s} requirements=[NET_ANY] attributes=[PERSISTED,RECURRING] scheduled=-2043086s last_run=N/A jid=N/A status=PENDING retries=0 client_lib=MANCHEGO_GCM-11732000}
03-29 02:32:57.026: E/ExecutionCriteria(8033): Package unavailable for task: com.google.android.apps.gcs/com.google.android.flib.phenotype.services.PhenotypeExperimentCommitService{u=0 tag="PhenotypeExpCommitSvc" trigger=window{start=0s,end=30s,earliest=-42439s,latest=-42409s} requirements=[NET_ANY] attributes=[PERSISTED] scheduled=-42439s last_run=N/A jid=N/A status=PENDING retries=0 client_lib=MANCHEGO_GCM-11732000}
03-29 02:32:57.027: E/ExecutionCriteria(8033): Package unavailable for task: com.google.android.videos/com.google.android.apps.play.movies.common.FlushLogsTaskService{u=0 tag="flush_logs" trigger=window{period=86400s,flex=57600s,earliest=-13636s,latest=43963s} requirements=[NET_UNMETERED,CHARGING] attributes=[PERSISTED,RECURRING] scheduled=-42436s last_run=N/A jid=N/A status=PENDING retries=0 client_lib=MANCHEGO_GCM-10400000}
03-29 02:32:57.111: W/SearchServiceCore(8068): Abort, client detached.
03-29 02:32:57.126: I/PTCommittedOperation(8033): Receive new configuration for com.google.android.gms.accountsettings
03-29 02:32:57.132: W/ModuleInitIntentOp(8121): Dropping unexpected action com.google.android.gms.phenotype.COMMITTED
03-29 02:32:57.135: I/PTCommittedOperation(8033): Receive new configuration for com.google.android.gms.backup
03-29 02:32:57.144: I/PTCommittedOperation(8033): Receive new configuration for com.google.android.gms.family
03-29 02:32:57.144: W/ModuleInitIntentOp(8121): Dropping unexpected action com.google.android.gms.phenotype.COMMITTED
03-29 02:32:57.152: I/PTCommittedOperation(8033): Receive new configuration for com.google.android.gms.smart_profile
03-29 02:32:57.158: I/PTCommittedOperation(8033): Receive new configuration for com.google.android.location
03-29 02:32:57.160: W/ModuleInitIntentOp(8121): Dropping unexpected action com.google.android.gms.phenotype.COMMITTED
03-29 02:32:57.161: I/PTCommittedOperation(8033): Receive new configuration for com.google.android.gms.growth
03-29 02:32:57.166: I/PTCommittedOperation(8033): Receive new configuration for com.google.android.gms.notifications
03-29 02:32:57.169: W/ModuleInitIntentOp(8121): Dropping unexpected action com.google.android.gms.phenotype.COMMITTED
03-29 02:32:57.169: I/PTCommittedOperation(8033): Receive new configuration for com.google.android.gms.nearby
03-29 02:32:57.174: I/PTCommittedOperation(8033): Receive new configuration for com.google.android.gms.netrec
03-29 02:32:57.176: I/PTCommittedOperation(8033): Receive new configuration for com.google.android.gms.tapandpay
03-29 02:32:57.179: W/ModuleInitIntentOp(8121): Dropping unexpected action com.google.android.gms.phenotype.COMMITTED
03-29 02:32:57.182: I/PTCommittedOperation(8033): Receive new configuration for com.google.android.gms.photos
03-29 02:32:57.191: I/PTCommittedOperation(8033): Receive new configuration for com.google.android.gms.places
03-29 02:32:57.192: W/ModuleInitIntentOp(8121): Dropping unexpected action com.google.android.gms.phenotype.COMMITTED
03-29 02:32:57.198: I/PTCommittedOperation(8033): Receive new configuration for com.google.android.gms.signin
03-29 02:32:57.200: W/ModuleInitIntentOp(8121): Dropping unexpected action com.google.android.gms.phenotype.COMMITTED
03-29 02:32:57.203: I/PTCommittedOperation(8033): Receive new configuration for com.google.android.gms.auth.proximity
03-29 02:32:57.206: W/ModuleInitIntentOp(8121): Dropping unexpected action com.google.android.gms.phenotype.COMMITTED
03-29 02:32:57.206: W/ctxmgr(8033): [WorkManager]Long workInfo: pkg=com.google.android.gms, lbl=DispatcherDeliver, start=2019-03-29 02:32:52.321-0700, stop=2019-03-29 02:32:57.205-0700, durtn=4884ms
03-29 02:32:57.209: W/DeviceHAL(749): Error from HAL Device in function get_mic_mute: Function not implemented
03-29 02:32:57.209: W/DeviceHAL(749): Error from HAL Device in function get_mic_mute: Function not implemented
03-29 02:32:57.211: W/ctxmgr(8033): [AudioStateProducer]No state change for audio state context
03-29 02:32:57.212: I/t_app_installe(22513): Waiting for a blocking GC ProfileSaver
03-29 02:32:57.214: W/ModuleInitIntentOp(8121): Dropping unexpected action com.google.android.gms.phenotype.COMMITTED
03-29 02:32:57.221: I/PTCommittedOperation(8033): Receive new configuration for com.google.android.gms.update
03-29 02:32:57.224: I/PTCommittedOperation(8033): Receive new configuration for com.google.android.gms.auth_authzen
03-29 02:32:57.225: W/ModuleInitIntentOp(8121): Dropping unexpected action com.google.android.gms.phenotype.COMMITTED
03-29 02:32:57.226: I/TestSupport(8121): AwaitCommitOperation: FlagOverride(com.google.android.gms.auth_account, , Flag(auth_sig_override_enabled, true, 2, 0), false) != FlagOverride(com.google.android.gms.auth_account, , Flag(auth_sig_override_enabled, false, 2, 0), true)
03-29 02:32:57.226: I/TestSupport(8121): AwaitCommitOperation: uncommitted: FlagOverride(com.google.android.gms.auth_account, , Flag(auth_sig_override_enabled, false, 2, 0), true)
03-29 02:32:57.226: I/TestSupport(8121): AwaitCommitOperation:  sleeping for 1280 msec.
03-29 02:32:57.227: I/PTCommittedOperation(8033): Receive new configuration for com.google.android.gms.vision
03-29 02:32:57.229: I/PTCommittedOperation(8033): Receive new configuration for com.google.android.gms.wallet
03-29 02:32:57.229: I/BgTaskExecutorImpl(8068): Starting EXCLUSIVE background task FETCH_CONFIGS_FROM_PHENOTYPE.
03-29 02:32:57.231: W/ModuleInitIntentOp(8121): Dropping unexpected action com.google.android.gms.phenotype.COMMITTED
03-29 02:32:57.233: I/PTCommittedOperation(8033): Receive new configuration for com.google.android.gms.tron.metrics
03-29 02:32:57.236: I/PTCommittedOperation(8033): Receive new configuration for com.google.android.gms.wearable
03-29 02:32:57.237: W/ModuleInitIntentOp(8121): Dropping unexpected action com.google.android.gms.phenotype.COMMITTED
03-29 02:32:57.245: W/ModuleInitIntentOp(8121): Dropping unexpected action com.google.android.gms.phenotype.COMMITTED
03-29 02:32:57.247: I/ActivityManager(1149): Start proc 22880:com.google.android.keep/u0a150 for broadcast com.google.android.keep/.phenotype.PhenotypeConfigBroadcastReceiver
03-29 02:32:57.248: E/le.android.kee(22880): Not starting debugger since process cannot load the jdwp agent.
03-29 02:32:57.251: W/ModuleInitIntentOp(8121): Dropping unexpected action com.google.android.gms.phenotype.COMMITTED
03-29 02:32:57.261: W/ModuleInitIntentOp(8121): Dropping unexpected action com.google.android.gms.phenotype.COMMITTED
03-29 02:32:57.262: I/SystemUpdate(8121): [Installation,ReceiverIntentOperation] Received intent: Intent { act=com.google.android.gms.phenotype.COMMITTED flg=0x10 pkg=com.google.android.gms cmp=com.google.android.gms/.chimera.GmsIntentOperationService (has extras) }.
03-29 02:32:57.267: I/SystemUpdate(8121): [Execution,InstallationEventIntentOperation] Handling event of type 2.
03-29 02:32:57.269: I/SystemUpdate(8121): [Execution,InstallationIntentOperation] Received intent: Intent { act=com.google.android.gms.update.INSTALL_UPDATE cat=[targeted_intent_op_prefix:.update.execution.InstallationIntentOperation] cmp=com.google.android.gms/.chimera.GmsIntentOperationService }.
03-29 02:32:57.271: I/SystemUpdate(8121): [Execution,ExecutionManager] Action finished-execution executed for 0.00 seconds.
03-29 02:32:57.278: W/ModuleInitIntentOp(8121): Dropping unexpected action com.google.android.gms.phenotype.COMMITTED
03-29 02:32:57.285: W/ModuleInitIntentOp(8121): Dropping unexpected action com.google.android.gms.phenotype.COMMITTED
03-29 02:32:57.293: W/ModuleInitIntentOp(8121): Dropping unexpected action com.google.android.gms.phenotype.COMMITTED
03-29 02:32:57.300: W/ComponentDiscovery(22880): Application info not found.
03-29 02:32:57.300: W/ComponentDiscovery(22880): Could not retrieve metadata, returning empty list of registrars.
03-29 02:32:57.327: W/ModuleInitIntentOp(8121): Dropping unexpected action com.google.android.gms.phenotype.COMMITTED
03-29 02:32:57.328: W/Primes(22880): Primes not initialized, returning default (no-op) Primes instance which will ignore all calls. Please call Primes.initialize(...) before using any Primes API.
03-29 02:32:57.332: W/PrimesInit(22880): Primes instant initialization
03-29 02:32:57.335: W/ModuleInitIntentOp(8121): Dropping unexpected action com.google.android.gms.phenotype.COMMITTED
03-29 02:32:57.335: W/Primes(22880): background initialization
03-29 02:32:57.339: I/CryptauthV2(8121): [EnrollKeyName] ClientName calling Cryptauth is ForceRegistration
03-29 02:32:57.408: W/KeepGATracker(22880): Disabling GA because no account was specified
03-29 02:32:57.412: W/CryptauthV2(8121): [ClientDataOperation] No keyMetadata found for keyName=PublicKey
03-29 02:32:57.413: W/CryptauthV2(8121): [ClientDataOperation] No keyMetadata found for keyName=authzen
03-29 02:32:57.413: I/CryptauthV2(8121): [EnrollCryptauthFramework] Performing SyncKeysRequest with 2 keys.
03-29 02:32:57.420: I/ActivityManager(1149): Killing 22547:com.google.android.dialer/u0a47 (adj 906): empty #17
03-29 02:32:57.420: W/libprocessgroup(1149): kill(-22547, 9) failed: No such process
03-29 02:32:57.435: I/PhenotypeUpdate(1420): onReceive() urgent = false
03-29 02:32:57.437: I/PrimesTesting(22880): GserviceFlagsSupplier.get()
03-29 02:32:57.441: I/Zygote(737): Process 22547 exited due to signal (9)
03-29 02:32:57.450: W/libprocessgroup(1149): kill(-22547, 9) failed: No such process
03-29 02:32:57.450: I/libprocessgroup(1149): Successfully killed process cgroup uid 10047 pid 22547 in 29ms
03-29 02:32:57.495: I/PTCommittedOperation(8033): Receive new configuration for com.google.android.gms.icing.mdh
03-29 02:32:57.497: W/ModuleInitIntentOp(8121): Dropping unexpected action com.google.android.gms.phenotype.COMMITTED
03-29 02:32:57.501: W/BroadcastQueue(1149): Background execution not allowed: receiving Intent { act=com.google.android.systemui.OPA_ENABLED flg=0x10000010 (has extras) } to com.google.android.apps.nexuslauncher/.qsb.OPAStatusReceiver
03-29 02:32:57.504: I/OpaEnabledReceiver(1437): Dispatching OPA eligble = true; AGSA = true; OPA enabled = true
03-29 02:32:57.504: I/OpaLayout(1437): Setting opa enabled to true
03-29 02:32:57.505: I/OpaLayout(1437): Setting opa enabled to true
03-29 02:32:57.505: I/PTCommittedOperation(8033): Receive new configuration for com.google.android.gms.herrevad
03-29 02:32:57.508: W/ModuleInitIntentOp(8121): Dropping unexpected action com.google.android.gms.phenotype.COMMITTED
03-29 02:32:57.512: I/PTCommittedOperation(8033): Receive new configuration for com.google.android.gms.firebase.auth
03-29 02:32:57.513: I/OpaEligibilityChecker(8068): send OpaEligibilityChange broadcast to CommonBroadcastReceiver
03-29 02:32:57.520: I/OpaEnabledReceiver(1437): Dispatching OPA eligble = true; AGSA = true; OPA enabled = true
03-29 02:32:57.520: I/OpaLayout(1437): Setting opa enabled to true
03-29 02:32:57.520: I/OpaLayout(1437): Setting opa enabled to true
03-29 02:32:57.521: W/ModuleInitIntentOp(8121): Dropping unexpected action com.google.android.gms.phenotype.COMMITTED
03-29 02:32:57.521: I/PTCommittedOperation(8033): Receive new configuration for com.google.android.gms.car
03-29 02:32:57.532: W/ModuleInitIntentOp(8121): Dropping unexpected action com.google.android.gms.phenotype.COMMITTED
03-29 02:32:57.532: D/CAR.SETUP(8121): Received Car Phenotype committed intent.
03-29 02:32:57.532: D/CAR.SETUP(8121): update DrivingMode components to true
03-29 02:32:57.534: D/CAR.SETUP(8121): Scheduling DrivingModeConfigCopier to start
03-29 02:32:57.535: D/CAR.DRIVINGMODE(8121): binding
03-29 02:32:57.535: I/ActivityManager(1149): Start proc 22917:com.android.vending/u0a24 for broadcast com.android.vending/com.google.android.finsky.packagemanager.impl.PackageMonitorReceiverImpl$RegisteredReceiver
03-29 02:32:57.536: D/CAR.DRIVINGMODE(8121): connected
03-29 02:32:57.536: W/ChimeraUtils(8121): Non Chimera context
03-29 02:32:57.537: I/chatty(8121): uid=10051(com.google.android.gms) otype.COMMITTED identical 2 lines
03-29 02:32:57.537: W/ChimeraUtils(8121): Non Chimera context
03-29 02:32:57.540: E/android.vendin(22917): Not starting debugger since process cannot load the jdwp agent.
03-29 02:32:57.541: D/CAR.DRIVINGMODE(8121): Not showing set up notification due to settings flags.
03-29 02:32:57.541: D/CAR.SETUP(8121): Driving Mode ActivityTransition conditions not met. Skip registration.
03-29 02:32:57.541: D/CAR.DRIVINGMODE(8121): unbinding
03-29 02:32:57.560: E/ProximityAuth(8033): [BetterTogetherFeatureSupportIntentOperation] Failed to setFeatureSupported for [BETTER_TOGETHER_HOST] with status [Status{statusCode=unknown status code: -25504, resolution=null}].
03-29 02:32:57.561: I/android.vendin(22917): The ClassLoaderContext is a special shared library.
03-29 02:32:57.569: W/SearchServiceCore(8068): Abort, client detached.
03-29 02:32:57.570: W/SearchServiceCore(8068): Abort, client detached.
03-29 02:32:57.571: I/Icing(8121): IndexChimeraService.getServiceInterface callingPackage=com.google.android.googlequicksearchbox componentName=agsa_icing_connection serviceId=GLOBAL_SEARCH_ADMIN
03-29 02:32:57.573: W/SearchServiceCore(8068): Abort, client detached.
03-29 02:32:57.577: I/Icing(8121): IndexChimeraService.getServiceInterface callingPackage=com.google.android.googlequicksearchbox componentName=agsa_icing_connection serviceId=SEARCH_QUERIES
03-29 02:32:57.618: I/Icing(8121): Usage reports ok 0, Failed Usage reports 0, indexed 0, rejected 0, imm upload true
03-29 02:32:57.631: I/CryptauthV2(8121): [EnrollKeyName] ClientName calling Cryptauth is ForceRegistration
03-29 02:32:57.637: I/ActivityManager(1149): Killing 22513:com.android.vending:instant_app_installer/u0a24 (adj 906): empty #17
03-29 02:32:57.638: W/libprocessgroup(1149): kill(-22513, 9) failed: No such process
03-29 02:32:57.641: I/Icing(8121): Usage reports ok 0, Failed Usage reports 0, indexed 0, rejected 0, imm upload true
03-29 02:32:57.650: W/libprocessgroup(1149): kill(-22513, 9) failed: No such process
03-29 02:32:57.654: I/Zygote(738): Process 22513 exited due to signal (9)
03-29 02:32:57.661: I/Finsky(22917): [145] nsl.a(36): Started reading experiment flags from file [SKocQA9EQQFTb-1gQsc5WsjVhGA].
03-29 02:32:57.666: W/CryptauthV2(8121): [ClientDataOperation] No keyMetadata found for keyName=PublicKey
03-29 02:32:57.666: I/Finsky(22917): [145] nsl.a(37): Finished reading experiment flags from file [SKocQA9EQQFTb-1gQsc5WsjVhGA].
03-29 02:32:57.667: W/CryptauthV2(8121): [ClientDataOperation] No keyMetadata found for keyName=authzen
03-29 02:32:57.667: I/CryptauthV2(8121): [EnrollCryptauthFramework] Performing SyncKeysRequest with 2 keys.
03-29 02:32:57.675: I/Finsky(22917): [145] nsl.a(36): Started reading experiment flags from file [aFXFV0M3SHmqn3pmIo6GSpzCvwM].
03-29 02:32:57.676: I/Finsky(22917): [145] nsl.a(37): Finished reading experiment flags from file [aFXFV0M3SHmqn3pmIo6GSpzCvwM].
03-29 02:32:57.696: W/libprocessgroup(1149): kill(-22513, 9) failed: No such process
03-29 02:32:57.696: I/libprocessgroup(1149): Successfully killed process cgroup uid 10024 pid 22513 in 58ms
03-29 02:32:57.710: I/InputReader(1149): Reconfiguring input devices.  changes=0x00000010
03-29 02:32:57.711: I/CarrierServices(12783): [2] RcsAutoStartReceiver.b: carrierServicesJibeServiceEnabled changed from true to true
03-29 02:32:57.712: I/CarrierServices(12783): [2] RcsAutoStartReceiver.b: enableRcs changed from true to true
03-29 02:32:57.713: D/RegisteredNfcFServicesCache(2223): Service unchanged, not updating
03-29 02:32:57.715: I/CarrierServices(12783): [2] RcsAutoStartReceiver.b: RcsAutoStartReceiver triggered. Fetching RCS State. Action: android.intent.action.PACKAGE_CHANGED
03-29 02:32:57.716: E/PhoneInterfaceManager(1611): [PhoneIntfMgr] getCarrierPackageNamesForIntent: No UICC
03-29 02:32:57.716: D/CarrierSvcBindHelper(1611): No carrier app for: 0
03-29 02:32:57.716: D/ImsResolver(1611): maybeAddedImsService, packageName: com.google.android.gms
03-29 02:32:57.717: I/CarrierServices(12783): [2] aws.a: Migration binding to RcsMigrationService
03-29 02:32:57.721: I/Bugle(5138): returning RCS state provider.
03-29 02:32:57.728: I/CarrierServices(5138): [387] inq.a: Sim state is not ready. Returning last known operation mode.
03-29 02:32:57.728: I/CarrierServices(12783): [660] awt.doInBackground: Saving RCS State
03-29 02:32:57.729: I/CarrierServices(12783): [660] awt.doInBackground: Old operation mode: 0
03-29 02:32:57.729: I/CarrierServices(12783): [660] awt.doInBackground: New operation mode: 0
03-29 02:32:57.730: I/CarrierServices(12783): [2] aww.a: Unbinding RcsMigrationService
03-29 02:32:57.735: I/Finsky(22917): [143] dgb.ag(6): Not a unicorn account
03-29 02:32:57.739: I/cr_CronetLibraryLoader(22917): Cronet version: 74.0.3724.7, arch: armv8l
03-29 02:32:57.742: D/ConnectivityService(1149): requestNetwork for uid/pid:10024/22917 NetworkRequest [ TRACK_DEFAULT id=39, [ Capabilities: INTERNET&NOT_RESTRICTED&TRUSTED Unwanted:  Uid: 10024] ]
03-29 02:32:57.743: D/WIFI_AWARE_FACTORY(1149): got request NetworkRequest [ TRACK_DEFAULT id=39, [ Capabilities: INTERNET&NOT_RESTRICTED&TRUSTED Unwanted:  Uid: 10024] ] with score 60
03-29 02:32:57.743: D/Ethernet(1149): got request NetworkRequest [ TRACK_DEFAULT id=39, [ Capabilities: INTERNET&NOT_RESTRICTED&TRUSTED Unwanted:  Uid: 10024] ] with score 60
03-29 02:32:57.743: D/WIFI(1149): got request NetworkRequest [ TRACK_DEFAULT id=39, [ Capabilities: INTERNET&NOT_RESTRICTED&TRUSTED Unwanted:  Uid: 10024] ] with score 60
03-29 02:32:57.743: D/WIFI_UT(1149): got request NetworkRequest [ TRACK_DEFAULT id=39, [ Capabilities: INTERNET&NOT_RESTRICTED&TRUSTED Unwanted:  Uid: 10024] ] with score 60
03-29 02:32:57.743: D/PhoneSwitcherNetworkRequstListener(1611): got request NetworkRequest [ TRACK_DEFAULT id=39, [ Capabilities: INTERNET&NOT_RESTRICTED&TRUSTED Unwanted:  Uid: 10024] ] with score 60
03-29 02:32:57.745: W/PrimesInit(22917): Primes instant initialization
03-29 02:32:57.747: I/Finsky(22917): [143] com.google.android.finsky.packagemanager.impl.PackageMonitorReceiverImpl.<init>(5): Registering in memory receiver for android.intent.action.PACKAGE_ADDED
03-29 02:32:57.752: W/Primes(22917): background initialization
03-29 02:32:57.771: E/ProximityAuth(8033): [BetterTogetherFeatureSupportIntentOperation] Failed to setFeatureSupported for [SMS_CONNECT_HOST] with status [Status{statusCode=unknown status code: -25504, resolution=null}].
03-29 02:32:57.776: W/Settings(22917): Setting download_manager_max_bytes_over_mobile has moved from android.provider.Settings.Secure to android.provider.Settings.Global.
03-29 02:32:57.777: I/Finsky(22917): [143] mvm.a(8): SettingNotFoundException, fall through to G.downloadBytesOverMobileMaximum
03-29 02:32:57.777: W/Settings(22917): Setting download_manager_recommended_max_bytes_over_mobile has moved from android.provider.Settings.Secure to android.provider.Settings.Global.
03-29 02:32:57.778: I/Finsky(22917): [143] mvm.b(3): SettingNotFoundException, fall through to G.downloadBytesOverMobileRecommended
03-29 02:32:57.779: I/PrimesTesting(22917): GserviceFlagsSupplier.get()
03-29 02:32:57.787: I/android.vendin(22917): Background concurrent copying GC freed 14914(2MB) AllocSpace objects, 10(192KB) LOS objects, 49% free, 2MB/5MB, paused 156us total 100.250ms
03-29 02:32:57.791: I/Telecom(1149): DefaultDialerCache: Refreshing default dialer for user 0: now com.google.android.dialer: DDC.oR@AIo
03-29 02:32:57.794: I/Finsky(22917): [142] ugq.d(1): Setup app restrictions monitor
03-29 02:32:57.797: I/Finsky(22917): [142] uid.a(5): Device wide unknown source restriction is changed.
03-29 02:32:57.801: I/Finsky(22917): [147] mdn.a(13): Loaded library for account: [AnesCbnMu8Y5dff2xyGmsBm-6kM]
03-29 02:32:57.802: I/Finsky(22917): [147] mdn.a(15): Finished loading 1 libraries.
03-29 02:32:57.812: I/Finsky(22917): [2] com.google.android.finsky.packagemanager.impl.PackageMonitorReceiverImpl.a(4): PackageMonitor received: android.intent.action.PACKAGE_FIRST_LAUNCH
03-29 02:32:57.813: I/Finsky(22917): [2] ikv.c(1): Package first launch for com.google.android.apps.chromecast.app
03-29 02:32:57.824: I/Finsky(22917): [2] kav.<init>(8): Not checking if recovering from paused session because experiment is off
03-29 02:32:57.837: I/Finsky(22917): [2] kbn.a(52): Installer: Attempting to start installer
03-29 02:32:57.839: W/Binder(1149): Outgoing transactions from this process must be FLAG_ONEWAY
03-29 02:32:57.839: W/Binder(1149): java.lang.Throwable
03-29 02:32:57.839: W/Binder(1149): 	at android.os.BinderProxy.transact(Binder.java:1114)
03-29 02:32:57.839: W/Binder(1149): 	at com.android.internal.location.ILocationProvider$Stub$Proxy.getProperties(ILocationProvider.java:236)
03-29 02:32:57.839: W/Binder(1149): 	at com.android.server.location.LocationProviderProxy$1$1.run(LocationProviderProxy.java:117)
03-29 02:32:57.839: W/Binder(1149): 	at com.android.server.ServiceWatcher.runOnBinder(ServiceWatcher.java:425)
03-29 02:32:57.839: W/Binder(1149): 	at com.android.server.location.LocationProviderProxy$1.run(LocationProviderProxy.java:111)
03-29 02:32:57.839: W/Binder(1149): 	at android.os.Handler.handleCallback(Handler.java:873)
03-29 02:32:57.839: W/Binder(1149): 	at android.os.Handler.dispatchMessage(Handler.java:99)
03-29 02:32:57.839: W/Binder(1149): 	at android.os.Looper.loop(Looper.java:193)
03-29 02:32:57.839: W/Binder(1149): 	at android.os.HandlerThread.run(HandlerThread.java:65)
03-29 02:32:57.840: W/Binder(1149): Outgoing transactions from this process must be FLAG_ONEWAY
03-29 02:32:57.840: W/Binder(1149): java.lang.Throwable
03-29 02:32:57.840: W/Binder(1149): 	at android.os.BinderProxy.transact(Binder.java:1114)
03-29 02:32:57.840: W/Binder(1149): 	at com.android.internal.location.ILocationProvider$Stub$Proxy.getProperties(ILocationProvider.java:236)
03-29 02:32:57.840: W/Binder(1149): 	at com.android.server.location.LocationProviderProxy$1$1.run(LocationProviderProxy.java:117)
03-29 02:32:57.840: W/Binder(1149): 	at com.android.server.ServiceWatcher.runOnBinder(ServiceWatcher.java:425)
03-29 02:32:57.840: W/Binder(1149): 	at com.android.server.location.LocationProviderProxy$1.run(LocationProviderProxy.java:111)
03-29 02:32:57.840: W/Binder(1149): 	at android.os.Handler.handleCallback(Handler.java:873)
03-29 02:32:57.840: W/Binder(1149): 	at android.os.Handler.dispatchMessage(Handler.java:99)
03-29 02:32:57.840: W/Binder(1149): 	at android.os.Looper.loop(Looper.java:193)
03-29 02:32:57.840: W/Binder(1149): 	at android.os.HandlerThread.run(HandlerThread.java:65)
03-29 02:32:57.841: I/Finsky(22917): [2] kbn.a(244): Installer kick - no action, not running yet
03-29 02:32:57.841: I/Finsky(22917): [2] kbn.a(244): Installer kick - no action, not running yet
03-29 02:32:57.842: I/Finsky(22917): [2] ner.b(2): Frosting ID looked up on UI thread. Caller should move to a background thread.
03-29 02:32:57.848: W/ModuleInitIntentOp(8121): Dropping unexpected action com.google.android.gms.phenotype.COMMITTED
03-29 02:32:57.854: I/Finsky(22917): [136] qbu.b(11): PlaySetupServiceV2#registerSetupReceiver(receiver=android.os.ResultReceiver@bca7820, options=[])
03-29 02:32:57.856: I/Finsky(22917): [136] tww.a(21): Package com.google.android.apps.pixelmigrate is verified.
03-29 02:32:57.857: I/Pixelmigrate(2422): [PlayStoreNotifications] Successfully registered as listener with GooglePlayNotificationHelper.
03-29 02:32:57.866: I/Finsky(22917): [2] ike.run(34): Backfilling empty external referrer for com.google.android.apps.chromecast.app
03-29 02:32:57.866: I/Finsky(22917): [2] ike.run(14): Referrer is empty for com.google.android.apps.chromecast.app
03-29 02:32:57.866: I/Finsky(22917): [2] ike.run(14): Dropped referrer for com.google.android.apps.chromecast.app because dropped_not_owned
03-29 02:32:57.868: E/d.process.medi(22994): Not starting debugger since process cannot load the jdwp agent.
03-29 02:32:57.869: I/ActivityManager(1149): Start proc 22994:android.process.media/u0a12 for content provider com.android.providers.downloads/.DownloadProvider
03-29 02:32:57.881: I/PTCommittedOperation(8033): Receive new configuration for com.google.android.gms.gcm
03-29 02:32:57.882: W/ModuleInitIntentOp(8121): Dropping unexpected action com.google.android.gms.phenotype.COMMITTED
03-29 02:32:57.890: I/d.process.medi(22994): The ClassLoaderContext is a special shared library.
03-29 02:32:57.896: I/PTCommittedOperation(8033): Receive new configuration for com.google.android.gms.ipa
03-29 02:32:57.900: W/GCoreFlp(8033): No location to return for getLastLocation()
03-29 02:32:57.903: I/d.process.medi(22994): The ClassLoaderContext is a special shared library.
03-29 02:32:57.907: I/PTCommittedOperation(8033): Receive new configuration for com.google.android.gms.ocr
03-29 02:32:57.912: I/PTCommittedOperation(8033): Receive new configuration for com.google.android.gms.rcs
03-29 02:32:57.914: I/PTCommittedOperation(8033): Receive new configuration for com.google.android.gms.udc
03-29 02:32:57.916: I/PTCommittedOperation(8033): Receive new configuration for com.google.android.gms.ulr
03-29 02:32:57.917: I/GCoreUlr(8033): Starting service, intent=Intent { act=com.google.android.location.reporting.ACTION_UPDATE_WORLD cmp=com.google.android.gms/com.google.android.location.reporting.service.DispatchingService (has extras) }, extras=Bundle[{receiverAction=com.google.gservices.intent.action.GSERVICES_CHANGED}]
03-29 02:32:57.919: I/roid.apps.scon(22600): Waiting for a blocking GC ProfileSaver
03-29 02:32:57.921: I/PTCommittedOperation(8033): Receive new configuration for com.google.android.gms.appinvite
03-29 02:32:57.924: I/roid.apps.scon(22600): WaitForGcToComplete blocked ProfileSaver on HeapTrim for 5.135ms
03-29 02:32:57.943: I/PTCommittedOperation(8033): Receive new configuration for com.google.android.gms.setupservices
03-29 02:32:57.946: I/Finsky(22917): [2] kca.a(3): Installer: Installer starting, recovering 0 running downloads
03-29 02:32:57.947: I/Finsky(22917): [189] kcl.run(2): Installer: Installer starting, cleaning up sessions.
03-29 02:32:57.948: I/PTCommittedOperation(8033): Receive new configuration for com.google.android.gms.usagereporting
03-29 02:32:57.951: I/PTCommittedOperation(8033): Receive new configuration for com.google.android.gms.constellation
03-29 02:32:57.951: I/Finsky(22917): [189] kcl.run(5): Installer: Installer started.
03-29 02:32:57.951: I/GCoreUlr(8033): WorldUpdater received intent Intent { act=com.google.android.location.reporting.ACTION_UPDATE_WORLD cmp=com.google.android.gms/com.google.android.location.reporting.service.DispatchingService (has extras) } with receiverAction com.google.gservices.intent.action.GSERVICES_CHANGED
03-29 02:32:57.953: I/Finsky(22917): [2] qsi.a(31): Connecting InstallListener to SplitInstallService broadcaster...
03-29 02:32:57.956: I/PTCommittedOperation(8033): Receive new configuration for com.google.android.gms.feedback
03-29 02:32:57.959: I/PTCommittedOperation(8033): Receive new configuration for com.google.android.gms.subscribedfeeds
03-29 02:32:57.961: I/GCoreUlr(8033): Successfully sent flags updated to controllers.
03-29 02:32:57.963: I/PTCommittedOperation(8033): Receive new configuration for com.google.android.gms.auth_cryptauth
03-29 02:32:57.966: I/GCoreUlr(8033): WorldUpdater:com.google.gservices.intent.action.GSERVICES_CHANGED: Ensuring that reporting is stopped because of reasons: {account#-5#=[InactiveReason{mIdentifier=6, mName='ReportingNotEnabled'}, InactiveReason{mIdentifier=14, mName='HistoryNotEnabled'}]}
03-29 02:32:57.967: I/PTCommittedOperation(8033): Receive new configuration for com.google.android.gms.thunderbird
03-29 02:32:57.970: I/PTCommittedOperation(8033): Receive new configuration for com.google.android.gms.magictether
03-29 02:32:57.971: W/ModuleInitIntentOp(8121): Dropping unexpected action com.google.android.gms.phenotype.COMMITTED
03-29 02:32:57.976: I/OcrModelUpStIntentOp(8121): Updating ocr activity enabled=true (phenotypeFlag=true, lowRamDevice=false, prereqCheck=true)
03-29 02:32:57.979: I/GCoreUlr(8033): Unbound from all signal providers.
03-29 02:32:57.979: I/GCoreUlr(8033): Successfully accounts update
03-29 02:32:57.991: I/OcrModelUpStIntentOp(8121): Downloading text recognizer
03-29 02:32:57.991: E/ExecutionCriteria(8033): Package unavailable for task: com.google.android.apps.gcs/.service.GcsTaskService{u=0 tag="WfaStateTask" trigger=window{period=518400s,flex=86400s,earliest=-1611087s,latest=-1524687s} requirements=[NET_ANY] attributes=[PERSISTED,RECURRING] scheduled=-2043087s last_run=N/A jid=N/A status=PENDING retries=0 client_lib=MANCHEGO_GCM-11732000}
03-29 02:32:57.991: E/ExecutionCriteria(8033): Package unavailable for task: com.google.android.apps.gcs/com.google.android.flib.phenotype.services.PhenotypeExperimentCommitService{u=0 tag="PhenotypeExpCommitSvc" trigger=window{start=0s,end=30s,earliest=-42440s,latest=-42410s} requirements=[NET_ANY] attributes=[PERSISTED] scheduled=-42440s last_run=N/A jid=N/A status=PENDING retries=0 client_lib=MANCHEGO_GCM-11732000}
03-29 02:32:57.993: W/ModuleInitIntentOp(8121): Dropping unexpected action com.google.android.gms.phenotype.COMMITTED
03-29 02:32:58.001: W/ModuleInitIntentOp(8121): Dropping unexpected action com.google.android.gms.phenotype.COMMITTED
03-29 02:32:58.004: I/GCoreUlr(8033): Unbound from all signal providers.
03-29 02:32:58.005: I/GCoreUlr(8033): Stopping handler for UlrDispSvcFast
03-29 02:32:58.006: I/GCoreUlr(8033): Successfully accounts update
03-29 02:32:58.010: E/ExecutionCriteria(8033): Package unavailable for task: com.google.android.videos/com.google.android.apps.play.movies.common.FlushLogsTaskService{u=0 tag="flush_logs" trigger=window{period=86400s,flex=57600s,earliest=-13637s,latest=43962s} requirements=[NET_UNMETERED,CHARGING] attributes=[PERSISTED,RECURRING] scheduled=-42437s last_run=N/A jid=N/A status=PENDING retries=0 client_lib=MANCHEGO_GCM-10400000}
03-29 02:32:58.015: W/ModuleInitIntentOp(8121): Dropping unexpected action com.google.android.gms.phenotype.COMMITTED
03-29 02:32:58.016: I/GCoreUlr(8033): DispatchingService ignoring Intent { act=android.net.wifi.WIFI_STATE_CHANGED flg=0x4000010 (has extras) } because ULR inactive
03-29 02:32:58.030: W/ModuleInitIntentOp(8121): Dropping unexpected action com.google.android.gms.phenotype.COMMITTED
03-29 02:32:58.038: W/ModuleInitIntentOp(8121): Dropping unexpected action com.google.android.gms.phenotype.COMMITTED
03-29 02:32:58.056: E/ExecutionCriteria(8033): Package unavailable for task: com.google.android.apps.gcs/.service.GcsTaskService{u=0 tag="WfaStateTask" trigger=window{period=518400s,flex=86400s,earliest=-1611087s,latest=-1524687s} requirements=[NET_ANY] attributes=[PERSISTED,RECURRING] scheduled=-2043087s last_run=N/A jid=N/A status=PENDING retries=0 client_lib=MANCHEGO_GCM-11732000}
03-29 02:32:58.056: E/ExecutionCriteria(8033): Package unavailable for task: com.google.android.apps.gcs/com.google.android.flib.phenotype.services.PhenotypeExperimentCommitService{u=0 tag="PhenotypeExpCommitSvc" trigger=window{start=0s,end=30s,earliest=-42440s,latest=-42410s} requirements=[NET_ANY] attributes=[PERSISTED] scheduled=-42440s last_run=N/A jid=N/A status=PENDING retries=0 client_lib=MANCHEGO_GCM-11732000}
03-29 02:32:58.057: W/ModuleInitIntentOp(8121): Dropping unexpected action com.google.android.gms.phenotype.COMMITTED
03-29 02:32:58.063: W/ModuleInitIntentOp(8121): Dropping unexpected action com.google.android.gms.phenotype.COMMITTED
03-29 02:32:58.067: E/ExecutionCriteria(8033): Package unavailable for task: com.google.android.videos/com.google.android.apps.play.movies.common.FlushLogsTaskService{u=0 tag="flush_logs" trigger=window{period=86400s,flex=57600s,earliest=-13637s,latest=43962s} requirements=[NET_UNMETERED,CHARGING] attributes=[PERSISTED,RECURRING] scheduled=-42437s last_run=N/A jid=N/A status=PENDING retries=0 client_lib=MANCHEGO_GCM-10400000}
03-29 02:32:58.069: W/NetworkScheduler(8033): Immediate task was not started com.google.android.apps.chromecast.app/.gcm.GcmRegistrationService{u=0 tag="GcmRegistrationService" trigger=window{start=0s,end=1s,earliest=0s,latest=0s} requirements=[NET_CONNECTED] attributes=[] scheduled=0s last_run=N/A jid=N/A status=PENDING retries=0 client_lib=MANCHEGO_GCM-15612000}. Rescheduling immediate tasks can cause excessive battery drain.
03-29 02:32:58.082: W/ModuleInitIntentOp(8121): Dropping unexpected action com.google.android.gms.phenotype.COMMITTED
03-29 02:32:58.087: W/ModuleInitIntentOp(8121): Dropping unexpected action com.google.android.gms.phenotype.COMMITTED
03-29 02:32:58.089: E/ExecutionCriteria(8033): Package unavailable for task: com.google.android.apps.gcs/.service.GcsTaskService{u=0 tag="WfaStateTask" trigger=window{period=518400s,flex=86400s,earliest=-1611087s,latest=-1524687s} requirements=[NET_ANY] attributes=[PERSISTED,RECURRING] scheduled=-2043087s last_run=N/A jid=N/A status=PENDING retries=0 client_lib=MANCHEGO_GCM-11732000}
03-29 02:32:58.089: E/ExecutionCriteria(8033): Package unavailable for task: com.google.android.apps.gcs/com.google.android.flib.phenotype.services.PhenotypeExperimentCommitService{u=0 tag="PhenotypeExpCommitSvc" trigger=window{start=0s,end=30s,earliest=-42440s,latest=-42410s} requirements=[NET_ANY] attributes=[PERSISTED] scheduled=-42440s last_run=N/A jid=N/A status=PENDING retries=0 client_lib=MANCHEGO_GCM-11732000}
03-29 02:32:58.097: W/ModuleInitIntentOp(8121): Dropping unexpected action com.google.android.gms.phenotype.COMMITTED
03-29 02:32:58.098: I/CryptauthV2(8121): [EnrollKeyName] ClientName calling Cryptauth is ForceRegistration
03-29 02:32:58.100: E/ExecutionCriteria(8033): Package unavailable for task: com.google.android.videos/com.google.android.apps.play.movies.common.FlushLogsTaskService{u=0 tag="flush_logs" trigger=window{period=86400s,flex=57600s,earliest=-13637s,latest=43962s} requirements=[NET_UNMETERED,CHARGING] attributes=[PERSISTED,RECURRING] scheduled=-42437s last_run=N/A jid=N/A status=PENDING retries=0 client_lib=MANCHEGO_GCM-10400000}
03-29 02:32:58.104: W/ModuleInitIntentOp(8121): Dropping unexpected action com.google.android.gms.phenotype.COMMITTED
03-29 02:32:58.119: W/ModuleInitIntentOp(8121): Dropping unexpected action com.google.android.gms.phenotype.COMMITTED
03-29 02:32:58.132: W/ModuleInitIntentOp(8121): Dropping unexpected action com.google.android.gms.phenotype.COMMITTED
03-29 02:32:58.136: W/ModuleInitIntentOp(8121): Dropping unexpected action com.google.android.gms.phenotype.COMMITTED
03-29 02:32:58.147: W/ModuleInitIntentOp(8121): Dropping unexpected action com.google.android.gms.phenotype.COMMITTED
03-29 02:32:58.164: I/SettingsActivityAvailab(22816): Disabling com.google.android.apps.multidevice.client.ui.pixel.SettingsActivity.
03-29 02:32:58.165: D/GservicesChangeReceiver(3807): Gservices Changed broadcast Received. context is android.app.ReceiverRestrictedContext@a2d6fd0
03-29 02:32:58.165: D/GservicesChangeReceiver(3807): Gservices allowPowerAnomalyData is False.
03-29 02:32:58.166: I/system_server(1149): Background concurrent copying GC freed 210206(11MB) AllocSpace objects, 65(2MB) LOS objects, 42% free, 18MB/31MB, paused 402us total 174.113ms
03-29 02:32:58.166: W/ModuleInitIntentOp(8121): Dropping unexpected action com.google.android.gms.phenotype.COMMITTED
03-29 02:32:58.167: E/GooglePlayServicesUtil(22800): The Google Play services resources were not found. Check your project configuration to ensure that the resources are included.
03-29 02:32:58.169: D/ConnectivityMonitorManager(3807): Service com.google.android.connectivitymonitor.PowerAnomalyDetectorService is not running...
03-29 02:32:58.171: E/ExecutionCriteria(8033): Package unavailable for task: com.google.android.apps.gcs/.service.GcsTaskService{u=0 tag="WfaStateTask" trigger=window{period=518400s,flex=86400s,earliest=-1611087s,latest=-1524687s} requirements=[NET_ANY] attributes=[PERSISTED,RECURRING] scheduled=-2043087s last_run=N/A jid=N/A status=PENDING retries=0 client_lib=MANCHEGO_GCM-11732000}
03-29 02:32:58.171: E/ExecutionCriteria(8033): Package unavailable for task: com.google.android.apps.gcs/com.google.android.flib.phenotype.services.PhenotypeExperimentCommitService{u=0 tag="PhenotypeExpCommitSvc" trigger=window{start=0s,end=30s,earliest=-42440s,latest=-42410s} requirements=[NET_ANY] attributes=[PERSISTED] scheduled=-42440s last_run=N/A jid=N/A status=PENDING retries=0 client_lib=MANCHEGO_GCM-11732000}
03-29 02:32:58.172: D/GservicesChangeReceiver(3807): Gservices allowLowPowerMonitoring is False.
03-29 02:32:58.173: D/ConnectivityMonitorManager(3807): Service com.google.android.connectivitymonitor.LowPowerMonitorService is not running...
03-29 02:32:58.176: D/GservicesChangeReceiver(3807): Gservices isConnectivityMonitorEnabled is True.
03-29 02:32:58.177: D/ConnectivityMonitorManager(3807): Service com.google.android.connectivitymonitor.ConnectivityMonitorService is running...
03-29 02:32:58.177: W/ModuleInitIntentOp(8121): Dropping unexpected action com.google.android.gms.phenotype.COMMITTED
03-29 02:32:58.177: W/CryptauthV2(8121): [ClientDataOperation] No keyMetadata found for keyName=PublicKey
03-29 02:32:58.177: D/ConnMetrics:App(22800): IsOptedIn = false
03-29 02:32:58.180: W/CryptauthV2(8121): [ClientDataOperation] No keyMetadata found for keyName=authzen
03-29 02:32:58.181: I/CryptauthV2(8121): [EnrollCryptauthFramework] Performing SyncKeysRequest with 2 keys.
03-29 02:32:58.191: E/ExecutionCriteria(8033): Package unavailable for task: com.google.android.videos/com.google.android.apps.play.movies.common.FlushLogsTaskService{u=0 tag="flush_logs" trigger=window{period=86400s,flex=57600s,earliest=-13637s,latest=43962s} requirements=[NET_UNMETERED,CHARGING] attributes=[PERSISTED,RECURRING] scheduled=-42437s last_run=N/A jid=N/A status=PENDING retries=0 client_lib=MANCHEGO_GCM-10400000}
03-29 02:32:58.195: W/ModuleInitIntentOp(8121): Dropping unexpected action com.google.android.gms.phenotype.COMMITTED
03-29 02:32:58.198: W/NetworkScheduler(8033): Immediate task was not started com.google.android.calendar/com.firebase.jobdispatcher.GooglePlayReceiver{u=0 tag="PhenotypeCommitFirebase" trigger=window{start=0s,end=1s,earliest=0s,latest=0s} requirements=[NET_ANY] attributes=[PERSISTED] scheduled=0s last_run=N/A jid=N/A status=PENDING retries=0 client_lib=FIREBASE_JOB_DISPATCHER-1}. Rescheduling immediate tasks can cause excessive battery drain.
03-29 02:32:58.204: W/ModuleInitIntentOp(8121): Dropping unexpected action com.google.android.gms.phenotype.COMMITTED
03-29 02:32:58.208: I/Backup(8121): [GmsBackupStatusChangeReceiver] Going to enable gms backup transport.
03-29 02:32:58.209: E/ActivityThread(22738): Service com.firebase.jobdispatcher.GooglePlayReceiver has leaked ServiceConnection com.firebase.jobdispatcher.JobServiceConnection@db8c54 that was originally bound here
03-29 02:32:58.209: E/ActivityThread(22738): android.app.ServiceConnectionLeaked: Service com.firebase.jobdispatcher.GooglePlayReceiver has leaked ServiceConnection com.firebase.jobdispatcher.JobServiceConnection@db8c54 that was originally bound here
03-29 02:32:58.209: E/ActivityThread(22738): 	at android.app.LoadedApk$ServiceDispatcher.<init>(LoadedApk.java:1610)
03-29 02:32:58.209: E/ActivityThread(22738): 	at android.app.LoadedApk.getServiceDispatcher(LoadedApk.java:1502)
03-29 02:32:58.209: E/ActivityThread(22738): 	at android.app.ContextImpl.bindServiceCommon(ContextImpl.java:1659)
03-29 02:32:58.209: E/ActivityThread(22738): 	at android.app.ContextImpl.bindService(ContextImpl.java:1612)
03-29 02:32:58.209: E/ActivityThread(22738): 	at android.content.ContextWrapper.bindService(ContextWrapper.java:698)
03-29 02:32:58.209: E/ActivityThread(22738): 	at com.firebase.jobdispatcher.ExecutionDelegator.executeJob(ExecutionDelegator.java:131)
03-29 02:32:58.209: E/ActivityThread(22738): 	at com.firebase.jobdispatcher.GooglePlayMessageHandler.handleMessage(GooglePlayMessageHandler.java:98)
03-29 02:32:58.209: E/ActivityThread(22738): 	at android.os.Handler.dispatchMessage(Handler.java:106)
03-29 02:32:58.209: E/ActivityThread(22738): 	at android.os.Looper.loop(Looper.java:193)
03-29 02:32:58.209: E/ActivityThread(22738): 	at android.app.ActivityThread.main(ActivityThread.java:6718)
03-29 02:32:58.209: E/ActivityThread(22738): 	at java.lang.reflect.Method.invoke(Native Method)
03-29 02:32:58.209: E/ActivityThread(22738): 	at com.android.internal.os.RuntimeInit$MethodAndArgsCaller.run(RuntimeInit.java:493)
03-29 02:32:58.209: E/ActivityThread(22738): 	at com.android.internal.os.ZygoteInit.main(ZygoteInit.java:858)
03-29 02:32:58.209: I/gle.android.gm(8121): Background concurrent copying GC freed 194372(8MB) AllocSpace objects, 35(1824KB) LOS objects, 49% free, 11MB/23MB, paused 228us total 106.136ms
03-29 02:32:58.215: W/ModuleInitIntentOp(8121): Dropping unexpected action com.google.android.gms.phenotype.COMMITTED
03-29 02:32:58.220: I/NetRec(8033): [846] aill.b: onConfigChanged()
03-29 02:32:58.222: I/GCoreUlr(8033): Starting service, intent=Intent { act=com.google.android.location.reporting.ACTION_UPDATE_WORLD cmp=com.google.android.gms/com.google.android.location.reporting.service.DispatchingService (has extras) }, extras=Bundle[{receiverAction=com.google.gservices.intent.action.GSERVICES_CHANGED}]
03-29 02:32:58.224: I/BgTaskExecutorImpl(8068): Starting NONEXCLUSIVE background task UPDATE_GSERVICES_CONFIG.
03-29 02:32:58.229: W/ModuleInitIntentOp(8121): Dropping unexpected action com.google.android.gms.phenotype.COMMITTED
03-29 02:32:58.235: I/GservicesUpdateTask(8068): Updating Gservices keys
03-29 02:32:58.249: W/SearchServiceCore(8068): Abort, client detached.
03-29 02:32:58.267: W/ModuleInitIntentOp(8121): Dropping unexpected action com.google.android.gms.phenotype.COMMITTED
03-29 02:32:58.281: W/ModuleInitIntentOp(8121): Dropping unexpected action com.google.android.gms.phenotype.COMMITTED
03-29 02:32:58.284: W/ActivityManager(1149): Unable to start service Intent { cmp=com.google.android.gms/.analytics.service.RefreshEnabledStateService } U=0: not found
03-29 02:32:58.285: I/RecoverableKeyStoreGms(8121): [RecoverableKeyStoreGmsInitOperation] Initializing auth_folsom
03-29 02:32:58.285: W/ChimeraUtils(8121): Non Chimera context
03-29 02:32:58.286: D/CAR.SETUP(8121): Received GService flag change intent.
03-29 02:32:58.286: W/ChimeraUtils(8121): Non Chimera context
03-29 02:32:58.286: D/CAR.SETUP(8121): update DrivingMode components to true
03-29 02:32:58.286: D/CAR.SETUP(8121): Scheduling DrivingModeConfigCopier to start
03-29 02:32:58.287: I/RecoverableKeyStoreGms(8121): [RecoverableKeyStoreGmsInitOperation] com.google.android.gms.auth.folsom.service.FolsomPublicKeyUpdateService is already enabled. Ignore.
03-29 02:32:58.287: D/CAR.DRIVINGMODE(8121): binding
03-29 02:32:58.288: I/RecoverableKeyStoreGms(8121): [RecoverableKeyStoreGmsInitOperation] com.google.android.gms.auth.folsom.service.GcmReceiverService is already enabled. Ignore.
03-29 02:32:58.290: I/ChromeSync(8121): [Sync,SyncIntentOperation] Handling the intent: Intent { act=com.google.gservices.intent.action.GSERVICES_CHANGED flg=0x1000010 cmp=com.google.android.gms/.chimera.GmsIntentOperationService$PersistentInternalReceiver }.
03-29 02:32:58.291: V/RecoverableKeyStoreMgr(1149): Not updating secret types - same as old value.
