03-29 04:50:31.359: W/ModuleInitIntentOp(2516): Dropping unexpected action com.google.android.gms.phenotype.COMMITTED
03-29 04:50:31.359: D/CAR.SETUP(2516): Received Car Phenotype committed intent.
03-29 04:50:31.363: I/PTCommittedOperation(2306): Receive new configuration for com.google.android.gms.car#car_setup
03-29 04:50:31.377: D/CAR.SETUP(2516): update DrivingMode components to false
03-29 04:50:31.394: W/ModuleInitIntentOp(2516): Dropping unexpected action com.google.android.gms.phenotype.COMMITTED
03-29 04:50:31.397: I/PTCommittedOperation(2306): Receive new configuration for com.google.android.gms.vision.sdk
03-29 04:50:31.461: W/ModuleInitIntentOp(2516): Dropping unexpected action com.google.android.gms.phenotype.COMMITTED
03-29 04:50:31.463: I/PTCommittedOperation(2306): Receive new configuration for com.google.android.gms.security
03-29 04:50:31.496: I/PTCommittedOperation(2306): Receive new configuration for com.google.android.gms.locationsharing
03-29 04:50:31.499: W/ModuleInitIntentOp(2516): Dropping unexpected action com.google.android.gms.phenotype.COMMITTED
03-29 04:50:31.529: I/PTCommittedOperation(2306): Receive new configuration for com.google.android.gms.trustlet_place
03-29 04:50:31.532: W/ModuleInitIntentOp(2516): Dropping unexpected action com.google.android.gms.phenotype.COMMITTED
03-29 04:50:31.555: W/ModuleInitIntentOp(2516): Dropping unexpected action com.google.android.gms.phenotype.COMMITTED
03-29 04:50:31.558: I/PTCommittedOperation(2306): Receive new configuration for com.google.android.gms.octarine
03-29 04:50:31.579: W/ModuleInitIntentOp(2516): Dropping unexpected action com.google.android.gms.phenotype.COMMITTED
03-29 04:50:31.581: I/PTCommittedOperation(2306): Receive new configuration for com.google.android.gms.googlehelp
03-29 04:50:31.611: W/ModuleInitIntentOp(2516): Dropping unexpected action com.google.android.gms.phenotype.COMMITTED
03-29 04:50:31.620: I/PTCommittedOperation(2306): Receive new configuration for com.google.android.gms.chromesync
03-29 04:50:31.644: W/ModuleInitIntentOp(2516): Dropping unexpected action com.google.android.gms.phenotype.COMMITTED
03-29 04:50:31.646: I/PTCommittedOperation(2306): Receive new configuration for com.google.android.gms.autofill
03-29 04:50:31.667: W/dex2oat(4352): No verified method for method calling String.<init>: java.lang.String android.text.TextUtils.substring(java.lang.CharSequence, int, int)
03-29 04:50:31.679: W/ModuleInitIntentOp(2516): Dropping unexpected action com.google.android.gms.phenotype.COMMITTED
03-29 04:50:31.683: I/PTCommittedOperation(2306): Receive new configuration for com.google.android.gms.cast
03-29 04:50:31.721: W/ModuleInitIntentOp(2516): Dropping unexpected action com.google.android.gms.phenotype.COMMITTED
03-29 04:50:31.723: I/PTCommittedOperation(2306): Receive new configuration for com.google.android.gms.mdns
03-29 04:50:31.739: I/Auth(2306): [ReflectiveChannelBinder] Successfully bound channel!
03-29 04:50:31.750: W/ModuleInitIntentOp(2516): Dropping unexpected action com.google.android.gms.phenotype.COMMITTED
03-29 04:50:31.755: I/PTCommittedOperation(2306): Receive new configuration for com.google.android.gms.trustagent
03-29 04:50:31.779: W/Conscrypt(2306): Could not set socket write timeout: java.net.SocketException: Socket closed
03-29 04:50:31.779: W/Conscrypt(2306): 	at com.google.android.gms.org.conscrypt.Platform.setSocketWriteTimeout(:com.google.android.gms@14367022@14.3.67 (040700-216465562):2)
03-29 04:50:31.779: W/Conscrypt(2306): 	at com.google.android.gms.org.conscrypt.ConscryptFileDescriptorSocket.setSoWriteTimeout(:com.google.android.gms@14367022@14.3.67 (040700-216465562):2)
03-29 04:50:31.794: I/PTCommittedOperation(2306): Receive new configuration for com.google.android.gms.devicedoctor
03-29 04:50:31.794: I/PTCommittedOperation(2306): Running Fixer Framework for com.google.android.gms.devicedoctor
03-29 04:50:31.800: W/ModuleInitIntentOp(2516): Dropping unexpected action com.google.android.gms.phenotype.COMMITTED
03-29 04:50:31.836: W/ModuleInitIntentOp(2516): Dropping unexpected action com.google.android.gms.phenotype.COMMITTED
03-29 04:50:31.841: I/PTCommittedOperation(2306): Receive new configuration for com.google.android.gms.trustlet_onbody
03-29 04:50:31.846: W/Conscrypt(2306): Could not set socket write timeout: java.net.SocketException: Socket closed
03-29 04:50:31.847: W/Conscrypt(2306): 	at com.google.android.gms.org.conscrypt.Platform.setSocketWriteTimeout(:com.google.android.gms@14367022@14.3.67 (040700-216465562):2)
03-29 04:50:31.847: W/Conscrypt(2306): 	at com.google.android.gms.org.conscrypt.ConscryptFileDescriptorSocket.setSoWriteTimeout(:com.google.android.gms@14367022@14.3.67 (040700-216465562):2)
03-29 04:50:31.870: W/GLSUser(2306): [AppCertManager] IOException while requesting key: 
03-29 04:50:31.870: W/GLSUser(2306): java.io.IOException: Invalid device key response.
03-29 04:50:31.870: W/GLSUser(2306): 	at hol.a(:com.google.android.gms@14367022@14.3.67 (040700-216465562):13)
03-29 04:50:31.870: W/GLSUser(2306): 	at hol.a(:com.google.android.gms@14367022@14.3.67 (040700-216465562):61)
03-29 04:50:31.870: W/GLSUser(2306): 	at hoj.a(:com.google.android.gms@14367022@14.3.67 (040700-216465562):6)
03-29 04:50:31.870: W/GLSUser(2306): 	at hof.a(:com.google.android.gms@14367022@14.3.67 (040700-216465562))
03-29 04:50:31.870: W/GLSUser(2306): 	at hoe.a(:com.google.android.gms@14367022@14.3.67 (040700-216465562):9)
03-29 04:50:31.870: W/GLSUser(2306): 	at com.google.android.gms.auth.account.be.legacy.AuthCronChimeraService.b(:com.google.android.gms@14367022@14.3.67 (040700-216465562):6)
03-29 04:50:31.870: W/GLSUser(2306): 	at gne.call(:com.google.android.gms@14367022@14.3.67 (040700-216465562):3)
03-29 04:50:31.870: W/GLSUser(2306): 	at java.util.concurrent.FutureTask.run(FutureTask.java:237)
03-29 04:50:31.870: W/GLSUser(2306): 	at qjt.run(:com.google.android.gms@14367022@14.3.67 (040700-216465562):35)
03-29 04:50:31.870: W/GLSUser(2306): 	at java.util.concurrent.ThreadPoolExecutor.runWorker(ThreadPoolExecutor.java:1113)
03-29 04:50:31.870: W/GLSUser(2306): 	at java.util.concurrent.ThreadPoolExecutor$Worker.run(ThreadPoolExecutor.java:588)
03-29 04:50:31.870: W/GLSUser(2306): 	at qpu.run(:com.google.android.gms@14367022@14.3.67 (040700-216465562))
03-29 04:50:31.870: W/GLSUser(2306): 	at java.lang.Thread.run(Thread.java:818)
03-29 04:50:31.887: W/ModuleInitIntentOp(2516): Dropping unexpected action com.google.android.gms.phenotype.COMMITTED
03-29 04:50:31.891: I/PTCommittedOperation(2306): Receive new configuration for com.google.android.gms.languageprofile
03-29 04:50:31.902: W/ModuleInitIntentOp(2516): Dropping unexpected action com.google.android.gms.phenotype.COMMITTED
03-29 04:50:31.906: I/PTCommittedOperation(2306): Receive new configuration for com.google.android.gms.mobile_data_plan
03-29 04:50:31.920: I/VacuumService(2306): Vacuum at: now=1553849431920 tag=VacuumService
03-29 04:50:31.937: I/Remoter(1334): Saved screenshot to '/data/screenshots/__pmv__-0066.jpg'
03-29 04:50:31.978: W/ModuleInitIntentOp(2516): Dropping unexpected action com.google.android.gms.phenotype.COMMITTED
03-29 04:50:31.985: I/PTCommittedOperation(2306): Receive new configuration for alt.com.google.android.gms.devicedoctor
03-29 04:50:32.017: W/ModuleInitIntentOp(2516): Dropping unexpected action com.google.android.gms.phenotype.COMMITTED
03-29 04:50:32.026: I/PTCommittedOperation(2306): Receive new configuration for com.google.android.gms.auth.easyunlock
03-29 04:50:32.069: E/EasyUnlock(2306): [EasyUnlockSupportReporterIntentOperation] Invalid account list.
03-29 04:50:32.076: E/EasyUnlock(2306): [HostValidator] Invalid account list.
03-29 04:50:32.081: W/ModuleInitIntentOp(2516): Dropping unexpected action com.google.android.gms.phenotype.COMMITTED
03-29 04:50:32.081: D/CAR.SETUP(2516): Received Car Phenotype committed intent.
03-29 04:50:32.081: D/CAR.SETUP(2516): update DrivingMode components to false
03-29 04:50:32.084: I/PTCommittedOperation(2306): Receive new configuration for com.google.android.gms.car#car
03-29 04:50:32.110: I/NetRec(2306): [348] agii.a: Running CleanupDatabaseTask GCM task
03-29 04:50:32.115: I/PTCommittedOperation(2306): Receive new configuration for com.google.android.gms.contactinteractions
03-29 04:50:32.117: W/ModuleInitIntentOp(2516): Dropping unexpected action com.google.android.gms.phenotype.COMMITTED
03-29 04:50:32.149: W/ModuleInitIntentOp(2516): Dropping unexpected action com.google.android.gms.phenotype.COMMITTED
03-29 04:50:32.155: I/PTCommittedOperation(2306): Receive new configuration for com.google.android.gms.checkin
03-29 04:50:32.161: I/NetRec(2306): [348] agii.a: Removed 0 records from the database
03-29 04:50:32.201: W/ModuleInitIntentOp(2516): Dropping unexpected action com.google.android.gms.phenotype.COMMITTED
03-29 04:50:32.203: I/TelephonySpam(2516): SettingsChangedIntentOp - telephonyspam phenotype flag changed
03-29 04:50:32.203: I/TelephonySpam(2516): SpamListSync - schedulePeriodicTask
03-29 04:50:32.205: I/PTCommittedOperation(2306): Receive new configuration for com.google.android.gms.telephonyspam
03-29 04:50:32.241: E/NetworkScheduler(2306): Invalid component specified.
03-29 04:50:32.251: W/ModuleInitIntentOp(2516): Dropping unexpected action com.google.android.gms.phenotype.COMMITTED
03-29 04:50:32.256: I/PTCommittedOperation(2306): Receive new configuration for com.google.android.gms.reachability
03-29 04:50:32.261: E/NetworkScheduler(2306): Invalid component specified.
03-29 04:50:32.280: W/ModuleInitIntentOp(2516): Dropping unexpected action com.google.android.gms.phenotype.COMMITTED
03-29 04:50:32.283: I/PTCommittedOperation(2306): Receive new configuration for com.google.android.gms.audit
03-29 04:50:32.335: W/ModuleInitIntentOp(2516): Dropping unexpected action com.google.android.gms.phenotype.COMMITTED
03-29 04:50:32.337: I/PTCommittedOperation(2306): Receive new configuration for com.google.android.gms.fonts
03-29 04:50:32.407: W/ModuleInitIntentOp(2516): Dropping unexpected action com.google.android.gms.phenotype.COMMITTED
03-29 04:50:32.411: I/PTCommittedOperation(2306): Receive new configuration for com.google.android.gms.icing
03-29 04:50:32.450: I/MobileDataHub(2516): Scheduling periodic tasks
03-29 04:50:32.451: W/MobileDataHub(2516): [Service] appsupload-periodic periodic task disabled
03-29 04:50:32.456: E/NetworkScheduler(2306): Invalid component specified.
03-29 04:50:32.511: W/ModuleInitIntentOp(2516): Dropping unexpected action com.google.android.gms.phenotype.COMMITTED
03-29 04:50:32.514: I/PTCommittedOperation(2306): Receive new configuration for com.google.android.gms.droidguard
03-29 04:50:32.033: I/Binder_2(2771): type=1400 audit(0.0:145): avc: denied { getattr } for name="/" dev="tracefs" ino=1 scontext=u:r:untrusted_app:s0:c512,c768 tcontext=u:object_r:unlabeled:s0 tclass=filesystem permissive=1
03-29 04:50:32.532: W/dex2oat(4352): Compilation of java.util.Map com.google.common.collect.StandardTable$Row.backingRowMap() took 103.783ms
03-29 04:50:32.573: W/ModuleInitIntentOp(2516): Dropping unexpected action com.google.android.gms.phenotype.COMMITTED
03-29 04:50:32.577: I/PTCommittedOperation(2306): Receive new configuration for com.google.android.gms.auth.api.credentials
03-29 04:50:32.600: W/ModuleInitIntentOp(2516): Dropping unexpected action com.google.android.gms.phenotype.COMMITTED
03-29 04:50:32.603: I/PTCommittedOperation(2306): Receive new configuration for com.google.android.gms.client_streamz
03-29 04:50:32.617: W/art(2306): Long monitor contention event with owner method=void java.lang.Object.wait!(long, int) from Object.java:4294967294 waiters=0 for 3.292s
03-29 04:50:32.630: W/ModuleInitIntentOp(2516): Dropping unexpected action com.google.android.gms.phenotype.COMMITTED
03-29 04:50:32.631: I/PTCommittedOperation(2306): Receive new configuration for com.google.android.gms.smartdevice
03-29 04:50:32.667: W/ModuleInitIntentOp(2516): Dropping unexpected action com.google.android.gms.phenotype.COMMITTED
03-29 04:50:32.669: I/PTCommittedOperation(2306): Receive new configuration for com.google.android.gms.tapandpay
03-29 04:50:32.702: E/NetworkScheduler(2306): Invalid component specified.
03-29 04:50:32.706: E/NetworkScheduler(2306): Invalid component specified.
03-29 04:50:32.711: E/SeTransactionSyncTask(2306): Error retrieving account
03-29 04:50:32.711: E/SeTransactionSyncTask(2306): java.lang.IllegalStateException: No current tap-and-pay account
03-29 04:50:32.711: E/SeTransactionSyncTask(2306): 	at aoyw.b(:com.google.android.gms@14367022@14.3.67 (040700-216465562):4)
03-29 04:50:32.711: E/SeTransactionSyncTask(2306): 	at aoyw.a(:com.google.android.gms@14367022@14.3.67 (040700-216465562):1)
03-29 04:50:32.711: E/SeTransactionSyncTask(2306): 	at aptb.a(:com.google.android.gms@14367022@14.3.67 (040700-216465562):23)
03-29 04:50:32.711: E/SeTransactionSyncTask(2306): 	at com.google.android.gms.tapandpay.gcmtask.TapAndPayGcmTaskChimeraService.b(:com.google.android.gms@14367022@14.3.67 (040700-216465562):2)
03-29 04:50:32.711: E/SeTransactionSyncTask(2306): 	at com.google.android.gms.tapandpay.gcmtask.TapAndPayGcmTaskChimeraService.a(:com.google.android.gms@14367022@14.3.67 (040700-216465562):1)
03-29 04:50:32.711: E/SeTransactionSyncTask(2306): 	at com.google.android.gms.tapandpay.phenotype.PhenotypeCommitIntentOperation.onHandleIntent(:com.google.android.gms@14367022@14.3.67 (040700-216465562):23)
03-29 04:50:32.711: E/SeTransactionSyncTask(2306): 	at com.google.android.chimera.IntentOperation.onHandleIntent(:com.google.android.gms@14367022@14.3.67 (040700-216465562):2)
03-29 04:50:32.711: E/SeTransactionSyncTask(2306): 	at dne.a(:com.google.android.gms@14367022@14.3.67 (040700-216465562):7)
03-29 04:50:32.711: E/SeTransactionSyncTask(2306): 	at okc.a(:com.google.android.gms@14367022@14.3.67 (040700-216465562):9)
03-29 04:50:32.711: E/SeTransactionSyncTask(2306): 	at dnj.run(:com.google.android.gms@14367022@14.3.67 (040700-216465562):11)
03-29 04:50:32.711: E/SeTransactionSyncTask(2306): 	at dng.run(:com.google.android.gms@14367022@14.3.67 (040700-216465562):9)
03-29 04:50:32.711: E/SeTransactionSyncTask(2306): 	at java.util.concurrent.ThreadPoolExecutor.runWorker(ThreadPoolExecutor.java:1113)
03-29 04:50:32.711: E/SeTransactionSyncTask(2306): 	at java.util.concurrent.ThreadPoolExecutor$Worker.run(ThreadPoolExecutor.java:588)
03-29 04:50:32.711: E/SeTransactionSyncTask(2306): 	at java.lang.Thread.run(Thread.java:818)
03-29 04:50:32.715: E/NetworkScheduler(2306): Invalid component specified.
03-29 04:50:32.717: E/NetworkScheduler(2306): Invalid component specified.
03-29 04:50:32.723: E/NetworkScheduler(2306): Invalid component specified.
03-29 04:50:32.724: E/NetworkScheduler(2306): Invalid component specified.
03-29 04:50:32.728: E/NetworkScheduler(2306): Invalid component specified.
03-29 04:50:32.729: E/NetworkScheduler(2306): Invalid component specified.
03-29 04:50:32.729: E/NetworkScheduler(2306): Invalid component specified.
03-29 04:50:32.730: E/NetworkScheduler(2306): Invalid component specified.
03-29 04:50:32.493: I/Binder_2(2771): type=1400 audit(0.0:146): avc: denied { read } for name="/" dev="tmpfs" ino=6220 scontext=u:r:untrusted_app:s0:c512,c768 tcontext=u:object_r:device:s0 tclass=dir permissive=1
03-29 04:50:32.493: I/Binder_2(2771): type=1400 audit(0.0:147): avc: denied { open } for path="/dev" dev="tmpfs" ino=6220 scontext=u:r:untrusted_app:s0:c512,c768 tcontext=u:object_r:device:s0 tclass=dir permissive=1
03-29 04:50:32.770: W/Conscrypt(2306): Could not set socket write timeout: java.net.SocketException: Socket closed
03-29 04:50:32.770: W/Conscrypt(2306): 	at com.google.android.gms.org.conscrypt.Platform.setSocketWriteTimeout(:com.google.android.gms@14367022@14.3.67 (040700-216465562):2)
03-29 04:50:32.770: W/Conscrypt(2306): 	at com.google.android.gms.org.conscrypt.ConscryptFileDescriptorSocket.setSoWriteTimeout(:com.google.android.gms@14367022@14.3.67 (040700-216465562):2)
03-29 04:50:32.794: W/Conscrypt(2306): Could not set socket write timeout: java.net.SocketException: Socket closed
03-29 04:50:32.794: W/Conscrypt(2306): 	at com.google.android.gms.org.conscrypt.Platform.setSocketWriteTimeout(:com.google.android.gms@14367022@14.3.67 (040700-216465562):2)
03-29 04:50:32.794: W/Conscrypt(2306): 	at com.google.android.gms.org.conscrypt.ConscryptFileDescriptorSocket.setSoWriteTimeout(:com.google.android.gms@14367022@14.3.67 (040700-216465562):2)
03-29 04:50:33.093: I/Remoter(1334): Saved screenshot to '/data/screenshots/__pmv__-0067.jpg'
03-29 04:50:33.400: I/TelephonySpam(2516): TelephonySpamChimeraService - Running Telephony Spam Chimera Service
03-29 04:50:33.401: I/TelephonySpam(2516): TelephonySpamChimeraService - Cleaning SIP Header local table of old entries
03-29 04:50:33.401: I/TelephonySpam(2516): TelephonySpamChimeraService - Syncing Call Spam List
03-29 04:50:33.401: I/TelephonySpam(2516): SpamListSync - SpamListSyncChimeraService.syncSpamList called with tag: telephonyspam.SpamListSyncOneOffTask, extras: Bundle[{SpamList Type=0, Action=1.0}]
03-29 04:50:33.401: I/TelephonySpam(2516): SpamListSync - Call spam module disabled. Skipping spam list syncing.
03-29 04:50:33.529: I/TelephonySpam(2516): TelephonySpamChimeraService - Running Telephony Spam Chimera Service
03-29 04:50:33.740: W/Conscrypt(2306): Could not set socket write timeout: java.net.SocketException: Socket closed
03-29 04:50:33.740: W/Conscrypt(2306): 	at com.google.android.gms.org.conscrypt.Platform.setSocketWriteTimeout(:com.google.android.gms@14367022@14.3.67 (040700-216465562):2)
03-29 04:50:33.740: W/Conscrypt(2306): 	at com.google.android.gms.org.conscrypt.ConscryptFileDescriptorSocket.setSoWriteTimeout(:com.google.android.gms@14367022@14.3.67 (040700-216465562):2)
03-29 04:50:33.765: W/Conscrypt(2306): Could not set socket write timeout: java.net.SocketException: Socket closed
03-29 04:50:33.765: W/Conscrypt(2306): 	at com.google.android.gms.org.conscrypt.Platform.setSocketWriteTimeout(:com.google.android.gms@14367022@14.3.67 (040700-216465562):2)
03-29 04:50:33.765: W/Conscrypt(2306): 	at com.google.android.gms.org.conscrypt.ConscryptFileDescriptorSocket.setSoWriteTimeout(:com.google.android.gms@14367022@14.3.67 (040700-216465562):2)
03-29 04:50:33.966: I/ajhm(2306): updateFromConfigurations using legacy put method [CONTEXT service_id=51 ]
03-29 04:50:33.981: I/ajhm(2306): updateFromConfigurations using legacy put method [CONTEXT service_id=51 ]
03-29 04:50:33.982: I/ajji(2306): Scheduling adaptive one off task with window [14400, 604800] in seconds [CONTEXT service_id=51 ]
03-29 04:50:33.989: E/NetworkScheduler(2306): Invalid component specified.
03-29 04:50:34.253: I/Remoter(1334): Saved screenshot to '/data/screenshots/__pmv__-0068.jpg'
03-29 04:50:34.372: I/dex2oat(4352): dex2oat took 5.228s (threads: 2) arena alloc=1818KB java alloc=7MB native alloc=21MB free=3MB
03-29 04:50:34.400: V/BackupManagerService(1674): restoreAtInstall pkg=com.google.android.apps.mtaas.backdrop token=3 restoreSet=0
03-29 04:50:34.400: V/BackupManagerService(1674): Finishing install immediately
03-29 04:50:34.402: W/Settings(1674): Setting install_non_market_apps has moved from android.provider.Settings.Global to android.provider.Settings.Secure, returning read-only value.
03-29 04:50:34.402: I/art(1674): Starting a blocking GC Explicit
03-29 04:50:34.421: I/art(1674): Explicit concurrent mark sweep GC freed 42950(2MB) AllocSpace objects, 9(248KB) LOS objects, 33% free, 27MB/41MB, paused 269us total 16.826ms
03-29 04:50:34.422: D/BluetoothMapAppObserver(2589): onReceive
03-29 04:50:34.422: D/BluetoothMapAppObserver(2589): The installed package is: com.google.android.apps.mtaas.backdrop
03-29 04:50:34.423: D/CarrierServiceBindHelper(2063): Receive action: android.intent.action.PACKAGE_ADDED
03-29 04:50:34.423: D/CarrierServiceBindHelper(2063): mHandler: 3
03-29 04:50:34.423: D/CarrierConfigLoader(2063): mHandler: 9 phoneId: 0
03-29 04:50:34.425: I/InputReader(1674): Reconfiguring input devices.  changes=0x00000010
03-29 04:50:34.429: I/art(4286): System.exit called, status: 0
03-29 04:50:34.429: I/AndroidRuntime(4286): VM exiting with result code 0.
03-29 04:50:34.431: D/BluetoothMapAppObserver(2589): Found 0 application(s) with intent android.bluetooth.action.BLUETOOTH_MAP_PROVIDER
03-29 04:50:34.431: D/BluetoothMapAppObserver(2589): Found 0 application(s) with intent android.bluetooth.action.BLUETOOTH_MAP_IM_PROVIDER
03-29 04:50:34.439: D/Finsky(3056): [1] ExternalReferrer.access$200: Package state data is missing for com.google.android.apps.mtaas.backdrop
03-29 04:50:34.445: I/UpdateIcingCorporaServi(3766): Updating corpora: APPS=com.google.android.apps.mtaas.backdrop, CONTACTS=MAYBE
03-29 04:50:34.474: I/Auth(2516): [SupervisedAccountIntentOperation] onHandleIntent(): android.intent.action.PACKAGE_ADDED
03-29 04:50:34.487: I/Icing(2516): IndexChimeraService.getServiceInterface callingPackage=com.google.android.googlequicksearchbox componentName=null serviceId=36
03-29 04:50:34.487: I/Auth(2516): [SupervisedAccountIntentOperation] This operation is disabled
03-29 04:50:34.489: I/ChromeSync(2516): [Sync,SyncIntentOperation] Handling the intent: Intent { act=android.intent.action.PACKAGE_ADDED dat=package:com.google.android.apps.mtaas.backdrop flg=0x4000010 cmp=com.google.android.gms/.chimera.GmsIntentOperationService (has extras) }.
03-29 04:50:34.491: I/ChromeSync(2516): [Persistence,AffiliationManager] No affiliation data for android://N50vJU0zrJ8WOzDt6r3GDtfqrkROFOSiqHcmppwn3vxaRC4hFpNn4UsL7XlvjtlfcWuDAQhmck0qjQPwsrpMNg==@com.google.android.apps.mtaas.backdrop/. Marking affiliation data as stale...
03-29 04:50:34.491: I/FontsPackageChangeOp(2516): Package com.google.android.apps.mtaas.backdrop has no metadata
03-29 04:50:34.498: I/ChromeSync(2516): [Persistence,AffiliationManager] Fetching affiliations from the server.
03-29 04:50:34.514: I/PeopleContactsSync(2516): triggerPendingContactsCleanup: no accounts
03-29 04:50:34.522: I/Icing(2516): IndexChimeraService.getServiceInterface callingPackage=com.google.android.gms componentName=AppsCorpus serviceId=32
03-29 04:50:34.522: I/Icing(2516): IndexChimeraService.getServiceInterface callingPackage=com.google.android.gms componentName=AppsCorpus serviceId=36
03-29 04:50:34.529: I/Icing(2516): Usage reports ok 0, Failed Usage reports 0, indexed 0, rejected 0, imm upload true
03-29 04:50:34.533: I/Icing(2516): Usage reports ok 0, Failed Usage reports 0, indexed 0, rejected 0, imm upload false
03-29 04:50:34.534: I/UpdateIcingCorporaServi(3766): UpdateCorporaTask done [took 88 ms] updated apps [took 88 ms] 
03-29 04:50:34.543: I/Icing(2516): Usage reports ok 0, Failed Usage reports 0, indexed 0, rejected 0, imm upload false
03-29 04:50:34.713: I/sshd(4501): type=1400 audit(0.0:148): avc: denied { setuid } for capability=7 scontext=u:r:gcelogwrapper:s0 tcontext=u:r:gcelogwrapper:s0 tclass=capability permissive=1
03-29 04:50:35.077: D/AndroidRuntime(4509): >>>>>> START com.android.internal.os.RuntimeInit uid 0 <<<<<<
03-29 04:50:35.078: D/AndroidRuntime(4509): CheckJNI is OFF
03-29 04:50:35.090: D/ICU(4509): No timezone override file found: /data/misc/zoneinfo/current/icu/icu_tzdata.dat
03-29 04:50:35.090: D/ICU(4509): [ 03-29 04:50:35.094  4509: 4509 W/         ]
03-29 04:50:35.090: D/ICU(4509): Failed to bind-mount /system/lib/x86/cpuinfo as /proc/cpuinfo: No such file or directory
03-29 04:50:35.100: E/memtrack(4509): Couldn't load memtrack module (No such file or directory)
03-29 04:50:35.100: E/android.os.Debug(4509): failed to load memtrack module: -2
03-29 04:50:35.101: I/Radio-JNI(4509): register_android_hardware_Radio DONE
03-29 04:50:35.108: D/AndroidRuntime(4509): Calling main entry com.android.commands.pm.Pm
03-29 04:50:35.112: D/DefContainer(4111): Copying /data/local/tmp/com.google.android.apps.auth.test.support.apk to base.apk
03-29 04:50:35.116: I/PackageParser(1674): com.google.android.apps.auth.test.support: compat added android.permission.WRITE_EXTERNAL_STORAGE android.permission.READ_PHONE_STATE
03-29 04:50:35.139: I/PackageManager.DexOptimizer(1674): Running dexopt (dex2oat) on: /data/app/vmdl2000555707.tmp/base.apk pkg=com.google.android.apps.auth.test.support isa=x86 vmSafeMode=false debuggable=false oatDir = /data/app/vmdl2000555707.tmp/oat bootComplete=true
03-29 04:50:35.148: I/dex2oat(4517): Starting dex2oat.
03-29 04:50:35.148: E/cutils-trace(4517): Error opening trace file: Permission denied (13)
03-29 04:50:35.399: I/Remoter(1334): Saved screenshot to '/data/screenshots/__pmv__-0069.jpg'
03-29 04:50:35.540: I/Icing(2516): Indexing com.google.android.googlequicksearchbox-applications_uri from com.google.android.googlequicksearchbox
03-29 04:50:35.566: I/Icing(2516): Indexing done com.google.android.googlequicksearchbox-applications_uri
03-29 04:50:35.567: I/Icing(2516): Indexing com.google.android.gms-apps from com.google.android.gms
03-29 04:50:35.571: I/dex2oat(4517): dex2oat took 423.876ms (threads: 2) arena alloc=4MB java alloc=533KB native alloc=8MB free=3MB
03-29 04:50:35.577: I/Icing(2516): Indexing done com.google.android.gms-apps
03-29 04:50:35.588: W/PackageManager(1674): Unknown permission android.permission.MANAGE_ACCOUNT in package com.google.android.apps.auth.test.support
03-29 04:50:35.588: W/PackageManager(1674): Not granting permission com.google.android.providers.gsf.permission.WRITE_GSERVICES to package com.google.android.apps.auth.test.support (protectionLevel=18 flags=0x18008444)
03-29 04:50:35.598: V/BackupManagerService(1674): restoreAtInstall pkg=com.google.android.apps.auth.test.support token=4 restoreSet=0
03-29 04:50:35.598: V/BackupManagerService(1674): Finishing install immediately
03-29 04:50:35.601: W/Settings(1674): Setting install_non_market_apps has moved from android.provider.Settings.Global to android.provider.Settings.Secure, returning read-only value.
03-29 04:50:35.601: I/art(1674): Starting a blocking GC Explicit
03-29 04:50:35.623: I/art(1674): Explicit concurrent mark sweep GC freed 57492(3MB) AllocSpace objects, 21(452KB) LOS objects, 33% free, 28MB/42MB, paused 254us total 20.154ms
03-29 04:50:35.626: I/art(4509): System.exit called, status: 0
03-29 04:50:35.626: I/AndroidRuntime(4509): VM exiting with result code 0.
03-29 04:50:35.626: D/CarrierServiceBindHelper(2063): Receive action: android.intent.action.PACKAGE_ADDED
03-29 04:50:35.627: D/CarrierServiceBindHelper(2063): mHandler: 3
03-29 04:50:35.627: D/CarrierConfigLoader(2063): mHandler: 9 phoneId: 0
03-29 04:50:35.628: D/BluetoothMapAppObserver(2589): onReceive
03-29 04:50:35.628: D/BluetoothMapAppObserver(2589): The installed package is: com.google.android.apps.auth.test.support
03-29 04:50:35.628: D/BluetoothMapAppObserver(2589): Found 0 application(s) with intent android.bluetooth.action.BLUETOOTH_MAP_PROVIDER
03-29 04:50:35.629: D/BluetoothMapAppObserver(2589): Found 0 application(s) with intent android.bluetooth.action.BLUETOOTH_MAP_IM_PROVIDER
03-29 04:50:35.634: I/InputReader(1674): Reconfiguring input devices.  changes=0x00000010
03-29 04:50:35.642: D/Finsky(3056): [1] ExternalReferrer.access$200: Package state data is missing for com.google.android.apps.auth.test.support
03-29 04:50:35.649: I/UpdateIcingCorporaServi(3766): Updating corpora: APPS=com.google.android.apps.auth.test.support, CONTACTS=MAYBE
03-29 04:50:35.662: I/UpdateIcingCorporaServi(3766): UpdateCorporaTask done [took 13 ms] updated apps [took 13 ms] 
03-29 04:50:35.673: I/Auth(2516): [SupervisedAccountIntentOperation] onHandleIntent(): android.intent.action.PACKAGE_ADDED
03-29 04:50:35.673: I/Auth(2516): [SupervisedAccountIntentOperation] This operation is disabled
03-29 04:50:35.673: I/ChromeSync(2516): [Sync,SyncIntentOperation] Handling the intent: Intent { act=android.intent.action.PACKAGE_ADDED dat=package:com.google.android.apps.auth.test.support flg=0x4000010 cmp=com.google.android.gms/.chimera.GmsIntentOperationService (has extras) }.
03-29 04:50:35.676: I/ChromeSync(2516): [Persistence,AffiliationManager] No affiliation data for android://7G-Efj82hZdHSUvuVB5_HPiHcWccXsypYCo6U8Kc9sLlMNs7HSOe_3VRyq6k0G49kSzhdL3KFII22IkttNSGIg==@com.google.android.apps.auth.test.support/. Marking affiliation data as stale...
03-29 04:50:35.678: I/ChromeSync(2516): [Persistence,AffiliationManager] Fetching affiliations from the server.
03-29 04:50:35.682: I/PeopleContactsSync(2516): triggerPendingContactsCleanup: no accounts
03-29 04:50:35.687: I/Icing(2516): IndexChimeraService.getServiceInterface callingPackage=com.google.android.gms componentName=AppsCorpus serviceId=32
03-29 04:50:35.689: I/Icing(2516): IndexChimeraService.getServiceInterface callingPackage=com.google.android.gms componentName=AppsCorpus serviceId=36
03-29 04:50:35.699: I/Icing(2516): Usage reports ok 0, Failed Usage reports 0, indexed 0, rejected 0, imm upload false
03-29 04:50:35.703: I/Icing(2516): Usage reports ok 0, Failed Usage reports 0, indexed 0, rejected 0, imm upload false
03-29 04:50:36.317: D/AndroidRuntime(4547): >>>>>> START com.android.internal.os.RuntimeInit uid 0 <<<<<<
03-29 04:50:36.319: D/AndroidRuntime(4547): CheckJNI is OFF
03-29 04:50:36.331: D/ICU(4547): No timezone override file found: /data/misc/zoneinfo/current/icu/icu_tzdata.dat
03-29 04:50:36.331: D/ICU(4547): [ 03-29 04:50:36.335  4547: 4547 W/         ]
03-29 04:50:36.331: D/ICU(4547): Failed to bind-mount /system/lib/x86/cpuinfo as /proc/cpuinfo: No such file or directory
03-29 04:50:36.341: E/memtrack(4547): Couldn't load memtrack module (No such file or directory)
03-29 04:50:36.341: E/android.os.Debug(4547): failed to load memtrack module: -2
03-29 04:50:36.342: I/Radio-JNI(4547): register_android_hardware_Radio DONE
03-29 04:50:36.348: D/AndroidRuntime(4547): Calling main entry com.android.commands.pm.Pm
03-29 04:50:36.352: D/DefContainer(4111): Copying /data/local/tmp/com.google.android.apps.mtaas.testloop.apk to base.apk
03-29 04:50:36.398: I/PackageManager.DexOptimizer(1674): Running dexopt (dex2oat) on: /data/app/vmdl1322618523.tmp/base.apk pkg=com.google.android.apps.mtaas.testloop isa=x86 vmSafeMode=false debuggable=false oatDir = /data/app/vmdl1322618523.tmp/oat bootComplete=true
03-29 04:50:36.409: I/dex2oat(4555): Starting dex2oat.
03-29 04:50:36.409: E/cutils-trace(4555): Error opening trace file: Permission denied (13)
03-29 04:50:36.539: I/Remoter(1334): Saved screenshot to '/data/screenshots/__pmv__-0070.jpg'
03-29 04:50:36.719: I/Icing(2516): Indexing com.google.android.gms-apps from com.google.android.gms
03-29 04:50:36.720: I/Icing(2516): Indexing done com.google.android.gms-apps
03-29 04:50:36.966: W/dex2oat(4555): No verified method for method calling String.<init>: java.lang.String android.text.TextUtils.substring(java.lang.CharSequence, int, int)
03-29 04:50:37.688: I/Remoter(1334): Saved screenshot to '/data/screenshots/__pmv__-0071.jpg'
03-29 04:50:37.818: I/dex2oat(4555): dex2oat took 1.409s (threads: 2) arena alloc=952KB java alloc=2MB native alloc=13MB free=2MB
03-29 04:50:37.844: V/BackupManagerService(1674): restoreAtInstall pkg=com.google.android.apps.mtaas.testloop token=5 restoreSet=0
03-29 04:50:37.844: V/BackupManagerService(1674): Finishing install immediately
03-29 04:50:37.854: D/VoldConnector(1674): SND -> {7 volume remount_uid 10081 read}
03-29 04:50:37.855: D/vold(1318): Remounting 10081 as mode read
03-29 04:50:37.856: D/VoldConnector(1674): RCV <- {200 7 Command succeeded}
03-29 04:50:37.857: D/VoldConnector(1674): SND -> {8 volume remount_uid 10081 write}
03-29 04:50:37.857: D/vold(1318): Remounting 10081 as mode write
03-29 04:50:37.858: D/VoldConnector(1674): RCV <- {200 8 Command succeeded}
03-29 04:50:37.864: W/Settings(1674): Setting install_non_market_apps has moved from android.provider.Settings.Global to android.provider.Settings.Secure, returning read-only value.
03-29 04:50:37.864: I/art(1674): Starting a blocking GC Explicit
03-29 04:50:37.868: W/GCoreFlp(2306): No location to return for getLastLocation()
03-29 04:50:37.871: W/GCoreFlp(2306): No location to return for getLastLocation()
03-29 04:50:37.889: I/art(1674): Explicit concurrent mark sweep GC freed 55087(3MB) AllocSpace objects, 12(400KB) LOS objects, 33% free, 27MB/41MB, paused 248us total 24.014ms
03-29 04:50:37.895: D/CarrierServiceBindHelper(2063): Receive action: android.intent.action.PACKAGE_ADDED
03-29 04:50:37.895: D/BluetoothMapAppObserver(2589): onReceive
03-29 04:50:37.895: D/BluetoothMapAppObserver(2589): The installed package is: com.google.android.apps.mtaas.testloop
03-29 04:50:37.895: I/art(4547): System.exit called, status: 0
03-29 04:50:37.895: I/AndroidRuntime(4547): VM exiting with result code 0.
03-29 04:50:37.910: I/InputReader(1674): Reconfiguring input devices.  changes=0x00000010
03-29 04:50:37.917: D/BluetoothMapAppObserver(2589): Found 0 application(s) with intent android.bluetooth.action.BLUETOOTH_MAP_PROVIDER
03-29 04:50:37.918: D/BluetoothMapAppObserver(2589): Found 0 application(s) with intent android.bluetooth.action.BLUETOOTH_MAP_IM_PROVIDER
03-29 04:50:37.919: D/CarrierServiceBindHelper(2063): mHandler: 3
03-29 04:50:37.919: D/CarrierConfigLoader(2063): mHandler: 9 phoneId: 0
03-29 04:50:37.925: D/Finsky(3056): [1] ExternalReferrer.access$200: Package state data is missing for com.google.android.apps.mtaas.testloop
03-29 04:50:37.928: I/UpdateIcingCorporaServi(3766): Updating corpora: APPS=com.google.android.apps.mtaas.testloop, CONTACTS=MAYBE
03-29 04:50:37.947: I/Auth(2516): [SupervisedAccountIntentOperation] onHandleIntent(): android.intent.action.PACKAGE_ADDED
03-29 04:50:37.947: I/Auth(2516): [SupervisedAccountIntentOperation] This operation is disabled
03-29 04:50:37.947: I/ChromeSync(2516): [Sync,SyncIntentOperation] Handling the intent: Intent { act=android.intent.action.PACKAGE_ADDED dat=package:com.google.android.apps.mtaas.testloop flg=0x4000010 cmp=com.google.android.gms/.chimera.GmsIntentOperationService (has extras) }.
03-29 04:50:37.950: I/FontsPackageChangeOp(2516): Package com.google.android.apps.mtaas.testloop has no metadata
03-29 04:50:37.959: I/Icing(2516): IndexChimeraService.getServiceInterface callingPackage=com.google.android.googlequicksearchbox componentName=null serviceId=36
03-29 04:50:37.960: I/ChromeSync(2516): [Persistence,AffiliationManager] No affiliation data for android://N50vJU0zrJ8WOzDt6r3GDtfqrkROFOSiqHcmppwn3vxaRC4hFpNn4UsL7XlvjtlfcWuDAQhmck0qjQPwsrpMNg==@com.google.android.apps.mtaas.testloop/. Marking affiliation data as stale...
03-29 04:50:37.961: I/ChromeSync(2516): [Persistence,AffiliationManager] Fetching affiliations from the server.
03-29 04:50:37.973: I/PeopleContactsSync(2516): triggerPendingContactsCleanup: no accounts
03-29 04:50:37.985: I/Icing(2516): IndexChimeraService.getServiceInterface callingPackage=com.google.android.gms componentName=AppsCorpus serviceId=32
03-29 04:50:37.989: I/Icing(2516): IndexChimeraService.getServiceInterface callingPackage=com.google.android.gms componentName=AppsCorpus serviceId=36
03-29 04:50:38.002: I/Icing(2516): Usage reports ok 0, Failed Usage reports 0, indexed 0, rejected 0, imm upload true
03-29 04:50:38.003: I/UpdateIcingCorporaServi(3766): UpdateCorporaTask done [took 75 ms] updated apps [took 75 ms] 
03-29 04:50:38.008: I/Icing(2516): Usage reports ok 0, Failed Usage reports 0, indexed 0, rejected 0, imm upload false
03-29 04:50:38.011: I/Icing(2516): Usage reports ok 0, Failed Usage reports 0, indexed 0, rejected 0, imm upload false
03-29 04:50:38.193: I/scp(4579): type=1400 audit(0.0:149): avc: denied { write } for name="tmp" dev="loop6" ino=65538 scontext=u:r:gcelogwrapper:s0 tcontext=u:object_r:shell_data_file:s0 tclass=dir permissive=1
03-29 04:50:38.213: I/scp(4579): type=1400 audit(0.0:150): avc: denied { add_name } for name="android.support.test.orchestrator.apk" scontext=u:r:gcelogwrapper:s0 tcontext=u:object_r:shell_data_file:s0 tclass=dir permissive=1
03-29 04:50:38.213: I/scp(4579): type=1400 audit(0.0:151): avc: denied { create } for name="android.support.test.orchestrator.apk" scontext=u:r:gcelogwrapper:s0 tcontext=u:object_r:shell_data_file:s0 tclass=file permissive=1
03-29 04:50:38.213: I/scp(4579): type=1400 audit(0.0:152): avc: denied { write open } for path="/data/local/tmp/android.support.test.orchestrator.apk" dev="loop6" ino=65582 scontext=u:r:gcelogwrapper:s0 tcontext=u:object_r:shell_data_file:s0 tclass=file permissive=1
03-29 04:50:38.213: I/scp(4579): type=1400 audit(0.0:153): avc: denied { getattr } for path="/data/local/tmp/android.support.test.orchestrator.apk" dev="loop6" ino=65582 scontext=u:r:gcelogwrapper:s0 tcontext=u:object_r:shell_data_file:s0 tclass=file permissive=1
03-29 04:50:38.512: D/AndroidRuntime(4587): >>>>>> START com.android.internal.os.RuntimeInit uid 0 <<<<<<
03-29 04:50:38.513: D/AndroidRuntime(4587): CheckJNI is OFF
03-29 04:50:38.525: D/ICU(4587): No timezone override file found: /data/misc/zoneinfo/current/icu/icu_tzdata.dat
03-29 04:50:38.525: D/ICU(4587): [ 03-29 04:50:38.530  4587: 4587 W/         ]
03-29 04:50:38.525: D/ICU(4587): Failed to bind-mount /system/lib/x86/cpuinfo as /proc/cpuinfo: No such file or directory
03-29 04:50:38.536: E/memtrack(4587): Couldn't load memtrack module (No such file or directory)
03-29 04:50:38.536: E/android.os.Debug(4587): failed to load memtrack module: -2
03-29 04:50:38.537: I/Radio-JNI(4587): register_android_hardware_Radio DONE
03-29 04:50:38.544: D/AndroidRuntime(4587): Calling main entry com.android.commands.pm.Pm
03-29 04:50:38.548: D/DefContainer(4111): Copying /data/local/tmp/android.support.test.orchestrator.apk to base.apk
03-29 04:50:38.563: I/PackageManager.DexOptimizer(1674): Running dexopt (dex2oat) on: /data/app/vmdl533788810.tmp/base.apk pkg=android.support.test.orchestrator isa=x86 vmSafeMode=false debuggable=false oatDir = /data/app/vmdl533788810.tmp/oat bootComplete=true
03-29 04:50:38.570: I/dex2oat(4595): Starting dex2oat.
03-29 04:50:38.570: E/cutils-trace(4595): Error opening trace file: Permission denied (13)
03-29 04:50:38.606: I/GceRil(1343): Received request 19
03-29 04:50:38.606: I/GceRil(1343): Reporting signal strength: GW=26 CDMA=-64 EVDO=-75 LTE=30
03-29 04:50:38.657: I/dex2oat(4595): dex2oat took 86.239ms (threads: 2) arena alloc=71KB java alloc=244KB native alloc=1710KB free=1361KB
03-29 04:50:38.680: V/BackupManagerService(1674): restoreAtInstall pkg=android.support.test.orchestrator token=6 restoreSet=0
03-29 04:50:38.680: V/BackupManagerService(1674): Finishing install immediately
03-29 04:50:38.681: D/VoldConnector(1674): SND -> {9 volume remount_uid 10082 read}
03-29 04:50:38.682: D/vold(1318): Remounting 10082 as mode read
03-29 04:50:38.683: D/VoldConnector(1674): RCV <- {200 9 Command succeeded}
03-29 04:50:38.684: D/VoldConnector(1674): SND -> {10 volume remount_uid 10082 write}
03-29 04:50:38.684: D/vold(1318): Remounting 10082 as mode write
03-29 04:50:38.685: D/VoldConnector(1674): RCV <- {200 10 Command succeeded}
03-29 04:50:38.689: W/Settings(1674): Setting install_non_market_apps has moved from android.provider.Settings.Global to android.provider.Settings.Secure, returning read-only value.
03-29 04:50:38.689: I/art(1674): Starting a blocking GC Explicit
03-29 04:50:38.700: W/GCoreFlp(2306): No location to return for getLastLocation()
03-29 04:50:38.705: W/GCoreFlp(2306): No location to return for getLastLocation()
03-29 04:50:38.722: I/art(1674): Explicit concurrent mark sweep GC freed 46432(3MB) AllocSpace objects, 7(140KB) LOS objects, 33% free, 28MB/42MB, paused 487us total 33.156ms
03-29 04:50:38.729: I/art(4587): System.exit called, status: 0
03-29 04:50:38.729: I/AndroidRuntime(4587): VM exiting with result code 0.
03-29 04:50:38.731: I/InputReader(1674): Reconfiguring input devices.  changes=0x00000010
03-29 04:50:38.731: D/CarrierServiceBindHelper(2063): Receive action: android.intent.action.PACKAGE_ADDED
03-29 04:50:38.731: D/BluetoothMapAppObserver(2589): onReceive
03-29 04:50:38.731: D/BluetoothMapAppObserver(2589): The installed package is: android.support.test.orchestrator
03-29 04:50:38.732: D/BluetoothMapAppObserver(2589): Found 0 application(s) with intent android.bluetooth.action.BLUETOOTH_MAP_PROVIDER
03-29 04:50:38.732: D/BluetoothMapAppObserver(2589): Found 0 application(s) with intent android.bluetooth.action.BLUETOOTH_MAP_IM_PROVIDER
03-29 04:50:38.732: D/CarrierServiceBindHelper(2063): mHandler: 3
03-29 04:50:38.732: D/CarrierConfigLoader(2063): mHandler: 9 phoneId: 0
03-29 04:50:38.744: D/Finsky(3056): [1] ExternalReferrer.access$200: Package state data is missing for android.support.test.orchestrator
03-29 04:50:38.748: I/UpdateIcingCorporaServi(3766): Updating corpora: APPS=android.support.test.orchestrator, CONTACTS=MAYBE
03-29 04:50:38.772: I/UpdateIcingCorporaServi(3766): UpdateCorporaTask done [took 24 ms] updated apps [took 24 ms] 
03-29 04:50:38.795: I/Auth(2516): [SupervisedAccountIntentOperation] onHandleIntent(): android.intent.action.PACKAGE_ADDED
03-29 04:50:38.797: I/ChromeSync(2516): [Sync,SyncIntentOperation] Handling the intent: Intent { act=android.intent.action.PACKAGE_ADDED dat=package:android.support.test.orchestrator flg=0x4000010 cmp=com.google.android.gms/.chimera.GmsIntentOperationService (has extras) }.
03-29 04:50:38.797: I/Auth(2516): [SupervisedAccountIntentOperation] This operation is disabled
03-29 04:50:38.797: I/FontsPackageChangeOp(2516): Package android.support.test.orchestrator has no metadata
03-29 04:50:38.797: I/ChromeSync(2516): [Persistence,AffiliationManager] No affiliation data for android://N50vJU0zrJ8WOzDt6r3GDtfqrkROFOSiqHcmppwn3vxaRC4hFpNn4UsL7XlvjtlfcWuDAQhmck0qjQPwsrpMNg==@android.support.test.orchestrator/. Marking affiliation data as stale...
03-29 04:50:38.802: I/ChromeSync(2516): [Persistence,AffiliationManager] Fetching affiliations from the server.
03-29 04:50:38.809: I/Icing(2516): IndexChimeraService.getServiceInterface callingPackage=com.google.android.gms componentName=AppsCorpus serviceId=36
03-29 04:50:38.809: I/Icing(2516): IndexChimeraService.getServiceInterface callingPackage=com.google.android.gms componentName=AppsCorpus serviceId=32
03-29 04:50:38.819: I/PeopleContactsSync(2516): triggerPendingContactsCleanup: no accounts
03-29 04:50:38.845: I/Icing(2516): Usage reports ok 0, Failed Usage reports 0, indexed 0, rejected 0, imm upload false
03-29 04:50:38.856: I/Icing(2516): Usage reports ok 0, Failed Usage reports 0, indexed 0, rejected 0, imm upload false
03-29 04:50:38.869: I/Remoter(1334): Saved screenshot to '/data/screenshots/__pmv__-0072.jpg'
03-29 04:50:39.003: I/Icing(2516): Indexing com.google.android.googlequicksearchbox-applications_uri from com.google.android.googlequicksearchbox
03-29 04:50:39.016: I/Icing(2516): Indexing done com.google.android.googlequicksearchbox-applications_uri
03-29 04:50:39.017: I/Icing(2516): Indexing com.google.android.gms-apps from com.google.android.gms
03-29 04:50:39.024: I/Icing(2516): Indexing done com.google.android.gms-apps
03-29 04:50:39.312: D/AndroidRuntime(4625): >>>>>> START com.android.internal.os.RuntimeInit uid 0 <<<<<<
03-29 04:50:39.313: D/AndroidRuntime(4625): CheckJNI is OFF
03-29 04:50:39.326: D/ICU(4625): No timezone override file found: /data/misc/zoneinfo/current/icu/icu_tzdata.dat
03-29 04:50:39.326: D/ICU(4625): [ 03-29 04:50:39.330  4625: 4625 W/         ]
03-29 04:50:39.326: D/ICU(4625): Failed to bind-mount /system/lib/x86/cpuinfo as /proc/cpuinfo: No such file or directory
03-29 04:50:39.337: E/memtrack(4625): Couldn't load memtrack module (No such file or directory)
03-29 04:50:39.337: E/android.os.Debug(4625): failed to load memtrack module: -2
03-29 04:50:39.337: I/Radio-JNI(4625): register_android_hardware_Radio DONE
03-29 04:50:39.345: D/AndroidRuntime(4625): Calling main entry com.android.commands.pm.Pm
03-29 04:50:39.349: D/DefContainer(4111): Copying /data/local/tmp/androidx.test.orchestrator.apk to base.apk
03-29 04:50:39.363: I/PackageManager.DexOptimizer(1674): Running dexopt (dex2oat) on: /data/app/vmdl1053063289.tmp/base.apk pkg=androidx.test.orchestrator isa=x86 vmSafeMode=false debuggable=true oatDir = /data/app/vmdl1053063289.tmp/oat bootComplete=true
03-29 04:50:39.371: I/dex2oat(4633): /system/bin/dex2oat --debuggable
03-29 04:50:39.371: E/cutils-trace(4633): Error opening trace file: Permission denied (13)
03-29 04:50:39.437: I/dex2oat(4633): dex2oat took 66.270ms (threads: 2) arena alloc=43KB java alloc=242KB native alloc=2MB free=1681KB
03-29 04:50:39.460: V/BackupManagerService(1674): restoreAtInstall pkg=androidx.test.orchestrator token=7 restoreSet=0
03-29 04:50:39.460: V/BackupManagerService(1674): Finishing install immediately
03-29 04:50:39.461: D/VoldConnector(1674): SND -> {11 volume remount_uid 10083 read}
03-29 04:50:39.461: D/vold(1318): Remounting 10083 as mode read
03-29 04:50:39.462: D/VoldConnector(1674): RCV <- {200 11 Command succeeded}
03-29 04:50:39.462: D/VoldConnector(1674): SND -> {12 volume remount_uid 10083 write}
03-29 04:50:39.463: D/vold(1318): Remounting 10083 as mode write
03-29 04:50:39.464: D/VoldConnector(1674): RCV <- {200 12 Command succeeded}
03-29 04:50:39.470: W/Settings(1674): Setting install_non_market_apps has moved from android.provider.Settings.Global to android.provider.Settings.Secure, returning read-only value.
03-29 04:50:39.470: I/art(1674): Starting a blocking GC Explicit
03-29 04:50:39.476: W/GCoreFlp(2306): No location to return for getLastLocation()
03-29 04:50:39.477: W/GCoreFlp(2306): No location to return for getLastLocation()
03-29 04:50:39.494: I/art(1674): Explicit concurrent mark sweep GC freed 46897(3MB) AllocSpace objects, 7(140KB) LOS objects, 33% free, 28MB/42MB, paused 341us total 23.442ms
03-29 04:50:39.497: I/art(4625): System.exit called, status: 0
03-29 04:50:39.497: I/AndroidRuntime(4625): VM exiting with result code 0.
03-29 04:50:39.508: D/BluetoothMapAppObserver(2589): onReceive
03-29 04:50:39.508: D/BluetoothMapAppObserver(2589): The installed package is: androidx.test.orchestrator
03-29 04:50:39.508: D/CarrierServiceBindHelper(2063): Receive action: android.intent.action.PACKAGE_ADDED
03-29 04:50:39.508: D/BluetoothMapAppObserver(2589): Found 0 application(s) with intent android.bluetooth.action.BLUETOOTH_MAP_PROVIDER
03-29 04:50:39.509: D/BluetoothMapAppObserver(2589): Found 0 application(s) with intent android.bluetooth.action.BLUETOOTH_MAP_IM_PROVIDER
03-29 04:50:39.509: D/CarrierServiceBindHelper(2063): mHandler: 3
03-29 04:50:39.509: D/CarrierConfigLoader(2063): mHandler: 9 phoneId: 0
03-29 04:50:39.512: I/InputReader(1674): Reconfiguring input devices.  changes=0x00000010
03-29 04:50:39.519: D/Finsky(3056): [1] ExternalReferrer.access$200: Package state data is missing for androidx.test.orchestrator
03-29 04:50:39.527: I/UpdateIcingCorporaServi(3766): Updating corpora: APPS=androidx.test.orchestrator, CONTACTS=MAYBE
03-29 04:50:39.533: I/UpdateIcingCorporaServi(3766): UpdateCorporaTask done [took 7 ms] updated apps [took 7 ms] 
03-29 04:50:39.554: I/Auth(2516): [SupervisedAccountIntentOperation] onHandleIntent(): android.intent.action.PACKAGE_ADDED
03-29 04:50:39.554: I/Auth(2516): [SupervisedAccountIntentOperation] This operation is disabled
03-29 04:50:39.554: I/ChromeSync(2516): [Sync,SyncIntentOperation] Handling the intent: Intent { act=android.intent.action.PACKAGE_ADDED dat=package:androidx.test.orchestrator flg=0x4000010 cmp=com.google.android.gms/.chimera.GmsIntentOperationService (has extras) }.
03-29 04:50:39.555: I/FontsPackageChangeOp(2516): Package androidx.test.orchestrator has no metadata
03-29 04:50:39.556: I/ChromeSync(2516): [Persistence,AffiliationManager] No affiliation data for android://N50vJU0zrJ8WOzDt6r3GDtfqrkROFOSiqHcmppwn3vxaRC4hFpNn4UsL7XlvjtlfcWuDAQhmck0qjQPwsrpMNg==@androidx.test.orchestrator/. Marking affiliation data as stale...
03-29 04:50:39.559: I/Icing(2516): IndexChimeraService.getServiceInterface callingPackage=com.google.android.gms componentName=AppsCorpus serviceId=32
03-29 04:50:39.559: I/Icing(2516): IndexChimeraService.getServiceInterface callingPackage=com.google.android.gms componentName=AppsCorpus serviceId=36
03-29 04:50:39.564: I/ChromeSync(2516): [Persistence,AffiliationManager] Fetching affiliations from the server.
03-29 04:50:39.574: I/PeopleContactsSync(2516): triggerPendingContactsCleanup: no accounts
03-29 04:50:39.580: I/Icing(2516): Usage reports ok 0, Failed Usage reports 0, indexed 0, rejected 0, imm upload false
03-29 04:50:39.585: I/Icing(2516): Usage reports ok 0, Failed Usage reports 0, indexed 0, rejected 0, imm upload false
03-29 04:50:39.670: I/GceRil(1343): Received request 19
03-29 04:50:39.670: I/GceRil(1343): Reporting signal strength: GW=27 CDMA=-65 EVDO=-76 LTE=30
03-29 04:50:39.858: I/Icing(2516): Indexing com.google.android.gms-apps from com.google.android.gms
03-29 04:50:39.859: I/Icing(2516): Indexing done com.google.android.gms-apps
03-29 04:50:39.993: I/Remoter(1334): Saved screenshot to '/data/screenshots/__pmv__-0073.jpg'
03-29 04:50:40.015: I/MetadataService(1334): Processed 0 update/creates for instance/attributes/
03-29 04:50:40.015: I/MetadataService(1334): Processed 0 update/creates for project/attributes/
03-29 04:50:40.003: I/gce.meta.proxy(976): type=1400 audit(0.0:154): avc: denied { create } for scontext=u:r:kernel:s0 tcontext=u:r:kernel:s0 tclass=tcp_socket permissive=1
03-29 04:50:40.003: I/gce.meta.proxy(976): type=1400 audit(0.0:155): avc: denied { name_connect } for dest=80 scontext=u:r:kernel:s0 tcontext=u:object_r:port:s0 tclass=tcp_socket permissive=1
03-29 04:50:40.081: D/AndroidRuntime(4663): >>>>>> START com.android.internal.os.RuntimeInit uid 0 <<<<<<
03-29 04:50:40.083: D/AndroidRuntime(4663): CheckJNI is OFF
03-29 04:50:40.095: D/ICU(4663): No timezone override file found: /data/misc/zoneinfo/current/icu/icu_tzdata.dat
