03-29 04:50:56.068: D/BtGatt.GattService(2589): onScanParamSetupCompleted : 0
03-29 04:50:56.071: W/GCoreFlp(2306): No location to return for getLastLocation()
03-29 04:50:56.074: W/NearbyMessages(2306): LocationProvider returns null [CONTEXT service_id=62 ]
03-29 04:50:56.083: I/NearbyMessages(2306): NetworkPollManager:  RPC was requested, but deemed unnecessary. [CONTEXT service_id=62 ]
03-29 04:50:56.095: E/memtrack(5238): Couldn't load memtrack module (No such file or directory)
03-29 04:50:56.095: E/android.os.Debug(5238): failed to load memtrack module: -2
03-29 04:50:56.096: I/Radio-JNI(5238): register_android_hardware_Radio DONE
03-29 04:50:56.130: D/AndroidRuntime(5238): Calling main entry com.android.commands.settings.SettingsCmd
03-29 04:50:56.135: D/AndroidRuntime(5238): Shutting down VM
03-29 04:50:56.139: E/art(5238): Thread attaching while runtime is shutting down: Binder_2
03-29 04:50:56.139: I/AndroidRuntime(5238): NOTE: attach of thread 'Binder_2' failed
03-29 04:50:56.817: I/Remoter(1334): Saved screenshot to '/data/screenshots/__pmv__-0085.jpg'
03-29 04:50:56.852: I/Icing(2516): IndexChimeraService.getServiceInterface callingPackage=com.google.android.gms componentName=AppsCorpus serviceId=36
03-29 04:50:56.853: I/Icing(2516): IndexChimeraService.getServiceInterface callingPackage=com.google.android.gms componentName=AppsCorpus serviceId=32
03-29 04:50:56.864: I/Icing(2516): Query from package: com.google.android.gms, component: AppsCorpus, restrict package: com.google.android.gms, start: 0, num: 100 maxNumSlices: 2147483647
03-29 04:50:56.870: I/Icing(2516): Usage reports ok 0, Failed Usage reports 0, indexed 0, rejected 0, imm upload false
03-29 04:50:56.888: I/Icing(2516): Usage reports ok 0, Failed Usage reports 0, indexed 0, rejected 0, imm upload false
03-29 04:50:56.896: I/Icing(2516): IndexChimeraService.getServiceInterface callingPackage=com.google.android.gms componentName=AppsCorpus serviceId=36
03-29 04:50:56.896: I/Icing(2516): IndexChimeraService.getServiceInterface callingPackage=com.google.android.gms componentName=AppsCorpus serviceId=32
03-29 04:50:56.915: I/Icing(2516): Usage reports ok 0, Failed Usage reports 0, indexed 0, rejected 0, imm upload false
03-29 04:50:56.922: I/Icing(2516): Usage reports ok 0, Failed Usage reports 0, indexed 0, rejected 0, imm upload false
03-29 04:50:56.925: D/AndroidRuntime(5260): >>>>>> START com.android.internal.os.RuntimeInit uid 0 <<<<<<
03-29 04:50:56.927: D/AndroidRuntime(5260): CheckJNI is OFF
03-29 04:50:56.942: D/ICU(5260): No timezone override file found: /data/misc/zoneinfo/current/icu/icu_tzdata.dat
03-29 04:50:56.942: D/ICU(5260): [ 03-29 04:50:56.947  5260: 5260 W/         ]
03-29 04:50:56.942: D/ICU(5260): Failed to bind-mount /system/lib/x86/cpuinfo as /proc/cpuinfo: No such file or directory
03-29 04:50:56.955: E/memtrack(5260): Couldn't load memtrack module (No such file or directory)
03-29 04:50:56.955: E/android.os.Debug(5260): failed to load memtrack module: -2
03-29 04:50:56.956: I/Radio-JNI(5260): register_android_hardware_Radio DONE
03-29 04:50:56.964: D/AndroidRuntime(5260): Calling main entry com.android.commands.settings.SettingsCmd
03-29 04:50:56.967: D/AndroidRuntime(5260): Shutting down VM
03-29 04:50:57.002: I/art(1674): Starting a blocking GC Explicit
03-29 04:50:57.021: I/art(1674): Explicit concurrent mark sweep GC freed 42638(3MB) AllocSpace objects, 0(0B) LOS objects, 33% free, 28MB/43MB, paused 332us total 18.979ms
03-29 04:50:57.666: D/AndroidRuntime(5274): >>>>>> START com.android.internal.os.RuntimeInit uid 0 <<<<<<
03-29 04:50:57.668: D/AndroidRuntime(5274): CheckJNI is OFF
03-29 04:50:57.685: D/ICU(5274): No timezone override file found: /data/misc/zoneinfo/current/icu/icu_tzdata.dat
03-29 04:50:57.685: D/ICU(5274): [ 03-29 04:50:57.690  5274: 5274 W/         ]
03-29 04:50:57.685: D/ICU(5274): Failed to bind-mount /system/lib/x86/cpuinfo as /proc/cpuinfo: No such file or directory
03-29 04:50:57.698: E/memtrack(5274): Couldn't load memtrack module (No such file or directory)
03-29 04:50:57.698: E/android.os.Debug(5274): failed to load memtrack module: -2
03-29 04:50:57.700: I/Radio-JNI(5274): register_android_hardware_Radio DONE
03-29 04:50:57.711: D/AndroidRuntime(5274): Calling main entry com.android.commands.settings.SettingsCmd
03-29 04:50:57.713: D/AndroidRuntime(5274): Shutting down VM
03-29 04:50:57.716: E/art(5274): Thread attaching while runtime is shutting down: Binder_1
03-29 04:50:57.716: I/AndroidRuntime(5274): NOTE: attach of thread 'Binder_1' failed
03-29 04:50:57.839: I/ActivityManager(1674): Killing 3865:com.android.providers.calendar/u0a1 (adj 15): empty #17
03-29 04:50:57.881: D/ActivityManager(1674): cleanUpApplicationRecord -- 3865
03-29 04:50:57.917: I/Remoter(1334): Saved screenshot to '/data/screenshots/__pmv__-0086.jpg'
03-29 04:50:57.942: I/Icing(2516): Indexing com.google.android.gms-apps from com.google.android.gms
03-29 04:50:58.160: I/Icing(2516): Indexing done com.google.android.gms-apps
03-29 04:50:58.226: D/AndroidRuntime(5285): >>>>>> START com.android.internal.os.RuntimeInit uid 0 <<<<<<
03-29 04:50:58.227: D/AndroidRuntime(5285): CheckJNI is OFF
03-29 04:50:58.239: D/ICU(5285): No timezone override file found: /data/misc/zoneinfo/current/icu/icu_tzdata.dat
03-29 04:50:58.239: D/ICU(5285): [ 03-29 04:50:58.244  5285: 5285 W/         ]
03-29 04:50:58.239: D/ICU(5285): Failed to bind-mount /system/lib/x86/cpuinfo as /proc/cpuinfo: No such file or directory
03-29 04:50:58.250: I/ActivityManager(1674): Killing 2771:com.google.android.gms.unstable/u0a10 (adj 15): empty #17
03-29 04:50:58.251: E/memtrack(5285): Couldn't load memtrack module (No such file or directory)
03-29 04:50:58.251: E/android.os.Debug(5285): failed to load memtrack module: -2
03-29 04:50:58.252: I/Radio-JNI(5285): register_android_hardware_Radio DONE
03-29 04:50:58.260: D/AndroidRuntime(5285): Calling main entry com.android.commands.input.Input
03-29 04:50:58.261: I/Input(5285): injectKeyEvent: KeyEvent { action=ACTION_DOWN, keyCode=KEYCODE_HOME, scanCode=0, metaState=0, flags=0x0, repeatCount=0, eventTime=416011, downTime=416011, deviceId=-1, source=0x101 }
03-29 04:50:58.262: I/Input(5285): injectKeyEvent: KeyEvent { action=ACTION_UP, keyCode=KEYCODE_HOME, scanCode=0, metaState=0, flags=0x0, repeatCount=0, eventTime=416011, downTime=416011, deviceId=-1, source=0x101 }
03-29 04:50:58.272: I/GceLights(1674): set_light: dev 0xaf3f4f20 state 0x93aa63e4
03-29 04:50:58.272: I/GceLights(1674): set_light: state value -15987700
03-29 04:50:58.289: I/GceLights(1674): set_light: dev 0xaf3f4f20 state 0x93aa63e4
03-29 04:50:58.289: I/GceLights(1674): set_light: state value -15790321
03-29 04:50:58.291: D/ActivityManager(1674): cleanUpApplicationRecord -- 2771
03-29 04:50:58.292: I/ActivityManager(1674): START u0 {act=android.intent.action.MAIN cat=[android.intent.category.HOME] flg=0x10200000 cmp=com.android.launcher3/.Launcher (has extras)} from uid 1000 on display 0
03-29 04:50:58.294: D/AndroidRuntime(5285): Shutting down VM
03-29 04:50:58.306: I/GceLights(1674): set_light: dev 0xaf3f4f20 state 0x93aa63e4
03-29 04:50:58.306: I/GceLights(1674): set_light: state value -15527149
03-29 04:50:58.323: I/GceLights(1674): set_light: dev 0xaf3f4f20 state 0x93aa63e4
03-29 04:50:58.323: I/GceLights(1674): set_light: state value -15329770
03-29 04:50:58.339: I/GceLights(1674): set_light: dev 0xaf3f4f20 state 0x93aa63e4
03-29 04:50:58.339: I/GceLights(1674): set_light: state value -15132391
03-29 04:50:58.356: I/GceLights(1674): set_light: dev 0xaf3f4f20 state 0x93aa63e4
03-29 04:50:58.356: I/GceLights(1674): set_light: state value -14869219
03-29 04:50:58.373: I/GceLights(1674): set_light: dev 0xaf3f4f20 state 0x93aa63e4
03-29 04:50:58.373: I/GceLights(1674): set_light: state value -14671840
03-29 04:50:58.390: I/GceLights(1674): set_light: dev 0xaf3f4f20 state 0x93aa63e4
03-29 04:50:58.390: I/GceLights(1674): set_light: state value -14408668
03-29 04:50:58.406: I/GceLights(1674): set_light: dev 0xaf3f4f20 state 0x93aa63e4
03-29 04:50:58.406: I/GceLights(1674): set_light: state value -14211289
03-29 04:50:58.423: I/GceLights(1674): set_light: dev 0xaf3f4f20 state 0x93aa63e4
03-29 04:50:58.423: I/GceLights(1674): set_light: state value -14013910
03-29 04:50:58.440: I/GceLights(1674): set_light: dev 0xaf3f4f20 state 0x93aa63e4
03-29 04:50:58.440: I/GceLights(1674): set_light: state value -13750738
03-29 04:50:58.469: I/GceLights(1674): set_light: dev 0xaf3f4f20 state 0x93aa63e4
03-29 04:50:58.469: I/GceLights(1674): set_light: state value -13553359
03-29 04:50:58.473: I/GceLights(1674): set_light: dev 0xaf3f4f20 state 0x93aa63e4
03-29 04:50:58.473: I/GceLights(1674): set_light: state value -13355980
03-29 04:50:58.490: I/GceLights(1674): set_light: dev 0xaf3f4f20 state 0x93aa63e4
03-29 04:50:58.490: I/GceLights(1674): set_light: state value -13092808
03-29 04:50:58.507: I/GceLights(1674): set_light: dev 0xaf3f4f20 state 0x93aa63e4
03-29 04:50:58.507: I/GceLights(1674): set_light: state value -12895429
03-29 04:50:58.524: I/GceLights(1674): set_light: dev 0xaf3f4f20 state 0x93aa63e4
03-29 04:50:58.524: I/GceLights(1674): set_light: state value -12698050
03-29 04:50:58.540: I/GceLights(1674): set_light: dev 0xaf3f4f20 state 0x93aa63e4
03-29 04:50:58.540: I/GceLights(1674): set_light: state value -12434878
03-29 04:50:58.557: I/GceLights(1674): set_light: dev 0xaf3f4f20 state 0x93aa63e4
03-29 04:50:58.557: I/GceLights(1674): set_light: state value -12237499
03-29 04:50:58.576: I/GceLights(1674): set_light: dev 0xaf3f4f20 state 0x93aa63e4
03-29 04:50:58.576: I/GceLights(1674): set_light: state value -12040120
03-29 04:50:58.591: I/GceLights(1674): set_light: dev 0xaf3f4f20 state 0x93aa63e4
03-29 04:50:58.591: I/GceLights(1674): set_light: state value -11776948
03-29 04:50:58.601: I/GceLights(1674): set_light: dev 0xaf3f4f20 state 0x93aa63e4
03-29 04:50:58.601: I/GceLights(1674): set_light: state value -11645362
03-29 04:50:58.609: I/GceRil(1343): Received request 19
03-29 04:50:58.609: I/GceRil(1343): Reporting signal strength: GW=27 CDMA=-64 EVDO=-75 LTE=30
03-29 04:50:58.617: I/GceLights(1674): set_light: dev 0xaf3f4f20 state 0x93aa63e4
03-29 04:50:58.617: I/GceLights(1674): set_light: state value -11447983
03-29 04:50:58.639: I/GceLights(1674): set_light: dev 0xaf3f4f20 state 0x93aa63e4
03-29 04:50:58.639: I/GceLights(1674): set_light: state value -11250604
03-29 04:50:58.651: I/GceLights(1674): set_light: dev 0xaf3f4f20 state 0x93aa63e4
03-29 04:50:58.651: I/GceLights(1674): set_light: state value -10987432
03-29 04:50:58.668: I/GceLights(1674): set_light: dev 0xaf3f4f20 state 0x93aa63e4
03-29 04:50:58.668: I/GceLights(1674): set_light: state value -10790053
03-29 04:50:58.699: I/GceLights(1674): set_light: dev 0xaf3f4f20 state 0x93aa63e4
03-29 04:50:58.699: I/GceLights(1674): set_light: state value -10526881
03-29 04:50:58.701: I/GceLights(1674): set_light: dev 0xaf3f4f20 state 0x93aa63e4
03-29 04:50:58.701: I/GceLights(1674): set_light: state value -10329502
03-29 04:50:58.718: I/GceLights(1674): set_light: dev 0xaf3f4f20 state 0x93aa63e4
03-29 04:50:58.718: I/GceLights(1674): set_light: state value -10132123
03-29 04:50:58.735: I/GceLights(1674): set_light: dev 0xaf3f4f20 state 0x93aa63e4
03-29 04:50:58.735: I/GceLights(1674): set_light: state value -10066330
03-29 04:50:59.054: I/BeaconBle(2306): Client requested scan, settings=BleSettings [scanMode=ZERO_POWER, callbackType=ALL_MATCHES, reportDelayMillis=0, 6 filters, 1 clients, callingClientName=Nearby]
03-29 04:50:59.062: I/BeaconBle(2306): Stopping scan on delegate scanner. BT state: 12
03-29 04:50:59.062: D/BluetoothAdapter(2306): STATE_ON
03-29 04:50:59.062: D/BtGatt.GattService(2589): stopScan() - queue size =2
03-29 04:50:59.062: D/BtGatt.GattService(2589): unregisterClient() - clientIf=6
03-29 04:50:59.062: D/BtGatt.ScanManager(2589): configureRegularScanParams() - queue=1
03-29 04:50:59.062: D/BtGatt.ScanManager(2589): configureRegularScanParams() - ScanSetting Scan mode=0 mLastConfiguredScanSetting=2
03-29 04:50:59.062: D/BtGatt.ScanManager(2589): configureRegularScanParams - scanInterval = 8000configureRegularScanParams - scanWindow = 800
03-29 04:50:59.063: D/BtGatt.GattService(2589): onScanParamSetupCompleted : 0
03-29 04:50:59.068: I/BeaconBle(2306): Resetting - new scanner available: true
03-29 04:50:59.068: I/BeaconBle(2306): ZERO_POWER is disabled.
03-29 04:50:59.068: I/BeaconBle(2306): 'L' hardware scan: scan stopped, no powered clients
03-29 04:50:59.437: I/Remoter(1334): Saved screenshot to '/data/screenshots/__pmv__-0087.jpg'
03-29 04:50:59.440: D/AndroidRuntime(5298): >>>>>> START com.android.internal.os.RuntimeInit uid 0 <<<<<<
03-29 04:50:59.441: D/AndroidRuntime(5298): CheckJNI is OFF
03-29 04:50:59.457: D/ICU(5298): No timezone override file found: /data/misc/zoneinfo/current/icu/icu_tzdata.dat
03-29 04:50:59.457: D/ICU(5298): [ 03-29 04:50:59.463  5298: 5298 W/         ]
03-29 04:50:59.457: D/ICU(5298): Failed to bind-mount /system/lib/x86/cpuinfo as /proc/cpuinfo: No such file or directory
03-29 04:50:59.470: E/memtrack(5298): Couldn't load memtrack module (No such file or directory)
03-29 04:50:59.470: E/android.os.Debug(5298): failed to load memtrack module: -2
03-29 04:50:59.471: I/Radio-JNI(5298): register_android_hardware_Radio DONE
03-29 04:50:59.481: D/AndroidRuntime(5298): Calling main entry com.android.commands.am.Am
03-29 04:50:59.482: I/ActivityManager(1674): START u0 {flg=0x10000000 cmp=com.google.android.apps.mtaas.backdrop/.BackdropActivity} from uid 0 on display 0
03-29 04:50:59.489: D/AndroidRuntime(5298): Shutting down VM
03-29 04:50:59.633: I/android.display(1674): type=1400 audit(0.0:167): avc: denied { read } for path=2F6465762F6173686D656D2F6772616C6C6F632D313333392E3331202864656C6574656429 dev="tmpfs" ino=36763 scontext=u:r:system_server:s0 tcontext=u:object_r:surfaceflinger_tmpfs:s0 tclass=file permissive=1
03-29 04:50:59.640: I/GceGrallocRegionRegistry(1339): Mapped gralloc-1339.31 hnd=0xafbcc240 fd=28 base=0xb0c2e000 format=RGBA_8888(0x1) width=1440 height=2560
03-29 04:50:59.641: I/GceGrallocRegionRegistry(1674): Mapped gralloc-1339.31 hnd=0x9492d380 fd=72 base=0x972d3000 format=RGBA_8888(0x1) width=1440 height=2560
03-29 04:50:59.684: I/GceRil(1343): Received request 19
03-29 04:50:59.684: I/GceRil(1343): Reporting signal strength: GW=27 CDMA=-65 EVDO=-74 LTE=30
03-29 04:50:59.938: I/ActivityManager(1674): Start proc 5314:com.google.android.apps.mtaas.backdrop/u0a79 for activity com.google.android.apps.mtaas.backdrop/.BackdropActivity
03-29 04:51:00.208: W/System(5314): ClassLoader referenced unknown path: /data/app/com.google.android.apps.mtaas.backdrop-1/lib/x86
03-29 04:51:00.210: I/MultiDex(5314): VM with version 2.1.0 has multidex support
03-29 04:51:00.210: I/MultiDex(5314): install
03-29 04:51:00.210: I/MultiDex(5314): VM has multidex support, MultiDex support library is disabled.
03-29 04:51:00.315: W/art(5314): Before Android 4.1, method android.graphics.PorterDuffColorFilter android.support.graphics.drawable.VectorDrawableCompat.updateTintFilter(android.graphics.PorterDuffColorFilter, android.content.res.ColorStateList, android.graphics.PorterDuff$Mode) would have incorrectly overridden the package-private method in android.graphics.drawable.Drawable
03-29 04:51:00.337: I/art(5314): Rejecting re-init on previously-failed class java.lang.Class<android.support.v4.view.ViewCompat$2>
03-29 04:51:00.337: I/art(5314): Rejecting re-init on previously-failed class java.lang.Class<android.support.v4.view.ViewCompat$2>
03-29 04:51:00.384: I/BackdropActivity(5314): android_id: 4231394588980454701
03-29 04:51:00.433: I/Binder_2(1339): type=1400 audit(0.0:168): avc: denied { ioctl } for path="socket:[37304]" dev="sockfs" ino=37304 ioctlcmd=7704 scontext=u:r:surfaceflinger:s0 tcontext=u:r:surfaceflinger:s0 tclass=unix_stream_socket permissive=1
03-29 04:51:00.593: D/OpenGLRenderer(5314): Use EGL_SWAP_BEHAVIOR_PRESERVED: true
03-29 04:51:00.614: I/GceGrallocRegionRegistry(5314): Mapped gralloc-1339.2 hnd=0xa9255880 fd=24 base=0x9d51f000 format=RGBA_8888(0x1) width=832 height=2048
03-29 04:51:00.657: D/NotificationSQLiteLog(1674): Pruned event entries: 0
03-29 04:51:00.697: I/GceGrallocRegionRegistry(2099): Unmapped gralloc-1339.28 hnd=0xadc758c0 fd=32 base=0x9610a000
03-29 04:51:00.698: I/GceGrallocRegionRegistry(2099): Unmapped gralloc-1339.29 hnd=0x9aea8d00 fd=31 base=0x96f1c000
03-29 04:51:00.698: I/GceGrallocRegionRegistry(2099): Unmapped gralloc-1339.30 hnd=0xadc7e500 fd=29 base=0x97d2e000
03-29 04:51:00.433: I/Binder_2(1339): type=1400 audit(0.0:169): avc: denied { ioctl } for path="socket:[37304]" dev="sockfs" ino=37304 ioctlcmd=7704 scontext=u:r:surfaceflinger:s0 tcontext=u:r:surfaceflinger:s0 tclass=unix_stream_socket permissive=1
03-29 04:51:00.859: D/AndroidRuntime(5313): >>>>>> START com.android.internal.os.RuntimeInit uid 0 <<<<<<
03-29 04:51:00.861: D/AndroidRuntime(5313): CheckJNI is OFF
03-29 04:51:00.908: I/GceGrallocRegionRegistry(1339): Unmapped gralloc-1339.29 hnd=0xb6b14640 fd=27 base=0xac05d000
03-29 04:51:00.911: W/art(1674): Long monitor contention event with owner method=void com.android.server.wm.WindowAnimator$1.doFrame(long) from WindowAnimator.java:121 waiters=0 for 233ms
03-29 04:51:00.966: D/ICU(5313): No timezone override file found: /data/misc/zoneinfo/current/icu/icu_tzdata.dat
03-29 04:51:01.026: I/FontsSharedState(2516): Updating from directory version 0 to 12 from disk
03-29 04:51:01.027: I/FontsContentProvider(2516): Received query Google Sans, URI content://com.google.android.gms.fonts
03-29 04:51:01.028: I/FontsContentProvider(2516): Query [Google Sans] resolved to {Google Sans, wdth 100.0, wght 400, ital 0.0, bestEffort false}
03-29 04:51:01.028: I/FontsContentProvider(2516): [ 03-29 04:51:01.042  5313: 5313 W/         ]
03-29 04:51:01.028: I/FontsContentProvider(2516): Failed to bind-mount /system/lib/x86/cpuinfo as /proc/cpuinfo: No such file or directory
03-29 04:51:01.042: I/FontsContentProvider(2516): Fetch {Google Sans, wdth 100.0, wght 400, ital 0.0, bestEffort false} end status Status{statusCode=SUCCESS, resolution=null}
03-29 04:51:01.047: I/GceGrallocRegionRegistry(1339): Unmapped gralloc-1339.28 hnd=0xb6b14580 fd=14 base=0xace6f000
03-29 04:51:01.149: E/memtrack(5313): Couldn't load memtrack module (No such file or directory)
03-29 04:51:01.149: E/android.os.Debug(5313): failed to load memtrack module: -2
03-29 04:51:01.150: I/Radio-JNI(5313): register_android_hardware_Radio DONE
03-29 04:51:00.583: I/Binder_2(1339): type=1400 audit(0.0:170): avc: denied { ioctl } for path="socket:[37306]" dev="sockfs" ino=37306 ioctlcmd=7704 scontext=u:r:surfaceflinger:s0 tcontext=u:r:surfaceflinger:s0 tclass=unix_stream_socket permissive=1
03-29 04:51:00.583: I/Binder_2(1339): type=1400 audit(0.0:171): avc: denied { ioctl } for path="socket:[37306]" dev="sockfs" ino=37306 ioctlcmd=7704 scontext=u:r:surfaceflinger:s0 tcontext=u:r:surfaceflinger:s0 tclass=unix_stream_socket permissive=1
03-29 04:51:01.190: D/AndroidRuntime(5313): Calling main entry com.android.commands.am.Am
03-29 04:51:01.190: W/art(1674): Long monitor contention event with owner method=void com.android.server.wm.WindowAnimator$1.doFrame(long) from WindowAnimator.java:121 waiters=1 for 491ms
03-29 04:51:01.192: W/art(1674): Long monitor contention event with owner method=void com.android.server.wm.WindowAnimator$1.doFrame(long) from WindowAnimator.java:121 waiters=2 for 252ms
03-29 04:51:01.195: I/Choreographer(5314): Skipped 34 frames!  The application may be doing too much work on its main thread.
03-29 04:51:01.183: I/Binder_B(1674): type=1400 audit(0.0:172): avc: denied { ioctl } for path="socket:[36832]" dev="sockfs" ino=36832 ioctlcmd=7704 scontext=u:r:system_server:s0 tcontext=u:r:system_server:s0 tclass=unix_stream_socket permissive=1
03-29 04:51:01.260: I/FontsContentProvider(2516): Pulling font file for id = 1, cache size = 1
03-29 04:51:01.261: I/ActivityManager(1674): Force stopping com.google.android.apps.mtaas.loginutil appid=10078 user=0: start instr
03-29 04:51:01.279: I/Remoter(1334): Saved screenshot to '/data/screenshots/__pmv__-0088.jpg'
03-29 04:51:01.183: I/Binder_B(1674): type=1400 audit(0.0:173): avc: denied { ioctl } for path="socket:[36832]" dev="sockfs" ino=36832 ioctlcmd=7704 scontext=u:r:system_server:s0 tcontext=u:r:system_server:s0 tclass=unix_stream_socket permissive=1
03-29 04:51:01.301: I/GceGrallocRegionRegistry(1339): Unmapped gralloc-1339.30 hnd=0xb2a83440 fd=29 base=0xab24b000
03-29 04:51:01.360: I/OpenGLRenderer(5314): Initialized EGL, version 1.4
03-29 04:51:01.365: I/GceGrallocRegionRegistry(1339): Mapped gralloc-1339.32 hnd=0xb6b14400 fd=14 base=0xace6f000 format=RGBA_8888(0x1) width=1440 height=2560
03-29 04:51:01.365: I/GceGrallocRegionRegistry(1339): Mapped gralloc-1339.33 hnd=0xb6b14480 fd=27 base=0xac05d000 format=RGBA_8888(0x1) width=1440 height=2560
03-29 04:51:01.365: I/GceGrallocRegionRegistry(1339): Mapped gralloc-1339.34 hnd=0xb6b14700 fd=29 base=0xab24b000 format=RGBA_8888(0x1) width=1440 height=2560
03-29 04:51:01.370: I/ActivityManager(1674): Start proc 5336:com.google.android.apps.mtaas.loginutil/u0a78 for added application com.google.android.apps.mtaas.loginutil
03-29 04:51:01.370: W/art(1674): Long monitor contention event with owner method=boolean com.android.server.am.ActivityManagerService.startInstrumentation(android.content.ComponentName, java.lang.String, int, android.os.Bundle, android.app.IInstrumentationWatcher, android.app.IUiAutomationConnection, int, java.lang.String) from ActivityManagerService.java:17181 waiters=0 for 109ms
03-29 04:51:01.389: I/FTLNetworkMonitor(5314): Network Info: [type: MOBILE[LTE], state: CONNECTED/CONNECTED, reason: connected, extra: epc.tmobile.com, roaming: false, failover: false, isAvailable: true]
03-29 04:51:01.390: I/FTLNetworkMonitor(5314): Network Info: [type: MOBILE[LTE], state: CONNECTED/CONNECTED, reason: connected, extra: epc.tmobile.com, roaming: false, failover: false, isAvailable: true]
03-29 04:51:01.502: W/System(5336): ClassLoader referenced unknown path: /data/app/com.google.android.apps.mtaas.loginutil-1/lib/x86
03-29 04:51:01.502: W/System(5336): ClassLoader referenced unknown path: /data/app/com.google.android.apps.mtaas.loginutil-1/lib/x86
03-29 04:51:01.520: D/LoginUtil(5336): Connected to Internet
03-29 04:51:01.522: D/LoginUtil(5336): Adding Account {name=S37FFK2YM7DQQWXYEWKTQTSGKI-00@cloudtestlabaccounts.com, type=com.google}
03-29 04:51:01.536: I/ActivityManager(1674): Start proc 5354:com.google.android.apps.auth.test.support/u0a80 for service com.google.android.apps.auth.test.support/.services.AccountService
03-29 04:51:01.631: W/System(5354): ClassLoader referenced unknown path: /data/app/com.google.android.apps.auth.test.support-1/lib/x86
03-29 04:51:01.637: E/ActivityThread(5354): Failed to find provider info for com.google.android.apps.common.testing.services.storage.testargs
03-29 04:51:01.638: W/AuthService(5354): [TestArgsHelper] Error when calling AndroidTestUtil.getTestArgs(). Note that this behavior might be expected.
03-29 04:51:01.645: I/AuthService(5354): [AddAccountOperation] Call GmsCore API.
03-29 04:51:01.680: I/ActivityManager(1674): Start proc 5370:com.google.android.gms.unstable/u0a10 for service com.google.android.gms/.droidguard.DroidGuardService
03-29 04:51:01.799: W/GmsApplication(5370): Failed to invoke the SupplierSetterRegistry.
03-29 04:51:01.833: I/GceGrallocRegionRegistry(5314): Mapped gralloc-1339.34 hnd=0xadb39640 fd=26 base=0x994ee000 format=RGBA_8888(0x1) width=1440 height=2560
03-29 04:51:01.858: I/ActivityManager(1674): Displayed com.google.android.apps.mtaas.backdrop/.BackdropActivity: +1s930ms
03-29 04:51:01.863: I/Keyboard.Facilitator(2047): onFinishInput()
03-29 04:51:01.923: V/NativeCrypto(5370): Registering com/google/android/gms/org/conscrypt/NativeCrypto's 287 native methods...
03-29 04:51:01.843: I/Binder_6(1674): type=1400 audit(0.0:174): avc: denied { ioctl } for path="socket:[37995]" dev="sockfs" ino=37995 ioctlcmd=7704 scontext=u:r:system_server:s0 tcontext=u:r:system_server:s0 tclass=unix_stream_socket permissive=1
03-29 04:51:01.956: I/GceGrallocRegionRegistry(5314): Mapped gralloc-1339.33 hnd=0xadb396c0 fd=28 base=0x986dc000 format=RGBA_8888(0x1) width=1440 height=2560
03-29 04:51:01.843: I/Binder_6(1674): type=1400 audit(0.0:175): avc: denied { ioctl } for path="socket:[37995]" dev="sockfs" ino=37995 ioctlcmd=7704 scontext=u:r:system_server:s0 tcontext=u:r:system_server:s0 tclass=unix_stream_socket permissive=1
03-29 04:51:02.024: I/art(5370): Rejecting re-init on previously-failed class java.lang.Class<com.google.android.gms.org.conscrypt.Java7ExtendedSSLSession>
03-29 04:51:02.025: I/art(5370): Rejecting re-init on previously-failed class java.lang.Class<com.google.android.gms.org.conscrypt.Java7ExtendedSSLSession>
03-29 04:51:02.025: I/art(5370): Rejecting re-init on previously-failed class java.lang.Class<com.google.android.gms.org.conscrypt.Java8ExtendedSSLSession>
03-29 04:51:02.026: I/art(5370): Rejecting re-init on previously-failed class java.lang.Class<com.google.android.gms.org.conscrypt.Java8ExtendedSSLSession>
03-29 04:51:01.853: I/Binder_8(1674): type=1400 audit(0.0:176): avc: denied { ioctl } for path="socket:[37994]" dev="sockfs" ino=37994 ioctlcmd=7704 scontext=u:r:system_server:s0 tcontext=u:r:system_server:s0 tclass=unix_stream_socket permissive=1
03-29 04:51:02.036: I/ProviderInstaller(5370): Installed default security provider GmsCore_OpenSSL
03-29 04:51:01.853: I/Binder_8(1674): type=1400 audit(0.0:177): avc: denied { ioctl } for path="socket:[37994]" dev="sockfs" ino=37994 ioctlcmd=7704 scontext=u:r:system_server:s0 tcontext=u:r:system_server:s0 tclass=unix_stream_socket permissive=1
03-29 04:51:02.259: I/GceGrallocRegionRegistry(5314): Mapped gralloc-1339.32 hnd=0xadb39700 fd=29 base=0x978ca000 format=RGBA_8888(0x1) width=1440 height=2560
03-29 04:51:02.293: I/GceGrallocRegionRegistry(1674): Unmapped gralloc-1339.31 hnd=0x9492d380 fd=72 base=0x972d3000
03-29 04:51:02.365: I/GceGrallocRegionRegistry(1339): Unmapped gralloc-1339.31 hnd=0xafbcc240 fd=28 base=0xb0c2e000
03-29 04:51:02.390: W/Primes(5370): Primes not initialized, returning default (no-op) Primes instance which will ignore all calls. Please call Primes.initialize(...) before using any Primes API.
03-29 04:51:02.565: I/Remoter(1334): Saved screenshot to '/data/screenshots/__pmv__-0089.jpg'
03-29 04:51:02.579: I/Auth(2306): [ReflectiveChannelBinder] Successfully bound channel!
03-29 04:51:02.585: W/Conscrypt(2306): Could not set socket write timeout: java.net.SocketException: Socket closed
03-29 04:51:02.585: W/Conscrypt(2306): 	at com.google.android.gms.org.conscrypt.Platform.setSocketWriteTimeout(:com.google.android.gms@14367022@14.3.67 (040700-216465562):2)
03-29 04:51:02.585: W/Conscrypt(2306): 	at com.google.android.gms.org.conscrypt.ConscryptFileDescriptorSocket.setSoWriteTimeout(:com.google.android.gms@14367022@14.3.67 (040700-216465562):2)
03-29 04:51:02.597: W/Conscrypt(2306): Could not set socket write timeout: java.net.SocketException: Socket closed
03-29 04:51:02.597: W/Conscrypt(2306): 	at com.google.android.gms.org.conscrypt.Platform.setSocketWriteTimeout(:com.google.android.gms@14367022@14.3.67 (040700-216465562):2)
03-29 04:51:02.597: W/Conscrypt(2306): 	at com.google.android.gms.org.conscrypt.ConscryptFileDescriptorSocket.setSoWriteTimeout(:com.google.android.gms@14367022@14.3.67 (040700-216465562):2)
03-29 04:51:02.726: W/Conscrypt(2306): Could not set socket write timeout: java.net.SocketException: Socket closed
03-29 04:51:02.726: W/Conscrypt(2306): 	at com.google.android.gms.org.conscrypt.Platform.setSocketWriteTimeout(:com.google.android.gms@14367022@14.3.67 (040700-216465562):2)
03-29 04:51:02.726: W/Conscrypt(2306): 	at com.google.android.gms.org.conscrypt.ConscryptFileDescriptorSocket.setSoWriteTimeout(:com.google.android.gms@14367022@14.3.67 (040700-216465562):2)
03-29 04:51:02.734: W/Conscrypt(2306): Could not set socket write timeout: java.net.SocketException: Socket closed
03-29 04:51:02.734: W/Conscrypt(2306): 	at com.google.android.gms.org.conscrypt.Platform.setSocketWriteTimeout(:com.google.android.gms@14367022@14.3.67 (040700-216465562):2)
03-29 04:51:02.734: W/Conscrypt(2306): 	at com.google.android.gms.org.conscrypt.ConscryptFileDescriptorSocket.setSoWriteTimeout(:com.google.android.gms@14367022@14.3.67 (040700-216465562):2)
03-29 04:51:02.784: I/AccountManagerService(1674): the accounts changed, sending broadcast of android.accounts.LOGIN_ACCOUNTS_CHANGED
03-29 04:51:02.790: I/AccountManagerService(1674): the accounts changed, sending broadcast of android.accounts.LOGIN_ACCOUNTS_CHANGED
03-29 04:51:02.796: I/Icing(2516): updateResources: need to parse zjt{com.google.android.gm}
03-29 04:51:02.799: I/ActivityManager(1674): Start proc 5398:com.android.vending/u0a20 for broadcast com.android.vending/com.google.android.finsky.receivers.AccountsChangedReceiver
03-29 04:51:02.805: I/ContactsProvider(1988): Accounts changed
03-29 04:51:02.807: I/Auth(2306): [BroadcastManager] Broadcasting account services changed.
03-29 04:51:02.817: I/AuthService(5354): [AddAccountOperation] Succeeded.
03-29 04:51:02.821: V/Backup(2306): [BackupTransportCS] Accounts changed
03-29 04:51:02.821: I/Backup(2306): [GmsBackupAccountManager] Backup account not found in gmscore.
03-29 04:51:02.822: D/Backup(2306): [BackupScheduler] Setting backup scheduler enabled=true due to desired state 1
03-29 04:51:02.822: V/Backup(2306): [BackupTransportCS] no backup now
03-29 04:51:02.824: W/GLSUser(2306): [AppCertManager] IOException while requesting key: 
03-29 04:51:02.824: W/GLSUser(2306): java.io.IOException: Invalid device key response.
03-29 04:51:02.824: W/GLSUser(2306): 	at hol.a(:com.google.android.gms@14367022@14.3.67 (040700-216465562):13)
03-29 04:51:02.824: W/GLSUser(2306): 	at hol.a(:com.google.android.gms@14367022@14.3.67 (040700-216465562):61)
03-29 04:51:02.824: W/GLSUser(2306): 	at hoj.a(:com.google.android.gms@14367022@14.3.67 (040700-216465562):6)
03-29 04:51:02.824: W/GLSUser(2306): 	at hof.a(:com.google.android.gms@14367022@14.3.67 (040700-216465562))
03-29 04:51:02.824: W/GLSUser(2306): 	at hoe.a(:com.google.android.gms@14367022@14.3.67 (040700-216465562):9)
03-29 04:51:02.824: W/GLSUser(2306): 	at com.google.android.gms.auth.account.be.legacy.AuthCronChimeraService.b(:com.google.android.gms@14367022@14.3.67 (040700-216465562):6)
03-29 04:51:02.824: W/GLSUser(2306): 	at gne.call(:com.google.android.gms@14367022@14.3.67 (040700-216465562):3)
03-29 04:51:02.824: W/GLSUser(2306): 	at java.util.concurrent.FutureTask.run(FutureTask.java:237)
03-29 04:51:02.824: W/GLSUser(2306): 	at qjt.run(:com.google.android.gms@14367022@14.3.67 (040700-216465562):35)
03-29 04:51:02.824: W/GLSUser(2306): 	at java.util.concurrent.ThreadPoolExecutor.runWorker(ThreadPoolExecutor.java:1113)
03-29 04:51:02.824: W/GLSUser(2306): 	at java.util.concurrent.ThreadPoolExecutor$Worker.run(ThreadPoolExecutor.java:588)
03-29 04:51:02.824: W/GLSUser(2306): 	at qpu.run(:com.google.android.gms@14367022@14.3.67 (040700-216465562))
03-29 04:51:02.824: W/GLSUser(2306): 	at java.lang.Thread.run(Thread.java:818)
03-29 04:51:02.826: V/Backup(2306): [BackupTransportCS] Accounts changed
03-29 04:51:02.826: I/Backup(2306): [GmsBackupAccountManager] Backup account not found in gmscore.
03-29 04:51:02.826: D/Backup(2306): [BackupScheduler] Setting backup scheduler enabled=true due to desired state 1
03-29 04:51:02.826: V/Backup(2306): [BackupTransportCS] no backup now
03-29 04:51:02.829: W/ChimeraUtils(2306): Non Chimera context
03-29 04:51:02.834: W/ChimeraUtils(2306): Non Chimera context
03-29 04:51:02.837: V/Backup(2306): [BackupAccountNotifier] Handling new intent. Show notification: true
03-29 04:51:02.837: V/Backup(2306): [BackupAccountNotifier] Handling new intent. Show notification: true
03-29 04:51:02.850: I/ContactsProvider(1988): Accounts changed
03-29 04:51:02.861: I/RlzPingService(3746): Setting next ping for 1553935862855
03-29 04:51:02.974: I/AuthService(5354): [AccountService] Execution time for add account with authorization code, options: Bundle[{}] is 1333 ms.
03-29 04:51:02.975: D/LoginUtil(5336): Instrumentation completed successfully
03-29 04:51:02.979: D/AndroidRuntime(5313): Shutting down VM
03-29 04:51:03.045: I/ActivityManager(1674): Force stopping com.google.android.apps.mtaas.loginutil appid=10078 user=0: finished inst
03-29 04:51:03.045: I/ActivityManager(1674): Killing 5336:com.google.android.apps.mtaas.loginutil/u0a78 (adj 0): stop com.google.android.apps.mtaas.loginutil
03-29 04:51:03.047: I/Icing(2516): updateResources: need to parse zjt{com.google.android.gms}
03-29 04:51:03.112: D/ActivityManager(1674): cleanUpApplicationRecord -- 5336
03-29 04:51:03.120: W/ActivityManager(1674): Spurious death for ProcessRecord{17cf34 0:com.google.android.apps.mtaas.loginutil/u0a78}, curProc for 5336: null
03-29 04:51:03.152: D/ContactDirectoryManager(1988): Found com.google.android.gm.exchange.bundled.directory.provider
03-29 04:51:03.152: D/ContactDirectoryManager(1988): Found com.google.contacts.gal.provider
03-29 04:51:03.152: D/ContactDirectoryManager(1988): Found com.google.android.gm.exchange.directory.provider
03-29 04:51:03.163: W/System(5398): ClassLoader referenced unknown path: /system/priv-app/Phonesky/lib/x86
03-29 04:51:03.230: I/ActivityManager(1674): Start proc 5427:com.google.android.gm.exchange/u0a68 for content provider com.google.android.gm.exchange/com.android.exchange.provider.ExchangeDirectoryProvider
03-29 04:51:03.243: I/Icing(2516): updateResources: need to parse zjt{com.google.android.gms}
03-29 04:51:03.319: D/Finsky(5398): [1] FinskyApp.onCreate: Initializing network with DFE https://android.clients.google.com/fdfe/
03-29 04:51:03.390: W/System(5427): ClassLoader referenced unknown path: /system/app/PrebuiltExchange3Google/lib/x86
03-29 04:51:03.391: I/Icing(2516): Not indexing corpus from package com.google.android.gm as it has never connected
03-29 04:51:03.391: E/Icing(2516): Aborting indexing of corpus messages/com.google/S37FFK2YM7DQQWXYEWKTQTSGKI-00%40cloudtestlabaccounts.com
03-29 04:51:03.398: I/ActivityManager(1674): Killing 4003:com.android.musicfx/u0a19 (adj 15): empty #17
03-29 04:51:03.410: D/Finsky(5398): [1] DailyHygiene.goMakeHygieneIfDirty: Dirty, need more hygiene.
03-29 04:51:03.444: D/ActivityManager(1674): cleanUpApplicationRecord -- 4003
03-29 04:51:03.455: I/ActivityManager(1674): Start proc 5462:com.google.process.gapps/u0a43 for content provider com.google.android.syncadapters.contacts/.GalProvider
03-29 04:51:03.461: W/GAV2(5427): Thread[main,5,main]: Need to call initialize() and be in fallback mode to start dispatch.
03-29 04:51:03.462: W/Settings(5398): Setting download_manager_max_bytes_over_mobile has moved from android.provider.Settings.Secure to android.provider.Settings.Global.
03-29 04:51:03.462: W/Settings(5398): Setting download_manager_recommended_max_bytes_over_mobile has moved from android.provider.Settings.Secure to android.provider.Settings.Global.
03-29 04:51:03.478: I/ActivityManager(1674): Start proc 5471:android.process.media/u0a7 for content provider com.android.providers.downloads/.DownloadProvider
03-29 04:51:03.483: D/Finsky(5398): [1] VpaService.startVpaForNewAccount: Skipping additional VPA because disabled.
03-29 04:51:03.489: D/Volley(5398): [315] DiskBasedCache.clear: Cache cleared.
03-29 04:51:03.489: D/Volley(5398): [308] DiskBasedCache.clear: Cache cleared.
03-29 04:51:03.490: D/Ads(5398): Skipping gmscore version check
03-29 04:51:03.502: D/Finsky(5398): [1] Libraries$2.run: Loaded library for account: [AnesCbnMu8Y5dff2xyGmsBm-6kM]
03-29 04:51:03.503: D/Finsky(5398): [1] Libraries$2.run: Finished loading 1 libraries.
03-29 04:51:03.505: D/Finsky(5398): [1] UpdateWidgetsReceiver.onReceive: Updated 0 MarketWidgetProvider widgets (android.accounts.LOGIN_ACCOUNTS_CHANGED)
03-29 04:51:03.505: D/Finsky(5398): [1] UpdateWidgetsReceiver.onReceive: Updated 0 RecommendedWidgetProvider widgets (android.accounts.LOGIN_ACCOUNTS_CHANGED)
03-29 04:51:03.505: D/Finsky(5398): [1] UpdateWidgetsReceiver.onReceive: Updated 0 NowPlayingWidgetProvider widgets (android.accounts.LOGIN_ACCOUNTS_CHANGED)
03-29 04:51:03.518: I/NowOptInSettings(3766): onAccountChanged() : Account {name=S37FFK2YM7DQQWXYEWKTQTSGKI-00@cloudtestlabaccounts.com, type=com.google}
03-29 04:51:03.559: D/WifiService(1674): New client listening to asynchronous messages
03-29 04:51:03.562: W/System(5462): ClassLoader referenced unknown path: /system/app/GoogleContactsSyncAdapter/lib/x86
03-29 04:51:03.575: I/GoogleHttpClient(5462): GMS http client unavailable, use old client
03-29 04:51:03.591: W/art(3766): Suspending all threads took: 17.273ms
03-29 04:51:03.607: I/ActivityManager(1674): Start proc 5520:com.google.android.apps.maps/u0a56 for broadcast com.google.android.apps.maps/com.google.android.apps.gmm.ulr.UlrSettingsReceiver
03-29 04:51:03.610: I/WebViewFactory(3766): Loading com.google.android.webview version 70.0.3538.110 (code 353811010)
03-29 04:51:03.616: W/ActivityManager(1674): Unable to start service Intent { act=com.google.android.gms.playlog.service.START pkg=com.google.android.gms } U=0: not found
03-29 04:51:03.617: W/ActivityManager(1674): Unbind failed: could not find connection for android.os.BinderProxy@e8da98e
03-29 04:51:03.617: E/GmsClient(2864): unable to connect to service: com.google.android.gms.playlog.service.START
03-29 04:51:03.617: W/AnalyticsLogBase(2864): PlayLogger.onLoggerFailedConnection
03-29 04:51:03.621: W/System(5471): ClassLoader referenced unknown path: /system/priv-app/DownloadProvider/lib/x86
03-29 04:51:03.633: I/ActivityManager(1674): Start proc 5528:com.android.providers.calendar/u0a1 for content provider com.android.providers.calendar/.CalendarProvider2
03-29 04:51:03.636: W/System(5471): ClassLoader referenced unknown path: /system/priv-app/MediaProvider/lib/x86
03-29 04:51:03.654: I/ContactDirectoryManager(1988): deleted 0 stale rows which don't have any relevant directory
03-29 04:51:03.655: I/ContactDirectoryManager(1988): Discovered 1 contact directories in 678ms
03-29 04:51:03.671: E/GCoreUlr(2306): Create new device tag of -975315706 after device reboot.
03-29 04:51:03.736: W/System(5520): ClassLoader referenced unknown path: /system/app/Maps/lib/x86
03-29 04:51:03.740: D/Finsky(5398): [1] GmsCoreHelper.cleanupNlp: result=false type=4
03-29 04:51:03.750: D/Finsky(5398): [1] RestoreTracker.stopServiceIfDone: Restore complete with 0 success and 0 failed.
03-29 04:51:03.752: I/Remoter(1334): Saved screenshot to '/data/screenshots/__pmv__-0090.jpg'
03-29 04:51:03.757: W/System(5528): ClassLoader referenced unknown path: /system/priv-app/CalendarProvider/lib/x86
03-29 04:51:03.765: I/art(3766): Rejecting re-init on previously-failed class java.lang.Class<hs>
03-29 04:51:03.765: I/art(3766): Rejecting re-init on previously-failed class java.lang.Class<hs>
03-29 04:51:03.768: I/cr_LibraryLoader(3766): Time to load native libraries: 1 ms (timestamps 1518-1519)
03-29 04:51:03.789: I/chromium(3766): [INFO:library_loader_hooks.cc(36)] Chromium logging enabled: level = 0, default verbosity = 0
03-29 04:51:03.789: I/cr_LibraryLoader(3766): Expected native library version number "70.0.3538.110", actual native library version number "70.0.3538.110"
03-29 04:51:03.794: I/CalendarProvider2(5528): Created com.android.providers.calendar.CalendarAlarmManager@e4cc935(com.android.providers.calendar.CalendarProvider2@ffe01ca)
03-29 04:51:03.808: W/Search.SearchUrlHelper(3766): Auth token not ready, no auth header set.
03-29 04:51:03.816: I/ActivityManager(1674): Killing 4945:com.google.android.configupdater/u0a4 (adj 15): empty #17
03-29 04:51:03.846: D/StrictMode(5520): StrictMode policy violation; ~duration=55 ms: android.os.StrictMode$StrictModeDiskReadViolation: policy=65567 violation=2
03-29 04:51:03.846: D/StrictMode(5520): 	at android.os.StrictMode$AndroidBlockGuardPolicy.onReadFromDisk(StrictMode.java:1263)
03-29 04:51:03.846: D/StrictMode(5520): 	at libcore.io.BlockGuardOs.access(BlockGuardOs.java:67)
03-29 04:51:03.846: D/StrictMode(5520): 	at java.io.File.doAccess(File.java:281)
03-29 04:51:03.846: D/StrictMode(5520): 	at java.io.File.exists(File.java:361)
03-29 04:51:03.846: D/StrictMode(5520): 	at android.app.ContextImpl.createFilesDirLocked(ContextImpl.java:418)
03-29 04:51:03.846: D/StrictMode(5520): 	at android.app.ContextImpl.getFilesDir(ContextImpl.java:441)
03-29 04:51:03.846: D/StrictMode(5520): 	at android.app.ContextImpl.openFileInput(ContextImpl.java:383)
03-29 04:51:03.846: D/StrictMode(5520): 	at android.content.ContextWrapper.openFileInput(ContextWrapper.java:177)
03-29 04:51:03.846: D/StrictMode(5520): 	at com.google.android.apps.gmm.shared.i.h.a(PG:250)
03-29 04:51:03.846: D/StrictMode(5520): 	at com.google.android.apps.gmm.map.m.q.a(PG:8693)
03-29 04:51:03.846: D/StrictMode(5520): 	at com.google.android.apps.gmm.shared.f.a.a(PG:48)
03-29 04:51:03.846: D/StrictMode(5520): 	at com.google.android.apps.gmm.map.m.e.a(PG:1531)
03-29 04:51:03.846: D/StrictMode(5520): 	at com.google.android.apps.gmm.base.app.a.a(PG:244)
03-29 04:51:03.846: D/StrictMode(5520): 	at com.google.android.apps.gmm.base.app.a.a(PG:2265)
03-29 04:51:03.846: D/StrictMode(5520): 	at com.google.android.apps.gmm.base.app.GoogleMapsApplication.a(PG:206)
03-29 04:51:03.846: D/StrictMode(5520): 	at com.google.android.apps.gmm.base.app.GoogleMapsApplication.onCreate(PG:174)
03-29 04:51:03.846: D/StrictMode(5520): 	at android.app.Instrumentation.callApplicationOnCreate(Instrumentation.java:1013)
03-29 04:51:03.846: D/StrictMode(5520): 	at android.app.ActivityThread.handleBindApplication(ActivityThread.java:4707)
03-29 04:51:03.846: D/StrictMode(5520): 	at android.app.ActivityThread.-wrap1(ActivityThread.java)
03-29 04:51:03.846: D/StrictMode(5520): 	at android.app.ActivityThread$H.handleMessage(ActivityThread.java:1405)
03-29 04:51:03.846: D/StrictMode(5520): 	at android.os.Handler.dispatchMessage(Handler.java:102)
03-29 04:51:03.846: D/StrictMode(5520): 	at android.os.Looper.loop(Looper.java:148)
03-29 04:51:03.846: D/StrictMode(5520): 	at android.app.ActivityThread.main(ActivityThread.java:5417)
03-29 04:51:03.846: D/StrictMode(5520): 	at java.lang.reflect.Method.invoke(Native Method)
03-29 04:51:03.846: D/StrictMode(5520): 	at com.android.internal.os.ZygoteInit$MethodAndArgsCaller.run(ZygoteInit.java:726)
03-29 04:51:03.846: D/StrictMode(5520): 	at com.android.internal.os.ZygoteInit.main(ZygoteInit.java:616)
03-29 04:51:03.846: D/StrictMode(5520): StrictMode policy violation; ~duration=54 ms: android.os.StrictMode$StrictModeDiskReadViolation: policy=65567 violation=2
03-29 04:51:03.846: D/StrictMode(5520): 	at android.os.StrictMode$AndroidBlockGuardPolicy.onReadFromDisk(StrictMode.java:1263)
03-29 04:51:03.846: D/StrictMode(5520): 	at libcore.io.BlockGuardOs.open(BlockGuardOs.java:182)
03-29 04:51:03.846: D/StrictMode(5520): 	at libcore.io.IoBridge.open(IoBridge.java:438)
03-29 04:51:03.846: D/StrictMode(5520): 	at java.io.FileInputStream.<init>(FileInputStream.java:76)
03-29 04:51:03.846: D/StrictMode(5520): 	at android.app.ContextImpl.openFileInput(ContextImpl.java:384)
03-29 04:51:03.846: D/StrictMode(5520): 	at android.content.ContextWrapper.openFileInput(ContextWrapper.java:177)
03-29 04:51:03.846: D/StrictMode(5520): 	at com.google.android.apps.gmm.shared.i.h.a(PG:250)
03-29 04:51:03.846: D/StrictMode(5520): 	at com.google.android.apps.gmm.map.m.q.a(PG:8693)
03-29 04:51:03.846: D/StrictMode(5520): 	at com.google.android.apps.gmm.shared.f.a.a(PG:48)
03-29 04:51:03.846: D/StrictMode(5520): 	at com.google.android.apps.gmm.map.m.e.a(PG:1531)
03-29 04:51:03.846: D/StrictMode(5520): 	at com.google.android.apps.gmm.base.app.a.a(PG:244)
03-29 04:51:03.846: D/StrictMode(5520): 	at com.google.android.apps.gmm.base.app.a.a(PG:2265)
03-29 04:51:03.846: D/StrictMode(5520): 	at com.google.android.apps.gmm.base.app.GoogleMapsApplication.a(PG:206)
03-29 04:51:03.846: D/StrictMode(5520): 	at com.google.android.apps.gmm.base.app.GoogleMapsApplication.onCreate(PG:174)
03-29 04:51:03.846: D/StrictMode(5520): 	at android.app.Instrumentation.callApplicationOnCreate(Instrumentation.java:1013)
03-29 04:51:03.846: D/StrictMode(5520): 	at android.app.ActivityThread.handleBindApplication(ActivityThread.java:4707)
03-29 04:51:03.846: D/StrictMode(5520): 	at android.app.ActivityThread.-wrap1(ActivityThread.java)
03-29 04:51:03.846: D/StrictMode(5520): 	at android.app.ActivityThread$H.handleMessage(ActivityThread.java:1405)
03-29 04:51:03.846: D/StrictMode(5520): 	at android.os.Handler.dispatchMessage(Handler.java:102)
03-29 04:51:03.846: D/StrictMode(5520): 	at android.os.Looper.loop(Looper.java:148)
03-29 04:51:03.846: D/StrictMode(5520): 	at android.app.ActivityThread.main(ActivityThread.java:5417)
03-29 04:51:03.846: D/StrictMode(5520): 	at java.lang.reflect.Method.invoke(Native Method)
03-29 04:51:03.846: D/StrictMode(5520): 	at com.android.internal.os.ZygoteInit$MethodAndArgsCaller.run(ZygoteInit.java:726)
03-29 04:51:03.846: D/StrictMode(5520): 	at com.android.internal.os.ZygoteInit.main(ZygoteInit.java:616)
03-29 04:51:03.846: D/StrictMode(5520): StrictMode policy violation; ~duration=54 ms: android.os.StrictMode$StrictModeDiskReadViolation: policy=65567 violation=2
03-29 04:51:03.846: D/StrictMode(5520): 	at android.os.StrictMode$AndroidBlockGuardPolicy.onReadFromDisk(StrictMode.java:1263)
03-29 04:51:03.846: D/StrictMode(5520): 	at libcore.io.BlockGuardOs.fstat(BlockGuardOs.java:132)
03-29 04:51:03.846: D/StrictMode(5520): 	at libcore.io.IoBridge.open(IoBridge.java:441)
03-29 04:51:03.846: D/StrictMode(5520): 	at java.io.FileInputStream.<init>(FileInputStream.java:76)
03-29 04:51:03.846: D/StrictMode(5520): 	at android.app.ContextImpl.openFileInput(ContextImpl.java:384)
03-29 04:51:03.846: D/StrictMode(5520): 	at android.content.ContextWrapper.openFileInput(ContextWrapper.java:177)
03-29 04:51:03.846: D/StrictMode(5520): 	at com.google.android.apps.gmm.shared.i.h.a(PG:250)
03-29 04:51:03.846: D/StrictMode(5520): 	at com.google.android.apps.gmm.map.m.q.a(PG:8693)
03-29 04:51:03.846: D/StrictMode(5520): 	at com.google.android.apps.gmm.shared.f.a.a(PG:48)
03-29 04:51:03.846: D/StrictMode(5520): 	at com.google.android.apps.gmm.map.m.e.a(PG:1531)
03-29 04:51:03.846: D/StrictMode(5520): 	at com.google.android.apps.gmm.base.app.a.a(PG:244)
03-29 04:51:03.846: D/StrictMode(5520): 	at com.google.android.apps.gmm.base.app.a.a(PG:2265)
03-29 04:51:03.846: D/StrictMode(5520): 	at com.google.android.apps.gmm.base.app.GoogleMapsApplication.a(PG:206)
03-29 04:51:03.846: D/StrictMode(5520): 	at com.google.android.apps.gmm.base.app.GoogleMapsApplication.onCreate(PG:174)
03-29 04:51:03.846: D/StrictMode(5520): 	at android.app.Instrumentation.callApplicationOnCreate(Instrumentation.java:1013)
03-29 04:51:03.846: D/StrictMode(5520): 	at android.app.ActivityThread.handleBindApplication(ActivityThread.java:4707)
03-29 04:51:03.846: D/StrictMode(5520): 	at android.app.ActivityThread.-wrap1(ActivityThread.java)
03-29 04:51:03.846: D/StrictMode(5520): 	at android.app.ActivityThread$H.handleMessage(ActivityThread.java:1405)
03-29 04:51:03.846: D/StrictMode(5520): 	at android.os.Handler.dispatchMessage(Handler.java:102)
03-29 04:51:03.846: D/StrictMode(5520): 	at android.os.Looper.loop(Looper.java:148)
03-29 04:51:03.846: D/StrictMode(5520): 	at android.app.ActivityThread.main(ActivityThread.java:5417)
03-29 04:51:03.846: D/StrictMode(5520): 	at java.lang.reflect.Method.invoke(Native Method)
03-29 04:51:03.846: D/StrictMode(5520): 	at com.android.internal.os.ZygoteInit$MethodAndArgsCaller.run(ZygoteInit.java:726)
03-29 04:51:03.846: D/StrictMode(5520): 	at com.android.internal.os.ZygoteInit.main(ZygoteInit.java:616)
03-29 04:51:03.846: D/StrictMode(5520): StrictMode policy violation; ~duration=54 ms: android.os.StrictMode$StrictModeDiskReadViolation: policy=65567 violation=2
03-29 04:51:03.846: D/StrictMode(5520): 	at android.os.StrictMode$AndroidBlockGuardPolicy.onReadFromDisk(StrictMode.java:1263)
03-29 04:51:03.846: D/StrictMode(5520): 	at libcore.io.BlockGuardOs.read(BlockGuardOs.java:229)
03-29 04:51:03.846: D/StrictMode(5520): 	at libcore.io.IoBridge.read(IoBridge.java:468)
03-29 04:51:03.846: D/StrictMode(5520): 	at java.io.FileInputStream.read(FileInputStream.java:177)
03-29 04:51:03.846: D/StrictMode(5520): 	at java.io.BufferedInputStream.read(BufferedInputStream.java:290)
03-29 04:51:03.846: D/StrictMode(5520): 	at java.io.DataInputStream.read(DataInputStream.java:63)
03-29 04:51:03.846: D/StrictMode(5520): 	at com.google.r.k.d(PG:1187)
03-29 04:51:03.846: D/StrictMode(5520): 	at com.google.r.k.a(PG:2107)
03-29 04:51:03.846: D/StrictMode(5520): 	at com.google.w.a.a.do.<init>(PG:23)
03-29 04:51:03.846: D/StrictMode(5520): 	at com.google.w.a.a.do.a(PG:405)
03-29 04:51:03.846: D/StrictMode(5520): 	at com.google.r.v.a(PG:1161)
03-29 04:51:03.846: D/StrictMode(5520): 	at com.google.r.y.a(PG:2188)
03-29 04:51:03.846: D/StrictMode(5520): 	at com.google.r.e.b(PG:170)
03-29 04:51:03.846: D/StrictMode(5520): 	at com.google.r.e.b(PG:15188)
03-29 04:51:03.846: D/StrictMode(5520): 	at com.google.android.apps.gmm.shared.i.h.a(PG:251)
03-29 04:51:03.846: D/StrictMode(5520): 	at com.google.android.apps.gmm.map.m.q.a(PG:8693)
03-29 04:51:03.846: D/StrictMode(5520): 	at com.google.android.apps.gmm.shared.f.a.a(PG:48)
03-29 04:51:03.846: D/StrictMode(5520): 	at com.google.android.apps.gmm.map.m.e.a(PG:1531)
03-29 04:51:03.846: D/StrictMode(5520): 	at com.google.android.apps.gmm.base.app.a.a(PG:244)
03-29 04:51:03.846: D/StrictMode(5520): 	at com.google.android.apps.gmm.base.app.a.a(PG:2265)
