03-29 04:51:03.846: D/StrictMode(5520): 	at com.google.android.apps.gmm.base.app.GoogleMapsApplication.a(PG:206)
03-29 04:51:03.846: D/StrictMode(5520): 	at com.google.android.apps.gmm.base.app.GoogleMapsApplication.onCreate(PG:174)
03-29 04:51:03.846: D/StrictMode(5520): 	at android.app.Instrumentation.callApplicationOnCreate(Instrumentation.java:1013)
03-29 04:51:03.846: D/StrictMode(5520): 	at android.app.ActivityThread.handleBindApplication(ActivityThread.java:4707)
03-29 04:51:03.846: D/StrictMode(5520): 	at android.app.ActivityThread.-wrap1(ActivityThread.java)
03-29 04:51:03.846: D/StrictMode(5520): 	at android.app.ActivityThread$H.handleMessage(ActivityThread.java:1405)
03-29 04:51:03.846: D/StrictMode(5520): 	at android.os.Handler.dispatchMessage(Handler.java:102)
03-29 04:51:03.846: D/StrictMode(5520): 	at android.os.Looper.loop(Looper.java:148)
03-29 04:51:03.846: D/StrictMode(5520): 	at android.app.ActivityThread.main(ActivityThread.java:5417)
03-29 04:51:03.846: D/StrictMode(5520): 	at java.lang.reflect.Method.invoke(Native Method)
03-29 04:51:03.846: D/StrictMode(5520): 	at com.android.internal.os.ZygoteInit$MethodAndArgsCaller.run(ZygoteInit.java:726)
03-29 04:51:03.846: D/StrictMode(5520): 	at com.android.internal.os.ZygoteInit.main(ZygoteInit.java:616)
03-29 04:51:03.846: D/StrictMode(5520): StrictMode policy violation; ~duration=53 ms: android.os.StrictMode$StrictModeDiskReadViolation: policy=65567 violation=2
03-29 04:51:03.846: D/StrictMode(5520): 	at android.os.StrictMode$AndroidBlockGuardPolicy.onReadFromDisk(StrictMode.java:1263)
03-29 04:51:03.846: D/StrictMode(5520): 	at libcore.io.BlockGuardOs.read(BlockGuardOs.java:229)
03-29 04:51:03.846: D/StrictMode(5520): 	at libcore.io.IoBridge.read(IoBridge.java:468)
03-29 04:51:03.846: D/StrictMode(5520): 	at java.io.FileInputStream.read(FileInputStream.java:177)
03-29 04:51:03.846: D/StrictMode(5520): 	at java.io.BufferedInputStream.read(BufferedInputStream.java:290)
03-29 04:51:03.846: D/StrictMode(5520): 	at java.io.DataInputStream.read(DataInputStream.java:63)
03-29 04:51:03.846: D/StrictMode(5520): 	at com.google.r.k.d(PG:1187)
03-29 04:51:03.846: D/StrictMode(5520): 	at com.google.r.k.c(PG:18147)
03-29 04:51:03.846: D/StrictMode(5520): 	at com.google.r.k.d(PG:583)
03-29 04:51:03.846: D/StrictMode(5520): 	at com.google.w.a.a.do.<init>(PG:40)
03-29 04:51:03.846: D/StrictMode(5520): 	at com.google.w.a.a.do.a(PG:405)
03-29 04:51:03.846: D/StrictMode(5520): 	at com.google.r.v.a(PG:1161)
03-29 04:51:03.846: D/StrictMode(5520): 	at com.google.r.y.a(PG:2188)
03-29 04:51:03.846: D/StrictMode(5520): 	at com.google.r.e.b(PG:170)
03-29 04:51:03.846: D/StrictMode(5520): 	at com.google.r.e.b(PG:15188)
03-29 04:51:03.846: D/StrictMode(5520): 	at com.google.android.apps.gmm.shared.i.h.a(PG:251)
03-29 04:51:03.846: D/StrictMode(5520): 	at com.google.android.apps.gmm.map.m.q.a(PG:8693)
03-29 04:51:03.846: D/StrictMode(5520): 	at com.google.android.apps.gmm.shared.f.a.a(PG:48)
03-29 04:51:03.846: D/StrictMode(5520): 	at com.google.android.apps.gmm.map.m.e.a(PG:1531)
03-29 04:51:03.846: D/StrictMode(5520): 	at com.google.android.apps.gmm.base.app.a.a(PG:244)
03-29 04:51:03.846: D/StrictMode(5520): 	at com.google.android.apps.gmm.base.app.a.a(PG:2265)
03-29 04:51:03.846: D/StrictMode(5520): 	at com.google.android.apps.gmm.base.app.GoogleMapsApplication.a(PG:206)
03-29 04:51:03.846: D/StrictMode(5520): 	at com.google.android.apps.gmm.base.app.GoogleMapsApplication.onCreate(PG:174)
03-29 04:51:03.846: D/StrictMode(5520): 	at android.app.Instrumentation.callApplicationOnCreate(Instrumentation.java:1013)
03-29 04:51:03.846: D/StrictMode(5520): 	at android.app.ActivityThread.handleBindApplication(ActivityThread.java:4707)
03-29 04:51:03.846: D/StrictMode(5520): 	at android.app.ActivityThread.-wrap1(ActivityThread.java)
03-29 04:51:03.846: D/StrictMode(5520): 	at android.app.ActivityThread$H.handleMessage(ActivityThread.java:1405)
03-29 04:51:03.846: D/StrictMode(5520): 	at android.os.Handler.dispatchMessage(Handler.java:102)
03-29 04:51:03.846: D/StrictMode(5520): 	at android.os.Looper.loop(Looper.java:148)
03-29 04:51:03.846: D/StrictMode(5520): 	at android.app.ActivityThread.main(ActivityThread.java:5417)
03-29 04:51:03.846: D/StrictMode(5520): 	at java.lang.reflect.Method.invoke(Native Method)
03-29 04:51:03.846: D/StrictMode(5520): 	at com.android.internal.os.ZygoteInit$MethodAndArgsCaller.run(ZygoteInit.java:726)
03-29 04:51:03.846: D/StrictMode(5520): 	at com.android.internal.os.ZygoteInit.main(ZygoteInit.java:616)
03-29 04:51:03.846: D/StrictMode(5520): StrictMode policy violation; ~duration=44 ms: android.os.StrictMode$StrictModeDiskReadViolation: policy=65567 violation=2
03-29 04:51:03.846: D/StrictMode(5520): 	at android.os.StrictMode$AndroidBlockGuardPolicy.onReadFromDisk(StrictMode.java:1263)
03-29 04:51:03.846: D/StrictMode(5520): 	at libcore.io.BlockGuardOs.access(BlockGuardOs.java:67)
03-29 04:51:03.846: D/StrictMode(5520): 	at java.io.File.doAccess(File.java:281)
03-29 04:51:03.846: D/StrictMode(5520): 	at java.io.File.exists(File.java:361)
03-29 04:51:03.846: D/StrictMode(5520): 	at android.app.ContextImpl.createFilesDirLocked(ContextImpl.java:418)
03-29 04:51:03.846: D/StrictMode(5520): 	at android.app.ContextImpl.getFilesDir(ContextImpl.java:441)
03-29 04:51:03.846: D/StrictMode(5520): 	at android.app.ContextImpl.getFileStreamPath(ContextImpl.java:549)
03-29 04:51:03.846: D/StrictMode(5520): 	at android.content.ContextWrapper.getFileStreamPath(ContextWrapper.java:193)
03-29 04:51:03.846: D/StrictMode(5520): 	at com.google.android.apps.gmm.map.m.q.a(PG:8701)
03-29 04:51:03.846: D/StrictMode(5520): 	at com.google.android.apps.gmm.shared.f.a.a(PG:48)
03-29 04:51:03.846: D/StrictMode(5520): 	at com.google.android.apps.gmm.map.m.e.a(PG:1531)
03-29 04:51:03.846: D/StrictMode(5520): 	at com.google.android.apps.gmm.base.app.a.a(PG:244)
03-29 04:51:03.846: D/StrictMode(5520): 	at com.google.android.apps.gmm.base.app.a.a(PG:2265)
03-29 04:51:03.846: D/StrictMode(5520): 	at com.google.android.apps.gmm.base.app.GoogleMapsApplication.a(PG:206)
03-29 04:51:03.846: D/StrictMode(5520): 	at com.google.android.apps.gmm.base.app.GoogleMapsApplication.onCreate(PG:174)
03-29 04:51:03.846: D/StrictMode(5520): 	at android.app.Instrumentation.callApplicationOnCreate(Instrumentation.java:1013)
03-29 04:51:03.846: D/StrictMode(5520): 	at android.app.ActivityThread.handleBindApplication(ActivityThread.java:4707)
03-29 04:51:03.846: D/StrictMode(5520): 	at android.app.ActivityThread.-wrap1(ActivityThread.java)
03-29 04:51:03.846: D/StrictMode(5520): 	at android.app.ActivityThread$H.handleMessage(ActivityThread.java:1405)
03-29 04:51:03.846: D/StrictMode(5520): 	at android.os.Handler.dispatchMessage(Handler.java:102)
03-29 04:51:03.846: D/StrictMode(5520): 	at android.os.Looper.loop(Looper.java:148)
03-29 04:51:03.846: D/StrictMode(5520): 	at android.app.ActivityThread.main(ActivityThread.java:5417)
03-29 04:51:03.846: D/StrictMode(5520): 	at java.lang.reflect.Method.invoke(Native Method)
03-29 04:51:03.846: D/StrictMode(5520): 	at com.android.internal.os.ZygoteInit$MethodAndArgsCaller.run(ZygoteInit.java:726)
03-29 04:51:03.846: D/StrictMode(5520): 	at com.android.internal.os.ZygoteInit.main(ZygoteInit.java:616)
03-29 04:51:03.846: D/StrictMode(5520): StrictMode policy violation; ~duration=44 ms: android.os.StrictMode$StrictModeDiskReadViolation: policy=65567 violation=2
03-29 04:51:03.846: D/StrictMode(5520): 	at android.os.StrictMode$AndroidBlockGuardPolicy.onReadFromDisk(StrictMode.java:1263)
03-29 04:51:03.846: D/StrictMode(5520): 	at libcore.io.BlockGuardOs.access(BlockGuardOs.java:67)
03-29 04:51:03.846: D/StrictMode(5520): 	at java.io.File.doAccess(File.java:281)
03-29 04:51:03.846: D/StrictMode(5520): 	at java.io.File.exists(File.java:361)
03-29 04:51:03.846: D/StrictMode(5520): 	at com.google.android.apps.gmm.map.m.q.a(PG:8703)
03-29 04:51:03.846: D/StrictMode(5520): 	at com.google.android.apps.gmm.shared.f.a.a(PG:48)
03-29 04:51:03.846: D/StrictMode(5520): 	at com.google.android.apps.gmm.map.m.e.a(PG:1531)
03-29 04:51:03.846: D/StrictMode(5520): 	at com.google.android.apps.gmm.base.app.a.a(PG:244)
03-29 04:51:03.846: D/StrictMode(5520): 	at com.google.android.apps.gmm.base.app.a.a(PG:2265)
03-29 04:51:03.846: D/StrictMode(5520): 	at com.google.android.apps.gmm.base.app.GoogleMapsApplication.a(PG:206)
03-29 04:51:03.846: D/StrictMode(5520): 	at com.google.android.apps.gmm.base.app.GoogleMapsApplication.onCreate(PG:174)
03-29 04:51:03.846: D/StrictMode(5520): 	at android.app.Instrumentation.callApplicationOnCreate(Instrumentation.java:1013)
03-29 04:51:03.846: D/StrictMode(5520): 	at android.app.ActivityThread.handleBindApplication(ActivityThread.java:4707)
03-29 04:51:03.846: D/StrictMode(5520): 	at android.app.ActivityThread.-wrap1(ActivityThread.java)
03-29 04:51:03.846: D/StrictMode(5520): 	at android.app.ActivityThread$H.handleMessage(ActivityThread.java:1405)
03-29 04:51:03.846: D/StrictMode(5520): 	at android.os.Handler.dispatchMessage(Handler.java:102)
03-29 04:51:03.846: D/StrictMode(5520): 	at android.os.Looper.loop(Looper.java:148)
03-29 04:51:03.846: D/StrictMode(5520): 	at android.app.ActivityThread.main(ActivityThread.java:5417)
03-29 04:51:03.846: D/StrictMode(5520): 	at java.lang.reflect.Method.invoke(Native Method)
03-29 04:51:03.846: D/StrictMode(5520): 	at com.android.internal.os.ZygoteInit$MethodAndArgsCaller.run(ZygoteInit.java:726)
03-29 04:51:03.846: D/StrictMode(5520): 	at com.android.internal.os.ZygoteInit.main(ZygoteInit.java:616)
03-29 04:51:03.863: D/ActivityManager(1674): cleanUpApplicationRecord -- 4945
03-29 04:51:03.880: I/Exchange(5427): Accounts changed - requesting FolderSync for unsynced accounts
03-29 04:51:03.880: W/arqq(2306): Empty context buffer. Thus might mean that the context is not synced down.
03-29 04:51:03.880: W/armt(2306): Empty context model while retrieving upload opt-in status!
03-29 04:51:03.891: I/ActivityManager(1674): Start proc 5586:com.google.android.videos/u0a71 for broadcast com.google.android.videos/.accounts.AccountsChangedService$AccountsChangedReceiver
03-29 04:51:03.908: I/ActivityManager(1674): Killing 3472:com.google.android.gms.ui/u0a10 (adj 15): empty #17
03-29 04:51:03.960: D/ActivityManager(1674): cleanUpApplicationRecord -- 3472
03-29 04:51:03.968: E/ctxmgr(2306): [NetworkUtil]No active synchronizable contexts.
03-29 04:51:04.003: W/System(5586): ClassLoader referenced unknown path: /system/app/Videos/lib/x86
03-29 04:51:04.096: W/GLSUser(2306): [DeviceKeyStore] Cannot load key: Device key file not found.
03-29 04:51:04.096: W/GLSUser(2306): [DeviceKeyStore] Cannot load key: Device key file not found.
03-29 04:51:04.106: W/Conscrypt(2306): Could not set socket write timeout: java.net.SocketException: Socket closed
03-29 04:51:04.106: W/Conscrypt(2306): 	at com.google.android.gms.org.conscrypt.Platform.setSocketWriteTimeout(:com.google.android.gms@14367022@14.3.67 (040700-216465562):2)
03-29 04:51:04.106: W/Conscrypt(2306): 	at com.google.android.gms.org.conscrypt.ConscryptFileDescriptorSocket.setSoWriteTimeout(:com.google.android.gms@14367022@14.3.67 (040700-216465562):2)
03-29 04:51:04.117: W/Conscrypt(2306): Could not set socket write timeout: java.net.SocketException: Socket closed
03-29 04:51:04.117: W/Conscrypt(2306): 	at com.google.android.gms.org.conscrypt.Platform.setSocketWriteTimeout(:com.google.android.gms@14367022@14.3.67 (040700-216465562):2)
03-29 04:51:04.117: W/Conscrypt(2306): 	at com.google.android.gms.org.conscrypt.ConscryptFileDescriptorSocket.setSoWriteTimeout(:com.google.android.gms@14367022@14.3.67 (040700-216465562):2)
03-29 04:51:04.166: I/HotwordDataManager(3766): setSpeakerModel(S37FFK2YM7DQQWXYEWKTQTSGKI-00@cloudtestlabaccounts.com,null)
03-29 04:51:04.346: I/ActivityManager(1674): Killing 4926:com.google.android.gmscore.testing.testsupport/u0a89 (adj 15): empty #17
03-29 04:51:04.382: D/ActivityManager(1674): cleanUpApplicationRecord -- 4926
03-29 04:51:04.436: I/ActivityManager(1674): Start proc 5678:com.android.chrome/u0a36 for broadcast com.android.chrome/org.chromium.chrome.browser.services.AccountsChangedReceiver
03-29 04:51:04.462: W/PlayMovies(5586): SyncCallback.getResponse:78 SyncCallback from main thread might cause ANR
03-29 04:51:04.484: W/PlayMovies(5586): SyncCallback.getResponse:78 SyncCallback from main thread might cause ANR
03-29 04:51:04.484: W/ActivityManager(1674): Unable to start service Intent { flg=0x4 cmp=com.android.vending/com.google.android.finsky.services.DailyHygiene (has extras) } U=0: not found
03-29 04:51:04.503: D/PlayMovies(5586): PersistentCache.cleanup:94 Cache is below limit, no need to shrink: [size=0, limit=5242880]
03-29 04:51:04.522: D/PlayMovies(5586): TransferService.onCreate:60 creating transfer service
03-29 04:51:04.533: I/VideoCapabilities(5586): Unsupported profile 4 for video/mp4v-es
03-29 04:51:04.536: W/MediaCodecUtil(5586): MediaCodecList API didn't list secure decoder for: video/avc. Assuming: OMX.google.h264.decoder.secure
03-29 04:51:04.560: I/Authzen(2516): [AuthTokenProvider] successfully got auth token
03-29 04:51:04.583: D/WVCdm(1345): Instantiating CDM.
03-29 04:51:04.585: I/WVCdm(1345): CdmEngine::QueryStatus
03-29 04:51:04.587: I/WVCdm(1345): Level3 Library Jun 15 2015 14:09:10
03-29 04:51:04.594: W/WVCdm(1345): Could not read /data/mediadrm/IDM1013/ay64.dat2: No such file or directory
03-29 04:51:04.594: W/WVCdm(1345): Could not load liboemcrypto.so. Falling back to L3.  dlopen failed: library "liboemcrypto.so" not found
03-29 04:51:04.604: W/ChimeraUtils(2306): Non Chimera context
03-29 04:51:04.616: I/Auth(2306): [BroadcastManager] Broadcasting account change.
03-29 04:51:04.620: W/WakefulBroadcastReceiv.(2306): No active wake lock id #1
03-29 04:51:04.668: I/PmtsSwAccountIntentOp(2516): Processing intent action=android.accounts.LOGIN_ACCOUNTS_CHANGED
03-29 04:51:04.668: I/PmtsSwAccountIntentOp(2516): Device isn't of sufficient API level
03-29 04:51:04.686: I/ajji(2306): Scheduling Phenotype for a PhenotypeSyncImmediately(5, null) one off with window [1, 2] in seconds [CONTEXT service_id=51 ]
03-29 04:51:04.705: I/Auth(2306): [GoogleAccountHistoryStore] creating database.
03-29 04:51:04.708: I/ActivityManager(1674): Killing 4812:com.google.android.apps.fitness/u0a40 (adj 15): empty #17
03-29 04:51:04.718: I/CryptauthV2(2516): [EnrollKeyName] ClientName calling Cryptauth is ForceRegistration
03-29 04:51:04.721: I/GamesDatabaseHelper(2516): Bootstrapping database version: 2300
03-29 04:51:04.762: D/ActivityManager(1674): cleanUpApplicationRecord -- 4812
03-29 04:51:04.820: E/Babel(2746): Invalid server experiment type 4 for BabelExperiment{id='b84806c8', experimentType=0, defaultBoolean=null, defaultLong=null}
03-29 04:51:04.820: I/CalendarProvider2(5528): Sending notification intent: Intent { act=android.intent.action.PROVIDER_CHANGED dat=content://com.android.calendar flg=0x20000000 }
03-29 04:51:04.821: W/ContentResolver(5528): Failed to get type for: content://com.android.calendar (Unknown URL content://com.android.calendar)
03-29 04:51:04.824: W/BabelExperiments(2746): Pre-computing loggable experiments for invalid account -1
03-29 04:51:04.826: I/ActivityManager(1674): Killing 5143:com.google.android.deskclock/u0a67 (adj 15): empty #17
03-29 04:51:04.828: I/Babel(2746): BAM created 0
03-29 04:51:04.880: I/ActivityManager(1674): Killing 4111:com.android.defcontainer/u0a6 (adj 15): empty #17
03-29 04:51:04.897: I/Remoter(1334): Saved screenshot to '/data/screenshots/__pmv__-0091.jpg'
03-29 04:51:04.935: D/ActivityManager(1674): cleanUpApplicationRecord -- 4111
03-29 04:51:04.936: D/ActivityManager(1674): cleanUpApplicationRecord -- 5143
03-29 04:51:04.941: D/Volley(5398): [315] DiskBasedCache.clear: Cache cleared.
03-29 04:51:04.941: D/Volley(5398): [308] DiskBasedCache.clear: Cache cleared.
03-29 04:51:04.945: D/Finsky(5398): [1] UpdateWidgetsReceiver.onReceive: Updated 0 MarketWidgetProvider widgets (android.accounts.LOGIN_ACCOUNTS_CHANGED)
03-29 04:51:04.948: D/Finsky(5398): [1] UpdateWidgetsReceiver.onReceive: Updated 0 RecommendedWidgetProvider widgets (android.accounts.LOGIN_ACCOUNTS_CHANGED)
03-29 04:51:04.948: D/Finsky(5398): [1] UpdateWidgetsReceiver.onReceive: Updated 0 NowPlayingWidgetProvider widgets (android.accounts.LOGIN_ACCOUNTS_CHANGED)
03-29 04:51:05.000: I/Exchange(5427): Accounts changed - requesting FolderSync for unsynced accounts
03-29 04:51:05.087: W/ChimeraUtils(2306): Non Chimera context
03-29 04:51:05.092: I/PmtsSwAccountIntentOp(2516): Processing intent action=android.accounts.LOGIN_ACCOUNTS_CHANGED
03-29 04:51:05.092: I/PmtsSwAccountIntentOp(2516): Device isn't of sufficient API level
03-29 04:51:05.100: I/ajji(2306): Scheduling Phenotype for a PhenotypeSyncImmediately(5, null) one off with window [1, 2] in seconds [CONTEXT service_id=51 ]
03-29 04:51:05.109: I/art(2306): Background partial concurrent mark sweep GC freed 73645(5MB) AllocSpace objects, 16(304KB) LOS objects, 35% free, 29MB/45MB, paused 4.082ms total 107.115ms
03-29 04:51:05.118: W/WakefulBroadcastReceiv.(2306): No active wake lock id #2
03-29 04:51:05.135: I/Auth(2516): [SupervisedAccountIntentOperation] onHandleIntent(): com.google.android.gms.auth.ACCOUNT_SERVICES_CHANGED
03-29 04:51:05.135: E/NetworkScheduler(2306): Invalid component specified.
03-29 04:51:05.136: D/Finsky(5398): [1] BaseWidgetProvider.onReceive: Received ACTION_APPWIDGET_UPDATE, updating 0 widgets.
03-29 04:51:05.138: D/Finsky(5398): [1] BaseWidgetProvider.onReceive: Received ACTION_APPWIDGET_UPDATE, updating 0 widgets.
03-29 04:51:05.142: D/Finsky(5398): [1] BaseWidgetProvider.onReceive: Received ACTION_APPWIDGET_UPDATE, updating 0 widgets.
03-29 04:51:05.149: I/Auth(2516): [SupervisedAccountIntentOperation] This operation is disabled
03-29 04:51:05.194: W/art(2746): Long monitor contention event with owner method=boolean java.lang.String.equals(java.lang.Object) from String.java:431 waiters=0 for 204ms
03-29 04:51:05.202: I/ActivityManager(1674): Start proc 5784:com.google.android.play.games.ui/u0a10 for content provider com.google.android.gms/.games.provider.NotificationStubContentProvider
03-29 04:51:05.230: W/arqq(2306): Empty context buffer. Thus might mean that the context is not synced down.
03-29 04:51:05.233: W/armt(2306): Empty context model while retrieving upload opt-in status!
03-29 04:51:05.242: I/Authzen(2306): [AccountChangeProcessingIntentOperation] Received onHandleIntent() call: Intent { act=com.google.android.gms.auth.GOOGLE_ACCOUNT_CHANGE cat=[com.google.android.gms.auth.category.ACCOUNT_ADDED] flg=0x10 cmp=com.google.android.gms/.chimera.GmsIntentOperationService$PersistentInternalReceiver (has extras) }
03-29 04:51:05.243: I/Authzen(2306): [AccountChangeProcessingIntentOperation] Handling added account: <ELLIDED:-1523349491>
03-29 04:51:05.245: I/GCoreUlr(2306): Starting service, intent=Intent { act=com.google.android.location.reporting.ACTION_UPDATE_WORLD cmp=com.google.android.gms/com.google.android.location.reporting.service.DispatchingService (has extras) }, extras=Bundle[{receiverAction=com.google.android.gms.auth.GOOGLE_ACCOUNT_CHANGE, accountsAdded=[Account {name=S37FFK2YM7DQQWXYEWKTQTSGKI-00@cloudtestlabaccounts.com, type=com.google}]}]
03-29 04:51:05.246: I/Babel(2746): BAM#account updated: 0
03-29 04:51:05.257: I/CheckinChimeraService(2516): Starting Checkin Task: CheckinNowTaskTag Reason : 4 Force : true UserId: 0
03-29 04:51:05.264: I/Auth(2516): [FRP,FrpUpdateIntentOperation] Frp is not supported for this device / user
03-29 04:51:05.267: I/Ads(2516): Accounts have changed: com.google.android.gms.auth.GOOGLE_ACCOUNT_CHANGE
03-29 04:51:05.275: E/NetworkScheduler(2306): Invalid component specified.
03-29 04:51:05.281: I/ChromeSync(2516): [Sync,SyncIntentOperation] Handling the intent: Intent { act=com.google.android.gms.auth.GOOGLE_ACCOUNT_CHANGE cat=[com.google.android.gms.auth.category.ACCOUNT_ADDED] flg=0x10 cmp=com.google.android.gms/.chimera.GmsIntentOperationService$PersistentInternalReceiver (has extras) }.
03-29 04:51:05.283: I/Babel_StickerModule(2746): Account change update: 0
03-29 04:51:05.287: I/Authzen(2306): [SyncManager] Sync requested for event 100, account S37FFK2YM7DQQWXYEWKTQTSGKI-00@cloudtestlabaccounts.com, and components 3, with reason 7
03-29 04:51:05.287: I/Authzen(2306): [SyncManager] Triggering AuthZen registration...
03-29 04:51:05.294: E/NetworkScheduler(2306): Invalid component specified.
03-29 04:51:05.301: W/ActivityManager(1674): Unable to start service Intent { act=com.google.android.gms.playlog.service.START pkg=com.google.android.gms } U=0: not found
03-29 04:51:05.302: W/ActivityManager(1674): Unbind failed: could not find connection for android.os.BinderProxy@1ba40b8
03-29 04:51:05.302: E/GmsClient(2746): unable to connect to service: com.google.android.gms.playlog.service.START
03-29 04:51:05.310: I/Babel_StickerModule(2746): Sticker update initiated. last:-1 empty:false
03-29 04:51:05.312: D/Finsky(5398): [1] BaseWidgetProvider.onReceive: Received ACTION_APPWIDGET_UPDATE, updating 0 widgets.
03-29 04:51:05.312: D/Finsky(5398): [1] BaseWidgetProvider.onReceive: Received ACTION_APPWIDGET_UPDATE, updating 0 widgets.
03-29 04:51:05.313: D/Finsky(5398): [1] BaseWidgetProvider.onReceive: Received ACTION_APPWIDGET_UPDATE, updating 0 widgets.
03-29 04:51:05.316: I/Babel(2746): Starting account registration:0-Redacted-54
03-29 04:51:05.317: I/GCoreUlr(2306): WorldUpdater received intent Intent { act=com.google.android.location.reporting.ACTION_UPDATE_WORLD cmp=com.google.android.gms/com.google.android.location.reporting.service.DispatchingService (has extras) } with receiverAction com.google.android.gms.auth.GOOGLE_ACCOUNT_CHANGE
03-29 04:51:05.318: I/IcingInternalCorpora(2516): Received calendar change notification.
03-29 04:51:05.379: W/ChromeSync(2516): OperationException[Status{statusCode=Data of type 1 is not subscribed., resolution=null}]
03-29 04:51:05.379: W/ChromeSync(2516): 	at oqj.b(:com.google.android.gms@14367022@14.3.67 (040700-216465562):2)
03-29 04:51:05.379: W/ChromeSync(2516): 	at oqf.a(:com.google.android.gms@14367022@14.3.67 (040700-216465562):6)
03-29 04:51:05.379: W/ChromeSync(2516): 	at xey.run(:com.google.android.gms@14367022@14.3.67 (040700-216465562):27)
03-29 04:51:05.379: W/ChromeSync(2516): 	at bdsa.run(:com.google.android.gms@14367022@14.3.67 (040700-216465562):2)
03-29 04:51:05.379: W/ChromeSync(2516): 	at bdsa.run(:com.google.android.gms@14367022@14.3.67 (040700-216465562):2)
03-29 04:51:05.379: W/ChromeSync(2516): 	at qjt.run(:com.google.android.gms@14367022@14.3.67 (040700-216465562):35)
03-29 04:51:05.379: W/ChromeSync(2516): 	at java.util.concurrent.ThreadPoolExecutor.runWorker(ThreadPoolExecutor.java:1113)
03-29 04:51:05.379: W/ChromeSync(2516): 	at java.util.concurrent.ThreadPoolExecutor$Worker.run(ThreadPoolExecutor.java:588)
03-29 04:51:05.379: W/ChromeSync(2516): 	at qpu.run(:com.google.android.gms@14367022@14.3.67 (040700-216465562))
03-29 04:51:05.379: W/ChromeSync(2516): 	at java.lang.Thread.run(Thread.java:818)
03-29 04:51:05.408: W/Conscrypt(2516): Could not set socket write timeout: java.net.SocketException: Socket closed
03-29 04:51:05.408: W/Conscrypt(2516): 	at com.google.android.gms.org.conscrypt.Platform.setSocketWriteTimeout(:com.google.android.gms@14367022@14.3.67 (040700-216465562):2)
03-29 04:51:05.408: W/Conscrypt(2516): 	at com.google.android.gms.org.conscrypt.ConscryptFileDescriptorSocket.setSoWriteTimeout(:com.google.android.gms@14367022@14.3.67 (040700-216465562):2)
03-29 04:51:05.417: I/Babel_telephony(2746): TeleIncomingWifiCallController.getRegistrationState, wifi calling not enabled
03-29 04:51:05.433: W/Conscrypt(2516): Could not set socket write timeout: java.net.SocketException: Socket closed
03-29 04:51:05.433: W/Conscrypt(2516): 	at com.google.android.gms.org.conscrypt.Platform.setSocketWriteTimeout(:com.google.android.gms@14367022@14.3.67 (040700-216465562):2)
03-29 04:51:05.433: W/Conscrypt(2516): 	at com.google.android.gms.org.conscrypt.ConscryptFileDescriptorSocket.setSoWriteTimeout(:com.google.android.gms@14367022@14.3.67 (040700-216465562):2)
03-29 04:51:05.436: E/AsyncOperation(2516): serviceID=80, operation=List
03-29 04:51:05.436: E/AsyncOperation(2516): OperationException[Status{statusCode=Data of type 1 is not subscribed., resolution=null}]
03-29 04:51:05.436: E/AsyncOperation(2516): 	at oqj.b(:com.google.android.gms@14367022@14.3.67 (040700-216465562):2)
03-29 04:51:05.436: E/AsyncOperation(2516): 	at oqf.a(:com.google.android.gms@14367022@14.3.67 (040700-216465562):6)
03-29 04:51:05.436: E/AsyncOperation(2516): 	at xey.run(:com.google.android.gms@14367022@14.3.67 (040700-216465562):27)
03-29 04:51:05.436: E/AsyncOperation(2516): 	at bdsa.run(:com.google.android.gms@14367022@14.3.67 (040700-216465562):2)
03-29 04:51:05.436: E/AsyncOperation(2516): 	at bdsa.run(:com.google.android.gms@14367022@14.3.67 (040700-216465562):2)
03-29 04:51:05.436: E/AsyncOperation(2516): 	at qjt.run(:com.google.android.gms@14367022@14.3.67 (040700-216465562):35)
03-29 04:51:05.436: E/AsyncOperation(2516): 	at java.util.concurrent.ThreadPoolExecutor.runWorker(ThreadPoolExecutor.java:1113)
03-29 04:51:05.436: E/AsyncOperation(2516): 	at java.util.concurrent.ThreadPoolExecutor$Worker.run(ThreadPoolExecutor.java:588)
03-29 04:51:05.436: E/AsyncOperation(2516): 	at qpu.run(:com.google.android.gms@14367022@14.3.67 (040700-216465562))
03-29 04:51:05.436: E/AsyncOperation(2516): 	at java.lang.Thread.run(Thread.java:818)
03-29 04:51:05.459: W/arqq(2306): Empty context buffer. Thus might mean that the context is not synced down.
03-29 04:51:05.459: W/armt(2306): Empty context model while retrieving upload opt-in status!
03-29 04:51:05.461: E/NetworkScheduler(2306): Invalid component specified.
03-29 04:51:05.467: W/GmsApplication(5784): Failed to invoke the SupplierSetterRegistry.
03-29 04:51:05.471: E/NetworkScheduler(2306): Invalid component specified.
03-29 04:51:05.478: I/GCoreUlr(2306): WorldUpdater:com.google.android.gms.auth.GOOGLE_ACCOUNT_CHANGE: Ensuring that reporting is stopped because of reasons: {account#-5#=[InactiveReason{mIdentifier=6, mName='ReportingNotEnabled'}, InactiveReason{mIdentifier=14, mName='HistoryNotEnabled'}]}
03-29 04:51:05.482: W/Conscrypt(2306): Could not set socket write timeout: java.net.SocketException: Socket closed
03-29 04:51:05.482: W/Conscrypt(2306): 	at com.google.android.gms.org.conscrypt.Platform.setSocketWriteTimeout(:com.google.android.gms@14367022@14.3.67 (040700-216465562):2)
03-29 04:51:05.482: W/Conscrypt(2306): 	at com.google.android.gms.org.conscrypt.ConscryptFileDescriptorSocket.setSoWriteTimeout(:com.google.android.gms@14367022@14.3.67 (040700-216465562):2)
03-29 04:51:05.485: E/NetworkScheduler(2306): Invalid component specified.
03-29 04:51:05.497: E/NetworkScheduler(2306): Invalid component specified.
03-29 04:51:05.519: I/MS_RegisterService(2516): Tachyon host: instantmessaging-pa.googleapis.com, Tachyon port: 443
03-29 04:51:05.521: W/Conscrypt(2306): Could not set socket write timeout: java.net.SocketException: Socket closed
03-29 04:51:05.521: W/Conscrypt(2306): 	at com.google.android.gms.org.conscrypt.Platform.setSocketWriteTimeout(:com.google.android.gms@14367022@14.3.67 (040700-216465562):2)
03-29 04:51:05.521: W/Conscrypt(2306): 	at com.google.android.gms.org.conscrypt.ConscryptFileDescriptorSocket.setSoWriteTimeout(:com.google.android.gms@14367022@14.3.67 (040700-216465562):2)
03-29 04:51:05.529: W/SemanticLocation(2516): Personalization not enabled; won't try to improve personalization account.
03-29 04:51:05.530: E/NetworkScheduler(2306): Invalid component specified.
03-29 04:51:05.553: I/PeopleDatabaseHelper(2516): cleanUpNonGplusAccounts done.
03-29 04:51:05.553: I/GCoreUlr(2306): Unbound from all signal providers.
03-29 04:51:05.574: E/NetworkScheduler(2306): Invalid component specified.
03-29 04:51:05.582: I/CheckinRequestProcessor(2516): Gmscore running on device, checkin will use Gmscore context
03-29 04:51:05.582: I/CheckinRequestBuilder(2516): Checkin reason type: 4 attempt count: 1
03-29 04:51:05.584: E/Babel(2746): Invalid server experiment type 4 for BabelExperiment{id='b84806c8', experimentType=0, defaultBoolean=null, defaultLong=null}
03-29 04:51:05.590: E/NetworkScheduler(2306): Invalid component specified.
03-29 04:51:05.606: I/GCoreUlr(2306): Unbound from all signal providers.
03-29 04:51:05.606: I/GCoreUlr(2306): Stopping handler for UlrDispSvcFast
03-29 04:51:05.626: W/com.google.a.a.b.d.a(5520): Application name is not set. Call Builder#setApplicationName.
03-29 04:51:05.642: I/MS_RegisterService(2516): RegisterService intent:Intent { act=com.google.android.gms.matchstick.register_intent_google_account_change cat=[targeted_intent_op_prefix:com.google.android.libraries.matchstick.net.SilentRegisterIntentOperation] cmp=com.google.android.gms/.chimera.GmsIntentOperationService } isPeriodic:false
03-29 04:51:05.647: W/arqq(2306): Empty context buffer. Thus might mean that the context is not synced down.
03-29 04:51:05.647: W/armt(2306): Empty context model while retrieving upload opt-in status!
03-29 04:51:05.652: I/GCoreUlr(2306): DispatchingService ignoring Intent { act=android.net.wifi.WIFI_STATE_CHANGED flg=0x4000010 (has extras) } because ULR inactive
03-29 04:51:05.657: E/Babel_CronetHttpRequestSender(2746): Http error response 
03-29 04:51:05.657: E/Babel_CronetHttpRequestSender(2746): 9%globalbackendError
03-29 04:51:05.657: E/Babel_CronetHttpRequestSender(2746): Backend ErrorBackend Error
03-29 04:51:05.658: W/Babel_CronetHttpRequestSender(2746): Cronet HTTP request failed
03-29 04:51:05.658: W/Babel_CronetHttpRequestSender(2746): org.apache.http.client.HttpResponseException: OK
03-29 04:51:05.658: W/Babel_CronetHttpRequestSender(2746): 	at bwc.b(SourceFile:98)
03-29 04:51:05.658: W/Babel_CronetHttpRequestSender(2746): 	at org.chromium.net.ChromiumUrlRequest.finish(SourceFile:2501)
03-29 04:51:05.671: E/Babel(2746): Invalid server experiment type 4 for BabelExperiment{id='b84806c8', experimentType=0, defaultBoolean=null, defaultLong=null}
03-29 04:51:05.691: D/BluetoothManagerService(1674): Added callback: android.bluetooth.IBluetoothManagerCallback$Stub$Proxy@933272e:true
03-29 04:51:05.694: D/AndroidRuntime(5762): >>>>>> START com.android.internal.os.RuntimeInit uid 0 <<<<<<
03-29 04:51:05.700: D/AndroidRuntime(5762): CheckJNI is OFF
03-29 04:51:05.702: W/SemanticLocation(2516): Personalization not enabled; ignoring AccountChangeBroadcast.
03-29 04:51:05.710: W/SemanticLocation(2516): Personalization not enabled; won't try to improve personalization account.
03-29 04:51:05.716: I/SemanticLocation(2516): Cancel DailyWhamDataUpload
03-29 04:51:05.725: I/SemanticLocation(2516): Cancel ReverseGeoBatch
03-29 04:51:05.730: I/SemanticLocation(2516): Cancel WhamDailyActiveUserReport
03-29 04:51:05.735: V/NativeCrypto(5784): Registering com/google/android/gms/org/conscrypt/NativeCrypto's 287 native methods...
03-29 04:51:05.740: I/GamesSyncAdapter PII_LOG(2516): Starting sync for S37FFK2YM7DQQWXYEWKTQTSGKI-00@cloudtestlabaccounts.com
03-29 04:51:05.740: I/GamesSyncAdapter(2516): Starting sync for 96b8029b
03-29 04:51:05.750: I/art(5784): Rejecting re-init on previously-failed class java.lang.Class<com.google.android.gms.org.conscrypt.Java7ExtendedSSLSession>
03-29 04:51:05.750: I/art(5784): Rejecting re-init on previously-failed class java.lang.Class<com.google.android.gms.org.conscrypt.Java7ExtendedSSLSession>
03-29 04:51:05.751: I/art(5784): Rejecting re-init on previously-failed class java.lang.Class<com.google.android.gms.org.conscrypt.Java8ExtendedSSLSession>
03-29 04:51:05.752: I/art(5784): Rejecting re-init on previously-failed class java.lang.Class<com.google.android.gms.org.conscrypt.Java8ExtendedSSLSession>
03-29 04:51:05.767: D/ICU(5762): No timezone override file found: /data/misc/zoneinfo/current/icu/icu_tzdata.dat
03-29 04:51:05.774: W/arqq(2306): Empty context buffer. Thus might mean that the context is not synced down.
03-29 04:51:05.774: W/armt(2306): Empty context model while retrieving upload opt-in status!
03-29 04:51:05.776: I/ProviderInstaller(5784): Installed default security provider GmsCore_OpenSSL
03-29 04:51:05.776: I/ProviderInstaller(5784): [ 03-29 04:51:05.777  5762: 5762 W/         ]
03-29 04:51:05.776: I/ProviderInstaller(5784): Failed to bind-mount /system/lib/x86/cpuinfo as /proc/cpuinfo: No such file or directory
03-29 04:51:05.788: I/GamesSyncAdapter PII_LOG(2516): Sync duration for S37FFK2YM7DQQWXYEWKTQTSGKI-00@cloudtestlabaccounts.com: 24
03-29 04:51:05.788: I/GamesSyncAdapter(2516): Sync duration for 96b8029b: 24
03-29 04:51:05.791: I/CryptauthV2(2516): [EasyUnlockDatabaseManager] Opening database auth.proximity.permit_store...
03-29 04:51:05.795: E/memtrack(5762): Couldn't load memtrack module (No such file or directory)
03-29 04:51:05.795: E/android.os.Debug(5762): failed to load memtrack module: -2
03-29 04:51:05.796: I/Radio-JNI(5762): register_android_hardware_Radio DONE
03-29 04:51:05.816: D/AndroidRuntime(5762): Calling main entry com.android.commands.pm.Pm
03-29 04:51:05.817: E/Babel_CronetHttpRequestSender(2746): Http error response 
03-29 04:51:05.817: E/Babel_CronetHttpRequestSender(2746): 9%globalbackendError
03-29 04:51:05.817: E/Babel_CronetHttpRequestSender(2746): Backend ErrorBackend Error
03-29 04:51:05.817: W/Babel_CronetHttpRequestSender(2746): Cronet HTTP request failed
03-29 04:51:05.817: W/Babel_CronetHttpRequestSender(2746): org.apache.http.client.HttpResponseException: OK
03-29 04:51:05.817: W/Babel_CronetHttpRequestSender(2746): 	at bwc.b(SourceFile:98)
03-29 04:51:05.817: W/Babel_CronetHttpRequestSender(2746): 	at org.chromium.net.ChromiumUrlRequest.finish(SourceFile:2501)
03-29 04:51:05.820: E/Babel(2746): GetChatAclSettingsOperation failed for Redacted-17
03-29 04:51:05.820: E/Babel(2746): dao: OK -- null
03-29 04:51:05.820: E/Babel(2746): 	at cyr.a(SourceFile:299)
03-29 04:51:05.820: E/Babel(2746): 	at cyr.a(SourceFile:1419)
03-29 04:51:05.820: E/Babel(2746): 	at ctk.a(SourceFile:492)
03-29 04:51:05.820: E/Babel(2746): 	at ctk.a(SourceFile:1468)
03-29 04:51:05.820: E/Babel(2746): 	at cst.a(SourceFile:4416)
03-29 04:51:05.820: E/Babel(2746): 	at cbv.b(SourceFile:106)
03-29 04:51:05.820: E/Babel(2746): 	at cbs.d(SourceFile:335)
03-29 04:51:05.820: E/Babel(2746): 	at cbt.run(SourceFile:81)
03-29 04:51:05.833: I/AccountManagerService(1674): the accounts changed, sending broadcast of android.accounts.LOGIN_ACCOUNTS_CHANGED
03-29 04:51:05.839: I/ActivityManager(1674): Start proc 5864:com.android.defcontainer/u0a6 for service com.android.defcontainer/.DefaultContainerService
03-29 04:51:05.840: V/Backup(2306): [BackupTransportCS] Accounts changed
03-29 04:51:05.840: I/Backup(2306): [GmsBackupAccountManager] Backup account not found in gmscore.
03-29 04:51:05.844: D/Backup(2306): [BackupScheduler] Setting backup scheduler enabled=true due to desired state 1
03-29 04:51:05.844: V/Backup(2306): [BackupTransportCS] no backup now
03-29 04:51:05.847: I/TachyonSyncUtils(2516): removeSyncAccount. Success: true
03-29 04:51:05.859: W/ChimeraUtils(2306): Non Chimera context
03-29 04:51:05.865: D/Volley(5398): [308] DiskBasedCache.clear: Cache cleared.
03-29 04:51:05.865: D/Volley(5398): [315] DiskBasedCache.clear: Cache cleared.
03-29 04:51:05.866: V/Backup(2306): [BackupAccountNotifier] Handling new intent. Show notification: true
03-29 04:51:05.869: D/Finsky(5398): [1] UpdateWidgetsReceiver.onReceive: Updated 0 MarketWidgetProvider widgets (android.accounts.LOGIN_ACCOUNTS_CHANGED)
03-29 04:51:05.869: D/Finsky(5398): [1] UpdateWidgetsReceiver.onReceive: Updated 0 RecommendedWidgetProvider widgets (android.accounts.LOGIN_ACCOUNTS_CHANGED)
03-29 04:51:05.870: D/Finsky(5398): [1] UpdateWidgetsReceiver.onReceive: Updated 0 NowPlayingWidgetProvider widgets (android.accounts.LOGIN_ACCOUNTS_CHANGED)
03-29 04:51:05.876: I/Icing(2516): updateResources: need to parse zjt{com.google.android.gms}
03-29 04:51:05.880: I/UdcContextInitChimeraSe(2516): Scheduling context registration change job.
03-29 04:51:05.900: W/Conscrypt(2306): Could not set socket write timeout: java.net.SocketException: Socket closed
03-29 04:51:05.900: W/Conscrypt(2306): 	at com.google.android.gms.org.conscrypt.Platform.setSocketWriteTimeout(:com.google.android.gms@14367022@14.3.67 (040700-216465562):2)
03-29 04:51:05.900: W/Conscrypt(2306): 	at com.google.android.gms.org.conscrypt.ConscryptFileDescriptorSocket.setSoWriteTimeout(:com.google.android.gms@14367022@14.3.67 (040700-216465562):2)
03-29 04:51:05.908: W/art(2306): Long monitor contention event with owner method=void xxj.a(xxg, xus) from :com.google.android.gms@14367022@14.3.67 (040700-216465562):132 waiters=0 for 173ms
03-29 04:51:05.909: D/SyncManager(1674): handleSyncHandlerMessage: dropping since the sync is no longer active: startTime 422886, mTimeoutStartTime 422886, mHistoryRowId 2, syncOperation S37FFK2YM7DQQWXYEWKTQTSGKI-00@cloudtestlabaccounts.com u0 (com.google), com.google.android.gms.games, SERVER, currentRunTime 422730, reason: AutoSync
03-29 04:51:05.919: E/Babel_CronetHttpRequestSender(2746): Http error response 
03-29 04:51:05.919: E/Babel_CronetHttpRequestSender(2746): 9%globalbackendError
03-29 04:51:05.919: E/Babel_CronetHttpRequestSender(2746): Backend ErrorBackend Error
03-29 04:51:05.920: W/Babel_CronetHttpRequestSender(2746): Cronet HTTP request failed
03-29 04:51:05.920: W/Babel_CronetHttpRequestSender(2746): org.apache.http.client.HttpResponseException: OK
03-29 04:51:05.920: W/Babel_CronetHttpRequestSender(2746): 	at bwc.b(SourceFile:98)
03-29 04:51:05.920: W/Babel_CronetHttpRequestSender(2746): 	at org.chromium.net.ChromiumUrlRequest.finish(SourceFile:2501)
03-29 04:51:05.946: I/Exchange(5427): Accounts changed - requesting FolderSync for unsynced accounts
03-29 04:51:05.962: I/Places(2306): ?: Couldn't find platform key file.
03-29 04:51:05.987: I/Babel(2746): Account registration complete:0-Redacted-54
03-29 04:51:05.997: I/Babel(2746): ProcessRegisterDeviceResponse
03-29 04:51:05.997: I/Babel(2746): Perform warm sync in case there are messages missed before the device is registered for account Redacted-54
03-29 04:51:06.032: W/Conscrypt(2306): Could not set socket write timeout: java.net.SocketException: Socket closed
03-29 04:51:06.033: W/Conscrypt(2306): 	at com.google.android.gms.org.conscrypt.Platform.setSocketWriteTimeout(:com.google.android.gms@14367022@14.3.67 (040700-216465562):2)
03-29 04:51:06.033: W/Conscrypt(2306): 	at com.google.android.gms.org.conscrypt.ConscryptFileDescriptorSocket.setSoWriteTimeout(:com.google.android.gms@14367022@14.3.67 (040700-216465562):2)
03-29 04:51:06.074: E/Babel_CronetHttpRequestSender(2746): Http error response 
03-29 04:51:06.074: E/Babel_CronetHttpRequestSender(2746): 9%globalbackendError
03-29 04:51:06.074: E/Babel_CronetHttpRequestSender(2746): Backend ErrorBackend Error
03-29 04:51:06.074: W/Babel_CronetHttpRequestSender(2746): Cronet HTTP request failed
03-29 04:51:06.074: W/Babel_CronetHttpRequestSender(2746): org.apache.http.client.HttpResponseException: OK
03-29 04:51:06.074: W/Babel_CronetHttpRequestSender(2746): 	at bwc.b(SourceFile:98)
03-29 04:51:06.074: W/Babel_CronetHttpRequestSender(2746): 	at org.chromium.net.ChromiumUrlRequest.finish(SourceFile:2501)
03-29 04:51:06.079: W/ChimeraUtils(2306): Non Chimera context
03-29 04:51:06.098: I/Places(2306): ?: Couldn't find platform key file.
03-29 04:51:06.102: E/Babel(2746): GetChatAclSettingsOperation failed for Redacted-17
03-29 04:51:06.102: E/Babel(2746): dao: OK -- null
03-29 04:51:06.102: E/Babel(2746): 	at cyr.a(SourceFile:299)
03-29 04:51:06.102: E/Babel(2746): 	at cyr.a(SourceFile:1419)
03-29 04:51:06.102: E/Babel(2746): 	at ctk.a(SourceFile:492)
03-29 04:51:06.102: E/Babel(2746): 	at ctk.a(SourceFile:1468)
03-29 04:51:06.102: E/Babel(2746): 	at cst.a(SourceFile:4416)
03-29 04:51:06.102: E/Babel(2746): 	at cbv.b(SourceFile:106)
03-29 04:51:06.102: E/Babel(2746): 	at cbs.d(SourceFile:335)
03-29 04:51:06.102: E/Babel(2746): 	at cbt.run(SourceFile:81)
03-29 04:51:06.115: D/DefContainer(5864): Copying /data/local/tmp/com.avrethem.minimal.apk to base.apk
03-29 04:51:06.124: W/Primes(5784): Primes not initialized, returning default (no-op) Primes instance which will ignore all calls. Please call Primes.initialize(...) before using any Primes API.
03-29 04:51:06.126: D/BluetoothManagerService(1674): Added callback: android.bluetooth.IBluetoothManagerCallback$Stub$Proxy@b8c0355:true
03-29 04:51:06.132: W/Conscrypt(2306): Could not set socket write timeout: java.net.SocketException: Socket closed
03-29 04:51:06.133: W/Conscrypt(2306): 	at com.google.android.gms.org.conscrypt.Platform.setSocketWriteTimeout(:com.google.android.gms@14367022@14.3.67 (040700-216465562):2)
03-29 04:51:06.133: W/Conscrypt(2306): 	at com.google.android.gms.org.conscrypt.ConscryptFileDescriptorSocket.setSoWriteTimeout(:com.google.android.gms@14367022@14.3.67 (040700-216465562):2)
03-29 04:51:06.134: I/art(2306): Background partial concurrent mark sweep GC freed 79581(5MB) AllocSpace objects, 9(176KB) LOS objects, 34% free, 29MB/45MB, paused 1.288ms total 127.604ms
03-29 04:51:06.146: I/GeofencerStateMachine(2306): removeGeofences: removeRequest=RemoveGeofencingRequest[REMOVE_BY_PENDING_INTENT pendingIntent=PendingIntent[creatorPackage=com.google.android.gms], packageName=null]
03-29 04:51:06.148: I/art(2746): Note: end time exceeds epoch: 
03-29 04:51:06.149: I/GeofencerStateMachine(2306): removeGeofences: removeRequest=RemoveGeofencingRequest[REMOVE_BY_PENDING_INTENT pendingIntent=PendingIntent[creatorPackage=com.google.android.gms], packageName=null]
03-29 04:51:06.150: W/WakefulBroadcastReceiv.(2306): No active wake lock id #3
03-29 04:51:06.205: W/CryptauthV2(2516): [ClientDataOperation] No keyMetadata found for keyName=PublicKey
03-29 04:51:06.206: W/CryptauthV2(2516): [ClientDataOperation] No keyMetadata found for keyName=authzen
03-29 04:51:06.206: I/CryptauthV2(2516): [EnrollCryptauthFramework] Performing SyncKeysRequest with 2 keys.
03-29 04:51:06.229: W/GamesServiceBroker(2516): Client connected with SDK 13589000, Services 14367022, and Games 65460070
03-29 04:51:06.244: W/Conscrypt(2306): Could not set socket write timeout: java.net.SocketException: Socket closed
03-29 04:51:06.245: W/Conscrypt(2306): 	at com.google.android.gms.org.conscrypt.Platform.setSocketWriteTimeout(:com.google.android.gms@14367022@14.3.67 (040700-216465562):2)
03-29 04:51:06.245: W/Conscrypt(2306): 	at com.google.android.gms.org.conscrypt.ConscryptFileDescriptorSocket.setSoWriteTimeout(:com.google.android.gms@14367022@14.3.67 (040700-216465562):2)
03-29 04:51:06.270: I/GeofencerStateMachine(2306): removeGeofences: removeRequest=RemoveGeofencingRequest[REMOVE_BY_PENDING_INTENT pendingIntent=PendingIntent[creatorPackage=com.google.android.gms], packageName=null]
03-29 04:51:06.274: E/Volley(2516): [492] BasicNetwork.performRequest: Unexpected response code 429 for https://firebaseperusertopics-pa.googleapis.com/v1/perusertopics/1043999264433/rel/topics?&subscriber_token=cbwztMH3SoY:APA91bE-w5tipUGiZKX1wxGhDG_CvontDSEmcubV4rM_Tv9kKhM-Krn6k8vRX5puCbfJ9-S1h729c81ClRKGfRVwGF6qKo6MCh6HARkOAS8-hLE7BYTTj9QgaRdKFfyImK6YToMxsUCW
03-29 04:51:06.300: I/GeofencerStateMachine(2306): removeGeofences: removeRequest=RemoveGeofencingRequest[REMOVE_BY_PENDING_INTENT pendingIntent=PendingIntent[creatorPackage=com.google.android.gms], packageName=null]
03-29 04:51:06.307: I/ajji(2306): Scheduling Phenotype for a PhenotypeSyncImmediately(5, null) one off with window [1, 2] in seconds [CONTEXT service_id=51 ]
03-29 04:51:06.316: I/Remoter(1334): Saved screenshot to '/data/screenshots/__pmv__-0092.jpg'
03-29 04:51:06.320: I/Places(2306): ?: Couldn't find platform key file.
03-29 04:51:06.324: I/GeofencerStateMachine(2306): removeGeofences: removeRequest=RemoveGeofencingRequest[REMOVE_BY_PENDING_INTENT pendingIntent=PendingIntent[creatorPackage=com.google.android.gms], packageName=null]
03-29 04:51:06.329: I/GeofencerStateMachine(2306): removeGeofences: removeRequest=RemoveGeofencingRequest[REMOVE_BY_PENDING_INTENT pendingIntent=PendingIntent[creatorPackage=com.google.android.gms], packageName=null]
03-29 04:51:06.342: W/arqq(2306): Empty context buffer. Thus might mean that the context is not synced down.
03-29 04:51:06.342: W/armt(2306): Empty context model while retrieving upload opt-in status!
03-29 04:51:06.355: E/NetworkScheduler.ATC(2306): Received callback from client for task that is already complete. ComponentInfo{com.google.android.gms/com.google.android.gms.gcm.gmsproc.GcmInGmsTaskService} groups_upload
03-29 04:51:06.360: D/Finsky(5398): [1] BaseWidgetProvider.onReceive: Received ACTION_APPWIDGET_UPDATE, updating 0 widgets.
03-29 04:51:06.361: D/Finsky(5398): [1] BaseWidgetProvider.onReceive: Received ACTION_APPWIDGET_UPDATE, updating 0 widgets.
03-29 04:51:06.364: D/Finsky(5398): [1] BaseWidgetProvider.onReceive: Received ACTION_APPWIDGET_UPDATE, updating 0 widgets.
03-29 04:51:06.376: I/PmtsSwAccountIntentOp(2516): Processing intent action=android.accounts.LOGIN_ACCOUNTS_CHANGED
03-29 04:51:06.376: I/PmtsSwAccountIntentOp(2516): Device isn't of sufficient API level
03-29 04:51:06.376: W/GLSUser(2306): [DeviceKeyStore] Cannot load key: Device key file not found.
03-29 04:51:06.376: W/GLSUser(2306): [DeviceKeyStore] Cannot load key: Device key file not found.
03-29 04:51:06.380: E/NetworkScheduler(2306): Invalid component specified.
03-29 04:51:06.381: E/Sbuscriber(2516): volleyError com.android.volley.ClientError
03-29 04:51:06.382: I/GeofencerStateMachine(2306): removeGeofences: removeRequest=RemoveGeofencingRequest[REMOVE_BY_PENDING_INTENT pendingIntent=PendingIntent[creatorPackage=com.google.android.gms], packageName=null]
03-29 04:51:06.382: E/AccountsChangedIntentOp(2516): exception while subscribe
03-29 04:51:06.382: E/AccountsChangedIntentOp(2516): java.util.concurrent.ExecutionException: com.android.volley.ClientError
03-29 04:51:06.382: E/AccountsChangedIntentOp(2516): 	at bhom.a(:com.google.android.gms@14367022@14.3.67 (040700-216465562):3)
03-29 04:51:06.382: E/AccountsChangedIntentOp(2516): 	at bhom.get(:com.google.android.gms@14367022@14.3.67 (040700-216465562):18)
03-29 04:51:06.382: E/AccountsChangedIntentOp(2516): 	at bhow.get(:com.google.android.gms@14367022@14.3.67 (040700-216465562))
03-29 04:51:06.382: E/AccountsChangedIntentOp(2516): 	at com.google.android.gms.languageprofile.service.AccountsChangedIntentOperation.onHandleIntent(:com.google.android.gms@14367022@14.3.67 (040700-216465562):2)
03-29 04:51:06.382: E/AccountsChangedIntentOp(2516): 	at com.google.android.chimera.IntentOperation.onHandleIntent(:com.google.android.gms@14367022@14.3.67 (040700-216465562):2)
03-29 04:51:06.382: E/AccountsChangedIntentOp(2516): 	at dne.a(:com.google.android.gms@14367022@14.3.67 (040700-216465562):7)
03-29 04:51:06.382: E/AccountsChangedIntentOp(2516): 	at okc.a(:com.google.android.gms@14367022@14.3.67 (040700-216465562):9)
03-29 04:51:06.382: E/AccountsChangedIntentOp(2516): 	at dnj.run(:com.google.android.gms@14367022@14.3.67 (040700-216465562):11)
03-29 04:51:06.382: E/AccountsChangedIntentOp(2516): 	at dng.run(:com.google.android.gms@14367022@14.3.67 (040700-216465562):9)
03-29 04:51:06.382: E/AccountsChangedIntentOp(2516): 	at java.util.concurrent.ThreadPoolExecutor.runWorker(ThreadPoolExecutor.java:1113)
03-29 04:51:06.382: E/AccountsChangedIntentOp(2516): 	at java.util.concurrent.ThreadPoolExecutor$Worker.run(ThreadPoolExecutor.java:588)
03-29 04:51:06.382: E/AccountsChangedIntentOp(2516): 	at java.lang.Thread.run(Thread.java:818)
03-29 04:51:06.382: E/AccountsChangedIntentOp(2516): Caused by: com.android.volley.ClientError
03-29 04:51:06.382: E/AccountsChangedIntentOp(2516): 	at com.android.volley.toolbox.BasicNetwork.performRequest(:com.google.android.gms@14367022@14.3.67 (040700-216465562):43)
03-29 04:51:06.382: E/AccountsChangedIntentOp(2516): 	at com.android.volley.NetworkDispatcher.a(:com.google.android.gms@14367022@14.3.67 (040700-216465562):6)
03-29 04:51:06.382: E/AccountsChangedIntentOp(2516): 	at com.android.volley.NetworkDispatcher.run(:com.google.android.gms@14367022@14.3.67 (040700-216465562):2)
03-29 04:51:06.383: I/Places(2306): ?: Couldn't find platform key file.
03-29 04:51:06.387: I/GeofencerStateMachine(2306): removeGeofences: removeRequest=RemoveGeofencingRequest[REMOVE_BY_PENDING_INTENT pendingIntent=PendingIntent[creatorPackage=com.google.android.gms], packageName=null]
03-29 04:51:06.392: E/NetworkScheduler(2306): Invalid component specified.
03-29 04:51:06.396: W/GLSUser(2306): [DeviceKeyStore] Cannot load key: Device key file not found.
03-29 04:51:06.396: W/GLSUser(2306): [DeviceKeyStore] Cannot load key: Device key file not found.
03-29 04:51:06.403: I/GeofencerStateMachine(2306): removeGeofences: removeRequest=RemoveGeofencingRequest[REMOVE_BY_PENDING_INTENT pendingIntent=PendingIntent[creatorPackage=com.google.android.gms], packageName=null]
03-29 04:51:06.413: W/GLSUser(2306): [DeviceKeyStore] Cannot load key: Device key file not found.
03-29 04:51:06.413: W/GLSUser(2306): [DeviceKeyStore] Cannot load key: Device key file not found.
03-29 04:51:06.419: I/GeofencerStateMachine(2306): removeGeofences: removeRequest=RemoveGeofencingRequest[REMOVE_BY_PENDING_INTENT pendingIntent=PendingIntent[creatorPackage=com.google.android.gms], packageName=null]
03-29 04:51:06.419: E/NetworkScheduler(2306): Invalid component specified.
03-29 04:51:06.424: I/GeofencerStateMachine(2306): removeGeofences: removeRequest=RemoveGeofencingRequest[REMOVE_BY_PENDING_INTENT pendingIntent=PendingIntent[creatorPackage=com.google.android.gms], packageName=null]
03-29 04:51:06.432: E/NetworkScheduler(2306): Invalid component specified.
