03-29 04:50:40.095: D/ICU(4663): [ 03-29 04:50:40.098  4663: 4663 W/         ]
03-29 04:50:40.095: D/ICU(4663): Failed to bind-mount /system/lib/x86/cpuinfo as /proc/cpuinfo: No such file or directory
03-29 04:50:40.105: E/memtrack(4663): Couldn't load memtrack module (No such file or directory)
03-29 04:50:40.105: E/android.os.Debug(4663): failed to load memtrack module: -2
03-29 04:50:40.105: I/Radio-JNI(4663): register_android_hardware_Radio DONE
03-29 04:50:40.112: D/AndroidRuntime(4663): Calling main entry com.android.commands.pm.Pm
03-29 04:50:40.116: D/DefContainer(4111): Copying /data/local/tmp/android.support.test.services.apk to base.apk
03-29 04:50:40.125: I/PackageManager.DexOptimizer(1674): Running dexopt (dex2oat) on: /data/app/vmdl1479567271.tmp/base.apk pkg=android.support.test.services isa=x86 vmSafeMode=false debuggable=false oatDir = /data/app/vmdl1479567271.tmp/oat bootComplete=true
03-29 04:50:40.133: I/dex2oat(4671): Starting dex2oat.
03-29 04:50:40.134: E/cutils-trace(4671): Error opening trace file: Permission denied (13)
03-29 04:50:40.201: I/dex2oat(4671): dex2oat took 68.037ms (threads: 2) arena alloc=190KB java alloc=220KB native alloc=1689KB free=1126KB
03-29 04:50:40.227: V/BackupManagerService(1674): restoreAtInstall pkg=android.support.test.services token=8 restoreSet=0
03-29 04:50:40.227: V/BackupManagerService(1674): Finishing install immediately
03-29 04:50:40.230: W/Settings(1674): Setting install_non_market_apps has moved from android.provider.Settings.Global to android.provider.Settings.Secure, returning read-only value.
03-29 04:50:40.230: I/art(1674): Starting a blocking GC Explicit
03-29 04:50:40.248: I/art(1674): Explicit concurrent mark sweep GC freed 39462(2MB) AllocSpace objects, 7(140KB) LOS objects, 33% free, 28MB/42MB, paused 283us total 17.665ms
03-29 04:50:40.252: D/BluetoothMapAppObserver(2589): onReceive
03-29 04:50:40.252: D/BluetoothMapAppObserver(2589): The installed package is: android.support.test.services
03-29 04:50:40.253: D/BluetoothMapAppObserver(2589): Found 0 application(s) with intent android.bluetooth.action.BLUETOOTH_MAP_PROVIDER
03-29 04:50:40.253: D/CarrierServiceBindHelper(2063): Receive action: android.intent.action.PACKAGE_ADDED
03-29 04:50:40.253: I/art(4663): System.exit called, status: 0
03-29 04:50:40.253: I/AndroidRuntime(4663): VM exiting with result code 0.
03-29 04:50:40.257: I/InputReader(1674): Reconfiguring input devices.  changes=0x00000010
03-29 04:50:40.260: D/BluetoothMapAppObserver(2589): Found 0 application(s) with intent android.bluetooth.action.BLUETOOTH_MAP_IM_PROVIDER
03-29 04:50:40.261: D/CarrierServiceBindHelper(2063): mHandler: 3
03-29 04:50:40.261: D/CarrierConfigLoader(2063): mHandler: 9 phoneId: 0
03-29 04:50:40.271: D/Finsky(3056): [1] ExternalReferrer.access$200: Package state data is missing for android.support.test.services
03-29 04:50:40.277: I/UpdateIcingCorporaServi(3766): Updating corpora: APPS=android.support.test.services, CONTACTS=MAYBE
03-29 04:50:40.295: I/UpdateIcingCorporaServi(3766): UpdateCorporaTask done [took 18 ms] updated apps [took 18 ms] 
03-29 04:50:40.310: I/ChromeSync(2516): [Sync,SyncIntentOperation] Handling the intent: Intent { act=android.intent.action.PACKAGE_ADDED dat=package:android.support.test.services flg=0x4000010 cmp=com.google.android.gms/.chimera.GmsIntentOperationService (has extras) }.
03-29 04:50:40.310: I/Auth(2516): [SupervisedAccountIntentOperation] onHandleIntent(): android.intent.action.PACKAGE_ADDED
03-29 04:50:40.310: I/Auth(2516): [SupervisedAccountIntentOperation] This operation is disabled
03-29 04:50:40.311: I/FontsPackageChangeOp(2516): Package android.support.test.services has no metadata
03-29 04:50:40.312: I/ChromeSync(2516): [Persistence,AffiliationManager] No affiliation data for android://N50vJU0zrJ8WOzDt6r3GDtfqrkROFOSiqHcmppwn3vxaRC4hFpNn4UsL7XlvjtlfcWuDAQhmck0qjQPwsrpMNg==@android.support.test.services/. Marking affiliation data as stale...
03-29 04:50:40.313: I/ChromeSync(2516): [Persistence,AffiliationManager] Fetching affiliations from the server.
03-29 04:50:40.320: I/PeopleContactsSync(2516): triggerPendingContactsCleanup: no accounts
03-29 04:50:40.326: I/Icing(2516): IndexChimeraService.getServiceInterface callingPackage=com.google.android.gms componentName=AppsCorpus serviceId=32
03-29 04:50:40.326: I/Icing(2516): IndexChimeraService.getServiceInterface callingPackage=com.google.android.gms componentName=AppsCorpus serviceId=36
03-29 04:50:40.334: I/Icing(2516): Usage reports ok 0, Failed Usage reports 0, indexed 0, rejected 0, imm upload false
03-29 04:50:40.337: I/Icing(2516): Usage reports ok 0, Failed Usage reports 0, indexed 0, rejected 0, imm upload false
03-29 04:50:40.589: I/Icing(2516): Indexing com.google.android.gms-apps from com.google.android.gms
03-29 04:50:40.589: I/Icing(2516): Indexing done com.google.android.gms-apps
03-29 04:50:40.821: D/AndroidRuntime(4701): >>>>>> START com.android.internal.os.RuntimeInit uid 0 <<<<<<
03-29 04:50:40.822: D/AndroidRuntime(4701): CheckJNI is OFF
03-29 04:50:40.835: D/ICU(4701): No timezone override file found: /data/misc/zoneinfo/current/icu/icu_tzdata.dat
03-29 04:50:40.835: D/ICU(4701): [ 03-29 04:50:40.839  4701: 4701 W/         ]
03-29 04:50:40.835: D/ICU(4701): Failed to bind-mount /system/lib/x86/cpuinfo as /proc/cpuinfo: No such file or directory
03-29 04:50:40.845: E/memtrack(4701): Couldn't load memtrack module (No such file or directory)
03-29 04:50:40.845: E/android.os.Debug(4701): failed to load memtrack module: -2
03-29 04:50:40.846: I/Radio-JNI(4701): register_android_hardware_Radio DONE
03-29 04:50:40.853: D/AndroidRuntime(4701): Calling main entry com.android.commands.pm.Pm
03-29 04:50:40.856: D/DefContainer(4111): Copying /data/local/tmp/androidx.test.services.apk to base.apk
03-29 04:50:40.866: I/PackageManager.DexOptimizer(1674): Running dexopt (dex2oat) on: /data/app/vmdl573270547.tmp/base.apk pkg=androidx.test.services isa=x86 vmSafeMode=false debuggable=true oatDir = /data/app/vmdl573270547.tmp/oat bootComplete=true
03-29 04:50:40.874: I/dex2oat(4709): /system/bin/dex2oat --debuggable
03-29 04:50:40.874: E/cutils-trace(4709): Error opening trace file: Permission denied (13)
03-29 04:50:40.925: I/dex2oat(4709): dex2oat took 51.648ms (threads: 2) arena alloc=163KB java alloc=222KB native alloc=1734KB free=1593KB
03-29 04:50:40.950: V/BackupManagerService(1674): restoreAtInstall pkg=androidx.test.services token=9 restoreSet=0
03-29 04:50:40.950: V/BackupManagerService(1674): Finishing install immediately
03-29 04:50:40.953: W/Settings(1674): Setting install_non_market_apps has moved from android.provider.Settings.Global to android.provider.Settings.Secure, returning read-only value.
03-29 04:50:40.953: I/art(1674): Starting a blocking GC Explicit
03-29 04:50:40.971: I/art(1674): Explicit concurrent mark sweep GC freed 38965(2MB) AllocSpace objects, 7(140KB) LOS objects, 33% free, 28MB/42MB, paused 274us total 16.938ms
03-29 04:50:40.976: I/InputReader(1674): Reconfiguring input devices.  changes=0x00000010
03-29 04:50:40.976: D/CarrierServiceBindHelper(2063): Receive action: android.intent.action.PACKAGE_ADDED
03-29 04:50:40.977: D/BluetoothMapAppObserver(2589): onReceive
03-29 04:50:40.977: D/BluetoothMapAppObserver(2589): The installed package is: androidx.test.services
03-29 04:50:40.979: D/BluetoothMapAppObserver(2589): Found 0 application(s) with intent android.bluetooth.action.BLUETOOTH_MAP_PROVIDER
03-29 04:50:40.980: D/CarrierServiceBindHelper(2063): mHandler: 3
03-29 04:50:40.980: D/CarrierConfigLoader(2063): mHandler: 9 phoneId: 0
03-29 04:50:40.980: D/BluetoothMapAppObserver(2589): Found 0 application(s) with intent android.bluetooth.action.BLUETOOTH_MAP_IM_PROVIDER
03-29 04:50:40.980: I/art(4701): System.exit called, status: 0
03-29 04:50:40.980: I/AndroidRuntime(4701): VM exiting with result code 0.
03-29 04:50:40.986: D/Finsky(3056): [1] ExternalReferrer.access$200: Package state data is missing for androidx.test.services
03-29 04:50:40.992: I/UpdateIcingCorporaServi(3766): Updating corpora: APPS=androidx.test.services, CONTACTS=MAYBE
03-29 04:50:41.017: I/UpdateIcingCorporaServi(3766): UpdateCorporaTask done [took 24 ms] updated apps [took 24 ms] 
03-29 04:50:41.038: I/Auth(2516): [SupervisedAccountIntentOperation] onHandleIntent(): android.intent.action.PACKAGE_ADDED
03-29 04:50:41.038: I/Auth(2516): [SupervisedAccountIntentOperation] This operation is disabled
03-29 04:50:41.038: I/ChromeSync(2516): [Sync,SyncIntentOperation] Handling the intent: Intent { act=android.intent.action.PACKAGE_ADDED dat=package:androidx.test.services flg=0x4000010 cmp=com.google.android.gms/.chimera.GmsIntentOperationService (has extras) }.
03-29 04:50:41.039: I/FontsPackageChangeOp(2516): Package androidx.test.services has no metadata
03-29 04:50:41.039: I/ChromeSync(2516): [Persistence,AffiliationManager] No affiliation data for android://N50vJU0zrJ8WOzDt6r3GDtfqrkROFOSiqHcmppwn3vxaRC4hFpNn4UsL7XlvjtlfcWuDAQhmck0qjQPwsrpMNg==@androidx.test.services/. Marking affiliation data as stale...
03-29 04:50:41.046: I/Icing(2516): IndexChimeraService.getServiceInterface callingPackage=com.google.android.gms componentName=AppsCorpus serviceId=32
03-29 04:50:41.046: I/Icing(2516): IndexChimeraService.getServiceInterface callingPackage=com.google.android.gms componentName=AppsCorpus serviceId=36
03-29 04:50:41.047: I/ChromeSync(2516): [Persistence,AffiliationManager] Fetching affiliations from the server.
03-29 04:50:41.057: I/PeopleContactsSync(2516): triggerPendingContactsCleanup: no accounts
03-29 04:50:41.082: I/Icing(2516): Usage reports ok 0, Failed Usage reports 0, indexed 0, rejected 0, imm upload false
03-29 04:50:41.088: I/Icing(2516): Usage reports ok 0, Failed Usage reports 0, indexed 0, rejected 0, imm upload false
03-29 04:50:41.144: I/Remoter(1334): Saved screenshot to '/data/screenshots/__pmv__-0074.jpg'
03-29 04:50:41.339: I/Icing(2516): Indexing com.google.android.gms-apps from com.google.android.gms
03-29 04:50:41.340: I/Icing(2516): Indexing done com.google.android.gms-apps
03-29 04:50:41.469: I/GceMetadataClient(3159): Received updated metadata.
03-29 04:50:41.509: D/AndroidRuntime(4739): >>>>>> START com.android.internal.os.RuntimeInit uid 0 <<<<<<
03-29 04:50:41.510: D/AndroidRuntime(4739): CheckJNI is OFF
03-29 04:50:41.523: D/ICU(4739): No timezone override file found: /data/misc/zoneinfo/current/icu/icu_tzdata.dat
03-29 04:50:41.523: D/ICU(4739): [ 03-29 04:50:41.527  4739: 4739 W/         ]
03-29 04:50:41.523: D/ICU(4739): Failed to bind-mount /system/lib/x86/cpuinfo as /proc/cpuinfo: No such file or directory
03-29 04:50:41.534: E/memtrack(4739): Couldn't load memtrack module (No such file or directory)
03-29 04:50:41.534: E/android.os.Debug(4739): failed to load memtrack module: -2
03-29 04:50:41.534: I/Radio-JNI(4739): register_android_hardware_Radio DONE
03-29 04:50:41.541: D/AndroidRuntime(4739): Calling main entry com.android.commands.pm.Pm
03-29 04:50:41.544: D/DefContainer(4111): Copying /data/local/tmp/com.google.android.apps.mtaas.stubapp.apk to base.apk
03-29 04:50:41.546: I/PackageParser(1674): com.google.android.apps.mtaas.stubapp: compat added android.permission.WRITE_EXTERNAL_STORAGE android.permission.READ_PHONE_STATE
03-29 04:50:41.551: I/PackageManager.DexOptimizer(1674): Running dexopt (dex2oat) on: /data/app/vmdl1702419610.tmp/base.apk pkg=com.google.android.apps.mtaas.stubapp isa=x86 vmSafeMode=false debuggable=false oatDir = /data/app/vmdl1702419610.tmp/oat bootComplete=true
03-29 04:50:41.559: I/dex2oat(4747): Starting dex2oat.
03-29 04:50:41.559: E/cutils-trace(4747): Error opening trace file: Permission denied (13)
03-29 04:50:41.563: I/dex2oat(4747): dex2oat took 4.469ms (threads: 2) arena alloc=6KB java alloc=16KB native alloc=795KB free=740KB
03-29 04:50:41.588: V/BackupManagerService(1674): restoreAtInstall pkg=com.google.android.apps.mtaas.stubapp token=a restoreSet=0
03-29 04:50:41.588: V/BackupManagerService(1674): Finishing install immediately
03-29 04:50:41.591: W/Settings(1674): Setting install_non_market_apps has moved from android.provider.Settings.Global to android.provider.Settings.Secure, returning read-only value.
03-29 04:50:41.591: I/art(1674): Starting a blocking GC Explicit
03-29 04:50:41.607: I/art(1674): Explicit concurrent mark sweep GC freed 39038(2MB) AllocSpace objects, 7(140KB) LOS objects, 33% free, 28MB/42MB, paused 238us total 16.821ms
03-29 04:50:41.610: D/CarrierServiceBindHelper(2063): Receive action: android.intent.action.PACKAGE_ADDED
03-29 04:50:41.610: D/BluetoothMapAppObserver(2589): onReceive
03-29 04:50:41.610: D/BluetoothMapAppObserver(2589): The installed package is: com.google.android.apps.mtaas.stubapp
03-29 04:50:41.611: I/art(4739): System.exit called, status: 0
03-29 04:50:41.611: I/AndroidRuntime(4739): VM exiting with result code 0.
03-29 04:50:41.613: D/CarrierServiceBindHelper(2063): mHandler: 3
03-29 04:50:41.613: D/CarrierConfigLoader(2063): mHandler: 9 phoneId: 0
03-29 04:50:41.615: D/BluetoothMapAppObserver(2589): Found 0 application(s) with intent android.bluetooth.action.BLUETOOTH_MAP_PROVIDER
03-29 04:50:41.615: D/BluetoothMapAppObserver(2589): Found 0 application(s) with intent android.bluetooth.action.BLUETOOTH_MAP_IM_PROVIDER
03-29 04:50:41.616: I/InputReader(1674): Reconfiguring input devices.  changes=0x00000010
03-29 04:50:41.624: D/Finsky(3056): [1] ExternalReferrer.access$200: Package state data is missing for com.google.android.apps.mtaas.stubapp
03-29 04:50:41.630: I/UpdateIcingCorporaServi(3766): Updating corpora: APPS=com.google.android.apps.mtaas.stubapp, CONTACTS=MAYBE
03-29 04:50:41.637: I/UpdateIcingCorporaServi(3766): UpdateCorporaTask done [took 7 ms] updated apps [took 7 ms] 
03-29 04:50:41.655: I/Auth(2516): [SupervisedAccountIntentOperation] onHandleIntent(): android.intent.action.PACKAGE_ADDED
03-29 04:50:41.655: I/Auth(2516): [SupervisedAccountIntentOperation] This operation is disabled
03-29 04:50:41.655: I/ChromeSync(2516): [Sync,SyncIntentOperation] Handling the intent: Intent { act=android.intent.action.PACKAGE_ADDED dat=package:com.google.android.apps.mtaas.stubapp flg=0x4000010 cmp=com.google.android.gms/.chimera.GmsIntentOperationService (has extras) }.
03-29 04:50:41.656: I/FontsPackageChangeOp(2516): Package com.google.android.apps.mtaas.stubapp has no metadata
03-29 04:50:41.657: I/ChromeSync(2516): [Persistence,AffiliationManager] No affiliation data for android://N50vJU0zrJ8WOzDt6r3GDtfqrkROFOSiqHcmppwn3vxaRC4hFpNn4UsL7XlvjtlfcWuDAQhmck0qjQPwsrpMNg==@com.google.android.apps.mtaas.stubapp/. Marking affiliation data as stale...
03-29 04:50:41.661: I/Icing(2516): IndexChimeraService.getServiceInterface callingPackage=com.google.android.gms componentName=AppsCorpus serviceId=36
03-29 04:50:41.661: I/Icing(2516): IndexChimeraService.getServiceInterface callingPackage=com.google.android.gms componentName=AppsCorpus serviceId=32
03-29 04:50:41.661: I/PeopleContactsSync(2516): triggerPendingContactsCleanup: no accounts
03-29 04:50:41.666: I/ChromeSync(2516): [Persistence,AffiliationManager] Fetching affiliations from the server.
03-29 04:50:41.679: I/Icing(2516): Usage reports ok 0, Failed Usage reports 0, indexed 0, rejected 0, imm upload false
03-29 04:50:41.683: I/Icing(2516): Usage reports ok 0, Failed Usage reports 0, indexed 0, rejected 0, imm upload false
03-29 04:50:42.097: I/Icing(2516): Indexing com.google.android.gms-apps from com.google.android.gms
03-29 04:50:42.097: I/Icing(2516): Indexing done com.google.android.gms-apps
03-29 04:50:42.213: D/AndroidRuntime(4777): >>>>>> START com.android.internal.os.RuntimeInit uid 0 <<<<<<
03-29 04:50:42.215: D/AndroidRuntime(4777): CheckJNI is OFF
03-29 04:50:42.230: D/ICU(4777): No timezone override file found: /data/misc/zoneinfo/current/icu/icu_tzdata.dat
03-29 04:50:42.230: D/ICU(4777): [ 03-29 04:50:42.235  4777: 4777 W/         ]
03-29 04:50:42.230: D/ICU(4777): Failed to bind-mount /system/lib/x86/cpuinfo as /proc/cpuinfo: No such file or directory
03-29 04:50:42.243: E/memtrack(4777): Couldn't load memtrack module (No such file or directory)
03-29 04:50:42.243: E/android.os.Debug(4777): failed to load memtrack module: -2
03-29 04:50:42.244: I/Radio-JNI(4777): register_android_hardware_Radio DONE
03-29 04:50:42.254: D/AndroidRuntime(4777): Calling main entry com.android.commands.pm.Pm
03-29 04:50:42.259: D/DefContainer(4111): Copying /data/local/tmp/androidx.test.tools.crawler.stubapp.apk to base.apk
03-29 04:50:42.261: I/PackageParser(1674): androidx.test.tools.crawler.stubapp: compat added android.permission.WRITE_EXTERNAL_STORAGE android.permission.READ_PHONE_STATE
03-29 04:50:42.268: I/PackageManager.DexOptimizer(1674): Running dexopt (dex2oat) on: /data/app/vmdl1163660599.tmp/base.apk pkg=androidx.test.tools.crawler.stubapp isa=x86 vmSafeMode=false debuggable=false oatDir = /data/app/vmdl1163660599.tmp/oat bootComplete=true
03-29 04:50:42.279: I/dex2oat(4785): Starting dex2oat.
03-29 04:50:42.279: E/cutils-trace(4785): Error opening trace file: Permission denied (13)
03-29 04:50:42.281: I/Remoter(1334): Saved screenshot to '/data/screenshots/__pmv__-0075.jpg'
03-29 04:50:42.285: I/dex2oat(4785): dex2oat took 5.650ms (threads: 2) arena alloc=6KB java alloc=16KB native alloc=795KB free=740KB
03-29 04:50:42.309: V/BackupManagerService(1674): restoreAtInstall pkg=androidx.test.tools.crawler.stubapp token=b restoreSet=0
03-29 04:50:42.309: V/BackupManagerService(1674): Finishing install immediately
03-29 04:50:42.312: W/Settings(1674): Setting install_non_market_apps has moved from android.provider.Settings.Global to android.provider.Settings.Secure, returning read-only value.
03-29 04:50:42.312: I/art(1674): Starting a blocking GC Explicit
03-29 04:50:42.333: I/art(1674): Explicit concurrent mark sweep GC freed 38446(2MB) AllocSpace objects, 7(140KB) LOS objects, 33% free, 28MB/42MB, paused 353us total 18.557ms
03-29 04:50:42.339: D/CarrierServiceBindHelper(2063): Receive action: android.intent.action.PACKAGE_ADDED
03-29 04:50:42.339: D/BluetoothMapAppObserver(2589): onReceive
03-29 04:50:42.339: D/BluetoothMapAppObserver(2589): The installed package is: androidx.test.tools.crawler.stubapp
03-29 04:50:42.339: D/BluetoothMapAppObserver(2589): Found 0 application(s) with intent android.bluetooth.action.BLUETOOTH_MAP_PROVIDER
03-29 04:50:42.339: D/BluetoothMapAppObserver(2589): Found 0 application(s) with intent android.bluetooth.action.BLUETOOTH_MAP_IM_PROVIDER
03-29 04:50:42.339: D/CarrierServiceBindHelper(2063): mHandler: 3
03-29 04:50:42.339: D/CarrierConfigLoader(2063): mHandler: 9 phoneId: 0
03-29 04:50:42.340: I/InputReader(1674): Reconfiguring input devices.  changes=0x00000010
03-29 04:50:42.341: I/art(4777): System.exit called, status: 0
03-29 04:50:42.341: I/AndroidRuntime(4777): VM exiting with result code 0.
03-29 04:50:42.353: D/Finsky(3056): [1] ExternalReferrer.access$200: Package state data is missing for androidx.test.tools.crawler.stubapp
03-29 04:50:42.357: I/UpdateIcingCorporaServi(3766): Updating corpora: APPS=androidx.test.tools.crawler.stubapp, CONTACTS=MAYBE
03-29 04:50:42.364: I/UpdateIcingCorporaServi(3766): UpdateCorporaTask done [took 7 ms] updated apps [took 7 ms] 
03-29 04:50:42.379: I/Auth(2516): [SupervisedAccountIntentOperation] onHandleIntent(): android.intent.action.PACKAGE_ADDED
03-29 04:50:42.379: I/Auth(2516): [SupervisedAccountIntentOperation] This operation is disabled
03-29 04:50:42.379: I/ChromeSync(2516): [Sync,SyncIntentOperation] Handling the intent: Intent { act=android.intent.action.PACKAGE_ADDED dat=package:androidx.test.tools.crawler.stubapp flg=0x4000010 cmp=com.google.android.gms/.chimera.GmsIntentOperationService (has extras) }.
03-29 04:50:42.379: I/FontsPackageChangeOp(2516): Package androidx.test.tools.crawler.stubapp has no metadata
03-29 04:50:42.380: I/ChromeSync(2516): [Persistence,AffiliationManager] No affiliation data for android://N50vJU0zrJ8WOzDt6r3GDtfqrkROFOSiqHcmppwn3vxaRC4hFpNn4UsL7XlvjtlfcWuDAQhmck0qjQPwsrpMNg==@androidx.test.tools.crawler.stubapp/. Marking affiliation data as stale...
03-29 04:50:42.381: I/ChromeSync(2516): [Persistence,AffiliationManager] Fetching affiliations from the server.
03-29 04:50:42.389: I/PeopleContactsSync(2516): triggerPendingContactsCleanup: no accounts
03-29 04:50:42.390: I/Icing(2516): IndexChimeraService.getServiceInterface callingPackage=com.google.android.gms componentName=AppsCorpus serviceId=36
03-29 04:50:42.394: I/Icing(2516): IndexChimeraService.getServiceInterface callingPackage=com.google.android.gms componentName=AppsCorpus serviceId=32
03-29 04:50:42.404: I/Icing(2516): Usage reports ok 0, Failed Usage reports 0, indexed 0, rejected 0, imm upload false
03-29 04:50:42.412: I/Icing(2516): Usage reports ok 0, Failed Usage reports 0, indexed 0, rejected 0, imm upload false
03-29 04:50:42.571: D/AndroidRuntime(4800): >>>>>> START com.android.internal.os.RuntimeInit uid 0 <<<<<<
03-29 04:50:42.572: D/AndroidRuntime(4800): CheckJNI is OFF
03-29 04:50:42.584: D/ICU(4800): No timezone override file found: /data/misc/zoneinfo/current/icu/icu_tzdata.dat
03-29 04:50:42.584: D/ICU(4800): [ 03-29 04:50:42.588  4800: 4800 W/         ]
03-29 04:50:42.584: D/ICU(4800): Failed to bind-mount /system/lib/x86/cpuinfo as /proc/cpuinfo: No such file or directory
03-29 04:50:42.594: E/memtrack(4800): Couldn't load memtrack module (No such file or directory)
03-29 04:50:42.594: E/android.os.Debug(4800): failed to load memtrack module: -2
03-29 04:50:42.595: I/Radio-JNI(4800): register_android_hardware_Radio DONE
03-29 04:50:42.602: D/AndroidRuntime(4800): Calling main entry com.android.commands.input.Input
03-29 04:50:42.602: I/Input(4800): injectKeyEvent: KeyEvent { action=ACTION_DOWN, keyCode=KEYCODE_MENU, scanCode=0, metaState=0, flags=0x0, repeatCount=0, eventTime=400353, downTime=400353, deviceId=-1, source=0x101 }
03-29 04:50:42.604: I/Input(4800): injectKeyEvent: KeyEvent { action=ACTION_UP, keyCode=KEYCODE_MENU, scanCode=0, metaState=0, flags=0x0, repeatCount=0, eventTime=400353, downTime=400353, deviceId=-1, source=0x101 }
03-29 04:50:42.607: D/AndroidRuntime(4800): Shutting down VM
03-29 04:50:42.641: W/AudioTrack(1798): AUDIO_OUTPUT_FLAG_FAST denied by client; transfer 4, track 44100 Hz, output 48000 Hz
03-29 04:50:42.651: D/PhoneStatusBar(1798): disable: < expand icons* alerts system_info* back HOME RECENT clock SEARCH quick_settings >
03-29 04:50:42.690: I/ActivityManager(1674): Start proc 4812:com.google.android.apps.fitness/u0a40 for broadcast com.google.android.apps.fitness/.widget.TodayStatusWidgetProvider
03-29 04:50:42.704: D/AudioFlinger(1345): mixer(0xb47c0000) throttle end: throttle time(11)
03-29 04:50:42.717: I/Icing(2516): Indexing com.google.android.gms-apps from com.google.android.gms
03-29 04:50:42.717: I/Icing(2516): Indexing done com.google.android.gms-apps
03-29 04:50:42.768: D/PhoneStatusBar(1798): disable: < expand icons alerts system_info back HOME RECENT clock SEARCH quick_settings >
03-29 04:50:42.872: W/System(4812): ClassLoader referenced unknown path: /system/app/FitnessPrebuilt/lib/x86
03-29 04:50:42.959: I/ActivityManager(1674): Killing 3680:com.google.android.apps.photos/u0a64 (adj 15): empty #17
03-29 04:50:43.021: D/ActivityManager(1674): cleanUpApplicationRecord -- 3680
03-29 04:50:43.121: W/MDM(2516): [327] adiz.c: enableNfc
03-29 04:50:43.124: W/MDM(2516): [327] adiz.c: EnableNfc flag is true
03-29 04:50:43.124: V/NFC(2516): this device does not have NFC support
03-29 04:50:43.168: I/CastDatabase(2516): Opening the database
03-29 04:50:43.224: I/SQLiteCastDBHelper(2516): Creating cast database
03-29 04:50:43.231: I/SQLiteCastStore(2516): 0 CastNetworkInfo instances loaded, 0 CastDeviceInfo instances loaded, 0 paired guest mode devices loaded.
03-29 04:50:43.241: W/art(1674): Long monitor contention event with owner method=void com.android.server.wm.WindowAnimator$1.doFrame(long) from WindowAnimator.java:121 waiters=1 for 342ms
03-29 04:50:43.299: I/CastSocket(2516): 23 >= 18. Adding new CastClientAuthKeyManager.
03-29 04:50:43.330: I/DiscoveryManager(2516): WifiGuestModeDeviceScanner enabled.
03-29 04:50:43.371: I/MediaRouter(2516): Found default route: MediaRouter.RouteInfo{ uniqueId=android/ags:DEFAULT_ROUTE, name=Phone, description=null, iconUri=null, enabled=true, connecting=false, connectionState=0, canDisconnect=false, playbackType=0, playbackStream=3, deviceType=0, volumeHandling=1, volume=11, volumeMax=15, presentationDisplayId=-1, extras=null, settingsIntent=null, providerPackageName=android }
03-29 04:50:43.371: I/MediaRouter(2516): Unselecting the current route because it is no longer selectable: null
03-29 04:50:43.450: W/art(1674): Long monitor contention event with owner method=void com.android.server.wm.WindowAnimator$1.doFrame(long) from WindowAnimator.java:121 waiters=1 for 366ms
03-29 04:50:43.482: I/Icing(2516): Indexing com.google.android.gms-apps from com.google.android.gms
03-29 04:50:43.483: I/Icing(2516): Indexing done com.google.android.gms-apps
03-29 04:50:43.597: W/art(1674): Long monitor contention event with owner method=void com.android.server.wm.WindowAnimator$1.doFrame(long) from WindowAnimator.java:121 waiters=1 for 355ms
03-29 04:50:43.749: I/Choreographer(2099): Skipped 58 frames!  The application may be doing too much work on its main thread.
03-29 04:50:43.733: I/Binder_1(1674): type=1400 audit(0.0:156): avc: denied { ioctl } for path="socket:[32788]" dev="sockfs" ino=32788 ioctlcmd=7704 scontext=u:r:system_server:s0 tcontext=u:r:system_server:s0 tclass=unix_stream_socket permissive=1
03-29 04:50:43.768: I/Keyboard.Facilitator(2047): onFinishInput()
03-29 04:50:43.984: I/GceGrallocRegionRegistry(1339): Mapped gralloc-1339.22 hnd=0xb6b142c0 fd=15 base=0xafac7000 format=RGBA_8888(0x1) width=1440 height=168
03-29 04:50:43.984: I/GceGrallocRegionRegistry(1339): Mapped gralloc-1339.23 hnd=0xb2b52100 fd=25 base=0xaf9ce000 format=RGBA_8888(0x1) width=1440 height=168
03-29 04:50:43.984: I/GceGrallocRegionRegistry(1339): Mapped gralloc-1339.24 hnd=0xb6b140c0 fd=26 base=0xaf8d5000 format=RGBA_8888(0x1) width=1440 height=168
03-29 04:50:43.985: D/PhoneStatusBar(1798): disable: < expand icons alerts system_info back home* recent* clock search* quick_settings >
03-29 04:50:43.985: I/Choreographer(1798): Skipped 72 frames!  The application may be doing too much work on its main thread.
03-29 04:50:44.009: I/GceGrallocRegionRegistry(1798): Mapped gralloc-1339.24 hnd=0x9b58e240 fd=53 base=0x9b1c0000 format=RGBA_8888(0x1) width=1440 height=168
03-29 04:50:44.190: I/GceGrallocRegionRegistry(1798): Unmapped gralloc-1339.19 hnd=0x9dd7f3c0 fd=48 base=0x96aee000
03-29 04:50:44.190: I/GceGrallocRegionRegistry(1798): Unmapped gralloc-1339.20 hnd=0x999bda80 fd=49 base=0x95cdc000
03-29 04:50:44.190: I/GceGrallocRegionRegistry(1798): Unmapped gralloc-1339.21 hnd=0x9aed45c0 fd=50 base=0x94eca000
03-29 04:50:44.192: I/GceGrallocRegionRegistry(1339): Unmapped gralloc-1339.19 hnd=0xb2a83080 fd=16 base=0xa8470000
03-29 04:50:44.212: I/GceGrallocRegionRegistry(1339): Unmapped gralloc-1339.20 hnd=0xb2a83480 fd=23 base=0xace6f000
03-29 04:50:44.222: I/GceGrallocRegionRegistry(1339): Mapped gralloc-1339.25 hnd=0xb2b64240 fd=16 base=0xaf74d000 format=RGBA_8888(0x1) width=1440 height=84
03-29 04:50:44.222: I/GceGrallocRegionRegistry(1798): Mapped gralloc-1339.25 hnd=0x99983c40 fd=49 base=0x9b837000 format=RGBA_8888(0x1) width=1440 height=84
03-29 04:50:44.233: I/GceGrallocRegionRegistry(1339): Mapped gralloc-1339.26 hnd=0xb2a83480 fd=23 base=0xaf6c4000 format=RGBA_8888(0x1) width=1440 height=84
03-29 04:50:44.233: I/GceGrallocRegionRegistry(1798): Mapped gralloc-1339.26 hnd=0x9b8ddb80 fd=50 base=0x9b137000 format=RGBA_8888(0x1) width=1440 height=84
03-29 04:50:44.254: I/hwcomposer(1339): Sent 3617 syncs in 60s
03-29 04:50:44.291: I/GceGrallocRegionRegistry(1798): Mapped gralloc-1339.23 hnd=0x999bd940 fd=52 base=0x9ad87000 format=RGBA_8888(0x1) width=1440 height=168
03-29 04:50:44.311: I/GceGrallocRegionRegistry(1798): Mapped gralloc-1339.22 hnd=0x999bda80 fd=55 base=0x9ac47000 format=RGBA_8888(0x1) width=1440 height=168
03-29 04:50:43.733: I/Binder_1(1674): type=1400 audit(0.0:157): avc: denied { ioctl } for path="socket:[32788]" dev="sockfs" ino=32788 ioctlcmd=7704 scontext=u:r:system_server:s0 tcontext=u:r:system_server:s0 tclass=unix_stream_socket permissive=1
03-29 04:50:44.364: I/Remoter(1334): Saved screenshot to '/data/screenshots/__pmv__-0076.jpg'
03-29 04:50:44.368: I/GceGrallocRegionRegistry(1339): Unmapped gralloc-1339.21 hnd=0xb6b14000 fd=14 base=0xb0c2e000
03-29 04:50:43.753: I/Binder_8(1674): type=1400 audit(0.0:158): avc: denied { ioctl } for path="socket:[32787]" dev="sockfs" ino=32787 ioctlcmd=7704 scontext=u:r:system_server:s0 tcontext=u:r:system_server:s0 tclass=unix_stream_socket permissive=1
03-29 04:50:43.863: I/Binder_8(1674): type=1400 audit(0.0:159): avc: denied { ioctl } for path="socket:[32787]" dev="sockfs" ino=32787 ioctlcmd=7704 scontext=u:r:system_server:s0 tcontext=u:r:system_server:s0 tclass=unix_stream_socket permissive=1
03-29 04:50:44.770: D/AndroidRuntime(4847): >>>>>> START com.android.internal.os.RuntimeInit uid 0 <<<<<<
03-29 04:50:44.771: D/AndroidRuntime(4847): CheckJNI is OFF
03-29 04:50:44.787: D/ICU(4847): No timezone override file found: /data/misc/zoneinfo/current/icu/icu_tzdata.dat
03-29 04:50:44.787: D/ICU(4847): [ 03-29 04:50:44.794  4847: 4847 W/         ]
03-29 04:50:44.787: D/ICU(4847): Failed to bind-mount /system/lib/x86/cpuinfo as /proc/cpuinfo: No such file or directory
03-29 04:50:44.802: E/memtrack(4847): Couldn't load memtrack module (No such file or directory)
03-29 04:50:44.802: E/android.os.Debug(4847): failed to load memtrack module: -2
03-29 04:50:44.803: I/Radio-JNI(4847): register_android_hardware_Radio DONE
03-29 04:50:44.812: D/AndroidRuntime(4847): Calling main entry com.android.commands.pm.Pm
03-29 04:50:44.819: D/DefContainer(4111): Copying /data/local/tmp/com.google.android.gms.policy_test_support.apk to base.apk
03-29 04:50:44.962: I/PackageManager.DexOptimizer(1674): Running dexopt (dex2oat) on: /data/app/vmdl1019008827.tmp/base.apk pkg=com.google.android.gms.policy_test_support isa=x86 vmSafeMode=false debuggable=false oatDir = /data/app/vmdl1019008827.tmp/oat bootComplete=true
03-29 04:50:45.047: I/dex2oat(4856): Starting dex2oat.
03-29 04:50:45.047: E/cutils-trace(4856): Error opening trace file: Permission denied (13)
03-29 04:50:45.337: W/dex2oat(4856): No verified method for method calling String.<init>: java.lang.String android.text.TextUtils.substring(java.lang.CharSequence, int, int)
03-29 04:50:45.502: I/Remoter(1334): Saved screenshot to '/data/screenshots/__pmv__-0077.jpg'
03-29 04:50:45.921: I/dex2oat(4856): dex2oat took 874.437ms (threads: 2) arena alloc=2MB java alloc=1923KB native alloc=9MB free=2MB
03-29 04:50:45.948: V/BackupManagerService(1674): restoreAtInstall pkg=com.google.android.gms.policy_test_support token=c restoreSet=0
03-29 04:50:45.948: V/BackupManagerService(1674): Finishing install immediately
03-29 04:50:45.950: W/Settings(1674): Setting install_non_market_apps has moved from android.provider.Settings.Global to android.provider.Settings.Secure, returning read-only value.
03-29 04:50:45.951: I/art(1674): Starting a blocking GC Explicit
03-29 04:50:45.972: I/art(1674): Explicit concurrent mark sweep GC freed 95326(5MB) AllocSpace objects, 31(1192KB) LOS objects, 33% free, 28MB/42MB, paused 271us total 21.057ms
03-29 04:50:45.974: D/CarrierServiceBindHelper(2063): Receive action: android.intent.action.PACKAGE_ADDED
03-29 04:50:45.974: D/BluetoothMapAppObserver(2589): onReceive
03-29 04:50:45.974: D/BluetoothMapAppObserver(2589): The installed package is: com.google.android.gms.policy_test_support
03-29 04:50:45.977: D/BluetoothMapAppObserver(2589): Found 0 application(s) with intent android.bluetooth.action.BLUETOOTH_MAP_PROVIDER
03-29 04:50:45.978: D/BluetoothMapAppObserver(2589): Found 0 application(s) with intent android.bluetooth.action.BLUETOOTH_MAP_IM_PROVIDER
03-29 04:50:45.978: D/CarrierServiceBindHelper(2063): mHandler: 3
03-29 04:50:45.978: D/CarrierConfigLoader(2063): mHandler: 9 phoneId: 0
03-29 04:50:45.980: I/InputReader(1674): Reconfiguring input devices.  changes=0x00000010
03-29 04:50:45.984: D/Finsky(3056): [1] ExternalReferrer.access$200: Package state data is missing for com.google.android.gms.policy_test_support
03-29 04:50:45.990: I/art(4847): System.exit called, status: 0
03-29 04:50:45.990: I/AndroidRuntime(4847): VM exiting with result code 0.
03-29 04:50:45.994: I/UpdateIcingCorporaServi(3766): Updating corpora: APPS=com.google.android.gms.policy_test_support, CONTACTS=MAYBE
03-29 04:50:46.002: I/UpdateIcingCorporaServi(3766): UpdateCorporaTask done [took 7 ms] updated apps [took 7 ms] 
03-29 04:50:46.119: E/DowngradeHelper(2516): isModuleDowngradeRequired false
03-29 04:50:46.156: W/System(2516): ClassLoader referenced unknown path: /data/app/com.google.android.gms.policy_test_support-1/lib/x86
03-29 04:50:46.186: I/Auth(2516): [SupervisedAccountIntentOperation] onHandleIntent(): android.intent.action.PACKAGE_ADDED
03-29 04:50:46.186: I/Auth(2516): [SupervisedAccountIntentOperation] This operation is disabled
03-29 04:50:46.190: I/ChromeSync(2516): [Sync,SyncIntentOperation] Handling the intent: Intent { act=android.intent.action.PACKAGE_ADDED dat=package:com.google.android.gms.policy_test_support flg=0x4000010 cmp=com.google.android.gms/.chimera.GmsIntentOperationService (has extras) }.
03-29 04:50:46.191: I/TestSupport(2516): Activate: 1553670000000@1553849446190
03-29 04:50:46.191: I/TestSupport(2516): Boot time: 1553849042249
03-29 04:50:46.193: I/ChromeSync(2516): [Persistence,AffiliationManager] No affiliation data for android://JQGPsg9dd2HvcQ3NOvpIBkUqO05p1z872yyCqMPGKyYTrXaagXb_cTSR6Tw7zvKHuN1SL7HTpLIIpZ7kfHKqVA==@com.google.android.gms.policy_test_support/. Marking affiliation data as stale...
03-29 04:50:46.199: I/TestSupport(2516): Updated: /data/data/com.google.android.gms/app_testsupport/.startup
03-29 04:50:46.200: I/ChromeSync(2516): [Persistence,AffiliationManager] Fetching affiliations from the server.
03-29 04:50:46.236: I/PeopleContactsSync(2516): triggerPendingContactsCleanup: no accounts
03-29 04:50:46.247: I/Icing(2516): IndexChimeraService.getServiceInterface callingPackage=com.google.android.gms componentName=AppsCorpus serviceId=32
03-29 04:50:46.248: I/Icing(2516): IndexChimeraService.getServiceInterface callingPackage=com.google.android.gms componentName=AppsCorpus serviceId=36
03-29 04:50:46.278: I/Icing(2516): Usage reports ok 0, Failed Usage reports 0, indexed 0, rejected 0, imm upload false
03-29 04:50:46.300: I/Icing(2516): Usage reports ok 0, Failed Usage reports 0, indexed 0, rejected 0, imm upload false
03-29 04:50:46.428: I/ajji(2306): Scheduling Phenotype for a PhenotypeSyncImmediately(6, com.google.android.gms.testsupport) one off with window [1, 2] in seconds [CONTEXT service_id=51 ]
03-29 04:50:46.433: E/NetworkScheduler(2306): Invalid component specified.
03-29 04:50:46.640: I/Remoter(1334): Saved screenshot to '/data/screenshots/__pmv__-0078.jpg'
03-29 04:50:46.702: D/AndroidRuntime(4890): >>>>>> START com.android.internal.os.RuntimeInit uid 0 <<<<<<
03-29 04:50:46.704: D/AndroidRuntime(4890): CheckJNI is OFF
03-29 04:50:46.716: D/ICU(4890): No timezone override file found: /data/misc/zoneinfo/current/icu/icu_tzdata.dat
03-29 04:50:46.716: D/ICU(4890): [ 03-29 04:50:46.721  4890: 4890 W/         ]
03-29 04:50:46.716: D/ICU(4890): Failed to bind-mount /system/lib/x86/cpuinfo as /proc/cpuinfo: No such file or directory
03-29 04:50:46.728: E/memtrack(4890): Couldn't load memtrack module (No such file or directory)
03-29 04:50:46.728: E/android.os.Debug(4890): failed to load memtrack module: -2
03-29 04:50:46.728: I/Radio-JNI(4890): register_android_hardware_Radio DONE
03-29 04:50:46.735: D/AndroidRuntime(4890): Calling main entry com.android.commands.pm.Pm
03-29 04:50:46.739: D/DefContainer(4111): Copying /data/local/tmp/com.google.android.gmscore.testing.testsupport.apk to base.apk
03-29 04:50:46.782: I/PackageManager.DexOptimizer(1674): Running dexopt (dex2oat) on: /data/app/vmdl904246334.tmp/base.apk pkg=com.google.android.gmscore.testing.testsupport isa=x86 vmSafeMode=false debuggable=false oatDir = /data/app/vmdl904246334.tmp/oat bootComplete=true
03-29 04:50:46.790: I/dex2oat(4898): Starting dex2oat.
03-29 04:50:46.790: E/cutils-trace(4898): Error opening trace file: Permission denied (13)
03-29 04:50:47.329: I/Icing(2516): Indexing com.google.android.gms-apps from com.google.android.gms
03-29 04:50:47.330: I/Icing(2516): Indexing done com.google.android.gms-apps
03-29 04:50:47.800: I/Remoter(1334): Saved screenshot to '/data/screenshots/__pmv__-0079.jpg'
03-29 04:50:48.449: I/dex2oat(4898): dex2oat took 1.659s (threads: 2) arena alloc=1957KB java alloc=2MB native alloc=16MB free=3MB
03-29 04:50:48.478: W/Settings(1674): Setting install_non_market_apps has moved from android.provider.Settings.Global to android.provider.Settings.Secure, returning read-only value.
03-29 04:50:48.479: I/art(1674): Starting a blocking GC Explicit
03-29 04:50:48.499: I/art(1674): Explicit concurrent mark sweep GC freed 55707(3MB) AllocSpace objects, 10(448KB) LOS objects, 33% free, 28MB/42MB, paused 251us total 18.668ms
03-29 04:50:48.502: D/CarrierServiceBindHelper(2063): Receive action: android.intent.action.PACKAGE_ADDED
03-29 04:50:48.502: D/BluetoothMapAppObserver(2589): onReceive
03-29 04:50:48.502: D/BluetoothMapAppObserver(2589): The installed package is: com.google.android.gmscore.testing.testsupport
03-29 04:50:48.503: D/BluetoothMapAppObserver(2589): Found 0 application(s) with intent android.bluetooth.action.BLUETOOTH_MAP_PROVIDER
03-29 04:50:48.503: D/BluetoothMapAppObserver(2589): Found 0 application(s) with intent android.bluetooth.action.BLUETOOTH_MAP_IM_PROVIDER
03-29 04:50:48.503: D/CarrierServiceBindHelper(2063): mHandler: 3
03-29 04:50:48.503: D/CarrierConfigLoader(2063): mHandler: 9 phoneId: 0
03-29 04:50:48.505: I/art(4890): System.exit called, status: 0
03-29 04:50:48.505: I/AndroidRuntime(4890): VM exiting with result code 0.
03-29 04:50:48.511: I/InputReader(1674): Reconfiguring input devices.  changes=0x00000010
03-29 04:50:48.517: D/Finsky(3056): [1] ExternalReferrer.access$200: Package state data is missing for com.google.android.gmscore.testing.testsupport
03-29 04:50:48.522: I/UpdateIcingCorporaServi(3766): Updating corpora: APPS=com.google.android.gmscore.testing.testsupport, CONTACTS=MAYBE
03-29 04:50:48.530: I/UpdateIcingCorporaServi(3766): UpdateCorporaTask done [took 8 ms] updated apps [took 8 ms] 
03-29 04:50:48.550: I/Auth(2516): [SupervisedAccountIntentOperation] onHandleIntent(): android.intent.action.PACKAGE_ADDED
03-29 04:50:48.552: I/ChromeSync(2516): [Sync,SyncIntentOperation] Handling the intent: Intent { act=android.intent.action.PACKAGE_ADDED dat=package:com.google.android.gmscore.testing.testsupport flg=0x4000010 cmp=com.google.android.gms/.chimera.GmsIntentOperationService (has extras) }.
03-29 04:50:48.553: I/Auth(2516): [SupervisedAccountIntentOperation] This operation is disabled
03-29 04:50:48.554: I/ChromeSync(2516): [Persistence,AffiliationManager] No affiliation data for android://7qg--Vdm54zxKo8avkCXCD_7ToNk-gSGsIINmMu_krBTT9yKXmXa5m1MzFNMIqP92nwcLB8-pgfDA4TXFVsmSw==@com.google.android.gmscore.testing.testsupport/. Marking affiliation data as stale...
03-29 04:50:48.557: I/ChromeSync(2516): [Persistence,AffiliationManager] Fetching affiliations from the server.
03-29 04:50:48.567: I/PeopleContactsSync(2516): triggerPendingContactsCleanup: no accounts
03-29 04:50:48.577: I/Icing(2516): IndexChimeraService.getServiceInterface callingPackage=com.google.android.gms componentName=AppsCorpus serviceId=32
03-29 04:50:48.593: I/Icing(2516): IndexChimeraService.getServiceInterface callingPackage=com.google.android.gms componentName=AppsCorpus serviceId=36
03-29 04:50:48.598: I/Icing(2516): Usage reports ok 0, Failed Usage reports 0, indexed 0, rejected 0, imm upload false
03-29 04:50:48.616: I/Icing(2516): Usage reports ok 0, Failed Usage reports 0, indexed 0, rejected 0, imm upload false
03-29 04:50:48.725: W/Conscrypt(2306): Could not set socket write timeout: java.net.SocketException: Socket closed
03-29 04:50:48.725: W/Conscrypt(2306): 	at com.google.android.gms.org.conscrypt.Platform.setSocketWriteTimeout(:com.google.android.gms@14367022@14.3.67 (040700-216465562):2)
03-29 04:50:48.725: W/Conscrypt(2306): 	at com.google.android.gms.org.conscrypt.ConscryptFileDescriptorSocket.setSoWriteTimeout(:com.google.android.gms@14367022@14.3.67 (040700-216465562):2)
03-29 04:50:48.741: W/Conscrypt(2306): Could not set socket write timeout: java.net.SocketException: Socket closed
03-29 04:50:48.741: W/Conscrypt(2306): 	at com.google.android.gms.org.conscrypt.Platform.setSocketWriteTimeout(:com.google.android.gms@14367022@14.3.67 (040700-216465562):2)
03-29 04:50:48.741: W/Conscrypt(2306): 	at com.google.android.gms.org.conscrypt.ConscryptFileDescriptorSocket.setSoWriteTimeout(:com.google.android.gms@14367022@14.3.67 (040700-216465562):2)
03-29 04:50:48.776: D/AndroidRuntime(4914): >>>>>> START com.android.internal.os.RuntimeInit uid 0 <<<<<<
03-29 04:50:48.778: D/AndroidRuntime(4914): CheckJNI is OFF
03-29 04:50:48.789: D/ICU(4914): No timezone override file found: /data/misc/zoneinfo/current/icu/icu_tzdata.dat
03-29 04:50:48.789: D/ICU(4914): [ 03-29 04:50:48.793  4914: 4914 W/         ]
03-29 04:50:48.789: D/ICU(4914): Failed to bind-mount /system/lib/x86/cpuinfo as /proc/cpuinfo: No such file or directory
03-29 04:50:48.800: E/memtrack(4914): Couldn't load memtrack module (No such file or directory)
03-29 04:50:48.800: E/android.os.Debug(4914): failed to load memtrack module: -2
03-29 04:50:48.808: I/Radio-JNI(4914): register_android_hardware_Radio DONE
03-29 04:50:48.818: D/AndroidRuntime(4914): Calling main entry com.android.commands.am.Am
03-29 04:50:48.830: I/ActivityManager(1674): Start proc 4926:com.google.android.gmscore.testing.testsupport/u0a89 for service com.google.android.gmscore.testing.testsupport/.CommandService
03-29 04:50:48.830: D/AndroidRuntime(4914): Shutting down VM
03-29 04:50:48.871: I/ajhm(2306): updateFromConfigurations using legacy put method [CONTEXT service_id=51 ]
03-29 04:50:48.878: I/ajhm(2306): updateFromConfigurations using legacy put method [CONTEXT service_id=51 ]
03-29 04:50:48.878: I/ajji(2306): Scheduling adaptive one off task with window [14400, 604800] in seconds [CONTEXT service_id=51 ]
03-29 04:50:48.881: E/NetworkScheduler(2306): Invalid component specified.
03-29 04:50:48.923: I/Remoter(1334): Saved screenshot to '/data/screenshots/__pmv__-0080.jpg'
03-29 04:50:48.949: W/System(4926): ClassLoader referenced unknown path: /data/app/com.google.android.gmscore.testing.testsupport-1/lib/x86
03-29 04:50:48.951: I/TSDRIVER(4926): CommandService onHandleIntent()
03-29 04:50:48.951: I/TSDRIVER(4926): Got command: PACKAGE
03-29 04:50:48.953: I/TSDRIVER(4926): flag package: Eglnc2VydmljZXMaLAooZmluc2t5LnBsYXlfc2VydmljZXNfYXV0b191cGRhdGVfZW5hYmxlZBgAGjUKMWZpbnNreS5zZXR1cF93aXphcmRfYWRkaXRpb25hbF9hY2NvdW50X3ZwYV9lbmFibGUYAA
03-29 04:50:48.955: E/GooglePlayServicesUtil(4926): The Google Play services resources were not found. Check your project configuration to ensure that the resources are included.
03-29 04:50:48.955: I/TSDRIVER(4926): flag package: gservices
03-29 04:50:48.959: W/Primes(2516): Primes not initialized, returning default (no-op) Primes instance which will ignore all calls. Please call Primes.initialize(...) before using any Primes API.
03-29 04:50:48.965: W/DynamiteModule(2516): Local module descriptor class for com.google.android.gms.googlecertificates not found.
03-29 04:50:48.966: I/DynamiteModule(2516): Considering local module com.google.android.gms.googlecertificates:0 and remote module com.google.android.gms.googlecertificates:4
03-29 04:50:48.966: I/DynamiteModule(2516): Selected remote version of com.google.android.gms.googlecertificates, version >= 4
03-29 04:50:48.975: I/TestSupport(2516): Activated: 1553670000000@1553849446190
03-29 04:50:48.975: I/TestSupport(2516): Boot time: 1553849042249
03-29 04:50:48.976: I/TestSupport(2516): Passing package and signature checks: com.google.android.gmscore.testing.testsupport
03-29 04:50:48.985: I/TestSupport(2516): SetOverrideOperation: finsky.play_services_auto_update_enabled = false
03-29 04:50:49.005: I/GservicesProvider(2268): override update completed
03-29 04:50:49.018: I/Telecom(1674): PhoneAccountRegistrar: SimCallManager queried, returning: null
03-29 04:50:49.018: I/Babel_telephony(2746): TeleModule.updateConnectionManagerRegistration, registration preference changed from false to false
03-29 04:50:49.018: W/Babel(2746): BAM#gBA: invalid account id: -1
03-29 04:50:49.018: W/Babel(2746): BAM#gBA: invalid account id: -1
03-29 04:50:49.018: I/Babel_telephony(2746): TeleModule.updateIncomingCallRegistration, preferred account for incoming calls changed from: null to null
03-29 04:50:49.023: I/ActivityManager(1674): Start proc 4945:com.google.android.configupdater/u0a4 for broadcast com.google.android.configupdater/.CertPin.CertPinUpdateRequestReceiver
03-29 04:50:49.116: W/System(4945): ClassLoader referenced unknown path: /system/priv-app/ConfigUpdater/lib/x86
03-29 04:50:49.118: I/TestSupport(2516): Broadcast sent: finsky.play_services_auto_update_enabled
03-29 04:50:49.119: I/TestSupport(2516): GServices override confirmed: finsky.play_services_auto_update_enabled=false
03-29 04:50:49.123: I/TestSupport(2516): SetOverrideOperation: finsky.setup_wizard_additional_account_vpa_enable = false
03-29 04:50:49.129: E/ConfigUpdater(4945): Received malformed URL while handling Gservices.CHANGED_ACTION intent_firewall: null null
03-29 04:50:49.135: E/ConfigUpdater(4945): Received malformed URL while handling Gservices.CHANGED_ACTION apn_db: null null
03-29 04:50:49.137: E/ConfigUpdater(4945): Received malformed URL while handling Gservices.CHANGED_ACTION tzdata: null null
03-29 04:50:49.138: E/ConfigUpdater(4945): Received malformed URL while handling Gservices.CHANGED_ACTION selinux: null null
03-29 04:50:49.141: E/ConfigUpdater(4945): Received malformed URL while handling Gservices.CHANGED_ACTION carrier_provisioning_urls: null null
03-29 04:50:49.159: I/ActivityManager(1674): Start proc 4985:com.google.android.apps.photos/u0a64 for broadcast com.google.android.apps.photos/com.google.android.apps.moviemaker.app.ApplicationEnabler$Receiver
03-29 04:50:49.162: I/GservicesUpdateTask(3766): Updating Gservices keys
03-29 04:50:49.167: I/GeofencerStateMachine(2306): sendQueryLocationOptIn
03-29 04:50:49.170: I/GeofencerStateMachine(2306): sendQueryLocationOptIn
03-29 04:50:49.175: I/GeofencerStateMachine(2306): sendQueryLocationOptIn
03-29 04:50:49.178: I/GeofencerStateMachine(2306): sendQueryLocationOptIn
03-29 04:50:49.180: I/GeofencerStateMachine(2306): sendQueryLocationOptIn
03-29 04:50:49.182: I/GeofencerStateMachine(2306): sendQueryLocationOptIn
03-29 04:50:49.184: I/GeofencerStateMachine(2306): sendQueryLocationOptIn
03-29 04:50:49.186: I/ActivityManager(1674): Killing 2321:android.process.media/u0a7 (adj 15): empty #17
03-29 04:50:49.254: D/ActivityManager(1674): cleanUpApplicationRecord -- 2321
03-29 04:50:49.267: W/System(4985): ClassLoader referenced unknown path: /system/app/Photos/lib/x86
03-29 04:50:49.300: I/ActivityManager(1674): Killing 3261:com.google.android.gm/u0a69 (adj 15): empty #17
03-29 04:50:49.332: D/ActivityManager(1674): cleanUpApplicationRecord -- 3261
03-29 04:50:49.348: I/NetRec(2306): [330] agfw.b: onConfigChanged()
03-29 04:50:49.355: I/GCoreUlr(2306): Starting service, intent=Intent { act=com.google.android.location.reporting.ACTION_UPDATE_WORLD cmp=com.google.android.gms/com.google.android.location.reporting.service.DispatchingService (has extras) }, extras=Bundle[{receiverAction=com.google.gservices.intent.action.GSERVICES_CHANGED}]
03-29 04:50:49.388: I/GservicesProvider(2268): override update completed
03-29 04:50:49.392: E/ConfigUpdater(4945): Received malformed URL while handling Gservices.CHANGED_ACTION intent_firewall: null null
03-29 04:50:49.400: E/ConfigUpdater(4945): Received malformed URL while handling Gservices.CHANGED_ACTION apn_db: null null
03-29 04:50:49.404: E/ConfigUpdater(4945): Received malformed URL while handling Gservices.CHANGED_ACTION tzdata: null null
03-29 04:50:49.407: E/ConfigUpdater(4945): Received malformed URL while handling Gservices.CHANGED_ACTION selinux: null null
03-29 04:50:49.407: E/ConfigUpdater(4945): Received malformed URL while handling Gservices.CHANGED_ACTION carrier_provisioning_urls: null null
03-29 04:50:49.412: I/Telecom(1674): PhoneAccountRegistrar: SimCallManager queried, returning: null
03-29 04:50:49.413: I/Babel_telephony(2746): TeleModule.updateConnectionManagerRegistration, registration preference changed from false to false
03-29 04:50:49.413: W/Babel(2746): BAM#gBA: invalid account id: -1
03-29 04:50:49.413: W/Babel(2746): BAM#gBA: invalid account id: -1
03-29 04:50:49.413: I/Babel_telephony(2746): TeleModule.updateIncomingCallRegistration, preferred account for incoming calls changed from: null to null
03-29 04:50:49.419: W/ActivityManager(1674): Unable to start service Intent { cmp=com.google.android.gms/.analytics.service.RefreshEnabledStateService } U=0: not found
03-29 04:50:49.427: W/ChimeraUtils(2516): Non Chimera context
03-29 04:50:49.439: I/BroadcastQueue(1674): Delay finish: com.google.android.apps.photos/com.google.android.apps.moviemaker.app.ApplicationEnabler$Receiver
03-29 04:50:49.440: I/GservicesUpdateTask(3766): Updating Gservices keys
