03-29 05:34:02.471: D/vold(1318): Remounting 10083 as mode read
03-29 05:34:02.473: D/VoldConnector(1726): RCV <- {200 11 Command succeeded}
03-29 05:34:02.473: D/VoldConnector(1726): SND -> {12 volume remount_uid 10083 write}
03-29 05:34:02.473: D/vold(1318): Remounting 10083 as mode write
03-29 05:34:02.475: D/VoldConnector(1726): RCV <- {200 12 Command succeeded}
03-29 05:34:02.478: W/Settings(1726): Setting install_non_market_apps has moved from android.provider.Settings.Global to android.provider.Settings.Secure, returning read-only value.
03-29 05:34:02.478: I/art(1726): Starting a blocking GC Explicit
03-29 05:34:02.486: W/GCoreFlp(2373): No location to return for getLastLocation()
03-29 05:34:02.487: W/GCoreFlp(2373): No location to return for getLastLocation()
03-29 05:34:02.500: I/art(1726): Explicit concurrent mark sweep GC freed 48978(3MB) AllocSpace objects, 10(216KB) LOS objects, 33% free, 28MB/42MB, paused 293us total 22.866ms
03-29 05:34:02.503: D/CarrierServiceBindHelper(2034): Receive action: android.intent.action.PACKAGE_ADDED
03-29 05:34:02.503: D/BluetoothMapAppObserver(2549): onReceive
03-29 05:34:02.503: D/BluetoothMapAppObserver(2549): The installed package is: androidx.test.orchestrator
03-29 05:34:02.504: I/InputReader(1726): Reconfiguring input devices.  changes=0x00000010
03-29 05:34:02.508: D/BluetoothMapAppObserver(2549): Found 0 application(s) with intent android.bluetooth.action.BLUETOOTH_MAP_PROVIDER
03-29 05:34:02.509: D/CarrierServiceBindHelper(2034): mHandler: 3
03-29 05:34:02.509: D/CarrierConfigLoader(2034): mHandler: 9 phoneId: 0
03-29 05:34:02.509: D/BluetoothMapAppObserver(2549): Found 0 application(s) with intent android.bluetooth.action.BLUETOOTH_MAP_IM_PROVIDER
03-29 05:34:02.511: I/art(4676): System.exit called, status: 0
03-29 05:34:02.511: I/AndroidRuntime(4676): VM exiting with result code 0.
03-29 05:34:02.520: D/Finsky(3041): [1] ExternalReferrer.access$200: Package state data is missing for androidx.test.orchestrator
03-29 05:34:02.527: I/UpdateIcingCorporaServi(3076): Updating corpora: APPS=androidx.test.orchestrator, CONTACTS=MAYBE
03-29 05:34:02.534: I/UpdateIcingCorporaServi(3076): UpdateCorporaTask done [took 7 ms] updated apps [took 7 ms] 
03-29 05:34:02.550: I/Auth(2532): [SupervisedAccountIntentOperation] onHandleIntent(): android.intent.action.PACKAGE_ADDED
03-29 05:34:02.550: I/Auth(2532): [SupervisedAccountIntentOperation] This operation is disabled
03-29 05:34:02.550: I/ChromeSync(2532): [Sync,SyncIntentOperation] Handling the intent: Intent { act=android.intent.action.PACKAGE_ADDED dat=package:androidx.test.orchestrator flg=0x4000010 cmp=com.google.android.gms/.chimera.GmsIntentOperationService (has extras) }.
03-29 05:34:02.551: I/ChromeSync(2532): [Persistence,AffiliationManager] No affiliation data for android://N50vJU0zrJ8WOzDt6r3GDtfqrkROFOSiqHcmppwn3vxaRC4hFpNn4UsL7XlvjtlfcWuDAQhmck0qjQPwsrpMNg==@androidx.test.orchestrator/. Marking affiliation data as stale...
03-29 05:34:02.552: I/FontsPackageChangeOp(2532): Package androidx.test.orchestrator has no metadata
03-29 05:34:02.552: I/ChromeSync(2532): [Persistence,AffiliationManager] Fetching affiliations from the server.
03-29 05:34:02.559: I/Icing(2532): IndexChimeraService.getServiceInterface callingPackage=com.google.android.gms componentName=AppsCorpus serviceId=32
03-29 05:34:02.560: I/Icing(2532): IndexChimeraService.getServiceInterface callingPackage=com.google.android.gms componentName=AppsCorpus serviceId=36
03-29 05:34:02.565: I/PeopleContactsSync(2532): triggerPendingContactsCleanup: no accounts
03-29 05:34:02.570: I/Icing(2532): Usage reports ok 0, Failed Usage reports 0, indexed 0, rejected 0, imm upload false
03-29 05:34:02.573: I/Icing(2532): Usage reports ok 0, Failed Usage reports 0, indexed 0, rejected 0, imm upload false
03-29 05:34:02.779: I/Icing(2532): Indexing com.google.android.gms-apps from com.google.android.gms
03-29 05:34:02.780: I/Icing(2532): Indexing done com.google.android.gms-apps
03-29 05:34:03.046: I/Remoter(1332): Saved screenshot to '/data/screenshots/__pmv__-0086.jpg'
03-29 05:34:03.147: D/AndroidRuntime(4714): >>>>>> START com.android.internal.os.RuntimeInit uid 0 <<<<<<
03-29 05:34:03.149: D/AndroidRuntime(4714): CheckJNI is OFF
03-29 05:34:03.160: D/ICU(4714): No timezone override file found: /data/misc/zoneinfo/current/icu/icu_tzdata.dat
03-29 05:34:03.160: D/ICU(4714): [ 03-29 05:34:03.164  4714: 4714 W/         ]
03-29 05:34:03.160: D/ICU(4714): Failed to bind-mount /system/lib/x86/cpuinfo as /proc/cpuinfo: No such file or directory
03-29 05:34:03.171: E/memtrack(4714): Couldn't load memtrack module (No such file or directory)
03-29 05:34:03.171: E/android.os.Debug(4714): failed to load memtrack module: -2
03-29 05:34:03.171: I/Radio-JNI(4714): register_android_hardware_Radio DONE
03-29 05:34:03.179: D/AndroidRuntime(4714): Calling main entry com.android.commands.pm.Pm
03-29 05:34:03.182: D/DefContainer(4151): Copying /data/local/tmp/android.support.test.services.apk to base.apk
03-29 05:34:03.192: I/PackageManager.DexOptimizer(1726): Running dexopt (dex2oat) on: /data/app/vmdl2109118153.tmp/base.apk pkg=android.support.test.services isa=x86 vmSafeMode=false debuggable=false oatDir = /data/app/vmdl2109118153.tmp/oat bootComplete=true
03-29 05:34:03.201: I/dex2oat(4722): Starting dex2oat.
03-29 05:34:03.201: E/cutils-trace(4722): Error opening trace file: Permission denied (13)
03-29 05:34:03.275: I/dex2oat(4722): dex2oat took 74.536ms (threads: 2) arena alloc=257KB java alloc=224KB native alloc=1831KB free=1496KB
03-29 05:34:03.298: V/BackupManagerService(1726): restoreAtInstall pkg=android.support.test.services token=8 restoreSet=0
03-29 05:34:03.298: V/BackupManagerService(1726): Finishing install immediately
03-29 05:34:03.301: W/Settings(1726): Setting install_non_market_apps has moved from android.provider.Settings.Global to android.provider.Settings.Secure, returning read-only value.
03-29 05:34:03.301: I/art(1726): Starting a blocking GC Explicit
03-29 05:34:03.320: I/art(1726): Explicit concurrent mark sweep GC freed 39274(2MB) AllocSpace objects, 7(140KB) LOS objects, 33% free, 28MB/42MB, paused 244us total 18.375ms
03-29 05:34:03.323: D/CarrierServiceBindHelper(2034): Receive action: android.intent.action.PACKAGE_ADDED
03-29 05:34:03.323: D/BluetoothMapAppObserver(2549): onReceive
03-29 05:34:03.323: D/BluetoothMapAppObserver(2549): The installed package is: android.support.test.services
03-29 05:34:03.323: I/art(4714): System.exit called, status: 0
03-29 05:34:03.323: I/AndroidRuntime(4714): VM exiting with result code 0.
03-29 05:34:03.325: D/CarrierServiceBindHelper(2034): mHandler: 3
03-29 05:34:03.325: D/CarrierConfigLoader(2034): mHandler: 9 phoneId: 0
03-29 05:34:03.327: D/BluetoothMapAppObserver(2549): Found 0 application(s) with intent android.bluetooth.action.BLUETOOTH_MAP_PROVIDER
03-29 05:34:03.327: I/InputReader(1726): Reconfiguring input devices.  changes=0x00000010
03-29 05:34:03.328: D/BluetoothMapAppObserver(2549): Found 0 application(s) with intent android.bluetooth.action.BLUETOOTH_MAP_IM_PROVIDER
03-29 05:34:03.337: D/Finsky(3041): [1] ExternalReferrer.access$200: Package state data is missing for android.support.test.services
03-29 05:34:03.339: I/UpdateIcingCorporaServi(3076): Updating corpora: APPS=android.support.test.services, CONTACTS=MAYBE
03-29 05:34:03.350: I/UpdateIcingCorporaServi(3076): UpdateCorporaTask done [took 11 ms] updated apps [took 11 ms] 
03-29 05:34:03.369: I/Auth(2532): [SupervisedAccountIntentOperation] onHandleIntent(): android.intent.action.PACKAGE_ADDED
03-29 05:34:03.369: I/Auth(2532): [SupervisedAccountIntentOperation] This operation is disabled
03-29 05:34:03.369: I/ChromeSync(2532): [Sync,SyncIntentOperation] Handling the intent: Intent { act=android.intent.action.PACKAGE_ADDED dat=package:android.support.test.services flg=0x4000010 cmp=com.google.android.gms/.chimera.GmsIntentOperationService (has extras) }.
03-29 05:34:03.370: I/FontsPackageChangeOp(2532): Package android.support.test.services has no metadata
03-29 05:34:03.373: I/ChromeSync(2532): [Persistence,AffiliationManager] No affiliation data for android://N50vJU0zrJ8WOzDt6r3GDtfqrkROFOSiqHcmppwn3vxaRC4hFpNn4UsL7XlvjtlfcWuDAQhmck0qjQPwsrpMNg==@android.support.test.services/. Marking affiliation data as stale...
03-29 05:34:03.374: I/ChromeSync(2532): [Persistence,AffiliationManager] Fetching affiliations from the server.
03-29 05:34:03.378: I/PeopleContactsSync(2532): triggerPendingContactsCleanup: no accounts
03-29 05:34:03.381: I/Icing(2532): IndexChimeraService.getServiceInterface callingPackage=com.google.android.gms componentName=AppsCorpus serviceId=32
03-29 05:34:03.381: I/Icing(2532): IndexChimeraService.getServiceInterface callingPackage=com.google.android.gms componentName=AppsCorpus serviceId=36
03-29 05:34:03.391: I/Icing(2532): Usage reports ok 0, Failed Usage reports 0, indexed 0, rejected 0, imm upload false
03-29 05:34:03.395: I/Icing(2532): Usage reports ok 0, Failed Usage reports 0, indexed 0, rejected 0, imm upload false
03-29 05:34:03.575: I/Icing(2532): Indexing com.google.android.gms-apps from com.google.android.gms
03-29 05:34:03.575: I/Icing(2532): Indexing done com.google.android.gms-apps
03-29 05:34:03.909: D/AndroidRuntime(4753): >>>>>> START com.android.internal.os.RuntimeInit uid 0 <<<<<<
03-29 05:34:03.911: D/AndroidRuntime(4753): CheckJNI is OFF
03-29 05:34:03.923: D/ICU(4753): No timezone override file found: /data/misc/zoneinfo/current/icu/icu_tzdata.dat
03-29 05:34:03.923: D/ICU(4753): [ 03-29 05:34:03.927  4753: 4753 W/         ]
03-29 05:34:03.923: D/ICU(4753): Failed to bind-mount /system/lib/x86/cpuinfo as /proc/cpuinfo: No such file or directory
03-29 05:34:03.933: E/memtrack(4753): Couldn't load memtrack module (No such file or directory)
03-29 05:34:03.933: E/android.os.Debug(4753): failed to load memtrack module: -2
03-29 05:34:03.934: I/Radio-JNI(4753): register_android_hardware_Radio DONE
03-29 05:34:03.942: D/AndroidRuntime(4753): Calling main entry com.android.commands.pm.Pm
03-29 05:34:03.945: D/DefContainer(4151): Copying /data/local/tmp/androidx.test.services.apk to base.apk
03-29 05:34:03.955: I/PackageManager.DexOptimizer(1726): Running dexopt (dex2oat) on: /data/app/vmdl993809895.tmp/base.apk pkg=androidx.test.services isa=x86 vmSafeMode=false debuggable=true oatDir = /data/app/vmdl993809895.tmp/oat bootComplete=true
03-29 05:34:03.963: I/dex2oat(4761): /system/bin/dex2oat --debuggable
03-29 05:34:03.963: E/cutils-trace(4761): Error opening trace file: Permission denied (13)
03-29 05:34:04.018: I/dex2oat(4761): dex2oat took 55.467ms (threads: 2) arena alloc=163KB java alloc=218KB native alloc=1783KB free=2MB
03-29 05:34:04.042: V/BackupManagerService(1726): restoreAtInstall pkg=androidx.test.services token=9 restoreSet=0
03-29 05:34:04.042: V/BackupManagerService(1726): Finishing install immediately
03-29 05:34:04.044: W/Settings(1726): Setting install_non_market_apps has moved from android.provider.Settings.Global to android.provider.Settings.Secure, returning read-only value.
03-29 05:34:04.044: I/art(1726): Starting a blocking GC Explicit
03-29 05:34:04.076: I/art(1726): Explicit concurrent mark sweep GC freed 40274(2MB) AllocSpace objects, 10(264KB) LOS objects, 33% free, 28MB/42MB, paused 431us total 27.522ms
03-29 05:34:04.089: I/art(4753): System.exit called, status: 0
03-29 05:34:04.089: I/AndroidRuntime(4753): VM exiting with result code 0.
03-29 05:34:04.093: D/CarrierServiceBindHelper(2034): Receive action: android.intent.action.PACKAGE_ADDED
03-29 05:34:04.093: D/BluetoothMapAppObserver(2549): onReceive
03-29 05:34:04.093: D/BluetoothMapAppObserver(2549): The installed package is: androidx.test.services
03-29 05:34:04.098: D/BluetoothMapAppObserver(2549): Found 0 application(s) with intent android.bluetooth.action.BLUETOOTH_MAP_PROVIDER
03-29 05:34:04.098: I/InputReader(1726): Reconfiguring input devices.  changes=0x00000010
03-29 05:34:04.098: D/CarrierServiceBindHelper(2034): mHandler: 3
03-29 05:34:04.098: D/CarrierConfigLoader(2034): mHandler: 9 phoneId: 0
03-29 05:34:04.099: D/BluetoothMapAppObserver(2549): Found 0 application(s) with intent android.bluetooth.action.BLUETOOTH_MAP_IM_PROVIDER
03-29 05:34:04.119: D/Finsky(3041): [1] ExternalReferrer.access$200: Package state data is missing for androidx.test.services
03-29 05:34:04.122: I/UpdateIcingCorporaServi(3076): Updating corpora: APPS=androidx.test.services, CONTACTS=MAYBE
03-29 05:34:04.131: I/UpdateIcingCorporaServi(3076): UpdateCorporaTask done [took 9 ms] updated apps [took 9 ms] 
03-29 05:34:04.146: I/Auth(2532): [SupervisedAccountIntentOperation] onHandleIntent(): android.intent.action.PACKAGE_ADDED
03-29 05:34:04.146: I/Auth(2532): [SupervisedAccountIntentOperation] This operation is disabled
03-29 05:34:04.146: I/ChromeSync(2532): [Sync,SyncIntentOperation] Handling the intent: Intent { act=android.intent.action.PACKAGE_ADDED dat=package:androidx.test.services flg=0x4000010 cmp=com.google.android.gms/.chimera.GmsIntentOperationService (has extras) }.
03-29 05:34:04.147: I/FontsPackageChangeOp(2532): Package androidx.test.services has no metadata
03-29 05:34:04.151: I/ChromeSync(2532): [Persistence,AffiliationManager] No affiliation data for android://N50vJU0zrJ8WOzDt6r3GDtfqrkROFOSiqHcmppwn3vxaRC4hFpNn4UsL7XlvjtlfcWuDAQhmck0qjQPwsrpMNg==@androidx.test.services/. Marking affiliation data as stale...
03-29 05:34:04.152: I/Icing(2532): IndexChimeraService.getServiceInterface callingPackage=com.google.android.gms componentName=AppsCorpus serviceId=32
03-29 05:34:04.153: I/Icing(2532): IndexChimeraService.getServiceInterface callingPackage=com.google.android.gms componentName=AppsCorpus serviceId=36
03-29 05:34:04.156: I/ChromeSync(2532): [Persistence,AffiliationManager] Fetching affiliations from the server.
03-29 05:34:04.162: I/PeopleContactsSync(2532): triggerPendingContactsCleanup: no accounts
03-29 05:34:04.168: I/Icing(2532): Usage reports ok 0, Failed Usage reports 0, indexed 0, rejected 0, imm upload false
03-29 05:34:04.206: I/Icing(2532): Usage reports ok 0, Failed Usage reports 0, indexed 0, rejected 0, imm upload false
03-29 05:34:04.225: I/Remoter(1332): Saved screenshot to '/data/screenshots/__pmv__-0087.jpg'
03-29 05:34:04.354: I/ActivityManager(1726): Killing 3800:com.google.android.apps.photos/u0a64 (adj 15): empty #17
03-29 05:34:04.380: D/ActivityManager(1726): cleanUpApplicationRecord -- 3800
03-29 05:34:04.397: I/Icing(2532): Indexing com.google.android.gms-apps from com.google.android.gms
03-29 05:34:04.398: I/Icing(2532): Indexing done com.google.android.gms-apps
03-29 05:34:04.655: D/AndroidRuntime(4791): >>>>>> START com.android.internal.os.RuntimeInit uid 0 <<<<<<
03-29 05:34:04.657: D/AndroidRuntime(4791): CheckJNI is OFF
03-29 05:34:04.669: D/ICU(4791): No timezone override file found: /data/misc/zoneinfo/current/icu/icu_tzdata.dat
03-29 05:34:04.669: D/ICU(4791): [ 03-29 05:34:04.673  4791: 4791 W/         ]
03-29 05:34:04.669: D/ICU(4791): Failed to bind-mount /system/lib/x86/cpuinfo as /proc/cpuinfo: No such file or directory
03-29 05:34:04.679: E/memtrack(4791): Couldn't load memtrack module (No such file or directory)
03-29 05:34:04.679: E/android.os.Debug(4791): failed to load memtrack module: -2
03-29 05:34:04.680: I/Radio-JNI(4791): register_android_hardware_Radio DONE
03-29 05:34:04.687: D/AndroidRuntime(4791): Calling main entry com.android.commands.pm.Pm
03-29 05:34:04.690: D/DefContainer(4151): Copying /data/local/tmp/com.google.android.apps.mtaas.stubapp.apk to base.apk
03-29 05:34:04.692: I/PackageParser(1726): com.google.android.apps.mtaas.stubapp: compat added android.permission.WRITE_EXTERNAL_STORAGE android.permission.READ_PHONE_STATE
03-29 05:34:04.697: I/PackageManager.DexOptimizer(1726): Running dexopt (dex2oat) on: /data/app/vmdl1270707864.tmp/base.apk pkg=com.google.android.apps.mtaas.stubapp isa=x86 vmSafeMode=false debuggable=false oatDir = /data/app/vmdl1270707864.tmp/oat bootComplete=true
03-29 05:34:04.705: I/dex2oat(4799): Starting dex2oat.
03-29 05:34:04.705: E/cutils-trace(4799): Error opening trace file: Permission denied (13)
03-29 05:34:04.709: I/dex2oat(4799): dex2oat took 4.244ms (threads: 2) arena alloc=6KB java alloc=16KB native alloc=795KB free=740KB
03-29 05:34:04.732: V/BackupManagerService(1726): restoreAtInstall pkg=com.google.android.apps.mtaas.stubapp token=a restoreSet=0
03-29 05:34:04.732: V/BackupManagerService(1726): Finishing install immediately
03-29 05:34:04.735: W/Settings(1726): Setting install_non_market_apps has moved from android.provider.Settings.Global to android.provider.Settings.Secure, returning read-only value.
03-29 05:34:04.735: I/art(1726): Starting a blocking GC Explicit
03-29 05:34:04.752: I/art(1726): Explicit concurrent mark sweep GC freed 38491(2MB) AllocSpace objects, 7(140KB) LOS objects, 33% free, 28MB/42MB, paused 286us total 17.641ms
03-29 05:34:04.756: D/CarrierServiceBindHelper(2034): Receive action: android.intent.action.PACKAGE_ADDED
03-29 05:34:04.756: I/art(4791): System.exit called, status: 0
03-29 05:34:04.756: D/BluetoothMapAppObserver(2549): onReceive
03-29 05:34:04.756: I/AndroidRuntime(4791): VM exiting with result code 0.
03-29 05:34:04.756: D/BluetoothMapAppObserver(2549): The installed package is: com.google.android.apps.mtaas.stubapp
03-29 05:34:04.757: D/BluetoothMapAppObserver(2549): Found 0 application(s) with intent android.bluetooth.action.BLUETOOTH_MAP_PROVIDER
03-29 05:34:04.758: D/BluetoothMapAppObserver(2549): Found 0 application(s) with intent android.bluetooth.action.BLUETOOTH_MAP_IM_PROVIDER
03-29 05:34:04.758: D/CarrierServiceBindHelper(2034): mHandler: 3
03-29 05:34:04.758: D/CarrierConfigLoader(2034): mHandler: 9 phoneId: 0
03-29 05:34:04.760: I/InputReader(1726): Reconfiguring input devices.  changes=0x00000010
03-29 05:34:04.767: D/Finsky(3041): [1] ExternalReferrer.access$200: Package state data is missing for com.google.android.apps.mtaas.stubapp
03-29 05:34:04.772: I/UpdateIcingCorporaServi(3076): Updating corpora: APPS=com.google.android.apps.mtaas.stubapp, CONTACTS=MAYBE
03-29 05:34:04.779: I/UpdateIcingCorporaServi(3076): UpdateCorporaTask done [took 7 ms] updated apps [took 7 ms] 
03-29 05:34:04.804: I/Auth(2532): [SupervisedAccountIntentOperation] onHandleIntent(): android.intent.action.PACKAGE_ADDED
03-29 05:34:04.804: I/Auth(2532): [SupervisedAccountIntentOperation] This operation is disabled
03-29 05:34:04.805: I/ChromeSync(2532): [Sync,SyncIntentOperation] Handling the intent: Intent { act=android.intent.action.PACKAGE_ADDED dat=package:com.google.android.apps.mtaas.stubapp flg=0x4000010 cmp=com.google.android.gms/.chimera.GmsIntentOperationService (has extras) }.
03-29 05:34:04.806: I/FontsPackageChangeOp(2532): Package com.google.android.apps.mtaas.stubapp has no metadata
03-29 05:34:04.808: I/ChromeSync(2532): [Persistence,AffiliationManager] No affiliation data for android://N50vJU0zrJ8WOzDt6r3GDtfqrkROFOSiqHcmppwn3vxaRC4hFpNn4UsL7XlvjtlfcWuDAQhmck0qjQPwsrpMNg==@com.google.android.apps.mtaas.stubapp/. Marking affiliation data as stale...
03-29 05:34:04.813: I/ChromeSync(2532): [Persistence,AffiliationManager] Fetching affiliations from the server.
03-29 05:34:04.816: I/Icing(2532): IndexChimeraService.getServiceInterface callingPackage=com.google.android.gms componentName=AppsCorpus serviceId=36
03-29 05:34:04.816: I/Icing(2532): IndexChimeraService.getServiceInterface callingPackage=com.google.android.gms componentName=AppsCorpus serviceId=32
03-29 05:34:04.818: I/PeopleContactsSync(2532): triggerPendingContactsCleanup: no accounts
03-29 05:34:04.828: I/Icing(2532): Usage reports ok 0, Failed Usage reports 0, indexed 0, rejected 0, imm upload false
03-29 05:34:04.832: I/Icing(2532): Usage reports ok 0, Failed Usage reports 0, indexed 0, rejected 0, imm upload false
03-29 05:34:05.170: I/Icing(2532): Indexing com.google.android.gms-apps from com.google.android.gms
03-29 05:34:05.171: I/Icing(2532): Indexing done com.google.android.gms-apps
03-29 05:34:05.347: D/AndroidRuntime(4830): >>>>>> START com.android.internal.os.RuntimeInit uid 0 <<<<<<
03-29 05:34:05.349: D/AndroidRuntime(4830): CheckJNI is OFF
03-29 05:34:05.361: I/Remoter(1332): Saved screenshot to '/data/screenshots/__pmv__-0088.jpg'
03-29 05:34:05.364: D/ICU(4830): No timezone override file found: /data/misc/zoneinfo/current/icu/icu_tzdata.dat
03-29 05:34:05.364: D/ICU(4830): [ 03-29 05:34:05.368  4830: 4830 W/         ]
03-29 05:34:05.364: D/ICU(4830): Failed to bind-mount /system/lib/x86/cpuinfo as /proc/cpuinfo: No such file or directory
03-29 05:34:05.374: E/memtrack(4830): Couldn't load memtrack module (No such file or directory)
03-29 05:34:05.375: E/android.os.Debug(4830): failed to load memtrack module: -2
03-29 05:34:05.375: I/Radio-JNI(4830): register_android_hardware_Radio DONE
03-29 05:34:05.382: D/AndroidRuntime(4830): Calling main entry com.android.commands.pm.Pm
03-29 05:34:05.385: D/DefContainer(4151): Copying /data/local/tmp/androidx.test.tools.crawler.stubapp.apk to base.apk
03-29 05:34:05.387: I/PackageParser(1726): androidx.test.tools.crawler.stubapp: compat added android.permission.WRITE_EXTERNAL_STORAGE android.permission.READ_PHONE_STATE
03-29 05:34:05.392: I/PackageManager.DexOptimizer(1726): Running dexopt (dex2oat) on: /data/app/vmdl1993214093.tmp/base.apk pkg=androidx.test.tools.crawler.stubapp isa=x86 vmSafeMode=false debuggable=false oatDir = /data/app/vmdl1993214093.tmp/oat bootComplete=true
03-29 05:34:05.400: I/dex2oat(4838): Starting dex2oat.
03-29 05:34:05.400: E/cutils-trace(4838): Error opening trace file: Permission denied (13)
03-29 05:34:05.404: I/dex2oat(4838): dex2oat took 4.224ms (threads: 2) arena alloc=6KB java alloc=16KB native alloc=795KB free=740KB
03-29 05:34:05.427: V/BackupManagerService(1726): restoreAtInstall pkg=androidx.test.tools.crawler.stubapp token=b restoreSet=0
03-29 05:34:05.427: V/BackupManagerService(1726): Finishing install immediately
03-29 05:34:05.429: W/Settings(1726): Setting install_non_market_apps has moved from android.provider.Settings.Global to android.provider.Settings.Secure, returning read-only value.
03-29 05:34:05.429: I/art(1726): Starting a blocking GC Explicit
03-29 05:34:05.447: I/art(1726): Explicit concurrent mark sweep GC freed 39002(2MB) AllocSpace objects, 7(140KB) LOS objects, 33% free, 28MB/42MB, paused 268us total 17.183ms
03-29 05:34:05.448: I/art(4830): System.exit called, status: 0
03-29 05:34:05.448: I/AndroidRuntime(4830): VM exiting with result code 0.
03-29 05:34:05.459: D/CarrierServiceBindHelper(2034): Receive action: android.intent.action.PACKAGE_ADDED
03-29 05:34:05.459: D/BluetoothMapAppObserver(2549): onReceive
03-29 05:34:05.459: D/BluetoothMapAppObserver(2549): The installed package is: androidx.test.tools.crawler.stubapp
03-29 05:34:05.459: D/BluetoothMapAppObserver(2549): Found 0 application(s) with intent android.bluetooth.action.BLUETOOTH_MAP_PROVIDER
03-29 05:34:05.460: D/CarrierServiceBindHelper(2034): mHandler: 3
03-29 05:34:05.460: D/CarrierConfigLoader(2034): mHandler: 9 phoneId: 0
03-29 05:34:05.460: I/InputReader(1726): Reconfiguring input devices.  changes=0x00000010
03-29 05:34:05.460: D/BluetoothMapAppObserver(2549): Found 0 application(s) with intent android.bluetooth.action.BLUETOOTH_MAP_IM_PROVIDER
03-29 05:34:05.466: D/Finsky(3041): [1] ExternalReferrer.access$200: Package state data is missing for androidx.test.tools.crawler.stubapp
03-29 05:34:05.470: I/UpdateIcingCorporaServi(3076): Updating corpora: APPS=androidx.test.tools.crawler.stubapp, CONTACTS=MAYBE
03-29 05:34:05.477: I/UpdateIcingCorporaServi(3076): UpdateCorporaTask done [took 7 ms] updated apps [took 7 ms] 
03-29 05:34:05.495: I/Auth(2532): [SupervisedAccountIntentOperation] onHandleIntent(): android.intent.action.PACKAGE_ADDED
03-29 05:34:05.495: I/Auth(2532): [SupervisedAccountIntentOperation] This operation is disabled
03-29 05:34:05.495: I/ChromeSync(2532): [Sync,SyncIntentOperation] Handling the intent: Intent { act=android.intent.action.PACKAGE_ADDED dat=package:androidx.test.tools.crawler.stubapp flg=0x4000010 cmp=com.google.android.gms/.chimera.GmsIntentOperationService (has extras) }.
03-29 05:34:05.496: I/FontsPackageChangeOp(2532): Package androidx.test.tools.crawler.stubapp has no metadata
03-29 05:34:05.499: I/ChromeSync(2532): [Persistence,AffiliationManager] No affiliation data for android://N50vJU0zrJ8WOzDt6r3GDtfqrkROFOSiqHcmppwn3vxaRC4hFpNn4UsL7XlvjtlfcWuDAQhmck0qjQPwsrpMNg==@androidx.test.tools.crawler.stubapp/. Marking affiliation data as stale...
03-29 05:34:05.499: I/ChromeSync(2532): [Persistence,AffiliationManager] Fetching affiliations from the server.
03-29 05:34:05.505: I/PeopleContactsSync(2532): triggerPendingContactsCleanup: no accounts
03-29 05:34:05.507: I/Icing(2532): IndexChimeraService.getServiceInterface callingPackage=com.google.android.gms componentName=AppsCorpus serviceId=36
03-29 05:34:05.507: I/Icing(2532): IndexChimeraService.getServiceInterface callingPackage=com.google.android.gms componentName=AppsCorpus serviceId=32
03-29 05:34:05.522: I/Icing(2532): Usage reports ok 0, Failed Usage reports 0, indexed 0, rejected 0, imm upload false
03-29 05:34:05.531: I/Icing(2532): Usage reports ok 0, Failed Usage reports 0, indexed 0, rejected 0, imm upload false
03-29 05:34:05.680: D/AndroidRuntime(4853): >>>>>> START com.android.internal.os.RuntimeInit uid 0 <<<<<<
03-29 05:34:05.681: D/AndroidRuntime(4853): CheckJNI is OFF
03-29 05:34:05.693: D/ICU(4853): No timezone override file found: /data/misc/zoneinfo/current/icu/icu_tzdata.dat
03-29 05:34:05.693: D/ICU(4853): [ 03-29 05:34:05.697  4853: 4853 W/         ]
03-29 05:34:05.693: D/ICU(4853): Failed to bind-mount /system/lib/x86/cpuinfo as /proc/cpuinfo: No such file or directory
03-29 05:34:05.703: E/memtrack(4853): Couldn't load memtrack module (No such file or directory)
03-29 05:34:05.703: E/android.os.Debug(4853): failed to load memtrack module: -2
03-29 05:34:05.704: I/Radio-JNI(4853): register_android_hardware_Radio DONE
03-29 05:34:05.711: D/AndroidRuntime(4853): Calling main entry com.android.commands.input.Input
03-29 05:34:05.712: I/Input(4853): injectKeyEvent: KeyEvent { action=ACTION_DOWN, keyCode=KEYCODE_MENU, scanCode=0, metaState=0, flags=0x0, repeatCount=0, eventTime=370183, downTime=370183, deviceId=-1, source=0x101 }
03-29 05:34:05.714: I/Input(4853): injectKeyEvent: KeyEvent { action=ACTION_UP, keyCode=KEYCODE_MENU, scanCode=0, metaState=0, flags=0x0, repeatCount=0, eventTime=370183, downTime=370183, deviceId=-1, source=0x101 }
03-29 05:34:05.715: D/AndroidRuntime(4853): Shutting down VM
03-29 05:34:05.772: W/AudioTrack(1806): AUDIO_OUTPUT_FLAG_FAST denied by client; transfer 4, track 44100 Hz, output 48000 Hz
03-29 05:34:05.782: D/PhoneStatusBar(1806): disable: < expand icons* alerts system_info* back HOME RECENT clock SEARCH quick_settings >
03-29 05:34:05.807: I/ActivityManager(1726): Start proc 4863:com.google.android.apps.fitness/u0a40 for broadcast com.google.android.apps.fitness/.widget.TodayStatusWidgetProvider
03-29 05:34:05.832: D/AudioFlinger(1343): mixer(0xb4380000) throttle end: throttle time(11)
03-29 05:34:05.853: I/Icing(2532): Indexing com.google.android.gms-apps from com.google.android.gms
03-29 05:34:05.853: I/Icing(2532): Indexing done com.google.android.gms-apps
03-29 05:34:05.909: I/Keyboard.Facilitator(2014): onFinishInput()
03-29 05:34:06.020: W/System(4863): ClassLoader referenced unknown path: /system/app/FitnessPrebuilt/lib/x86
03-29 05:34:05.874: I/Binder_1(1726): type=1400 audit(0.0:155): avc: denied { ioctl } for path="socket:[29660]" dev="sockfs" ino=29660 ioctlcmd=7704 scontext=u:r:system_server:s0 tcontext=u:r:system_server:s0 tclass=unix_stream_socket permissive=1
03-29 05:34:05.874: I/Binder_1(1726): type=1400 audit(0.0:156): avc: denied { ioctl } for path="socket:[29660]" dev="sockfs" ino=29660 ioctlcmd=7704 scontext=u:r:system_server:s0 tcontext=u:r:system_server:s0 tclass=unix_stream_socket permissive=1
03-29 05:34:06.189: I/ActivityManager(1726): Killing 2249:android.process.media/u0a7 (adj 15): empty #17
03-29 05:34:06.241: D/ActivityManager(1726): cleanUpApplicationRecord -- 2249
03-29 05:34:05.884: I/Binder_8(1726): type=1400 audit(0.0:157): avc: denied { ioctl } for path="socket:[29659]" dev="sockfs" ino=29659 ioctlcmd=7704 scontext=u:r:system_server:s0 tcontext=u:r:system_server:s0 tclass=unix_stream_socket permissive=1
03-29 05:34:06.288: W/art(1726): Long monitor contention event with owner method=void com.android.server.wm.WindowAnimator$1.doFrame(long) from WindowAnimator.java:121 waiters=0 for 240ms
03-29 05:34:05.884: I/Binder_8(1726): type=1400 audit(0.0:158): avc: denied { ioctl } for path="socket:[29659]" dev="sockfs" ino=29659 ioctlcmd=7704 scontext=u:r:system_server:s0 tcontext=u:r:system_server:s0 tclass=unix_stream_socket permissive=1
03-29 05:34:06.332: W/MDM(2532): [410] adiz.c: enableNfc
03-29 05:34:06.334: W/MDM(2532): [410] adiz.c: EnableNfc flag is true
03-29 05:34:06.334: V/NFC(2532): this device does not have NFC support
03-29 05:34:06.350: I/CastDatabase(2532): Opening the database
03-29 05:34:06.444: I/SQLiteCastDBHelper(2532): Creating cast database
03-29 05:34:06.453: I/SQLiteCastStore(2532): 0 CastNetworkInfo instances loaded, 0 CastDeviceInfo instances loaded, 0 paired guest mode devices loaded.
03-29 05:34:06.573: I/Icing(2532): Indexing com.google.android.gms-apps from com.google.android.gms
03-29 05:34:06.573: I/Icing(2532): Indexing done com.google.android.gms-apps
03-29 05:34:06.685: W/art(1726): Long monitor contention event with owner method=void com.android.server.wm.WindowAnimator$1.doFrame(long) from WindowAnimator.java:121 waiters=0 for 183ms
03-29 05:34:06.703: I/CastSocket(2532): 23 >= 18. Adding new CastClientAuthKeyManager.
03-29 05:34:06.772: I/DiscoveryManager(2532): WifiGuestModeDeviceScanner enabled.
03-29 05:34:06.772: D/BluetoothManagerService(1726): Added callback: android.bluetooth.IBluetoothManagerCallback$Stub$Proxy@953b8eb:true
03-29 05:34:06.858: W/art(1726): Long monitor contention event with owner method=void com.android.server.wm.WindowAnimator$1.doFrame(long) from WindowAnimator.java:121 waiters=0 for 172ms
03-29 05:34:06.905: I/MediaRouter(2532): Found default route: MediaRouter.RouteInfo{ uniqueId=android/ags:DEFAULT_ROUTE, name=Phone, description=null, iconUri=null, enabled=true, connecting=false, connectionState=0, canDisconnect=false, playbackType=0, playbackStream=3, deviceType=0, volumeHandling=1, volume=11, volumeMax=15, presentationDisplayId=-1, extras=null, settingsIntent=null, providerPackageName=android }
03-29 05:34:06.905: I/MediaRouter(2532): Unselecting the current route because it is no longer selectable: null
03-29 05:34:06.960: I/Remoter(1332): Saved screenshot to '/data/screenshots/__pmv__-0089.jpg'
03-29 05:34:07.023: W/art(1726): Long monitor contention event with owner method=int com.android.server.wm.WindowManagerService.relayoutWindow(com.android.server.wm.Session, android.view.IWindow, int, android.view.WindowManager$LayoutParams, int, int, int, int, android.graphics.Rect, android.graphics.Rect, android.graphics.Rect, android.graphics.Rect, android.graphics.Rect, android.graphics.Rect, android.content.res.Configuration, android.view.Surface) from WindowManagerService.java:3105 waiters=0 for 149ms
03-29 05:34:07.025: I/GceGrallocRegionRegistry(1337): Mapped gralloc-1337.23 hnd=0xb2a8d100 fd=14 base=0xb1807000 format=RGBA_8888(0x1) width=1440 height=168
03-29 05:34:07.025: I/GceGrallocRegionRegistry(1337): Mapped gralloc-1337.24 hnd=0xb2a8d140 fd=25 base=0xb170e000 format=RGBA_8888(0x1) width=1440 height=168
03-29 05:34:07.025: I/GceGrallocRegionRegistry(1337): Mapped gralloc-1337.25 hnd=0xb2a8d180 fd=26 base=0xb1615000 format=RGBA_8888(0x1) width=1440 height=168
03-29 05:34:07.027: D/PhoneStatusBar(1806): disable: < expand icons alerts system_info back HOME RECENT clock SEARCH quick_settings >
03-29 05:34:07.028: I/Choreographer(1806): Skipped 73 frames!  The application may be doing too much work on its main thread.
03-29 05:34:07.051: I/GceGrallocRegionRegistry(1806): Mapped gralloc-1337.25 hnd=0x9c7be240 fd=54 base=0x9b108000 format=RGBA_8888(0x1) width=1440 height=168
03-29 05:34:07.121: D/PhoneStatusBar(1806): disable: < expand icons alerts system_info back home* recent* clock search* quick_settings >
03-29 05:34:07.044: I/RenderThread(1806): type=1400 audit(0.0:159): avc: denied { read } for path=2F6465762F6173686D656D2F6772616C6C6F632D313333372E3235202864656C6574656429 dev="tmpfs" ino=30146 scontext=u:r:platform_app:s0:c512,c768 tcontext=u:object_r:surfaceflinger_tmpfs:s0 tclass=file permissive=1
03-29 05:34:07.366: I/GceGrallocRegionRegistry(1806): Mapped gralloc-1337.24 hnd=0x9b7e2040 fd=55 base=0x9af07000 format=RGBA_8888(0x1) width=1440 height=168
03-29 05:34:07.717: W/art(1726): Long monitor contention event with owner method=void com.android.server.wm.WindowAnimator$1.doFrame(long) from WindowAnimator.java:121 waiters=0 for 148ms
03-29 05:34:07.868: I/GceGrallocRegionRegistry(1806): Unmapped gralloc-1337.20 hnd=0xa9d4e840 fd=48 base=0x969ee000
03-29 05:34:07.869: I/GceGrallocRegionRegistry(1806): Unmapped gralloc-1337.21 hnd=0x9c6bb340 fd=49 base=0x95bdc000
03-29 05:34:07.869: I/GceGrallocRegionRegistry(1806): Unmapped gralloc-1337.22 hnd=0x9a75a740 fd=50 base=0x94dca000
03-29 05:34:07.870: I/GceGrallocRegionRegistry(1337): Unmapped gralloc-1337.20 hnd=0xb2ab9300 fd=19 base=0xaab68000
03-29 05:34:07.879: I/GceGrallocRegionRegistry(1337): Unmapped gralloc-1337.21 hnd=0xb2ab96c0 fd=24 base=0xa66d0000
03-29 05:34:07.897: I/GceGrallocRegionRegistry(1337): Mapped gralloc-1337.26 hnd=0xb2ab9200 fd=19 base=0xb158c000 format=RGBA_8888(0x1) width=1440 height=84
03-29 05:34:07.897: I/GceGrallocRegionRegistry(1806): Mapped gralloc-1337.26 hnd=0x9a7217c0 fd=49 base=0x9b5b7000 format=RGBA_8888(0x1) width=1440 height=84
03-29 05:34:07.941: I/GceGrallocRegionRegistry(1806): Mapped gralloc-1337.23 hnd=0x9ba2d200 fd=50 base=0x9ae0e000 format=RGBA_8888(0x1) width=1440 height=168
03-29 05:34:07.954: I/GceGrallocRegionRegistry(1337): Mapped gralloc-1337.27 hnd=0xb2ab94c0 fd=24 base=0xb1503000 format=RGBA_8888(0x1) width=1440 height=84
03-29 05:34:07.955: I/GceGrallocRegionRegistry(1806): Mapped gralloc-1337.27 hnd=0x9b9c8d80 fd=52 base=0x9ad85000 format=RGBA_8888(0x1) width=1440 height=84
03-29 05:34:08.036: I/GceGrallocRegionRegistry(1337): Unmapped gralloc-1337.22 hnd=0xb6acf100 fd=15 base=0xaec6e000
03-29 05:34:08.095: D/AndroidRuntime(4899): >>>>>> START com.android.internal.os.RuntimeInit uid 0 <<<<<<
03-29 05:34:08.097: D/AndroidRuntime(4899): CheckJNI is OFF
03-29 05:34:08.196: D/ICU(4899): No timezone override file found: /data/misc/zoneinfo/current/icu/icu_tzdata.dat
03-29 05:34:08.196: D/ICU(4899): [ 03-29 05:34:08.248  4899: 4899 W/         ]
03-29 05:34:08.196: D/ICU(4899): Failed to bind-mount /system/lib/x86/cpuinfo as /proc/cpuinfo: No such file or directory
03-29 05:34:08.258: E/memtrack(4899): Couldn't load memtrack module (No such file or directory)
03-29 05:34:08.258: E/android.os.Debug(4899): failed to load memtrack module: -2
03-29 05:34:08.261: I/Radio-JNI(4899): register_android_hardware_Radio DONE
03-29 05:34:08.271: D/AndroidRuntime(4899): Calling main entry com.android.commands.pm.Pm
03-29 05:34:08.276: D/DefContainer(4151): Copying /data/local/tmp/com.google.android.gms.policy_test_support.apk to base.apk
03-29 05:34:08.326: I/Remoter(1332): Saved screenshot to '/data/screenshots/__pmv__-0090.jpg'
03-29 05:34:08.364: I/PackageManager.DexOptimizer(1726): Running dexopt (dex2oat) on: /data/app/vmdl1739327428.tmp/base.apk pkg=com.google.android.gms.policy_test_support isa=x86 vmSafeMode=false debuggable=false oatDir = /data/app/vmdl1739327428.tmp/oat bootComplete=true
03-29 05:34:08.372: I/dex2oat(4907): Starting dex2oat.
03-29 05:34:08.372: E/cutils-trace(4907): Error opening trace file: Permission denied (13)
03-29 05:34:08.657: W/dex2oat(4907): No verified method for method calling String.<init>: java.lang.String android.text.TextUtils.substring(java.lang.CharSequence, int, int)
03-29 05:34:09.259: I/dex2oat(4907): dex2oat took 887.438ms (threads: 2) arena alloc=2MB java alloc=1918KB native alloc=9MB free=2MB
03-29 05:34:09.284: V/BackupManagerService(1726): restoreAtInstall pkg=com.google.android.gms.policy_test_support token=c restoreSet=0
03-29 05:34:09.284: V/BackupManagerService(1726): Finishing install immediately
03-29 05:34:09.287: W/Settings(1726): Setting install_non_market_apps has moved from android.provider.Settings.Global to android.provider.Settings.Secure, returning read-only value.
03-29 05:34:09.287: I/art(1726): Starting a blocking GC Explicit
03-29 05:34:09.308: I/art(1726): Explicit concurrent mark sweep GC freed 96505(5MB) AllocSpace objects, 37(1408KB) LOS objects, 33% free, 28MB/42MB, paused 279us total 20.802ms
03-29 05:34:09.316: D/CarrierServiceBindHelper(2034): Receive action: android.intent.action.PACKAGE_ADDED
03-29 05:34:09.316: D/BluetoothMapAppObserver(2549): onReceive
03-29 05:34:09.316: D/BluetoothMapAppObserver(2549): The installed package is: com.google.android.gms.policy_test_support
03-29 05:34:09.317: I/InputReader(1726): Reconfiguring input devices.  changes=0x00000010
03-29 05:34:09.317: D/CarrierServiceBindHelper(2034): mHandler: 3
03-29 05:34:09.317: D/CarrierConfigLoader(2034): mHandler: 9 phoneId: 0
03-29 05:34:09.319: D/BluetoothMapAppObserver(2549): Found 0 application(s) with intent android.bluetooth.action.BLUETOOTH_MAP_PROVIDER
03-29 05:34:09.319: D/BluetoothMapAppObserver(2549): Found 0 application(s) with intent android.bluetooth.action.BLUETOOTH_MAP_IM_PROVIDER
03-29 05:34:09.321: I/art(4899): System.exit called, status: 0
03-29 05:34:09.321: I/AndroidRuntime(4899): VM exiting with result code 0.
03-29 05:34:09.340: D/Finsky(3041): [1] ExternalReferrer.access$200: Package state data is missing for com.google.android.gms.policy_test_support
03-29 05:34:09.350: I/UpdateIcingCorporaServi(3076): Updating corpora: APPS=com.google.android.gms.policy_test_support, CONTACTS=MAYBE
03-29 05:34:09.359: I/UpdateIcingCorporaServi(3076): UpdateCorporaTask done [took 10 ms] updated apps [took 10 ms] 
03-29 05:34:09.497: I/Remoter(1332): Saved screenshot to '/data/screenshots/__pmv__-0091.jpg'
03-29 05:34:09.522: E/DowngradeHelper(2532): isModuleDowngradeRequired false
03-29 05:34:09.522: E/ConfigFileUtils(2532): Failed to read config file: /data/data/com.google.android.gms/app_chimera/current_modules_init.pb: open failed: ENOENT (No such file or directory)
03-29 05:34:09.545: W/System(2532): ClassLoader referenced unknown path: /data/app/com.google.android.gms.policy_test_support-1/lib/x86
03-29 05:34:09.580: I/Auth(2532): [SupervisedAccountIntentOperation] onHandleIntent(): android.intent.action.PACKAGE_ADDED
03-29 05:34:09.580: I/Auth(2532): [SupervisedAccountIntentOperation] This operation is disabled
03-29 05:34:09.583: I/ChromeSync(2532): [Sync,SyncIntentOperation] Handling the intent: Intent { act=android.intent.action.PACKAGE_ADDED dat=package:com.google.android.gms.policy_test_support flg=0x4000010 cmp=com.google.android.gms/.chimera.GmsIntentOperationService (has extras) }.
03-29 05:34:09.589: I/TestSupport(2532): Activate: 1553670000000@1553852049588
03-29 05:34:09.589: I/TestSupport(2532): Boot time: 1553851675528
03-29 05:34:09.597: I/ChromeSync(2532): [Persistence,AffiliationManager] No affiliation data for android://JQGPsg9dd2HvcQ3NOvpIBkUqO05p1z872yyCqMPGKyYTrXaagXb_cTSR6Tw7zvKHuN1SL7HTpLIIpZ7kfHKqVA==@com.google.android.gms.policy_test_support/. Marking affiliation data as stale...
03-29 05:34:09.600: I/ChromeSync(2532): [Persistence,AffiliationManager] Fetching affiliations from the server.
03-29 05:34:09.612: I/PeopleContactsSync(2532): triggerPendingContactsCleanup: no accounts
03-29 05:34:09.613: I/Icing(2532): IndexChimeraService.getServiceInterface callingPackage=com.google.android.gms componentName=AppsCorpus serviceId=32
03-29 05:34:09.613: I/Icing(2532): IndexChimeraService.getServiceInterface callingPackage=com.google.android.gms componentName=AppsCorpus serviceId=36
03-29 05:34:09.619: I/TestSupport(2532): Updated: /data/data/com.google.android.gms/app_testsupport/.startup
03-29 05:34:09.665: I/Icing(2532): Usage reports ok 0, Failed Usage reports 0, indexed 0, rejected 0, imm upload false
03-29 05:34:09.702: I/Icing(2532): Usage reports ok 0, Failed Usage reports 0, indexed 0, rejected 0, imm upload false
03-29 05:34:09.860: I/ajji(2373): Scheduling Phenotype for a PhenotypeSyncImmediately(6, com.google.android.gms.testsupport) one off with window [1, 2] in seconds [CONTEXT service_id=51 ]
03-29 05:34:09.869: E/NetworkScheduler(2373): Invalid component specified.
03-29 05:34:09.997: D/AndroidRuntime(4941): >>>>>> START com.android.internal.os.RuntimeInit uid 0 <<<<<<
03-29 05:34:09.998: D/AndroidRuntime(4941): CheckJNI is OFF
03-29 05:34:10.010: D/ICU(4941): No timezone override file found: /data/misc/zoneinfo/current/icu/icu_tzdata.dat
03-29 05:34:10.010: D/ICU(4941): [ 03-29 05:34:10.014  4941: 4941 W/         ]
03-29 05:34:10.010: D/ICU(4941): Failed to bind-mount /system/lib/x86/cpuinfo as /proc/cpuinfo: No such file or directory
03-29 05:34:10.021: E/memtrack(4941): Couldn't load memtrack module (No such file or directory)
03-29 05:34:10.021: E/android.os.Debug(4941): failed to load memtrack module: -2
03-29 05:34:10.022: I/Radio-JNI(4941): register_android_hardware_Radio DONE
03-29 05:34:10.029: D/AndroidRuntime(4941): Calling main entry com.android.commands.pm.Pm
03-29 05:34:10.033: D/DefContainer(4151): Copying /data/local/tmp/com.google.android.gmscore.testing.testsupport.apk to base.apk
03-29 05:34:10.076: I/PackageManager.DexOptimizer(1726): Running dexopt (dex2oat) on: /data/app/vmdl56167722.tmp/base.apk pkg=com.google.android.gmscore.testing.testsupport isa=x86 vmSafeMode=false debuggable=false oatDir = /data/app/vmdl56167722.tmp/oat bootComplete=true
03-29 05:34:10.084: I/dex2oat(4949): Starting dex2oat.
03-29 05:34:10.084: E/cutils-trace(4949): Error opening trace file: Permission denied (13)
03-29 05:34:10.632: I/Remoter(1332): Saved screenshot to '/data/screenshots/__pmv__-0092.jpg'
03-29 05:34:10.731: I/Icing(2532): Indexing com.google.android.gms-apps from com.google.android.gms
03-29 05:34:10.731: I/Icing(2532): Indexing done com.google.android.gms-apps
03-29 05:34:11.785: I/Remoter(1332): Saved screenshot to '/data/screenshots/__pmv__-0093.jpg'
03-29 05:34:11.901: I/dex2oat(4949): dex2oat took 1.816s (threads: 2) arena alloc=1779KB java alloc=2MB native alloc=16MB free=2MB
03-29 05:34:11.930: W/Settings(1726): Setting install_non_market_apps has moved from android.provider.Settings.Global to android.provider.Settings.Secure, returning read-only value.
03-29 05:34:11.930: I/art(1726): Starting a blocking GC Explicit
03-29 05:34:11.953: I/art(1726): Explicit concurrent mark sweep GC freed 55609(3MB) AllocSpace objects, 10(272KB) LOS objects, 33% free, 28MB/42MB, paused 270us total 23.167ms
03-29 05:34:11.970: D/BluetoothMapAppObserver(2549): onReceive
03-29 05:34:11.970: D/BluetoothMapAppObserver(2549): The installed package is: com.google.android.gmscore.testing.testsupport
03-29 05:34:11.970: D/BluetoothMapAppObserver(2549): Found 0 application(s) with intent android.bluetooth.action.BLUETOOTH_MAP_PROVIDER
03-29 05:34:11.970: I/InputReader(1726): Reconfiguring input devices.  changes=0x00000010
03-29 05:34:11.971: D/BluetoothMapAppObserver(2549): Found 0 application(s) with intent android.bluetooth.action.BLUETOOTH_MAP_IM_PROVIDER
03-29 05:34:11.973: D/CarrierServiceBindHelper(2034): Receive action: android.intent.action.PACKAGE_ADDED
03-29 05:34:11.974: D/CarrierServiceBindHelper(2034): mHandler: 3
03-29 05:34:11.974: D/CarrierConfigLoader(2034): mHandler: 9 phoneId: 0
03-29 05:34:12.022: I/art(4941): System.exit called, status: 0
03-29 05:34:12.022: I/AndroidRuntime(4941): VM exiting with result code 0.
03-29 05:34:12.036: D/Finsky(3041): [1] ExternalReferrer.access$200: Package state data is missing for com.google.android.gmscore.testing.testsupport
03-29 05:34:12.050: I/UpdateIcingCorporaServi(3076): Updating corpora: APPS=com.google.android.gmscore.testing.testsupport, CONTACTS=MAYBE
03-29 05:34:12.066: I/UpdateIcingCorporaServi(3076): UpdateCorporaTask done [took 16 ms] updated apps [took 16 ms] 
03-29 05:34:12.103: I/Auth(2532): [SupervisedAccountIntentOperation] onHandleIntent(): android.intent.action.PACKAGE_ADDED
03-29 05:34:12.103: I/Auth(2532): [SupervisedAccountIntentOperation] This operation is disabled
03-29 05:34:12.103: I/ChromeSync(2532): [Sync,SyncIntentOperation] Handling the intent: Intent { act=android.intent.action.PACKAGE_ADDED dat=package:com.google.android.gmscore.testing.testsupport flg=0x4000010 cmp=com.google.android.gms/.chimera.GmsIntentOperationService (has extras) }.
03-29 05:34:12.104: I/ChromeSync(2532): [Persistence,AffiliationManager] No affiliation data for android://7qg--Vdm54zxKo8avkCXCD_7ToNk-gSGsIINmMu_krBTT9yKXmXa5m1MzFNMIqP92nwcLB8-pgfDA4TXFVsmSw==@com.google.android.gmscore.testing.testsupport/. Marking affiliation data as stale...
03-29 05:34:12.105: I/ChromeSync(2532): [Persistence,AffiliationManager] Fetching affiliations from the server.
03-29 05:34:12.117: I/Icing(2532): IndexChimeraService.getServiceInterface callingPackage=com.google.android.gms componentName=AppsCorpus serviceId=32
03-29 05:34:12.117: I/PeopleContactsSync(2532): triggerPendingContactsCleanup: no accounts
03-29 05:34:12.118: I/Icing(2532): IndexChimeraService.getServiceInterface callingPackage=com.google.android.gms componentName=AppsCorpus serviceId=36
03-29 05:34:12.149: I/Icing(2532): Usage reports ok 0, Failed Usage reports 0, indexed 0, rejected 0, imm upload false
03-29 05:34:12.157: I/Icing(2532): Usage reports ok 0, Failed Usage reports 0, indexed 0, rejected 0, imm upload false
03-29 05:34:12.257: W/Conscrypt(2373): Could not set socket write timeout: java.net.SocketException: Socket closed
03-29 05:34:12.257: W/Conscrypt(2373): 	at com.google.android.gms.org.conscrypt.Platform.setSocketWriteTimeout(:com.google.android.gms@14367022@14.3.67 (040700-216465562):2)
03-29 05:34:12.257: W/Conscrypt(2373): 	at com.google.android.gms.org.conscrypt.ConscryptFileDescriptorSocket.setSoWriteTimeout(:com.google.android.gms@14367022@14.3.67 (040700-216465562):2)
03-29 05:34:12.259: W/Conscrypt(2373): Could not set socket write timeout: java.net.SocketException: Socket closed
03-29 05:34:12.260: W/Conscrypt(2373): 	at com.google.android.gms.org.conscrypt.Platform.setSocketWriteTimeout(:com.google.android.gms@14367022@14.3.67 (040700-216465562):2)
03-29 05:34:12.260: W/Conscrypt(2373): 	at com.google.android.gms.org.conscrypt.ConscryptFileDescriptorSocket.setSoWriteTimeout(:com.google.android.gms@14367022@14.3.67 (040700-216465562):2)
03-29 05:34:12.338: D/AndroidRuntime(4963): >>>>>> START com.android.internal.os.RuntimeInit uid 0 <<<<<<
03-29 05:34:12.340: D/AndroidRuntime(4963): CheckJNI is OFF
03-29 05:34:12.344: I/ajhm(2373): updateFromConfigurations using legacy put method [CONTEXT service_id=51 ]
03-29 05:34:12.353: I/ajhm(2373): updateFromConfigurations using legacy put method [CONTEXT service_id=51 ]
03-29 05:34:12.353: I/ajji(2373): Scheduling adaptive one off task with window [14400, 604800] in seconds [CONTEXT service_id=51 ]
03-29 05:34:12.356: D/ICU(4963): No timezone override file found: /data/misc/zoneinfo/current/icu/icu_tzdata.dat
03-29 05:34:12.359: E/NetworkScheduler(2373): Invalid component specified.
03-29 05:34:12.359: E/NetworkScheduler(2373): [ 03-29 05:34:12.362  4963: 4963 W/         ]
03-29 05:34:12.359: E/NetworkScheduler(2373): Failed to bind-mount /system/lib/x86/cpuinfo as /proc/cpuinfo: No such file or directory
03-29 05:34:12.370: E/memtrack(4963): Couldn't load memtrack module (No such file or directory)
03-29 05:34:12.370: E/android.os.Debug(4963): failed to load memtrack module: -2
03-29 05:34:12.371: I/Radio-JNI(4963): register_android_hardware_Radio DONE
03-29 05:34:12.379: D/AndroidRuntime(4963): Calling main entry com.android.commands.am.Am
03-29 05:34:12.391: I/ActivityManager(1726): Start proc 4976:com.google.android.gmscore.testing.testsupport/u0a89 for service com.google.android.gmscore.testing.testsupport/.CommandService
03-29 05:34:12.391: D/AndroidRuntime(4963): Shutting down VM
03-29 05:34:12.458: W/System(4976): ClassLoader referenced unknown path: /data/app/com.google.android.gmscore.testing.testsupport-1/lib/x86
03-29 05:34:12.460: I/TSDRIVER(4976): CommandService onHandleIntent()
03-29 05:34:12.460: I/TSDRIVER(4976): Got command: PACKAGE
03-29 05:34:12.462: I/TSDRIVER(4976): flag package: Eglnc2VydmljZXMaLAooZmluc2t5LnBsYXlfc2VydmljZXNfYXV0b191cGRhdGVfZW5hYmxlZBgAGjUKMWZpbnNreS5zZXR1cF93aXphcmRfYWRkaXRpb25hbF9hY2NvdW50X3ZwYV9lbmFibGUYAA
03-29 05:34:12.463: I/TSDRIVER(4976): flag package: gservices
03-29 05:34:12.465: E/GooglePlayServicesUtil(4976): The Google Play services resources were not found. Check your project configuration to ensure that the resources are included.
03-29 05:34:12.470: W/Primes(2532): Primes not initialized, returning default (no-op) Primes instance which will ignore all calls. Please call Primes.initialize(...) before using any Primes API.
03-29 05:34:12.477: W/DynamiteModule(2532): Local module descriptor class for com.google.android.gms.googlecertificates not found.
03-29 05:34:12.477: I/DynamiteModule(2532): Considering local module com.google.android.gms.googlecertificates:0 and remote module com.google.android.gms.googlecertificates:4
03-29 05:34:12.477: I/DynamiteModule(2532): Selected remote version of com.google.android.gms.googlecertificates, version >= 4
03-29 05:34:12.488: I/TestSupport(2532): Activated: 1553670000000@1553852049588
