03-29 05:33:41.698: D/AndroidRuntime(4101): >>>>>> START com.android.internal.os.RuntimeInit uid 0 <<<<<<
03-29 05:33:41.699: D/AndroidRuntime(4101): CheckJNI is OFF
03-29 05:33:41.712: D/ICU(4101): No timezone override file found: /data/misc/zoneinfo/current/icu/icu_tzdata.dat
03-29 05:33:41.712: D/ICU(4101): [ 03-29 05:33:41.716  4101: 4101 W/         ]
03-29 05:33:41.712: D/ICU(4101): Failed to bind-mount /system/lib/x86/cpuinfo as /proc/cpuinfo: No such file or directory
03-29 05:33:41.723: E/memtrack(4101): Couldn't load memtrack module (No such file or directory)
03-29 05:33:41.723: E/android.os.Debug(4101): failed to load memtrack module: -2
03-29 05:33:41.724: I/Radio-JNI(4101): register_android_hardware_Radio DONE
03-29 05:33:41.731: D/AndroidRuntime(4101): Calling main entry com.android.commands.settings.SettingsCmd
03-29 05:33:41.734: D/AndroidRuntime(4101): Shutting down VM
03-29 05:33:42.036: I/Remoter(1332): Saved screenshot to '/data/screenshots/__pmv__-0068.jpg'
03-29 05:33:42.190: D/AndroidRuntime(4113): >>>>>> START com.android.internal.os.RuntimeInit uid 0 <<<<<<
03-29 05:33:42.191: D/AndroidRuntime(4113): CheckJNI is OFF
03-29 05:33:42.204: D/ICU(4113): No timezone override file found: /data/misc/zoneinfo/current/icu/icu_tzdata.dat
03-29 05:33:42.204: D/ICU(4113): [ 03-29 05:33:42.208  4113: 4113 W/         ]
03-29 05:33:42.204: D/ICU(4113): Failed to bind-mount /system/lib/x86/cpuinfo as /proc/cpuinfo: No such file or directory
03-29 05:33:42.216: E/memtrack(4113): Couldn't load memtrack module (No such file or directory)
03-29 05:33:42.216: E/android.os.Debug(4113): failed to load memtrack module: -2
03-29 05:33:42.216: I/Radio-JNI(4113): register_android_hardware_Radio DONE
03-29 05:33:42.223: D/AndroidRuntime(4113): Calling main entry com.android.commands.settings.SettingsCmd
03-29 05:33:42.226: D/AndroidRuntime(4113): Shutting down VM
03-29 05:33:43.132: I/Remoter(1332): Saved screenshot to '/data/screenshots/__pmv__-0069.jpg'
03-29 05:33:44.024: I/sshd(4135): type=1400 audit(0.0:122): avc: denied { read open } for path="/system/bin/sh" dev="sda3" ino=499 scontext=u:r:gcelogwrapper:s0 tcontext=u:object_r:shell_exec:s0 tclass=file permissive=1
03-29 05:33:44.024: I/sshd(4135): type=1400 audit(0.0:123): avc: denied { execute_no_trans } for path="/system/bin/sh" dev="sda3" ino=499 scontext=u:r:gcelogwrapper:s0 tcontext=u:object_r:shell_exec:s0 tclass=file permissive=1
03-29 05:33:44.104: I/scp(4135): type=1400 audit(0.0:124): avc: denied { write } for name="tmp" dev="loop6" ino=65538 scontext=u:r:gcelogwrapper:s0 tcontext=u:object_r:shell_data_file:s0 tclass=dir permissive=1
03-29 05:33:44.104: I/scp(4135): type=1400 audit(0.0:125): avc: denied { add_name } for name="com.google.android.apps.mtaas.tools.apk" scontext=u:r:gcelogwrapper:s0 tcontext=u:object_r:shell_data_file:s0 tclass=dir permissive=1
03-29 05:33:44.104: I/scp(4135): type=1400 audit(0.0:126): avc: denied { create } for name="com.google.android.apps.mtaas.tools.apk" scontext=u:r:gcelogwrapper:s0 tcontext=u:object_r:shell_data_file:s0 tclass=file permissive=1
03-29 05:33:44.104: I/scp(4135): type=1400 audit(0.0:127): avc: denied { write open } for path="/data/local/tmp/com.google.android.apps.mtaas.tools.apk" dev="loop6" ino=65577 scontext=u:r:gcelogwrapper:s0 tcontext=u:object_r:shell_data_file:s0 tclass=file permissive=1
03-29 05:33:44.104: I/scp(4135): type=1400 audit(0.0:128): avc: denied { getattr } for path="/data/local/tmp/com.google.android.apps.mtaas.tools.apk" dev="loop6" ino=65577 scontext=u:r:gcelogwrapper:s0 tcontext=u:object_r:shell_data_file:s0 tclass=file permissive=1
03-29 05:33:44.236: I/Remoter(1332): Saved screenshot to '/data/screenshots/__pmv__-0070.jpg'
03-29 05:33:44.691: D/AndroidRuntime(4143): >>>>>> START com.android.internal.os.RuntimeInit uid 0 <<<<<<
03-29 05:33:44.692: D/AndroidRuntime(4143): CheckJNI is OFF
03-29 05:33:44.704: D/ICU(4143): No timezone override file found: /data/misc/zoneinfo/current/icu/icu_tzdata.dat
03-29 05:33:44.704: D/ICU(4143): [ 03-29 05:33:44.708  4143: 4143 W/         ]
03-29 05:33:44.704: D/ICU(4143): Failed to bind-mount /system/lib/x86/cpuinfo as /proc/cpuinfo: No such file or directory
03-29 05:33:44.716: E/memtrack(4143): Couldn't load memtrack module (No such file or directory)
03-29 05:33:44.716: E/android.os.Debug(4143): failed to load memtrack module: -2
03-29 05:33:44.717: I/Radio-JNI(4143): register_android_hardware_Radio DONE
03-29 05:33:44.724: D/AndroidRuntime(4143): Calling main entry com.android.commands.pm.Pm
03-29 05:33:44.737: I/ActivityManager(1726): Start proc 4151:com.android.defcontainer/u0a6 for service com.android.defcontainer/.DefaultContainerService
03-29 05:33:44.714: I/main(1346): type=1400 audit(0.0:129): avc: denied { getattr } for path="/sys/kernel/debug/tracing/trace_marker" dev="tracefs" ino=1048 scontext=u:r:zygote:s0 tcontext=u:object_r:unlabeled:s0 tclass=file permissive=1
03-29 05:33:44.744: I/main(4151): type=1400 audit(0.0:130): avc: denied { search } for name="/" dev="tracefs" ino=1 scontext=u:r:zygote:s0 tcontext=u:object_r:unlabeled:s0 tclass=dir permissive=1
03-29 05:33:44.744: I/main(4151): type=1400 audit(0.0:131): avc: denied { write } for name="trace_marker" dev="tracefs" ino=1048 scontext=u:r:zygote:s0 tcontext=u:object_r:unlabeled:s0 tclass=file permissive=1
03-29 05:33:44.744: I/main(4151): type=1400 audit(0.0:132): avc: denied { open } for path="/sys/kernel/debug/tracing/trace_marker" dev="tracefs" ino=1048 scontext=u:r:zygote:s0 tcontext=u:object_r:unlabeled:s0 tclass=file permissive=1
03-29 05:33:44.896: D/DefContainer(4151): Copying /data/local/tmp/com.google.android.apps.mtaas.tools.apk to base.apk
03-29 05:33:44.937: I/SELinux(1344): SELinux: Loaded file_contexts contexts from /file_contexts.
03-29 05:33:44.938: I/PackageManager.DexOptimizer(1726): Running dexopt (dex2oat) on: /data/app/vmdl2102913796.tmp/base.apk pkg=com.google.android.apps.mtaas.tools isa=x86 vmSafeMode=false debuggable=false oatDir = /data/app/vmdl2102913796.tmp/oat bootComplete=true
03-29 05:33:45.335: I/Remoter(1332): Saved screenshot to '/data/screenshots/__pmv__-0071.jpg'
03-29 05:33:45.347: I/dex2oat(4166): Starting dex2oat.
03-29 05:33:45.347: E/cutils-trace(4166): Error opening trace file: Permission denied (13)
03-29 05:33:45.955: W/dex2oat(4166): Compilation of void android.support.annotation.RestrictTo$Scope.<init>(java.lang.String, int) took 189.860ms
03-29 05:33:45.961: W/dex2oat(4166): Compilation of void android.support.annotation.InspectableProperty$ValueType.<init>(java.lang.String, int) took 196.088ms
03-29 05:33:46.397: W/dex2oat(4166): No verified method for method calling String.<init>: java.lang.String java.io.ByteArrayOutputStream.toString()
03-29 05:33:46.354: I/remoter(1332): type=1400 audit(0.0:133): avc: denied { write } for name="screenshots" dev="loop6" ino=172033 scontext=u:r:gcelogwrapper:s0 tcontext=u:object_r:system_data_file:s0 tclass=dir permissive=1
03-29 05:33:46.482: I/Remoter(1332): Saved screenshot to '/data/screenshots/__pmv__-0072.jpg'
03-29 05:33:46.354: I/remoter(1332): type=1400 audit(0.0:134): avc: denied { add_name } for name="__pmv__-0072.jpg" scontext=u:r:gcelogwrapper:s0 tcontext=u:object_r:system_data_file:s0 tclass=dir permissive=1
03-29 05:33:46.354: I/remoter(1332): type=1400 audit(0.0:135): avc: denied { create } for name="__pmv__-0072.jpg" scontext=u:r:gcelogwrapper:s0 tcontext=u:object_r:system_data_file:s0 tclass=file permissive=1
03-29 05:33:46.354: I/remoter(1332): type=1400 audit(0.0:136): avc: denied { write open } for path="/data/screenshots/__pmv__-0072.jpg" dev="loop6" ino=172105 scontext=u:r:gcelogwrapper:s0 tcontext=u:object_r:system_data_file:s0 tclass=file permissive=1
03-29 05:33:46.464: I/remoter(1332): type=1400 audit(0.0:137): avc: denied { setattr } for name="__pmv__-0072.jpg" dev="loop6" ino=172105 scontext=u:r:gcelogwrapper:s0 tcontext=u:object_r:system_data_file:s0 tclass=file permissive=1
03-29 05:33:46.916: I/dex2oat(4166): dex2oat took 1.595s (threads: 2) arena alloc=303KB java alloc=2MB native alloc=9MB free=2MB
03-29 05:33:46.932: W/PackageManager(1726): Not granting permission android.permission.SET_ANIMATION_SCALE to package com.google.android.apps.mtaas.tools (protectionLevel=50 flags=0x3808be44)
03-29 05:33:46.932: W/PackageManager(1726): Not granting permission android.permission.CHANGE_CONFIGURATION to package com.google.android.apps.mtaas.tools (protectionLevel=50 flags=0x3808be44)
03-29 05:33:46.941: V/BackupManagerService(1726): restoreAtInstall pkg=com.google.android.apps.mtaas.tools token=1 restoreSet=0
03-29 05:33:46.941: V/BackupManagerService(1726): Finishing install immediately
03-29 05:33:46.944: W/Settings(1726): Setting install_non_market_apps has moved from android.provider.Settings.Global to android.provider.Settings.Secure, returning read-only value.
03-29 05:33:46.944: I/art(1726): Starting a blocking GC Explicit
03-29 05:33:46.961: I/art(1726): Explicit concurrent mark sweep GC freed 35031(2MB) AllocSpace objects, 7(140KB) LOS objects, 33% free, 27MB/41MB, paused 337us total 16.801ms
03-29 05:33:46.963: D/CarrierServiceBindHelper(2034): Receive action: android.intent.action.PACKAGE_ADDED
03-29 05:33:46.963: D/CarrierServiceBindHelper(2034): mHandler: 3
03-29 05:33:46.963: D/CarrierConfigLoader(2034): mHandler: 9 phoneId: 0
03-29 05:33:46.964: D/BluetoothMapAppObserver(2549): onReceive
03-29 05:33:46.965: D/BluetoothMapAppObserver(2549): The installed package is: com.google.android.apps.mtaas.tools
03-29 05:33:46.965: D/BluetoothMapAppObserver(2549): Found 0 application(s) with intent android.bluetooth.action.BLUETOOTH_MAP_PROVIDER
03-29 05:33:46.965: D/BluetoothMapAppObserver(2549): Found 0 application(s) with intent android.bluetooth.action.BLUETOOTH_MAP_IM_PROVIDER
03-29 05:33:46.966: I/art(4143): System.exit called, status: 0
03-29 05:33:46.966: I/AndroidRuntime(4143): VM exiting with result code 0.
03-29 05:33:46.967: I/InputReader(1726): Reconfiguring input devices.  changes=0x00000010
03-29 05:33:46.978: I/ActivityManager(1726): Start proc 4171:com.google.android.partnersetup/u0a16 for broadcast com.google.android.partnersetup/.RlzPingBroadcastReceiver
03-29 05:33:47.118: W/System(4171): ClassLoader referenced unknown path: /system/priv-app/GooglePartnerSetup/lib/x86
03-29 05:33:47.144: D/Finsky(3041): [1] ExternalReferrer.access$200: Package state data is missing for com.google.android.apps.mtaas.tools
03-29 05:33:47.167: I/UpdateIcingCorporaServi(3076): Updating corpora: APPS=com.google.android.apps.mtaas.tools, CONTACTS=MAYBE
03-29 05:33:47.185: I/Auth(2532): [SupervisedAccountIntentOperation] onHandleIntent(): android.intent.action.PACKAGE_ADDED
03-29 05:33:47.185: I/Auth(2532): [SupervisedAccountIntentOperation] This operation is disabled
03-29 05:33:47.186: I/ChromeSync(2532): [Sync,SyncIntentOperation] Handling the intent: Intent { act=android.intent.action.PACKAGE_ADDED dat=package:com.google.android.apps.mtaas.tools flg=0x4000010 cmp=com.google.android.gms/.chimera.GmsIntentOperationService (has extras) }.
03-29 05:33:47.186: I/Icing(2532): IndexChimeraService.getServiceInterface callingPackage=com.google.android.googlequicksearchbox componentName=null serviceId=36
03-29 05:33:47.187: I/FontsPackageChangeOp(2532): Package com.google.android.apps.mtaas.tools has no metadata
03-29 05:33:47.193: I/ChromeSync(2532): [Persistence,AffiliationManager] No affiliation data for android://N50vJU0zrJ8WOzDt6r3GDtfqrkROFOSiqHcmppwn3vxaRC4hFpNn4UsL7XlvjtlfcWuDAQhmck0qjQPwsrpMNg==@com.google.android.apps.mtaas.tools/. Marking affiliation data as stale...
03-29 05:33:47.196: I/ChromeSync(2532): [Persistence,AffiliationManager] Fetching affiliations from the server.
03-29 05:33:47.218: I/Icing(2532): Usage reports ok 0, Failed Usage reports 0, indexed 0, rejected 0, imm upload true
03-29 05:33:47.229: I/UpdateIcingCorporaServi(3076): UpdateCorporaTask done [took 61 ms] updated apps [took 61 ms] 
03-29 05:33:47.234: I/Icing(2532): IndexChimeraService.getServiceInterface callingPackage=com.google.android.gms componentName=AppsCorpus serviceId=32
03-29 05:33:47.235: I/Icing(2532): IndexChimeraService.getServiceInterface callingPackage=com.google.android.gms componentName=AppsCorpus serviceId=36
03-29 05:33:47.245: I/Icing(2532): Usage reports ok 0, Failed Usage reports 0, indexed 0, rejected 0, imm upload false
03-29 05:33:47.254: I/PeopleDatabaseHelper(2532): cleanUpNonGplusAccounts done.
03-29 05:33:47.256: I/PeopleContactsSync(2532): triggerPendingContactsCleanup: no accounts
03-29 05:33:47.266: I/Icing(2532): Usage reports ok 0, Failed Usage reports 0, indexed 0, rejected 0, imm upload false
03-29 05:33:47.268: W/Conscrypt(2532): Could not set socket write timeout: java.net.SocketException: Socket closed
03-29 05:33:47.268: W/Conscrypt(2532): 	at com.google.android.gms.org.conscrypt.Platform.setSocketWriteTimeout(:com.google.android.gms@14367022@14.3.67 (040700-216465562):2)
03-29 05:33:47.268: W/Conscrypt(2532): 	at com.google.android.gms.org.conscrypt.ConscryptFileDescriptorSocket.setSoWriteTimeout(:com.google.android.gms@14367022@14.3.67 (040700-216465562):2)
03-29 05:33:47.269: W/Conscrypt(2532): Could not set socket write timeout: java.net.SocketException: Socket closed
03-29 05:33:47.269: W/Conscrypt(2532): 	at com.google.android.gms.org.conscrypt.Platform.setSocketWriteTimeout(:com.google.android.gms@14367022@14.3.67 (040700-216465562):2)
03-29 05:33:47.269: W/Conscrypt(2532): 	at com.google.android.gms.org.conscrypt.ConscryptFileDescriptorSocket.setSoWriteTimeout(:com.google.android.gms@14367022@14.3.67 (040700-216465562):2)
03-29 05:33:47.326: I/PlatformStatsCollectorService(2532): Scheduled Ipconnectivitystats task with period 86400 sec.
03-29 05:33:47.328: E/NetworkScheduler(2373): Invalid component specified.
03-29 05:33:47.355: I/PlatformStatsCollectorService(2532): Scheduled DropboxRealtime task with period 86400 sec.
03-29 05:33:47.356: E/NetworkScheduler(2373): Invalid component specified.
03-29 05:33:47.636: D/AndroidRuntime(4238): >>>>>> START com.android.internal.os.RuntimeInit uid 0 <<<<<<
03-29 05:33:47.638: D/AndroidRuntime(4238): CheckJNI is OFF
03-29 05:33:47.604: I/gce_init_sshd(1716): type=1400 audit(0.0:138): avc: denied { net_raw } for capability=13 scontext=u:r:gcelogwrapper:s0 tcontext=u:r:gcelogwrapper:s0 tclass=capability permissive=1
03-29 05:33:47.646: I/Remoter(1332): Saved screenshot to '/data/screenshots/__pmv__-0073.jpg'
03-29 05:33:47.652: D/ICU(4238): No timezone override file found: /data/misc/zoneinfo/current/icu/icu_tzdata.dat
03-29 05:33:47.652: D/ICU(4238): [ 03-29 05:33:47.656  4238: 4238 W/         ]
03-29 05:33:47.652: D/ICU(4238): Failed to bind-mount /system/lib/x86/cpuinfo as /proc/cpuinfo: No such file or directory
03-29 05:33:47.663: E/memtrack(4238): Couldn't load memtrack module (No such file or directory)
03-29 05:33:47.663: E/android.os.Debug(4238): failed to load memtrack module: -2
03-29 05:33:47.664: I/Radio-JNI(4238): register_android_hardware_Radio DONE
03-29 05:33:47.671: D/AndroidRuntime(4238): Calling main entry com.android.commands.pm.Pm
03-29 05:33:47.675: D/DefContainer(4151): Copying /data/local/tmp/com.google.android.apps.mtaas.loginutil.apk to base.apk
03-29 05:33:47.678: I/PackageParser(1726): com.google.android.apps.mtaas.loginutil: compat added android.permission.WRITE_EXTERNAL_STORAGE android.permission.READ_PHONE_STATE
03-29 05:33:47.694: I/PackageManager.DexOptimizer(1726): Running dexopt (dex2oat) on: /data/app/vmdl1765993682.tmp/base.apk pkg=com.google.android.apps.mtaas.loginutil isa=x86 vmSafeMode=false debuggable=false oatDir = /data/app/vmdl1765993682.tmp/oat bootComplete=true
03-29 05:33:47.703: I/dex2oat(4246): Starting dex2oat.
03-29 05:33:47.703: E/cutils-trace(4246): Error opening trace file: Permission denied (13)
03-29 05:33:48.066: W/dex2oat(4246): Compilation of com.google.protobuf.CodedInputStream com.google.protobuf.CodedInputStream.newInstance(java.lang.Iterable, boolean) took 128.299ms
03-29 05:33:48.230: I/Icing(2532): Indexing com.google.android.googlequicksearchbox-applications_uri from com.google.android.googlequicksearchbox
03-29 05:33:48.404: I/Icing(2532): Indexing done com.google.android.googlequicksearchbox-applications_uri
03-29 05:33:48.409: I/Icing(2532): Indexing com.google.android.gms-apps from com.google.android.gms
03-29 05:33:48.436: I/Icing(2532): Indexing done com.google.android.gms-apps
03-29 05:33:48.514: I/dex2oat(4246): dex2oat took 811.684ms (threads: 2) arena alloc=2MB java alloc=833KB native alloc=8MB free=1771KB
03-29 05:33:48.537: V/BackupManagerService(1726): restoreAtInstall pkg=com.google.android.apps.mtaas.loginutil token=2 restoreSet=0
03-29 05:33:48.537: V/BackupManagerService(1726): Finishing install immediately
03-29 05:33:48.540: W/Settings(1726): Setting install_non_market_apps has moved from android.provider.Settings.Global to android.provider.Settings.Secure, returning read-only value.
03-29 05:33:48.540: I/art(1726): Starting a blocking GC Explicit
03-29 05:33:48.557: I/art(1726): Explicit concurrent mark sweep GC freed 43601(3MB) AllocSpace objects, 7(140KB) LOS objects, 33% free, 27MB/41MB, paused 242us total 16.541ms
03-29 05:33:48.561: I/InputReader(1726): Reconfiguring input devices.  changes=0x00000010
03-29 05:33:48.562: D/CarrierServiceBindHelper(2034): Receive action: android.intent.action.PACKAGE_ADDED
03-29 05:33:48.562: D/BluetoothMapAppObserver(2549): onReceive
03-29 05:33:48.562: D/BluetoothMapAppObserver(2549): The installed package is: com.google.android.apps.mtaas.loginutil
03-29 05:33:48.562: D/BluetoothMapAppObserver(2549): Found 0 application(s) with intent android.bluetooth.action.BLUETOOTH_MAP_PROVIDER
03-29 05:33:48.564: D/BluetoothMapAppObserver(2549): Found 0 application(s) with intent android.bluetooth.action.BLUETOOTH_MAP_IM_PROVIDER
03-29 05:33:48.564: D/CarrierServiceBindHelper(2034): mHandler: 3
03-29 05:33:48.564: D/CarrierConfigLoader(2034): mHandler: 9 phoneId: 0
03-29 05:33:48.566: I/art(4238): System.exit called, status: 0
03-29 05:33:48.566: I/AndroidRuntime(4238): VM exiting with result code 0.
03-29 05:33:48.574: D/Finsky(3041): [1] ExternalReferrer.access$200: Package state data is missing for com.google.android.apps.mtaas.loginutil
03-29 05:33:48.586: I/UpdateIcingCorporaServi(3076): Updating corpora: APPS=com.google.android.apps.mtaas.loginutil, CONTACTS=MAYBE
03-29 05:33:48.593: I/UpdateIcingCorporaServi(3076): UpdateCorporaTask done [took 6 ms] updated apps [took 6 ms] 
03-29 05:33:48.607: I/Auth(2532): [SupervisedAccountIntentOperation] onHandleIntent(): android.intent.action.PACKAGE_ADDED
03-29 05:33:48.607: I/Auth(2532): [SupervisedAccountIntentOperation] This operation is disabled
03-29 05:33:48.607: I/ChromeSync(2532): [Sync,SyncIntentOperation] Handling the intent: Intent { act=android.intent.action.PACKAGE_ADDED dat=package:com.google.android.apps.mtaas.loginutil flg=0x4000010 cmp=com.google.android.gms/.chimera.GmsIntentOperationService (has extras) }.
03-29 05:33:48.608: I/FontsPackageChangeOp(2532): Package com.google.android.apps.mtaas.loginutil has no metadata
03-29 05:33:48.609: I/ChromeSync(2532): [Persistence,AffiliationManager] No affiliation data for android://hYLDYwB34REMzRkkDCAO41RDCu83EJUgrh0yR4QTKzoWic4CFOf47MQAfK5OsrL3bydJNBPokUImRnqAa33Xng==@com.google.android.apps.mtaas.loginutil/. Marking affiliation data as stale...
03-29 05:33:48.612: I/ChromeSync(2532): [Persistence,AffiliationManager] Fetching affiliations from the server.
03-29 05:33:48.616: I/PeopleContactsSync(2532): triggerPendingContactsCleanup: no accounts
03-29 05:33:48.617: I/Icing(2532): IndexChimeraService.getServiceInterface callingPackage=com.google.android.gms componentName=AppsCorpus serviceId=32
03-29 05:33:48.618: I/Icing(2532): IndexChimeraService.getServiceInterface callingPackage=com.google.android.gms componentName=AppsCorpus serviceId=36
03-29 05:33:48.626: I/Icing(2532): Usage reports ok 0, Failed Usage reports 0, indexed 0, rejected 0, imm upload false
03-29 05:33:48.631: I/Icing(2532): Usage reports ok 0, Failed Usage reports 0, indexed 0, rejected 0, imm upload false
03-29 05:33:48.732: I/PlatformStatsCollectorService(2532): Scheduled Graphicsstats task with period 86400 sec.
03-29 05:33:48.737: E/NetworkScheduler(2373): Invalid component specified.
03-29 05:33:48.759: I/PlatformStatsCollectorService(2532): Scheduled Dropbox task with period 86400 sec.
03-29 05:33:48.764: E/NetworkScheduler(2373): Invalid component specified.
03-29 05:33:48.784: I/Remoter(1332): Saved screenshot to '/data/screenshots/__pmv__-0074.jpg'
03-29 05:33:48.874: I/sshd(4272): type=1400 audit(0.0:139): avc: denied { setuid } for capability=7 scontext=u:r:gcelogwrapper:s0 tcontext=u:r:gcelogwrapper:s0 tclass=capability permissive=1
03-29 05:33:49.474: D/AndroidRuntime(4280): >>>>>> START com.android.internal.os.RuntimeInit uid 0 <<<<<<
03-29 05:33:49.475: D/AndroidRuntime(4280): CheckJNI is OFF
03-29 05:33:49.487: D/ICU(4280): No timezone override file found: /data/misc/zoneinfo/current/icu/icu_tzdata.dat
03-29 05:33:49.487: D/ICU(4280): [ 03-29 05:33:49.492  4280: 4280 W/         ]
03-29 05:33:49.487: D/ICU(4280): Failed to bind-mount /system/lib/x86/cpuinfo as /proc/cpuinfo: No such file or directory
03-29 05:33:49.498: E/memtrack(4280): Couldn't load memtrack module (No such file or directory)
03-29 05:33:49.498: E/android.os.Debug(4280): failed to load memtrack module: -2
03-29 05:33:49.499: I/Radio-JNI(4280): register_android_hardware_Radio DONE
03-29 05:33:49.506: D/AndroidRuntime(4280): Calling main entry com.android.commands.pm.Pm
03-29 05:33:49.510: D/DefContainer(4151): Copying /data/local/tmp/com.google.android.apps.mtaas.backdrop.apk to base.apk
03-29 05:33:49.634: I/Icing(2532): Indexing com.google.android.gms-apps from com.google.android.gms
03-29 05:33:49.634: I/Icing(2532): Indexing done com.google.android.gms-apps
03-29 05:33:49.646: I/PackageManager.DexOptimizer(1726): Running dexopt (dex2oat) on: /data/app/vmdl2039326608.tmp/base.apk pkg=com.google.android.apps.mtaas.backdrop isa=x86 vmSafeMode=false debuggable=false oatDir = /data/app/vmdl2039326608.tmp/oat bootComplete=true
03-29 05:33:49.655: I/dex2oat(4288): Starting dex2oat.
03-29 05:33:49.655: E/cutils-trace(4288): Error opening trace file: Permission denied (13)
03-29 05:33:49.968: I/MetadataService(1332): Processed 0 update/creates for instance/attributes/
03-29 05:33:49.968: I/MetadataService(1332): Processed 0 update/creates for project/attributes/
03-29 05:33:49.954: I/gce.meta.proxy(978): type=1400 audit(0.0:140): avc: denied { create } for scontext=u:r:kernel:s0 tcontext=u:r:kernel:s0 tclass=tcp_socket permissive=1
03-29 05:33:49.954: I/gce.meta.proxy(978): type=1400 audit(0.0:141): avc: denied { name_connect } for dest=80 scontext=u:r:kernel:s0 tcontext=u:object_r:port:s0 tclass=tcp_socket permissive=1
03-29 05:33:50.115: I/Remoter(1332): Saved screenshot to '/data/screenshots/__pmv__-0075.jpg'
03-29 05:33:50.144: W/dex2oat(4288): Before Android 4.1, method int android.support.v7.widget.DropDownListView.lookForSelectablePosition(int, boolean) would have incorrectly overridden the package-private method in android.widget.ListView
03-29 05:33:50.158: W/dex2oat(4288): Before Android 4.1, method android.graphics.PorterDuffColorFilter android.support.graphics.drawable.VectorDrawableCompat.updateTintFilter(android.graphics.PorterDuffColorFilter, android.content.res.ColorStateList, android.graphics.PorterDuff$Mode) would have incorrectly overridden the package-private method in android.graphics.drawable.Drawable
03-29 05:33:50.161: W/dex2oat(4288): Before Android 4.1, method int android.support.v7.widget.MenuPopupWindow$MenuDropDownListView.lookForSelectablePosition(int, boolean) would have incorrectly overridden the package-private method in android.widget.ListView
03-29 05:33:50.722: W/dex2oat(4288): No verified method for method calling String.<init>: java.lang.String android.text.TextUtils.substring(java.lang.CharSequence, int, int)
03-29 05:33:51.079: W/dex2oat(4288): Compilation of int com.google.common.collect.MinMaxPriorityQueue$Heap.swapWithConceptuallyLastElement(java.lang.Object) took 130.751ms
03-29 05:33:51.254: I/Remoter(1332): Saved screenshot to '/data/screenshots/__pmv__-0076.jpg'
03-29 05:33:52.017: I/GceMetadataClient(3178): Received updated metadata.
03-29 05:33:52.146: I/art(2373): Background partial concurrent mark sweep GC freed 95752(5MB) AllocSpace objects, 4(104KB) LOS objects, 35% free, 29MB/45MB, paused 44.530ms total 136.664ms
03-29 05:33:52.398: I/Remoter(1332): Saved screenshot to '/data/screenshots/__pmv__-0077.jpg'
03-29 05:33:52.718: I/dex2oat(4288): dex2oat took 3.063s (threads: 2) arena alloc=1694KB java alloc=7MB native alloc=21MB free=3MB
03-29 05:33:52.744: V/BackupManagerService(1726): restoreAtInstall pkg=com.google.android.apps.mtaas.backdrop token=3 restoreSet=0
03-29 05:33:52.744: V/BackupManagerService(1726): Finishing install immediately
03-29 05:33:52.746: W/Settings(1726): Setting install_non_market_apps has moved from android.provider.Settings.Global to android.provider.Settings.Secure, returning read-only value.
03-29 05:33:52.746: I/art(1726): Starting a blocking GC Explicit
03-29 05:33:52.767: I/art(1726): Explicit concurrent mark sweep GC freed 111784(6MB) AllocSpace objects, 29(1508KB) LOS objects, 33% free, 27MB/41MB, paused 280us total 20.384ms
03-29 05:33:52.769: D/BluetoothMapAppObserver(2549): onReceive
03-29 05:33:52.769: D/BluetoothMapAppObserver(2549): The installed package is: com.google.android.apps.mtaas.backdrop
03-29 05:33:52.769: D/CarrierServiceBindHelper(2034): Receive action: android.intent.action.PACKAGE_ADDED
03-29 05:33:52.770: D/BluetoothMapAppObserver(2549): Found 0 application(s) with intent android.bluetooth.action.BLUETOOTH_MAP_PROVIDER
03-29 05:33:52.770: D/CarrierServiceBindHelper(2034): mHandler: 3
03-29 05:33:52.770: D/CarrierConfigLoader(2034): mHandler: 9 phoneId: 0
03-29 05:33:52.770: D/BluetoothMapAppObserver(2549): Found 0 application(s) with intent android.bluetooth.action.BLUETOOTH_MAP_IM_PROVIDER
03-29 05:33:52.774: I/art(4280): System.exit called, status: 0
03-29 05:33:52.774: I/AndroidRuntime(4280): VM exiting with result code 0.
03-29 05:33:52.780: I/InputReader(1726): Reconfiguring input devices.  changes=0x00000010
03-29 05:33:52.807: D/Finsky(3041): [1] ExternalReferrer.access$200: Package state data is missing for com.google.android.apps.mtaas.backdrop
03-29 05:33:52.811: I/UpdateIcingCorporaServi(3076): Updating corpora: APPS=com.google.android.apps.mtaas.backdrop, CONTACTS=MAYBE
03-29 05:33:52.830: I/Icing(2532): IndexChimeraService.getServiceInterface callingPackage=com.google.android.googlequicksearchbox componentName=null serviceId=36
03-29 05:33:52.843: I/Auth(2532): [SupervisedAccountIntentOperation] onHandleIntent(): android.intent.action.PACKAGE_ADDED
03-29 05:33:52.843: I/Auth(2532): [SupervisedAccountIntentOperation] This operation is disabled
03-29 05:33:52.843: I/FontsPackageChangeOp(2532): Package com.google.android.apps.mtaas.backdrop has no metadata
03-29 05:33:52.844: I/ChromeSync(2532): [Sync,SyncIntentOperation] Handling the intent: Intent { act=android.intent.action.PACKAGE_ADDED dat=package:com.google.android.apps.mtaas.backdrop flg=0x4000010 cmp=com.google.android.gms/.chimera.GmsIntentOperationService (has extras) }.
03-29 05:33:52.845: I/ChromeSync(2532): [Persistence,AffiliationManager] No affiliation data for android://N50vJU0zrJ8WOzDt6r3GDtfqrkROFOSiqHcmppwn3vxaRC4hFpNn4UsL7XlvjtlfcWuDAQhmck0qjQPwsrpMNg==@com.google.android.apps.mtaas.backdrop/. Marking affiliation data as stale...
03-29 05:33:52.847: I/ChromeSync(2532): [Persistence,AffiliationManager] Fetching affiliations from the server.
03-29 05:33:52.859: I/PeopleContactsSync(2532): triggerPendingContactsCleanup: no accounts
03-29 05:33:52.871: I/Icing(2532): IndexChimeraService.getServiceInterface callingPackage=com.google.android.gms componentName=AppsCorpus serviceId=32
03-29 05:33:52.871: I/Icing(2532): IndexChimeraService.getServiceInterface callingPackage=com.google.android.gms componentName=AppsCorpus serviceId=36
03-29 05:33:52.871: I/Icing(2532): Usage reports ok 0, Failed Usage reports 0, indexed 0, rejected 0, imm upload true
03-29 05:33:52.881: I/UpdateIcingCorporaServi(3076): UpdateCorporaTask done [took 70 ms] updated apps [took 70 ms] 
03-29 05:33:52.886: I/Icing(2532): Usage reports ok 0, Failed Usage reports 0, indexed 0, rejected 0, imm upload false
03-29 05:33:52.897: I/Icing(2532): Usage reports ok 0, Failed Usage reports 0, indexed 0, rejected 0, imm upload false
03-29 05:33:52.969: I/PlatformStatsCollectorService(2532): Scheduled Netstats task with period 86400 sec.
03-29 05:33:52.972: E/NetworkScheduler(2373): Invalid component specified.
03-29 05:33:52.983: I/PlatformStatsCollectorService(2532): Scheduled Launcherstats task with period 604800 sec.
03-29 05:33:52.984: E/NetworkScheduler(2373): Invalid component specified.
03-29 05:33:53.478: D/AndroidRuntime(4324): >>>>>> START com.android.internal.os.RuntimeInit uid 0 <<<<<<
03-29 05:33:53.479: D/AndroidRuntime(4324): CheckJNI is OFF
03-29 05:33:53.495: D/ICU(4324): No timezone override file found: /data/misc/zoneinfo/current/icu/icu_tzdata.dat
03-29 05:33:53.495: D/ICU(4324): [ 03-29 05:33:53.501  4324: 4324 W/         ]
03-29 05:33:53.495: D/ICU(4324): Failed to bind-mount /system/lib/x86/cpuinfo as /proc/cpuinfo: No such file or directory
03-29 05:33:53.509: E/memtrack(4324): Couldn't load memtrack module (No such file or directory)
03-29 05:33:53.509: E/android.os.Debug(4324): failed to load memtrack module: -2
03-29 05:33:53.510: I/Radio-JNI(4324): register_android_hardware_Radio DONE
03-29 05:33:53.522: D/AndroidRuntime(4324): Calling main entry com.android.commands.pm.Pm
03-29 05:33:53.526: D/DefContainer(4151): Copying /data/local/tmp/com.google.android.apps.auth.test.support.apk to base.apk
03-29 05:33:53.532: I/PackageParser(1726): com.google.android.apps.auth.test.support: compat added android.permission.WRITE_EXTERNAL_STORAGE android.permission.READ_PHONE_STATE
03-29 05:33:53.539: I/Remoter(1332): Saved screenshot to '/data/screenshots/__pmv__-0078.jpg'
03-29 05:33:53.557: I/PackageManager.DexOptimizer(1726): Running dexopt (dex2oat) on: /data/app/vmdl1673878497.tmp/base.apk pkg=com.google.android.apps.auth.test.support isa=x86 vmSafeMode=false debuggable=false oatDir = /data/app/vmdl1673878497.tmp/oat bootComplete=true
03-29 05:33:53.565: I/dex2oat(4332): Starting dex2oat.
03-29 05:33:53.565: E/cutils-trace(4332): Error opening trace file: Permission denied (13)
03-29 05:33:53.950: I/Icing(2532): Indexing com.google.android.googlequicksearchbox-applications_uri from com.google.android.googlequicksearchbox
03-29 05:33:54.124: I/Icing(2532): Indexing done com.google.android.googlequicksearchbox-applications_uri
03-29 05:33:54.126: I/dex2oat(4332): dex2oat took 560.803ms (threads: 2) arena alloc=4MB java alloc=533KB native alloc=8MB free=4MB
03-29 05:33:54.126: I/Icing(2532): Indexing com.google.android.gms-apps from com.google.android.gms
03-29 05:33:54.135: I/Icing(2532): Indexing done com.google.android.gms-apps
03-29 05:33:54.143: W/PackageManager(1726): Unknown permission android.permission.MANAGE_ACCOUNT in package com.google.android.apps.auth.test.support
03-29 05:33:54.143: W/PackageManager(1726): Not granting permission com.google.android.providers.gsf.permission.WRITE_GSERVICES to package com.google.android.apps.auth.test.support (protectionLevel=18 flags=0x18008444)
03-29 05:33:54.152: V/BackupManagerService(1726): restoreAtInstall pkg=com.google.android.apps.auth.test.support token=4 restoreSet=0
03-29 05:33:54.152: V/BackupManagerService(1726): Finishing install immediately
03-29 05:33:54.154: W/Settings(1726): Setting install_non_market_apps has moved from android.provider.Settings.Global to android.provider.Settings.Secure, returning read-only value.
03-29 05:33:54.154: I/art(1726): Starting a blocking GC Explicit
03-29 05:33:54.173: I/art(1726): Explicit concurrent mark sweep GC freed 63878(3MB) AllocSpace objects, 21(452KB) LOS objects, 33% free, 27MB/41MB, paused 350us total 18.921ms
03-29 05:33:54.176: D/CarrierServiceBindHelper(2034): Receive action: android.intent.action.PACKAGE_ADDED
03-29 05:33:54.176: D/BluetoothMapAppObserver(2549): onReceive
03-29 05:33:54.176: D/BluetoothMapAppObserver(2549): The installed package is: com.google.android.apps.auth.test.support
03-29 05:33:54.176: D/BluetoothMapAppObserver(2549): Found 0 application(s) with intent android.bluetooth.action.BLUETOOTH_MAP_PROVIDER
03-29 05:33:54.176: D/BluetoothMapAppObserver(2549): Found 0 application(s) with intent android.bluetooth.action.BLUETOOTH_MAP_IM_PROVIDER
03-29 05:33:54.178: D/CarrierServiceBindHelper(2034): mHandler: 3
03-29 05:33:54.178: D/CarrierConfigLoader(2034): mHandler: 9 phoneId: 0
03-29 05:33:54.179: I/InputReader(1726): Reconfiguring input devices.  changes=0x00000010
03-29 05:33:54.186: D/Finsky(3041): [1] ExternalReferrer.access$200: Package state data is missing for com.google.android.apps.auth.test.support
03-29 05:33:54.195: I/UpdateIcingCorporaServi(3076): Updating corpora: APPS=com.google.android.apps.auth.test.support, CONTACTS=MAYBE
03-29 05:33:54.199: I/art(4324): System.exit called, status: 0
03-29 05:33:54.199: I/AndroidRuntime(4324): VM exiting with result code 0.
03-29 05:33:54.205: I/UpdateIcingCorporaServi(3076): UpdateCorporaTask done [took 10 ms] updated apps [took 10 ms] 
03-29 05:33:54.216: I/Auth(2532): [SupervisedAccountIntentOperation] onHandleIntent(): android.intent.action.PACKAGE_ADDED
03-29 05:33:54.216: I/Auth(2532): [SupervisedAccountIntentOperation] This operation is disabled
03-29 05:33:54.217: I/ChromeSync(2532): [Sync,SyncIntentOperation] Handling the intent: Intent { act=android.intent.action.PACKAGE_ADDED dat=package:com.google.android.apps.auth.test.support flg=0x4000010 cmp=com.google.android.gms/.chimera.GmsIntentOperationService (has extras) }.
03-29 05:33:54.217: I/ChromeSync(2532): [Persistence,AffiliationManager] No affiliation data for android://7G-Efj82hZdHSUvuVB5_HPiHcWccXsypYCo6U8Kc9sLlMNs7HSOe_3VRyq6k0G49kSzhdL3KFII22IkttNSGIg==@com.google.android.apps.auth.test.support/. Marking affiliation data as stale...
03-29 05:33:54.218: I/ChromeSync(2532): [Persistence,AffiliationManager] Fetching affiliations from the server.
03-29 05:33:54.231: I/Icing(2532): IndexChimeraService.getServiceInterface callingPackage=com.google.android.gms componentName=AppsCorpus serviceId=36
03-29 05:33:54.231: I/Icing(2532): IndexChimeraService.getServiceInterface callingPackage=com.google.android.gms componentName=AppsCorpus serviceId=32
03-29 05:33:54.235: I/PeopleContactsSync(2532): triggerPendingContactsCleanup: no accounts
03-29 05:33:54.242: I/Icing(2532): Usage reports ok 0, Failed Usage reports 0, indexed 0, rejected 0, imm upload false
03-29 05:33:54.253: I/Icing(2532): Usage reports ok 0, Failed Usage reports 0, indexed 0, rejected 0, imm upload false
03-29 05:33:54.364: I/PTCommittedOperation(2373): Receive new configuration for com.google.android.gms.semanticlocation
03-29 05:33:54.364: W/ModuleInitIntentOp(2532): Dropping unexpected action com.google.android.gms.phenotype.COMMITTED
03-29 05:33:54.415: I/InstantApps(2373): GcmMessageRetryService: Cleaning up expired
03-29 05:33:54.445: I/WalletGcmTaskService(2532): Running GcmTask w/ tag INSTANTBUY_SYNC_GCM_TASK_STEP_1
03-29 05:33:54.481: I/ActivityManager(1726): Start proc 4369:com.google.android.youtube/u0a74 for service com.google.android.youtube/com.google.android.libraries.youtube.common.gcore.gcoreclient.gcm.impl.GcmTaskServiceDelegator
03-29 05:33:54.559: W/FileProviderCompat(4369): isPatchingNecessary returned true and in == null: false
03-29 05:33:54.563: W/PatchedPackageManager(4369): patching ProviderInfo. Metadata was not null
03-29 05:33:54.563: W/PatchedPackageManager(4369): resolveContentProvider flags: 128 ret: ContentProviderInfo{name=com.google.android.youtube.fileprovider className=com.google.android.apps.youtube.app.common.util.FileProviderCompat}
03-29 05:33:54.575: W/YT(4369): Last known version:13.34.50
03-29 05:33:54.618: W/YouTube(4369): Fetching the Gservices key 'failsafe_clear_cache_release_13_02' before the end of the bulk initialization
03-29 05:33:54.648: I/ajji(2373): Scheduling Phenotype for a PhenotypeSyncImmediately(8, com.google.android.gms) one off with window [1, 2] in seconds [CONTEXT service_id=51 ]
03-29 05:33:54.657: W/YouTube(4369): Fetching the Gservices key 'disable_binder_callback_flush' before the end of the bulk initialization
03-29 05:33:54.670: E/NetworkScheduler(2373): Invalid component specified.
03-29 05:33:54.701: W/SemanticLocation(2532): Personalization not enabled; won't try to improve personalization account.
03-29 05:33:54.710: I/SemanticLocation(2532): Cancel DailyWhamDataUpload
03-29 05:33:54.711: I/SemanticLocation(2532): Cancel ReverseGeoBatch
03-29 05:33:54.716: I/SemanticLocation(2532): Cancel WhamDailyActiveUserReport
03-29 05:33:54.719: E/YouTube(4369): Failed delayed event dispatch, no dispatchers.
03-29 05:33:54.721: I/Places(2373): ?: Couldn't find platform key file.
03-29 05:33:54.738: I/Remoter(1332): Saved screenshot to '/data/screenshots/__pmv__-0079.jpg'
03-29 05:33:54.753: I/Places(2373): ?: Couldn't find platform key file.
03-29 05:33:54.754: I/GeofencerStateMachine(2373): removeGeofences: removeRequest=RemoveGeofencingRequest[REMOVE_BY_PENDING_INTENT pendingIntent=PendingIntent[creatorPackage=com.google.android.gms], packageName=null]
03-29 05:33:54.755: I/GeofencerStateMachine(2373): removeGeofences: removeRequest=RemoveGeofencingRequest[REMOVE_BY_PENDING_INTENT pendingIntent=PendingIntent[creatorPackage=com.google.android.gms], packageName=null]
03-29 05:33:54.783: I/GeofencerStateMachine(2373): removeGeofences: removeRequest=RemoveGeofencingRequest[REMOVE_BY_PENDING_INTENT pendingIntent=PendingIntent[creatorPackage=com.google.android.gms], packageName=null]
03-29 05:33:54.786: I/GeofencerStateMachine(2373): removeGeofences: removeRequest=RemoveGeofencingRequest[REMOVE_BY_PENDING_INTENT pendingIntent=PendingIntent[creatorPackage=com.google.android.gms], packageName=null]
03-29 05:33:54.787: W/ModuleInitIntentOp(2532): Dropping unexpected action com.google.android.gms.phenotype.COMMITTED
03-29 05:33:54.789: D/ConnectivityService(1726): listenForNetwork for Listen from uid/pid:10074/4369 for NetworkRequest [ id=5, legacyType=-1, [ Capabilities: INTERNET&NOT_RESTRICTED&TRUSTED] ]
03-29 05:33:54.791: I/GeofencerStateMachine(2373): removeGeofences: removeRequest=RemoveGeofencingRequest[REMOVE_BY_PENDING_INTENT pendingIntent=PendingIntent[creatorPackage=com.google.android.gms], packageName=null]
03-29 05:33:54.793: I/PTCommittedOperation(2373): Receive new configuration for com.google.android.gms.auth_api_phone
03-29 05:33:54.796: I/GeofencerStateMachine(2373): removeGeofences: removeRequest=RemoveGeofencingRequest[REMOVE_BY_PENDING_INTENT pendingIntent=PendingIntent[creatorPackage=com.google.android.gms], packageName=null]
03-29 05:33:54.834: I/DynamiteModule(4369): Considering local module com.google.android.gms.ads.dynamite:0 and remote module com.google.android.gms.ads.dynamite:320
03-29 05:33:54.834: I/DynamiteModule(4369): Selected remote version of com.google.android.gms.ads.dynamite, version >= 320
03-29 05:33:54.864: I/PTCommittedOperation(2373): Receive new configuration for com.google.android.client_error_logging
03-29 05:33:54.865: W/ModuleInitIntentOp(2532): Dropping unexpected action com.google.android.gms.phenotype.COMMITTED
03-29 05:33:54.889: V/EmulatedCamera_Factory(1343): getCameraInfo: id = 0
03-29 05:33:54.889: V/EmulatedCamera_Camera(1343): getCameraInfo
03-29 05:33:54.889: V/EmulatedCamera_BaseCamera(1343): getCameraInfo
03-29 05:33:54.900: V/EmulatedCamera_Factory(1343): getCameraInfo: id = 1
03-29 05:33:54.900: V/EmulatedCamera_Camera(1343): getCameraInfo
03-29 05:33:54.900: V/EmulatedCamera_BaseCamera(1343): getCameraInfo
03-29 05:33:54.936: W/ModuleInitIntentOp(2532): Dropping unexpected action com.google.android.gms.phenotype.COMMITTED
03-29 05:33:54.940: I/PTCommittedOperation(2373): Receive new configuration for com.google.android.gms.romanesco
03-29 05:33:54.975: W/ModuleInitIntentOp(2532): Dropping unexpected action com.google.android.gms.phenotype.COMMITTED
03-29 05:33:54.978: I/PTCommittedOperation(2373): Receive new configuration for com.google.android.gms.easysignin
03-29 05:33:54.999: W/System(4369): ClassLoader referenced unknown path: /data/data/com.google.android.gms/app_chimera/m/00000006/n/x86
03-29 05:33:54.999: W/System(4369): ClassLoader referenced unknown path: /data/data/com.google.android.gms/app_chimera/m/00000006/n/armeabi-v7a
03-29 05:33:55.000: W/System(4369): ClassLoader referenced unknown path: /data/data/com.google.android.gms/app_chimera/m/00000006/n/armeabi
03-29 05:33:55.041: W/ModuleInitIntentOp(2532): Dropping unexpected action com.google.android.gms.phenotype.COMMITTED
03-29 05:33:55.046: D/AndroidRuntime(4434): >>>>>> START com.android.internal.os.RuntimeInit uid 0 <<<<<<
03-29 05:33:55.047: I/PTCommittedOperation(2373): Receive new configuration for com.google.android.gms.accountsettings
03-29 05:33:55.048: D/AndroidRuntime(4434): CheckJNI is OFF
03-29 05:33:55.059: E/NetworkScheduler(2373): Invalid component specified.
03-29 05:33:55.066: D/ICU(4434): No timezone override file found: /data/misc/zoneinfo/current/icu/icu_tzdata.dat
03-29 05:33:55.066: D/ICU(4434): [ 03-29 05:33:55.072  4434: 4434 W/         ]
03-29 05:33:55.066: D/ICU(4434): Failed to bind-mount /system/lib/x86/cpuinfo as /proc/cpuinfo: No such file or directory
03-29 05:33:55.081: E/memtrack(4434): Couldn't load memtrack module (No such file or directory)
03-29 05:33:55.081: E/android.os.Debug(4434): failed to load memtrack module: -2
03-29 05:33:55.081: I/Radio-JNI(4434): register_android_hardware_Radio DONE
03-29 05:33:55.082: I/PrimesTesting(4369): GserviceFlagsSupplier.get()
03-29 05:33:55.084: E/NetworkScheduler(2373): Invalid component specified.
03-29 05:33:55.094: D/AndroidRuntime(4434): Calling main entry com.android.commands.pm.Pm
03-29 05:33:55.097: D/DynamitePackage(4369): Instantiated singleton DynamitePackage.
03-29 05:33:55.097: D/DynamitePackage(4369): Instantiating com.google.android.gms.ads.adshield.ChimeraAdShieldCreatorImpl
03-29 05:33:55.099: E/NetworkScheduler(2373): Invalid component specified.
03-29 05:33:55.105: E/NetworkScheduler(2373): Invalid component specified.
03-29 05:33:55.107: D/DefContainer(4151): Copying /data/local/tmp/com.google.android.apps.mtaas.testloop.apk to base.apk
03-29 05:33:55.124: W/ModuleInitIntentOp(2532): Dropping unexpected action com.google.android.gms.phenotype.COMMITTED
03-29 05:33:55.129: I/PTCommittedOperation(2373): Receive new configuration for com.google.android.gms.backup
03-29 05:33:55.154: E/NetworkScheduler(2373): Invalid component specified.
03-29 05:33:55.172: W/Conscrypt(2373): Could not set socket write timeout: java.net.SocketException: Socket closed
03-29 05:33:55.172: W/Conscrypt(2373): 	at com.google.android.gms.org.conscrypt.Platform.setSocketWriteTimeout(:com.google.android.gms@14367022@14.3.67 (040700-216465562):2)
03-29 05:33:55.172: W/Conscrypt(2373): 	at com.google.android.gms.org.conscrypt.ConscryptFileDescriptorSocket.setSoWriteTimeout(:com.google.android.gms@14367022@14.3.67 (040700-216465562):2)
03-29 05:33:55.182: W/Conscrypt(2373): Could not set socket write timeout: java.net.SocketException: Socket closed
03-29 05:33:55.186: W/Conscrypt(2373): 	at com.google.android.gms.org.conscrypt.Platform.setSocketWriteTimeout(:com.google.android.gms@14367022@14.3.67 (040700-216465562):2)
03-29 05:33:55.186: W/Conscrypt(2373): 	at com.google.android.gms.org.conscrypt.ConscryptFileDescriptorSocket.setSoWriteTimeout(:com.google.android.gms@14367022@14.3.67 (040700-216465562):2)
03-29 05:33:55.191: W/ModuleInitIntentOp(2532): Dropping unexpected action com.google.android.gms.phenotype.COMMITTED
03-29 05:33:55.193: I/PTCommittedOperation(2373): Receive new configuration for com.google.android.gms.beacon
03-29 05:33:55.197: I/CrashMetricService(4369): Startup metric for 'PRIMES_CRASH_MONITORING_INITIALIZED' dropped.
03-29 05:33:55.213: W/ModuleInitIntentOp(2532): Dropping unexpected action com.google.android.gms.phenotype.COMMITTED
03-29 05:33:55.218: I/PTCommittedOperation(2373): Receive new configuration for com.google.android.gms.auth_account
03-29 05:33:55.249: I/PackageManager.DexOptimizer(1726): Running dexopt (dex2oat) on: /data/app/vmdl1854524032.tmp/base.apk pkg=com.google.android.apps.mtaas.testloop isa=x86 vmSafeMode=false debuggable=false oatDir = /data/app/vmdl1854524032.tmp/oat bootComplete=true
03-29 05:33:55.251: W/ModuleInitIntentOp(2532): Dropping unexpected action com.google.android.gms.phenotype.COMMITTED
03-29 05:33:55.254: I/PTCommittedOperation(2373): Receive new configuration for com.google.android.gms.family
03-29 05:33:55.257: I/Icing(2532): Indexing com.google.android.gms-apps from com.google.android.gms
03-29 05:33:55.257: I/Icing(2532): Indexing done com.google.android.gms-apps
03-29 05:33:55.268: I/dex2oat(4494): Starting dex2oat.
03-29 05:33:55.268: E/cutils-trace(4494): Error opening trace file: Permission denied (13)
03-29 05:33:55.329: W/art(4369): Suspending all threads took: 8.144ms
03-29 05:33:55.366: W/art(4369): Long monitor contention event with owner method=java.lang.Object dalvik.system.DexFile.openDexFileNative(java.lang.String, java.lang.String, int) from DexFile.java:4294967294 waiters=1 for 373ms
03-29 05:33:55.409: E/IntentOperationSvc(2373): Failed to instantiate Chimera operation impl com.google.android.gms.instantapps.routing.PhenotypeUpdateIntentOperation, dropping operation
03-29 05:33:55.409: E/IntentOperationSvc(2373): java.lang.NoSuchMethodException: <init> []
03-29 05:33:55.409: E/IntentOperationSvc(2373): 	at java.lang.Class.getConstructor(Class.java:528)
03-29 05:33:55.409: E/IntentOperationSvc(2373): 	at java.lang.Class.getConstructor(Class.java:492)
03-29 05:33:55.409: E/IntentOperationSvc(2373): 	at dnl.a(:com.google.android.gms@14367022@14.3.67 (040700-216465562):12)
03-29 05:33:55.409: E/IntentOperationSvc(2373): 	at dnm.run(:com.google.android.gms@14367022@14.3.67 (040700-216465562):67)
03-29 05:33:55.409: E/IntentOperationSvc(2373): 	at java.util.concurrent.ThreadPoolExecutor.runWorker(ThreadPoolExecutor.java:1113)
03-29 05:33:55.409: E/IntentOperationSvc(2373): 	at java.util.concurrent.ThreadPoolExecutor$Worker.run(ThreadPoolExecutor.java:588)
03-29 05:33:55.409: E/IntentOperationSvc(2373): 	at java.lang.Thread.run(Thread.java:818)
03-29 05:33:55.411: W/ModuleInitIntentOp(2532): Dropping unexpected action com.google.android.gms.phenotype.COMMITTED
03-29 05:33:55.417: I/PTCommittedOperation(2373): Receive new configuration for com.google.android.gms.smart_profile
03-29 05:33:55.364: I/Binder_1(1337): type=1400 audit(0.0:142): avc: denied { ioctl } for path="socket:[25245]" dev="sockfs" ino=25245 ioctlcmd=7704 scontext=u:r:surfaceflinger:s0 tcontext=u:r:surfaceflinger:s0 tclass=unix_stream_socket permissive=1
03-29 05:33:55.364: I/Binder_1(1337): type=1400 audit(0.0:143): avc: denied { ioctl } for path="socket:[25245]" dev="sockfs" ino=25245 ioctlcmd=7704 scontext=u:r:surfaceflinger:s0 tcontext=u:r:surfaceflinger:s0 tclass=unix_stream_socket permissive=1
03-29 05:33:55.487: W/ModuleInitIntentOp(2532): Dropping unexpected action com.google.android.gms.phenotype.COMMITTED
03-29 05:33:55.494: I/PTCommittedOperation(2373): Receive new configuration for com.google.android.location
03-29 05:33:55.501: I/ajhm(2373): updateFromConfigurations using legacy put method [CONTEXT service_id=51 ]
03-29 05:33:55.528: I/hwcomposer(1337): Sent 3623 syncs in 60s
03-29 05:33:55.536: W/ModuleInitIntentOp(2532): Dropping unexpected action com.google.android.gms.phenotype.COMMITTED
03-29 05:33:55.538: I/PTCommittedOperation(2373): Receive new configuration for com.google.android.gms.growth
03-29 05:33:55.550: I/ajhm(2373): updateFromConfigurations using legacy put method [CONTEXT service_id=51 ]
03-29 05:33:55.551: I/ajji(2373): Scheduling adaptive one off task with window [14400, 604800] in seconds [CONTEXT service_id=51 ]
03-29 05:33:55.558: E/NetworkScheduler(2373): Invalid component specified.
03-29 05:33:55.571: W/ModuleInitIntentOp(2532): Dropping unexpected action com.google.android.gms.phenotype.COMMITTED
03-29 05:33:55.573: I/PTCommittedOperation(2373): Receive new configuration for com.google.android.gms.notifications
03-29 05:33:55.599: E/NetworkScheduler(2373): Invalid component specified.
03-29 05:33:55.608: I/PTCommittedOperation(2373): Receive new configuration for com.google.android.gms.auth.api.signin
03-29 05:33:55.611: W/ModuleInitIntentOp(2532): Dropping unexpected action com.google.android.gms.phenotype.COMMITTED
03-29 05:33:55.653: W/ModuleInitIntentOp(2532): Dropping unexpected action com.google.android.gms.phenotype.COMMITTED
03-29 05:33:55.659: I/PTCommittedOperation(2373): Receive new configuration for com.google.android.gms.nearby
03-29 05:33:55.688: W/ModuleInitIntentOp(2532): Dropping unexpected action com.google.android.gms.phenotype.COMMITTED
03-29 05:33:55.691: I/PTCommittedOperation(2373): Receive new configuration for com.google.android.gms.netrec
03-29 05:33:55.701: E/NetworkScheduler(2373): Invalid component specified.
03-29 05:33:55.722: I/PTCommittedOperation(2373): Receive new configuration for com.google.android.gms.tapandpay
03-29 05:33:55.725: W/ModuleInitIntentOp(2532): Dropping unexpected action com.google.android.gms.phenotype.COMMITTED
03-29 05:33:55.762: I/Wear_Controller(2373): Wear requires a companion app to be installed.
