03-29 05:33:55.762: I/WearableService(2373): onCreate: Wearable Services not starting. Wear is not available on this device.
03-29 05:33:55.769: W/WearableService(2373): onGetService: Wear is not available on this device.
03-29 05:33:55.783: W/dex2oat(4494): Verification of void android.support.v4.view.accessibility.AccessibilityEventCompat.appendRecord(android.view.accessibility.AccessibilityEvent, android.support.v4.view.accessibility.AccessibilityRecordCompat) took 104.917ms
03-29 05:33:55.823: W/ModuleInitIntentOp(2532): Dropping unexpected action com.google.android.gms.phenotype.COMMITTED
03-29 05:33:55.826: I/PTCommittedOperation(2373): Receive new configuration for com.google.android.gms.photos
03-29 05:33:55.828: E/NetworkScheduler(2373): Invalid component specified.
03-29 05:33:55.837: E/NetworkScheduler(2373): Invalid component specified.
03-29 05:33:55.857: W/ModuleInitIntentOp(2532): Dropping unexpected action com.google.android.gms.phenotype.COMMITTED
03-29 05:33:55.861: I/PTCommittedOperation(2373): Receive new configuration for com.google.android.gms.places
03-29 05:33:55.882: W/ModuleInitIntentOp(2532): Dropping unexpected action com.google.android.gms.phenotype.COMMITTED
03-29 05:33:55.886: I/PTCommittedOperation(2373): Receive new configuration for com.google.android.gms.sesame
03-29 05:33:55.909: I/Remoter(1332): Saved screenshot to '/data/screenshots/__pmv__-0080.jpg'
03-29 05:33:55.913: W/ModuleInitIntentOp(2532): Dropping unexpected action com.google.android.gms.phenotype.COMMITTED
03-29 05:33:55.915: I/PTCommittedOperation(2373): Receive new configuration for com.google.android.gms.signin
03-29 05:33:56.006: W/ModuleInitIntentOp(2532): Dropping unexpected action com.google.android.gms.phenotype.COMMITTED
03-29 05:33:56.008: I/PTCommittedOperation(2373): Receive new configuration for com.google.android.gms.auth.proximity
03-29 05:33:56.042: I/PTCommittedOperation(2373): Receive new configuration for com.google.android.gms.update
03-29 05:33:56.044: W/ModuleInitIntentOp(2532): Dropping unexpected action com.google.android.gms.phenotype.COMMITTED
03-29 05:33:56.062: W/ModuleInitIntentOp(2532): Dropping unexpected action com.google.android.gms.phenotype.COMMITTED
03-29 05:33:56.062: I/PTCommittedOperation(2373): Receive new configuration for com.google.android.gms.auth_authzen
03-29 05:33:56.082: W/ModuleInitIntentOp(2532): Dropping unexpected action com.google.android.gms.phenotype.COMMITTED
03-29 05:33:56.083: I/PTCommittedOperation(2373): Receive new configuration for com.google.android.gms.vision
03-29 05:33:56.117: W/ModuleInitIntentOp(2532): Dropping unexpected action com.google.android.gms.phenotype.COMMITTED
03-29 05:33:56.118: I/PTCommittedOperation(2373): Receive new configuration for com.google.android.gms.wallet
03-29 05:33:56.141: I/PTCommittedOperation(2373): Receive new configuration for com.google.android.gms.cast_mirroring
03-29 05:33:56.143: E/NetworkScheduler(2373): Invalid component specified.
03-29 05:33:56.143: W/ModuleInitIntentOp(2532): Dropping unexpected action com.google.android.gms.phenotype.COMMITTED
03-29 05:33:56.170: W/ModuleInitIntentOp(2532): Dropping unexpected action com.google.android.gms.phenotype.COMMITTED
03-29 05:33:56.175: I/PTCommittedOperation(2373): Receive new configuration for com.google.android.gms.tron.metrics
03-29 05:33:56.207: W/ModuleInitIntentOp(2532): Dropping unexpected action com.google.android.gms.phenotype.COMMITTED
03-29 05:33:56.208: I/PTCommittedOperation(2373): Receive new configuration for com.google.android.gms.wearable
03-29 05:33:56.230: E/DowngradeHelper(2532): isModuleDowngradeRequired false
03-29 05:33:56.231: E/ConfigFileUtils(2532): Failed to read config file: /data/data/com.google.android.gms/app_chimera/current_modules_init.pb: open failed: ENOENT (No such file or directory)
03-29 05:33:56.272: I/PTCommittedOperation(2373): Receive new configuration for com.google.android.gms.icing.mdd
03-29 05:33:56.280: W/ModuleInitIntentOp(2532): Dropping unexpected action com.google.android.gms.phenotype.COMMITTED
03-29 05:33:56.314: I/PTCommittedOperation(2373): Receive new configuration for com.google.android.gms.icing.mdh
03-29 05:33:56.328: E/NetworkScheduler.ATC(2373): Received callback from client for task that is already complete. ComponentInfo{com.google.android.gms/com.google.android.gms.chimera.container.ConfigService} ChimeraConfigService_OneOffRetry
03-29 05:33:56.342: I/MobileDataHub(2532): Scheduling periodic tasks
03-29 05:33:56.342: W/MobileDataHub(2532): [Service] appsupload-periodic periodic task disabled
03-29 05:33:56.346: W/ModuleInitIntentOp(2532): Dropping unexpected action com.google.android.gms.phenotype.COMMITTED
03-29 05:33:56.355: E/NetworkScheduler(2373): Invalid component specified.
03-29 05:33:56.358: E/NetworkScheduler(2373): Invalid component specified.
03-29 05:33:56.570: W/dex2oat(4494): Compilation of void android.support.v4.content.pm.ShortcutInfoCompat$Builder.<init>(android.support.v4.content.pm.ShortcutInfoCompat) took 102.358ms
03-29 05:33:56.574: I/ajji(2373): Scheduling Phenotype for a PhenotypeSyncImmediately(8, com.google.android.gms) one off with window [1, 2] in seconds [CONTEXT service_id=51 ]
03-29 05:33:56.578: E/NetworkScheduler(2373): Invalid component specified.
03-29 05:33:56.622: W/ModuleInitIntentOp(2532): Dropping unexpected action com.google.android.gms.phenotype.COMMITTED
03-29 05:33:56.624: I/PTCommittedOperation(2373): Receive new configuration for com.google.android.gms.herrevad
03-29 05:33:56.659: W/ModuleInitIntentOp(2532): Dropping unexpected action com.google.android.gms.phenotype.COMMITTED
03-29 05:33:56.664: I/PTCommittedOperation(2373): Receive new configuration for com.google.android.gms.firebase.auth
03-29 05:33:56.706: W/ModuleInitIntentOp(2532): Dropping unexpected action com.google.android.gms.phenotype.COMMITTED
03-29 05:33:56.710: I/PTCommittedOperation(2373): Receive new configuration for com.google.android.gms.gcm
03-29 05:33:56.757: W/ModuleInitIntentOp(2532): Dropping unexpected action com.google.android.gms.phenotype.COMMITTED
03-29 05:33:56.762: I/PTCommittedOperation(2373): Receive new configuration for com.google.android.gms.ipa
03-29 05:33:56.798: W/ModuleInitIntentOp(2532): Dropping unexpected action com.google.android.gms.phenotype.COMMITTED
03-29 05:33:56.802: I/PTCommittedOperation(2373): Receive new configuration for com.google.android.gms.ocr
03-29 05:33:56.806: V/EmulatedCamera_Factory(1343): getCameraInfo: id = 0
03-29 05:33:56.807: V/EmulatedCamera_Camera(1343): getCameraInfo
03-29 05:33:56.807: V/EmulatedCamera_BaseCamera(1343): getCameraInfo
03-29 05:33:56.807: I/OcrModelUpStIntentOp(2532): Updating ocr activity enabled=true (phenotypeFlag=true, lowRamDevice=false, prereqCheck=true)
03-29 05:33:56.828: I/OcrModelUpStIntentOp(2532): Downloading text recognizer
03-29 05:33:56.836: W/ModuleInitIntentOp(2532): Dropping unexpected action com.google.android.gms.phenotype.COMMITTED
03-29 05:33:56.839: I/PTCommittedOperation(2373): Receive new configuration for com.google.android.gms.udc
03-29 05:33:56.847: I/Vision(2532): Details: ocr_x86.zip, ff3dcfd5e3828224849fbeffe1ed2e71a7ad3400
03-29 05:33:56.848: I/Vision(2532): Engine already satisfied by existing download for ocr
03-29 05:33:56.886: I/PTCommittedOperation(2373): Receive new configuration for com.google.android.gms.ulr
03-29 05:33:56.886: W/ModuleInitIntentOp(2532): Dropping unexpected action com.google.android.gms.phenotype.COMMITTED
03-29 05:33:56.887: I/GCoreUlr(2373): Starting service, intent=Intent { act=com.google.android.location.reporting.ACTION_UPDATE_WORLD cmp=com.google.android.gms/com.google.android.location.reporting.service.DispatchingService (has extras) }, extras=Bundle[{receiverAction=com.google.gservices.intent.action.GSERVICES_CHANGED}]
03-29 05:33:56.931: I/PTCommittedOperation(2373): Receive new configuration for com.google.android.gms.subscriptions
03-29 05:33:56.932: W/ModuleInitIntentOp(2532): Dropping unexpected action com.google.android.gms.phenotype.COMMITTED
03-29 05:33:56.938: I/GCoreUlr(2373): WorldUpdater received intent Intent { act=com.google.android.location.reporting.ACTION_UPDATE_WORLD cmp=com.google.android.gms/com.google.android.location.reporting.service.DispatchingService (has extras) } with receiverAction com.google.gservices.intent.action.GSERVICES_CHANGED
03-29 05:33:56.961: I/GCoreUlr(2373): WorldUpdater:com.google.gservices.intent.action.GSERVICES_CHANGED: Ensuring that reporting is stopped because of reasons: (no Google accounts)
03-29 05:33:56.975: I/GCoreUlr(2373): Unbound from all signal providers.
03-29 05:33:56.983: W/ModuleInitIntentOp(2532): Dropping unexpected action com.google.android.gms.phenotype.COMMITTED
03-29 05:33:57.015: I/PTCommittedOperation(2373): Receive new configuration for com.google.android.gms.appinvite
03-29 05:33:57.017: I/GCoreUlr(2373): Unbound from all signal providers.
03-29 05:33:57.017: I/GCoreUlr(2373): Stopping handler for UlrDispSvcFast
03-29 05:33:57.019: I/GCoreUlr(2373): DispatchingService ignoring Intent { act=android.net.wifi.WIFI_STATE_CHANGED flg=0x4000010 (has extras) } because ULR inactive
03-29 05:33:57.033: W/ModuleInitIntentOp(2532): Dropping unexpected action com.google.android.gms.phenotype.COMMITTED
03-29 05:33:57.040: I/PTCommittedOperation(2373): Receive new configuration for com.google.android.gms.contactinteractions.sdk
03-29 05:33:57.050: E/NetworkScheduler(2373): Invalid component specified.
03-29 05:33:57.067: W/ModuleInitIntentOp(2532): Dropping unexpected action com.google.android.gms.phenotype.COMMITTED
03-29 05:33:57.070: I/PTCommittedOperation(2373): Receive new configuration for com.google.android.gms.usagereporting
03-29 05:33:57.086: W/ModuleInitIntentOp(2532): Dropping unexpected action com.google.android.gms.phenotype.COMMITTED
03-29 05:33:57.089: I/PTCommittedOperation(2373): Receive new configuration for com.google.android.gms.constellation
03-29 05:33:57.119: I/Remoter(1332): Saved screenshot to '/data/screenshots/__pmv__-0081.jpg'
03-29 05:33:57.123: W/ModuleInitIntentOp(2532): Dropping unexpected action com.google.android.gms.phenotype.COMMITTED
03-29 05:33:57.127: I/PTCommittedOperation(2373): Receive new configuration for com.google.android.gms.feedback
03-29 05:33:57.147: W/ModuleInitIntentOp(2532): Dropping unexpected action com.google.android.gms.phenotype.COMMITTED
03-29 05:33:57.161: I/PTCommittedOperation(2373): Receive new configuration for com.google.android.gms.gconnect
03-29 05:33:57.184: W/ModuleInitIntentOp(2532): Dropping unexpected action com.google.android.gms.phenotype.COMMITTED
03-29 05:33:57.189: I/PTCommittedOperation(2373): Receive new configuration for com.google.android.gms.subscribedfeeds
03-29 05:33:57.222: W/ModuleInitIntentOp(2532): Dropping unexpected action com.google.android.gms.phenotype.COMMITTED
03-29 05:33:57.226: I/PTCommittedOperation(2373): Receive new configuration for com.google.android.gms.auth_cryptauth
03-29 05:33:57.232: W/dex2oat(4494): No verified method for method calling String.<init>: java.lang.String android.text.TextUtils.substring(java.lang.CharSequence, int, int)
03-29 05:33:57.248: W/ModuleInitIntentOp(2532): Dropping unexpected action com.google.android.gms.phenotype.COMMITTED
03-29 05:33:57.253: I/PTCommittedOperation(2373): Receive new configuration for com.google.android.gms.thunderbird
03-29 05:33:57.272: W/ModuleInitIntentOp(2532): Dropping unexpected action com.google.android.gms.phenotype.COMMITTED
03-29 05:33:57.276: I/PTCommittedOperation(2373): Receive new configuration for com.google.android.gms.magictether
03-29 05:33:57.304: E/MagicTether(2373): [MagicTetherInitializer] Invalid account list.
03-29 05:33:57.315: I/MagicTether(2373): [HostValidator] InvalidHost. MobileData: true, Tethering: false, whitelist: false, ble: true
03-29 05:33:57.372: W/ModuleInitIntentOp(2532): Dropping unexpected action com.google.android.gms.phenotype.COMMITTED
03-29 05:33:57.375: I/PTCommittedOperation(2373): Receive new configuration for com.google.android.metrics
03-29 05:33:57.410: W/ModuleInitIntentOp(2532): Dropping unexpected action com.google.android.gms.phenotype.COMMITTED
03-29 05:33:57.413: I/PTCommittedOperation(2373): Receive new configuration for com.google.android.gms.walletp2p#config
03-29 05:33:57.438: W/ModuleInitIntentOp(2532): Dropping unexpected action com.google.android.gms.phenotype.COMMITTED
03-29 05:33:57.439: I/PTCommittedOperation(2373): Receive new configuration for com.google.android.gms.matchstick
03-29 05:33:57.476: I/PTCommittedOperation(2373): Receive new configuration for com.google.android.gms.instantapps
03-29 05:33:57.479: W/ModuleInitIntentOp(2532): Dropping unexpected action com.google.android.gms.phenotype.COMMITTED
03-29 05:33:57.489: W/ModuleInitIntentOp(2532): Dropping unexpected action com.google.android.gms.phenotype.COMMITTED
03-29 05:33:57.489: I/PTCommittedOperation(2373): Receive new configuration for com.google.android.gms.clearcut.public
03-29 05:33:57.537: I/PTCommittedOperation(2373): Receive new configuration for com.google.android.gms.fitness
03-29 05:33:57.539: W/ModuleInitIntentOp(2532): Dropping unexpected action com.google.android.gms.phenotype.COMMITTED
03-29 05:33:57.587: I/PTCommittedOperation(2373): Receive new configuration for com.google.android.gms.contextmanager
03-29 05:33:57.590: W/ModuleInitIntentOp(2532): Dropping unexpected action com.google.android.gms.phenotype.COMMITTED
03-29 05:33:57.623: I/PTCommittedOperation(2373): Receive new configuration for com.google.android.gms.auth_api_early_update
03-29 05:33:57.623: W/ModuleInitIntentOp(2532): Dropping unexpected action com.google.android.gms.phenotype.COMMITTED
03-29 05:33:57.631: I/Auth(2373): [ReflectiveChannelBinder] Successfully bound channel!
03-29 05:33:57.657: W/Conscrypt(2373): Could not set socket write timeout: java.net.SocketException: Socket closed
03-29 05:33:57.657: W/Conscrypt(2373): 	at com.google.android.gms.org.conscrypt.Platform.setSocketWriteTimeout(:com.google.android.gms@14367022@14.3.67 (040700-216465562):2)
03-29 05:33:57.657: W/Conscrypt(2373): 	at com.google.android.gms.org.conscrypt.ConscryptFileDescriptorSocket.setSoWriteTimeout(:com.google.android.gms@14367022@14.3.67 (040700-216465562):2)
03-29 05:33:57.663: I/PTCommittedOperation(2373): Receive new configuration for com.google.android.gms.auth_managed
03-29 05:33:57.665: W/ModuleInitIntentOp(2532): Dropping unexpected action com.google.android.gms.phenotype.COMMITTED
03-29 05:33:57.679: W/Conscrypt(2373): Could not set socket write timeout: java.net.SocketException: Socket closed
03-29 05:33:57.679: W/Conscrypt(2373): 	at com.google.android.gms.org.conscrypt.Platform.setSocketWriteTimeout(:com.google.android.gms@14367022@14.3.67 (040700-216465562):2)
03-29 05:33:57.679: W/Conscrypt(2373): 	at com.google.android.gms.org.conscrypt.ConscryptFileDescriptorSocket.setSoWriteTimeout(:com.google.android.gms@14367022@14.3.67 (040700-216465562):2)
03-29 05:33:57.713: I/PTCommittedOperation(2373): Receive new configuration for com.google.android.gms.measurement
03-29 05:33:57.715: W/ModuleInitIntentOp(2532): Dropping unexpected action com.google.android.gms.phenotype.COMMITTED
03-29 05:33:57.722: W/GLSUser(2373): [AppCertManager] IOException while requesting key: 
03-29 05:33:57.722: W/GLSUser(2373): java.io.IOException: Invalid device key response.
03-29 05:33:57.722: W/GLSUser(2373): 	at hol.a(:com.google.android.gms@14367022@14.3.67 (040700-216465562):13)
03-29 05:33:57.722: W/GLSUser(2373): 	at hol.a(:com.google.android.gms@14367022@14.3.67 (040700-216465562):61)
03-29 05:33:57.722: W/GLSUser(2373): 	at hoj.a(:com.google.android.gms@14367022@14.3.67 (040700-216465562):6)
03-29 05:33:57.722: W/GLSUser(2373): 	at hof.a(:com.google.android.gms@14367022@14.3.67 (040700-216465562))
03-29 05:33:57.722: W/GLSUser(2373): 	at hoe.a(:com.google.android.gms@14367022@14.3.67 (040700-216465562):9)
03-29 05:33:57.722: W/GLSUser(2373): 	at com.google.android.gms.auth.account.be.legacy.AuthCronChimeraService.b(:com.google.android.gms@14367022@14.3.67 (040700-216465562):6)
03-29 05:33:57.722: W/GLSUser(2373): 	at gne.call(:com.google.android.gms@14367022@14.3.67 (040700-216465562):3)
03-29 05:33:57.722: W/GLSUser(2373): 	at java.util.concurrent.FutureTask.run(FutureTask.java:237)
03-29 05:33:57.722: W/GLSUser(2373): 	at qjt.run(:com.google.android.gms@14367022@14.3.67 (040700-216465562):35)
03-29 05:33:57.722: W/GLSUser(2373): 	at java.util.concurrent.ThreadPoolExecutor.runWorker(ThreadPoolExecutor.java:1113)
03-29 05:33:57.722: W/GLSUser(2373): 	at java.util.concurrent.ThreadPoolExecutor$Worker.run(ThreadPoolExecutor.java:588)
03-29 05:33:57.722: W/GLSUser(2373): 	at qpu.run(:com.google.android.gms@14367022@14.3.67 (040700-216465562))
03-29 05:33:57.722: W/GLSUser(2373): 	at java.lang.Thread.run(Thread.java:818)
03-29 05:33:57.745: I/PTCommittedOperation(2373): Receive new configuration for com.google.android.ads
03-29 05:33:57.747: W/ModuleInitIntentOp(2532): Dropping unexpected action com.google.android.gms.phenotype.COMMITTED
03-29 05:33:57.759: I/FA-SVC(2373): App measurement is starting up, version: 14367
03-29 05:33:57.783: I/VacuumService(2373): Vacuum at: now=1553852037782 tag=VacuumService
03-29 05:33:57.789: W/ModuleInitIntentOp(2532): Dropping unexpected action com.google.android.gms.phenotype.COMMITTED
03-29 05:33:57.791: I/PTCommittedOperation(2373): Receive new configuration for com.google.android.gms
03-29 05:33:57.852: I/PTCommittedOperation(2373): Receive new configuration for com.google.android.gms.car#car_setup
03-29 05:33:57.854: W/ModuleInitIntentOp(2532): Dropping unexpected action com.google.android.gms.phenotype.COMMITTED
03-29 05:33:57.854: D/CAR.SETUP(2532): Received Car Phenotype committed intent.
03-29 05:33:57.874: D/CAR.SETUP(2532): update DrivingMode components to false
03-29 05:33:57.874: I/PTCommittedOperation(2373): Receive new configuration for com.google.android.gms.vision.sdk
03-29 05:33:57.876: W/ModuleInitIntentOp(2532): Dropping unexpected action com.google.android.gms.phenotype.COMMITTED
03-29 05:33:57.915: W/ModuleInitIntentOp(2532): Dropping unexpected action com.google.android.gms.phenotype.COMMITTED
03-29 05:33:57.915: I/PTCommittedOperation(2373): Receive new configuration for com.google.android.gms.security
03-29 05:33:57.934: I/PTCommittedOperation(2373): Receive new configuration for com.google.android.gms.locationsharing
03-29 05:33:57.935: W/ModuleInitIntentOp(2532): Dropping unexpected action com.google.android.gms.phenotype.COMMITTED
03-29 05:33:57.963: I/PTCommittedOperation(2373): Receive new configuration for com.google.android.gms.trustlet_place
03-29 05:33:57.965: W/ModuleInitIntentOp(2532): Dropping unexpected action com.google.android.gms.phenotype.COMMITTED
03-29 05:33:57.985: W/ModuleInitIntentOp(2532): Dropping unexpected action com.google.android.gms.phenotype.COMMITTED
03-29 05:33:57.990: I/PTCommittedOperation(2373): Receive new configuration for com.google.android.gms.octarine
03-29 05:33:58.016: I/NetRec(2373): [349] agii.a: Running CleanupDatabaseTask GCM task
03-29 05:33:58.021: W/ModuleInitIntentOp(2532): Dropping unexpected action com.google.android.gms.phenotype.COMMITTED
03-29 05:33:58.022: I/PTCommittedOperation(2373): Receive new configuration for com.google.android.gms.googlehelp
03-29 05:33:58.040: W/ModuleInitIntentOp(2532): Dropping unexpected action com.google.android.gms.phenotype.COMMITTED
03-29 05:33:58.042: I/NetRec(2373): [349] agii.a: Removed 0 records from the database
03-29 05:33:58.044: I/PTCommittedOperation(2373): Receive new configuration for com.google.android.gms.chromesync
03-29 05:33:58.091: W/ModuleInitIntentOp(2532): Dropping unexpected action com.google.android.gms.phenotype.COMMITTED
03-29 05:33:58.095: I/PTCommittedOperation(2373): Receive new configuration for com.google.android.gms.autofill
03-29 05:33:58.167: W/ModuleInitIntentOp(2532): Dropping unexpected action com.google.android.gms.phenotype.COMMITTED
03-29 05:33:58.168: I/PTCommittedOperation(2373): Receive new configuration for com.google.android.gms.cast
03-29 05:33:58.190: I/GceRil(1341): Received request 19
03-29 05:33:58.190: I/GceRil(1341): Reporting signal strength: GW=30 CDMA=-65 EVDO=-73 LTE=27
03-29 05:33:58.212: W/ModuleInitIntentOp(2532): Dropping unexpected action com.google.android.gms.phenotype.COMMITTED
03-29 05:33:58.213: I/PTCommittedOperation(2373): Receive new configuration for com.google.android.gms.mdns
03-29 05:33:58.292: W/ModuleInitIntentOp(2532): Dropping unexpected action com.google.android.gms.phenotype.COMMITTED
03-29 05:33:58.308: I/PTCommittedOperation(2373): Receive new configuration for com.google.android.gms.trustagent
03-29 05:33:58.354: W/dex2oat(4494): Compilation of int android.support.v4.util.ArrayMap$1.colIndexOfKey(java.lang.Object) took 115.857ms
03-29 05:33:58.362: I/Remoter(1332): Saved screenshot to '/data/screenshots/__pmv__-0082.jpg'
03-29 05:33:58.367: W/ModuleInitIntentOp(2532): Dropping unexpected action com.google.android.gms.phenotype.COMMITTED
03-29 05:33:58.371: I/PTCommittedOperation(2373): Receive new configuration for com.google.android.gms.devicedoctor
03-29 05:33:58.371: I/PTCommittedOperation(2373): Running Fixer Framework for com.google.android.gms.devicedoctor
03-29 05:33:58.400: W/ModuleInitIntentOp(2532): Dropping unexpected action com.google.android.gms.phenotype.COMMITTED
03-29 05:33:58.402: I/PTCommittedOperation(2373): Receive new configuration for com.google.android.gms.trustlet_onbody
03-29 05:33:58.433: W/ModuleInitIntentOp(2532): Dropping unexpected action com.google.android.gms.phenotype.COMMITTED
03-29 05:33:58.436: I/PTCommittedOperation(2373): Receive new configuration for com.google.android.gms.languageprofile
03-29 05:33:58.473: W/ModuleInitIntentOp(2532): Dropping unexpected action com.google.android.gms.phenotype.COMMITTED
03-29 05:33:58.476: I/PTCommittedOperation(2373): Receive new configuration for com.google.android.gms.mobile_data_plan
03-29 05:33:58.044: I/Binder_2(3467): type=1400 audit(0.0:144): avc: denied { getattr } for name="/" dev="tracefs" ino=1 scontext=u:r:untrusted_app:s0:c512,c768 tcontext=u:object_r:unlabeled:s0 tclass=filesystem permissive=1
03-29 05:33:58.511: W/ModuleInitIntentOp(2532): Dropping unexpected action com.google.android.gms.phenotype.COMMITTED
03-29 05:33:58.514: I/PTCommittedOperation(2373): Receive new configuration for alt.com.google.android.gms.devicedoctor
03-29 05:33:58.548: W/dex2oat(4494): Compilation of void androidx.versionedparcelable.VersionedParcelParcel.<init>(android.os.Parcel, int, int, java.lang.String, android.support.v4.util.ArrayMap, android.support.v4.util.ArrayMap, android.support.v4.util.ArrayMap) took 100.295ms
03-29 05:33:58.579: W/ModuleInitIntentOp(2532): Dropping unexpected action com.google.android.gms.phenotype.COMMITTED
03-29 05:33:58.585: I/PTCommittedOperation(2373): Receive new configuration for com.google.android.gms.auth.easyunlock
03-29 05:33:58.592: E/EasyUnlock(2373): [EasyUnlockSupportReporterIntentOperation] Invalid account list.
03-29 05:33:58.609: E/EasyUnlock(2373): [HostValidator] Invalid account list.
03-29 05:33:58.615: W/ModuleInitIntentOp(2532): Dropping unexpected action com.google.android.gms.phenotype.COMMITTED
03-29 05:33:58.615: D/CAR.SETUP(2532): Received Car Phenotype committed intent.
03-29 05:33:58.615: D/CAR.SETUP(2532): update DrivingMode components to false
03-29 05:33:58.619: I/PTCommittedOperation(2373): Receive new configuration for com.google.android.gms.car#car
03-29 05:33:58.693: W/ModuleInitIntentOp(2532): Dropping unexpected action com.google.android.gms.phenotype.COMMITTED
03-29 05:33:58.701: I/PTCommittedOperation(2373): Receive new configuration for com.google.android.gms.contactinteractions
03-29 05:33:58.722: W/ModuleInitIntentOp(2532): Dropping unexpected action com.google.android.gms.phenotype.COMMITTED
03-29 05:33:58.731: I/PTCommittedOperation(2373): Receive new configuration for com.google.android.gms.checkin
03-29 05:33:58.769: W/ModuleInitIntentOp(2532): Dropping unexpected action com.google.android.gms.phenotype.COMMITTED
03-29 05:33:58.772: I/PTCommittedOperation(2373): Receive new configuration for com.google.android.gms.telephonyspam
03-29 05:33:58.774: I/TelephonySpam(2532): SettingsChangedIntentOp - telephonyspam phenotype flag changed
03-29 05:33:58.774: I/TelephonySpam(2532): SpamListSync - schedulePeriodicTask
03-29 05:33:58.634: I/Binder_2(3467): type=1400 audit(0.0:145): avc: denied { read } for name="/" dev="tmpfs" ino=6182 scontext=u:r:untrusted_app:s0:c512,c768 tcontext=u:object_r:device:s0 tclass=dir permissive=1
03-29 05:33:58.810: E/NetworkScheduler(2373): Invalid component specified.
03-29 05:33:58.634: I/Binder_2(3467): type=1400 audit(0.0:146): avc: denied { open } for path="/dev" dev="tmpfs" ino=6182 scontext=u:r:untrusted_app:s0:c512,c768 tcontext=u:object_r:device:s0 tclass=dir permissive=1
03-29 05:33:58.664: I/Binder_2(3467): type=1400 audit(0.0:147): avc: denied { search } for name="1346" dev="proc" ino=310 scontext=u:r:untrusted_app:s0:c512,c768 tcontext=u:r:zygote:s0 tclass=dir permissive=1
03-29 05:33:58.664: I/Binder_2(3467): type=1400 audit(0.0:148): avc: denied { read } for name="stat" dev="proc" ino=8706 scontext=u:r:untrusted_app:s0:c512,c768 tcontext=u:r:zygote:s0 tclass=file permissive=1
03-29 05:33:58.664: I/Binder_2(3467): type=1400 audit(0.0:149): avc: denied { open } for path="/proc/1346/stat" dev="proc" ino=8706 scontext=u:r:untrusted_app:s0:c512,c768 tcontext=u:r:zygote:s0 tclass=file permissive=1
03-29 05:33:58.896: E/NetworkScheduler(2373): Invalid component specified.
03-29 05:33:58.904: W/ModuleInitIntentOp(2532): Dropping unexpected action com.google.android.gms.phenotype.COMMITTED
03-29 05:33:58.907: I/PTCommittedOperation(2373): Receive new configuration for com.google.android.gms.reachability
03-29 05:33:58.920: I/PTCommittedOperation(2373): Receive new configuration for com.google.android.gms.audit
03-29 05:33:58.921: W/ModuleInitIntentOp(2532): Dropping unexpected action com.google.android.gms.phenotype.COMMITTED
03-29 05:33:58.941: W/ModuleInitIntentOp(2532): Dropping unexpected action com.google.android.gms.phenotype.COMMITTED
03-29 05:33:58.941: I/PTCommittedOperation(2373): Receive new configuration for com.google.android.gms.fonts
03-29 05:33:58.947: I/GceRil(1341): Received request 19
03-29 05:33:58.947: I/GceRil(1341): Reporting signal strength: GW=29 CDMA=-66 EVDO=-73 LTE=28
03-29 05:33:58.979: W/ModuleInitIntentOp(2532): Dropping unexpected action com.google.android.gms.phenotype.COMMITTED
03-29 05:33:58.990: I/PTCommittedOperation(2373): Receive new configuration for com.google.android.gms.icing
03-29 05:33:59.007: I/MobileDataHub(2532): Scheduling periodic tasks
03-29 05:33:59.007: W/MobileDataHub(2532): [Service] appsupload-periodic periodic task disabled
03-29 05:33:59.038: I/PTCommittedOperation(2373): Receive new configuration for com.google.android.gms.droidguard
03-29 05:33:59.039: W/ModuleInitIntentOp(2532): Dropping unexpected action com.google.android.gms.phenotype.COMMITTED
03-29 05:33:59.068: W/ModuleInitIntentOp(2532): Dropping unexpected action com.google.android.gms.phenotype.COMMITTED
03-29 05:33:59.072: I/PTCommittedOperation(2373): Receive new configuration for com.google.android.gms.auth.api.credentials
03-29 05:33:59.083: W/ModuleInitIntentOp(2532): Dropping unexpected action com.google.android.gms.phenotype.COMMITTED
03-29 05:33:59.091: I/PTCommittedOperation(2373): Receive new configuration for com.google.android.gms.client_streamz
03-29 05:33:59.096: W/art(2373): Long monitor contention event with owner method=void java.lang.Object.wait!(long, int) from Object.java:4294967294 waiters=0 for 3.687s
03-29 05:33:59.107: W/ModuleInitIntentOp(2532): Dropping unexpected action com.google.android.gms.phenotype.COMMITTED
03-29 05:33:59.107: I/PTCommittedOperation(2373): Receive new configuration for com.google.android.gms.smartdevice
03-29 05:33:59.132: I/PTCommittedOperation(2373): Receive new configuration for com.google.android.gms.tapandpay
03-29 05:33:59.133: W/ModuleInitIntentOp(2532): Dropping unexpected action com.google.android.gms.phenotype.COMMITTED
03-29 05:33:59.179: E/NetworkScheduler(2373): Invalid component specified.
03-29 05:33:59.182: E/NetworkScheduler(2373): Invalid component specified.
03-29 05:33:59.187: E/SeTransactionSyncTask(2373): Error retrieving account
03-29 05:33:59.187: E/SeTransactionSyncTask(2373): java.lang.IllegalStateException: No current tap-and-pay account
03-29 05:33:59.187: E/SeTransactionSyncTask(2373): 	at aoyw.b(:com.google.android.gms@14367022@14.3.67 (040700-216465562):4)
03-29 05:33:59.187: E/SeTransactionSyncTask(2373): 	at aoyw.a(:com.google.android.gms@14367022@14.3.67 (040700-216465562):1)
03-29 05:33:59.187: E/SeTransactionSyncTask(2373): 	at aptb.a(:com.google.android.gms@14367022@14.3.67 (040700-216465562):23)
03-29 05:33:59.187: E/SeTransactionSyncTask(2373): 	at com.google.android.gms.tapandpay.gcmtask.TapAndPayGcmTaskChimeraService.b(:com.google.android.gms@14367022@14.3.67 (040700-216465562):2)
03-29 05:33:59.187: E/SeTransactionSyncTask(2373): 	at com.google.android.gms.tapandpay.gcmtask.TapAndPayGcmTaskChimeraService.a(:com.google.android.gms@14367022@14.3.67 (040700-216465562):1)
03-29 05:33:59.187: E/SeTransactionSyncTask(2373): 	at com.google.android.gms.tapandpay.phenotype.PhenotypeCommitIntentOperation.onHandleIntent(:com.google.android.gms@14367022@14.3.67 (040700-216465562):23)
03-29 05:33:59.187: E/SeTransactionSyncTask(2373): 	at com.google.android.chimera.IntentOperation.onHandleIntent(:com.google.android.gms@14367022@14.3.67 (040700-216465562):2)
03-29 05:33:59.187: E/SeTransactionSyncTask(2373): 	at dne.a(:com.google.android.gms@14367022@14.3.67 (040700-216465562):7)
03-29 05:33:59.187: E/SeTransactionSyncTask(2373): 	at okc.a(:com.google.android.gms@14367022@14.3.67 (040700-216465562):9)
03-29 05:33:59.187: E/SeTransactionSyncTask(2373): 	at dnj.run(:com.google.android.gms@14367022@14.3.67 (040700-216465562):11)
03-29 05:33:59.187: E/SeTransactionSyncTask(2373): 	at dng.run(:com.google.android.gms@14367022@14.3.67 (040700-216465562):9)
03-29 05:33:59.187: E/SeTransactionSyncTask(2373): 	at java.util.concurrent.ThreadPoolExecutor.runWorker(ThreadPoolExecutor.java:1113)
03-29 05:33:59.187: E/SeTransactionSyncTask(2373): 	at java.util.concurrent.ThreadPoolExecutor$Worker.run(ThreadPoolExecutor.java:588)
03-29 05:33:59.187: E/SeTransactionSyncTask(2373): 	at java.lang.Thread.run(Thread.java:818)
03-29 05:33:59.188: W/Conscrypt(2373): Could not set socket write timeout: java.net.SocketException: Socket closed
03-29 05:33:59.188: W/Conscrypt(2373): 	at com.google.android.gms.org.conscrypt.Platform.setSocketWriteTimeout(:com.google.android.gms@14367022@14.3.67 (040700-216465562):2)
03-29 05:33:59.188: W/Conscrypt(2373): 	at com.google.android.gms.org.conscrypt.ConscryptFileDescriptorSocket.setSoWriteTimeout(:com.google.android.gms@14367022@14.3.67 (040700-216465562):2)
03-29 05:33:59.191: E/NetworkScheduler(2373): Invalid component specified.
03-29 05:33:59.192: E/NetworkScheduler(2373): Invalid component specified.
03-29 05:33:59.195: E/NetworkScheduler(2373): Invalid component specified.
03-29 05:33:59.196: E/NetworkScheduler(2373): Invalid component specified.
03-29 05:33:59.198: E/NetworkScheduler(2373): Invalid component specified.
03-29 05:33:59.200: E/NetworkScheduler(2373): Invalid component specified.
03-29 05:33:59.211: E/NetworkScheduler(2373): Invalid component specified.
03-29 05:33:59.213: E/NetworkScheduler(2373): Invalid component specified.
03-29 05:33:59.238: W/Conscrypt(2373): Could not set socket write timeout: java.net.SocketException: Socket closed
03-29 05:33:59.238: W/Conscrypt(2373): 	at com.google.android.gms.org.conscrypt.Platform.setSocketWriteTimeout(:com.google.android.gms@14367022@14.3.67 (040700-216465562):2)
03-29 05:33:59.238: W/Conscrypt(2373): 	at com.google.android.gms.org.conscrypt.ConscryptFileDescriptorSocket.setSoWriteTimeout(:com.google.android.gms@14367022@14.3.67 (040700-216465562):2)
03-29 05:33:59.506: I/Remoter(1332): Saved screenshot to '/data/screenshots/__pmv__-0083.jpg'
03-29 05:33:59.598: I/dex2oat(4494): dex2oat took 4.330s (threads: 2) arena alloc=935KB java alloc=2MB native alloc=12MB free=2MB
03-29 05:33:59.624: V/BackupManagerService(1726): restoreAtInstall pkg=com.google.android.apps.mtaas.testloop token=5 restoreSet=0
03-29 05:33:59.624: V/BackupManagerService(1726): Finishing install immediately
03-29 05:33:59.635: D/VoldConnector(1726): SND -> {7 volume remount_uid 10081 read}
03-29 05:33:59.636: D/vold(1318): Remounting 10081 as mode read
03-29 05:33:59.638: D/VoldConnector(1726): RCV <- {200 7 Command succeeded}
03-29 05:33:59.638: D/VoldConnector(1726): SND -> {8 volume remount_uid 10081 write}
03-29 05:33:59.638: D/vold(1318): Remounting 10081 as mode write
03-29 05:33:59.639: D/VoldConnector(1726): RCV <- {200 8 Command succeeded}
03-29 05:33:59.643: W/Settings(1726): Setting install_non_market_apps has moved from android.provider.Settings.Global to android.provider.Settings.Secure, returning read-only value.
03-29 05:33:59.643: I/art(1726): Starting a blocking GC Explicit
03-29 05:33:59.648: W/GCoreFlp(2373): No location to return for getLastLocation()
03-29 05:33:59.652: W/GCoreFlp(2373): No location to return for getLastLocation()
03-29 05:33:59.671: I/art(1726): Explicit concurrent mark sweep GC freed 49262(3MB) AllocSpace objects, 9(332KB) LOS objects, 33% free, 28MB/42MB, paused 587us total 24.886ms
03-29 05:33:59.689: I/InputReader(1726): Reconfiguring input devices.  changes=0x00000010
03-29 05:33:59.690: D/BluetoothMapAppObserver(2549): onReceive
03-29 05:33:59.690: I/art(4434): System.exit called, status: 0
03-29 05:33:59.690: I/AndroidRuntime(4434): VM exiting with result code 0.
03-29 05:33:59.690: D/BluetoothMapAppObserver(2549): The installed package is: com.google.android.apps.mtaas.testloop
03-29 05:33:59.690: D/BluetoothMapAppObserver(2549): Found 0 application(s) with intent android.bluetooth.action.BLUETOOTH_MAP_PROVIDER
03-29 05:33:59.690: D/BluetoothMapAppObserver(2549): Found 0 application(s) with intent android.bluetooth.action.BLUETOOTH_MAP_IM_PROVIDER
03-29 05:33:59.693: D/CarrierServiceBindHelper(2034): Receive action: android.intent.action.PACKAGE_ADDED
03-29 05:33:59.695: D/CarrierServiceBindHelper(2034): mHandler: 3
03-29 05:33:59.695: D/CarrierConfigLoader(2034): mHandler: 9 phoneId: 0
03-29 05:33:59.718: D/Finsky(3041): [1] ExternalReferrer.access$200: Package state data is missing for com.google.android.apps.mtaas.testloop
03-29 05:33:59.727: I/UpdateIcingCorporaServi(3076): Updating corpora: APPS=com.google.android.apps.mtaas.testloop, CONTACTS=MAYBE
03-29 05:33:59.747: I/Auth(2532): [SupervisedAccountIntentOperation] onHandleIntent(): android.intent.action.PACKAGE_ADDED
03-29 05:33:59.755: I/ChromeSync(2532): [Sync,SyncIntentOperation] Handling the intent: Intent { act=android.intent.action.PACKAGE_ADDED dat=package:com.google.android.apps.mtaas.testloop flg=0x4000010 cmp=com.google.android.gms/.chimera.GmsIntentOperationService (has extras) }.
03-29 05:33:59.760: I/Auth(2532): [SupervisedAccountIntentOperation] This operation is disabled
03-29 05:33:59.761: I/ChromeSync(2532): [Persistence,AffiliationManager] No affiliation data for android://N50vJU0zrJ8WOzDt6r3GDtfqrkROFOSiqHcmppwn3vxaRC4hFpNn4UsL7XlvjtlfcWuDAQhmck0qjQPwsrpMNg==@com.google.android.apps.mtaas.testloop/. Marking affiliation data as stale...
03-29 05:33:59.761: I/FontsPackageChangeOp(2532): Package com.google.android.apps.mtaas.testloop has no metadata
03-29 05:33:59.771: I/ChromeSync(2532): [Persistence,AffiliationManager] Fetching affiliations from the server.
03-29 05:33:59.778: I/PeopleContactsSync(2532): triggerPendingContactsCleanup: no accounts
03-29 05:33:59.784: I/Icing(2532): IndexChimeraService.getServiceInterface callingPackage=com.google.android.googlequicksearchbox componentName=null serviceId=36
03-29 05:33:59.793: I/Icing(2532): IndexChimeraService.getServiceInterface callingPackage=com.google.android.gms componentName=AppsCorpus serviceId=32
03-29 05:33:59.793: I/Icing(2532): IndexChimeraService.getServiceInterface callingPackage=com.google.android.gms componentName=AppsCorpus serviceId=36
03-29 05:33:59.801: I/Icing(2532): Usage reports ok 0, Failed Usage reports 0, indexed 0, rejected 0, imm upload true
03-29 05:33:59.809: I/Icing(2532): Usage reports ok 0, Failed Usage reports 0, indexed 0, rejected 0, imm upload false
03-29 05:33:59.819: I/Icing(2532): Usage reports ok 0, Failed Usage reports 0, indexed 0, rejected 0, imm upload false
03-29 05:33:59.822: I/UpdateIcingCorporaServi(3076): UpdateCorporaTask done [took 95 ms] updated apps [took 95 ms] 
03-29 05:33:59.925: W/Conscrypt(2373): Could not set socket write timeout: java.net.SocketException: Socket closed
03-29 05:33:59.925: W/Conscrypt(2373): 	at com.google.android.gms.org.conscrypt.Platform.setSocketWriteTimeout(:com.google.android.gms@14367022@14.3.67 (040700-216465562):2)
03-29 05:33:59.925: W/Conscrypt(2373): 	at com.google.android.gms.org.conscrypt.ConscryptFileDescriptorSocket.setSoWriteTimeout(:com.google.android.gms@14367022@14.3.67 (040700-216465562):2)
03-29 05:33:59.926: W/Conscrypt(2373): Could not set socket write timeout: java.net.SocketException: Socket closed
03-29 05:33:59.926: W/Conscrypt(2373): 	at com.google.android.gms.org.conscrypt.Platform.setSocketWriteTimeout(:com.google.android.gms@14367022@14.3.67 (040700-216465562):2)
03-29 05:33:59.926: W/Conscrypt(2373): 	at com.google.android.gms.org.conscrypt.ConscryptFileDescriptorSocket.setSoWriteTimeout(:com.google.android.gms@14367022@14.3.67 (040700-216465562):2)
03-29 05:33:59.994: I/scp(4621): type=1400 audit(0.0:150): avc: denied { write } for name="tmp" dev="loop6" ino=65538 scontext=u:r:gcelogwrapper:s0 tcontext=u:object_r:shell_data_file:s0 tclass=dir permissive=1
03-29 05:33:59.994: I/scp(4621): type=1400 audit(0.0:151): avc: denied { add_name } for name="android.support.test.orchestrator.apk" scontext=u:r:gcelogwrapper:s0 tcontext=u:object_r:shell_data_file:s0 tclass=dir permissive=1
03-29 05:33:59.994: I/scp(4621): type=1400 audit(0.0:152): avc: denied { create } for name="android.support.test.orchestrator.apk" scontext=u:r:gcelogwrapper:s0 tcontext=u:object_r:shell_data_file:s0 tclass=file permissive=1
03-29 05:33:59.994: I/scp(4621): type=1400 audit(0.0:153): avc: denied { write open } for path="/data/local/tmp/android.support.test.orchestrator.apk" dev="loop6" ino=65582 scontext=u:r:gcelogwrapper:s0 tcontext=u:object_r:shell_data_file:s0 tclass=file permissive=1
03-29 05:33:59.994: I/scp(4621): type=1400 audit(0.0:154): avc: denied { getattr } for path="/data/local/tmp/android.support.test.orchestrator.apk" dev="loop6" ino=65582 scontext=u:r:gcelogwrapper:s0 tcontext=u:object_r:shell_data_file:s0 tclass=file permissive=1
03-29 05:34:00.649: I/art(2373): Background sticky concurrent mark sweep GC freed 127451(8MB) AllocSpace objects, 17(448KB) LOS objects, 20% free, 35MB/45MB, paused 466us total 155.053ms
03-29 05:34:00.793: I/Remoter(1332): Saved screenshot to '/data/screenshots/__pmv__-0084.jpg'
03-29 05:34:00.848: I/Icing(2532): Indexing com.google.android.googlequicksearchbox-applications_uri from com.google.android.googlequicksearchbox
03-29 05:34:00.859: I/Icing(2532): Indexing com.google.android.gms-apps from com.google.android.gms
03-29 05:34:00.865: D/AndroidRuntime(4630): >>>>>> START com.android.internal.os.RuntimeInit uid 0 <<<<<<
03-29 05:34:00.867: D/AndroidRuntime(4630): CheckJNI is OFF
03-29 05:34:00.872: I/Icing(2532): Indexing done com.google.android.googlequicksearchbox-applications_uri
03-29 05:34:00.874: I/Icing(2532): Indexing done com.google.android.gms-apps
03-29 05:34:00.882: D/ICU(4630): No timezone override file found: /data/misc/zoneinfo/current/icu/icu_tzdata.dat
03-29 05:34:00.882: D/ICU(4630): [ 03-29 05:34:00.886  4630: 4630 W/         ]
03-29 05:34:00.882: D/ICU(4630): Failed to bind-mount /system/lib/x86/cpuinfo as /proc/cpuinfo: No such file or directory
03-29 05:34:00.893: E/memtrack(4630): Couldn't load memtrack module (No such file or directory)
03-29 05:34:00.893: E/android.os.Debug(4630): failed to load memtrack module: -2
03-29 05:34:00.893: I/Radio-JNI(4630): register_android_hardware_Radio DONE
03-29 05:34:00.901: D/AndroidRuntime(4630): Calling main entry com.android.commands.pm.Pm
03-29 05:34:00.904: D/DefContainer(4151): Copying /data/local/tmp/android.support.test.orchestrator.apk to base.apk
03-29 05:34:00.924: I/PackageManager.DexOptimizer(1726): Running dexopt (dex2oat) on: /data/app/vmdl1147416654.tmp/base.apk pkg=android.support.test.orchestrator isa=x86 vmSafeMode=false debuggable=false oatDir = /data/app/vmdl1147416654.tmp/oat bootComplete=true
03-29 05:34:00.937: I/dex2oat(4638): Starting dex2oat.
03-29 05:34:00.937: E/cutils-trace(4638): Error opening trace file: Permission denied (13)
03-29 05:34:00.947: I/TelephonySpam(2532): TelephonySpamChimeraService - Running Telephony Spam Chimera Service
03-29 05:34:00.947: I/TelephonySpam(2532): TelephonySpamChimeraService - Cleaning SIP Header local table of old entries
03-29 05:34:00.947: I/TelephonySpam(2532): TelephonySpamChimeraService - Syncing Call Spam List
03-29 05:34:00.947: I/TelephonySpam(2532): SpamListSync - SpamListSyncChimeraService.syncSpamList called with tag: telephonyspam.SpamListSyncOneOffTask, extras: Bundle[{SpamList Type=0, Action=1.0}]
03-29 05:34:00.947: I/TelephonySpam(2532): SpamListSync - Call spam module disabled. Skipping spam list syncing.
03-29 05:34:00.970: I/TelephonySpam(2532): TelephonySpamChimeraService - Running Telephony Spam Chimera Service
03-29 05:34:01.327: W/dex2oat(4638): Verification of java.lang.String android.support.test.orchestrator.AndroidTestOrchestrator.addTestCoverageSupport(android.os.Bundle, java.lang.String) took 180.728ms
03-29 05:34:01.554: W/dex2oat(4638): Compilation of android.os.Bundle android.support.test.services.speakeasy.SpeakEasyProtocol$FindResult.asBundle(boolean, android.os.IBinder, java.lang.String) took 170.173ms
03-29 05:34:01.568: W/dex2oat(4638): Compilation of void com.google.common.io.ByteStreams$1.<init>() took 130.166ms
03-29 05:34:01.620: I/dex2oat(4638): dex2oat took 682.833ms (threads: 2) arena alloc=66KB java alloc=244KB native alloc=1727KB free=1344KB
03-29 05:34:01.640: W/Conscrypt(2373): Could not set socket write timeout: java.net.SocketException: Socket closed
03-29 05:34:01.640: W/Conscrypt(2373): 	at com.google.android.gms.org.conscrypt.Platform.setSocketWriteTimeout(:com.google.android.gms@14367022@14.3.67 (040700-216465562):2)
03-29 05:34:01.640: W/Conscrypt(2373): 	at com.google.android.gms.org.conscrypt.ConscryptFileDescriptorSocket.setSoWriteTimeout(:com.google.android.gms@14367022@14.3.67 (040700-216465562):2)
03-29 05:34:01.641: W/Conscrypt(2373): Could not set socket write timeout: java.net.SocketException: Socket closed
03-29 05:34:01.642: W/Conscrypt(2373): 	at com.google.android.gms.org.conscrypt.Platform.setSocketWriteTimeout(:com.google.android.gms@14367022@14.3.67 (040700-216465562):2)
03-29 05:34:01.642: W/Conscrypt(2373): 	at com.google.android.gms.org.conscrypt.ConscryptFileDescriptorSocket.setSoWriteTimeout(:com.google.android.gms@14367022@14.3.67 (040700-216465562):2)
03-29 05:34:01.652: V/BackupManagerService(1726): restoreAtInstall pkg=android.support.test.orchestrator token=6 restoreSet=0
03-29 05:34:01.652: V/BackupManagerService(1726): Finishing install immediately
03-29 05:34:01.653: D/VoldConnector(1726): SND -> {9 volume remount_uid 10082 read}
03-29 05:34:01.653: D/vold(1318): Remounting 10082 as mode read
03-29 05:34:01.654: D/VoldConnector(1726): RCV <- {200 9 Command succeeded}
03-29 05:34:01.654: D/VoldConnector(1726): SND -> {10 volume remount_uid 10082 write}
03-29 05:34:01.655: D/vold(1318): Remounting 10082 as mode write
03-29 05:34:01.656: D/VoldConnector(1726): RCV <- {200 10 Command succeeded}
03-29 05:34:01.658: W/Settings(1726): Setting install_non_market_apps has moved from android.provider.Settings.Global to android.provider.Settings.Secure, returning read-only value.
03-29 05:34:01.658: I/art(1726): Starting a blocking GC Explicit
03-29 05:34:01.665: W/GCoreFlp(2373): No location to return for getLastLocation()
03-29 05:34:01.668: W/GCoreFlp(2373): No location to return for getLastLocation()
03-29 05:34:01.682: I/art(1726): Explicit concurrent mark sweep GC freed 59693(3MB) AllocSpace objects, 10(488KB) LOS objects, 33% free, 28MB/42MB, paused 276us total 23.086ms
03-29 05:34:01.686: I/art(4630): System.exit called, status: 0
03-29 05:34:01.686: I/AndroidRuntime(4630): VM exiting with result code 0.
03-29 05:34:01.690: D/CarrierServiceBindHelper(2034): Receive action: android.intent.action.PACKAGE_ADDED
03-29 05:34:01.690: D/BluetoothMapAppObserver(2549): onReceive
03-29 05:34:01.690: D/BluetoothMapAppObserver(2549): The installed package is: android.support.test.orchestrator
03-29 05:34:01.690: D/CarrierServiceBindHelper(2034): mHandler: 3
03-29 05:34:01.690: D/CarrierConfigLoader(2034): mHandler: 9 phoneId: 0
03-29 05:34:01.690: D/BluetoothMapAppObserver(2549): Found 0 application(s) with intent android.bluetooth.action.BLUETOOTH_MAP_PROVIDER
03-29 05:34:01.691: D/BluetoothMapAppObserver(2549): Found 0 application(s) with intent android.bluetooth.action.BLUETOOTH_MAP_IM_PROVIDER
03-29 05:34:01.696: I/InputReader(1726): Reconfiguring input devices.  changes=0x00000010
03-29 05:34:01.700: D/Finsky(3041): [1] ExternalReferrer.access$200: Package state data is missing for android.support.test.orchestrator
03-29 05:34:01.708: I/UpdateIcingCorporaServi(3076): Updating corpora: APPS=android.support.test.orchestrator, CONTACTS=MAYBE
03-29 05:34:01.717: I/UpdateIcingCorporaServi(3076): UpdateCorporaTask done [took 9 ms] updated apps [took 9 ms] 
03-29 05:34:01.733: I/Auth(2532): [SupervisedAccountIntentOperation] onHandleIntent(): android.intent.action.PACKAGE_ADDED
03-29 05:34:01.733: I/Auth(2532): [SupervisedAccountIntentOperation] This operation is disabled
03-29 05:34:01.733: I/ChromeSync(2532): [Sync,SyncIntentOperation] Handling the intent: Intent { act=android.intent.action.PACKAGE_ADDED dat=package:android.support.test.orchestrator flg=0x4000010 cmp=com.google.android.gms/.chimera.GmsIntentOperationService (has extras) }.
03-29 05:34:01.734: I/ChromeSync(2532): [Persistence,AffiliationManager] No affiliation data for android://N50vJU0zrJ8WOzDt6r3GDtfqrkROFOSiqHcmppwn3vxaRC4hFpNn4UsL7XlvjtlfcWuDAQhmck0qjQPwsrpMNg==@android.support.test.orchestrator/. Marking affiliation data as stale...
03-29 05:34:01.735: I/FontsPackageChangeOp(2532): Package android.support.test.orchestrator has no metadata
03-29 05:34:01.736: I/ChromeSync(2532): [Persistence,AffiliationManager] Fetching affiliations from the server.
03-29 05:34:01.750: I/PeopleContactsSync(2532): triggerPendingContactsCleanup: no accounts
03-29 05:34:01.751: I/Icing(2532): IndexChimeraService.getServiceInterface callingPackage=com.google.android.gms componentName=AppsCorpus serviceId=36
03-29 05:34:01.754: I/Icing(2532): IndexChimeraService.getServiceInterface callingPackage=com.google.android.gms componentName=AppsCorpus serviceId=32
03-29 05:34:01.764: I/Icing(2532): Usage reports ok 0, Failed Usage reports 0, indexed 0, rejected 0, imm upload false
03-29 05:34:01.776: I/Icing(2532): Usage reports ok 0, Failed Usage reports 0, indexed 0, rejected 0, imm upload false
03-29 05:34:01.788: I/ajhm(2373): updateFromConfigurations using legacy put method [CONTEXT service_id=51 ]
03-29 05:34:01.795: I/ajhm(2373): updateFromConfigurations using legacy put method [CONTEXT service_id=51 ]
03-29 05:34:01.795: I/ajji(2373): Scheduling adaptive one off task with window [14400, 604800] in seconds [CONTEXT service_id=51 ]
03-29 05:34:01.815: E/NetworkScheduler(2373): Invalid component specified.
03-29 05:34:01.927: I/Remoter(1332): Saved screenshot to '/data/screenshots/__pmv__-0085.jpg'
03-29 05:34:02.317: D/AndroidRuntime(4676): >>>>>> START com.android.internal.os.RuntimeInit uid 0 <<<<<<
03-29 05:34:02.318: D/AndroidRuntime(4676): CheckJNI is OFF
03-29 05:34:02.330: D/ICU(4676): No timezone override file found: /data/misc/zoneinfo/current/icu/icu_tzdata.dat
03-29 05:34:02.330: D/ICU(4676): [ 03-29 05:34:02.334  4676: 4676 W/         ]
03-29 05:34:02.330: D/ICU(4676): Failed to bind-mount /system/lib/x86/cpuinfo as /proc/cpuinfo: No such file or directory
03-29 05:34:02.341: E/memtrack(4676): Couldn't load memtrack module (No such file or directory)
03-29 05:34:02.341: E/android.os.Debug(4676): failed to load memtrack module: -2
03-29 05:34:02.341: I/Radio-JNI(4676): register_android_hardware_Radio DONE
03-29 05:34:02.348: D/AndroidRuntime(4676): Calling main entry com.android.commands.pm.Pm
03-29 05:34:02.353: D/DefContainer(4151): Copying /data/local/tmp/androidx.test.orchestrator.apk to base.apk
03-29 05:34:02.368: I/PackageManager.DexOptimizer(1726): Running dexopt (dex2oat) on: /data/app/vmdl1915761924.tmp/base.apk pkg=androidx.test.orchestrator isa=x86 vmSafeMode=false debuggable=true oatDir = /data/app/vmdl1915761924.tmp/oat bootComplete=true
03-29 05:34:02.376: I/dex2oat(4684): /system/bin/dex2oat --debuggable
03-29 05:34:02.376: E/cutils-trace(4684): Error opening trace file: Permission denied (13)
03-29 05:34:02.447: I/dex2oat(4684): dex2oat took 70.888ms (threads: 2) arena alloc=43KB java alloc=242KB native alloc=2MB free=1677KB
03-29 05:34:02.471: V/BackupManagerService(1726): restoreAtInstall pkg=androidx.test.orchestrator token=7 restoreSet=0
03-29 05:34:02.471: V/BackupManagerService(1726): Finishing install immediately
03-29 05:34:02.471: D/VoldConnector(1726): SND -> {11 volume remount_uid 10083 read}
