03-29 05:34:27.115: D/StrictMode(5552): StrictMode policy violation; ~duration=177 ms: android.os.StrictMode$StrictModeDiskReadViolation: policy=65567 violation=2
03-29 05:34:27.115: D/StrictMode(5552): 	at android.os.StrictMode$AndroidBlockGuardPolicy.onReadFromDisk(StrictMode.java:1263)
03-29 05:34:27.115: D/StrictMode(5552): 	at libcore.io.BlockGuardOs.fstat(BlockGuardOs.java:132)
03-29 05:34:27.115: D/StrictMode(5552): 	at libcore.io.IoBridge.open(IoBridge.java:441)
03-29 05:34:27.115: D/StrictMode(5552): 	at java.io.FileInputStream.<init>(FileInputStream.java:76)
03-29 05:34:27.115: D/StrictMode(5552): 	at android.app.ContextImpl.openFileInput(ContextImpl.java:384)
03-29 05:34:27.115: D/StrictMode(5552): 	at android.content.ContextWrapper.openFileInput(ContextWrapper.java:177)
03-29 05:34:27.115: D/StrictMode(5552): 	at com.google.android.apps.gmm.shared.i.h.a(PG:250)
03-29 05:34:27.115: D/StrictMode(5552): 	at com.google.android.apps.gmm.map.m.q.a(PG:8693)
03-29 05:34:27.115: D/StrictMode(5552): 	at com.google.android.apps.gmm.shared.f.a.a(PG:48)
03-29 05:34:27.115: D/StrictMode(5552): 	at com.google.android.apps.gmm.map.m.e.a(PG:1531)
03-29 05:34:27.115: D/StrictMode(5552): 	at com.google.android.apps.gmm.base.app.a.a(PG:244)
03-29 05:34:27.115: D/StrictMode(5552): 	at com.google.android.apps.gmm.base.app.a.a(PG:2265)
03-29 05:34:27.115: D/StrictMode(5552): 	at com.google.android.apps.gmm.base.app.GoogleMapsApplication.a(PG:206)
03-29 05:34:27.115: D/StrictMode(5552): 	at com.google.android.apps.gmm.base.app.GoogleMapsApplication.onCreate(PG:174)
03-29 05:34:27.115: D/StrictMode(5552): 	at android.app.Instrumentation.callApplicationOnCreate(Instrumentation.java:1013)
03-29 05:34:27.115: D/StrictMode(5552): 	at android.app.ActivityThread.handleBindApplication(ActivityThread.java:4707)
03-29 05:34:27.115: D/StrictMode(5552): 	at android.app.ActivityThread.-wrap1(ActivityThread.java)
03-29 05:34:27.115: D/StrictMode(5552): 	at android.app.ActivityThread$H.handleMessage(ActivityThread.java:1405)
03-29 05:34:27.115: D/StrictMode(5552): 	at android.os.Handler.dispatchMessage(Handler.java:102)
03-29 05:34:27.115: D/StrictMode(5552): 	at android.os.Looper.loop(Looper.java:148)
03-29 05:34:27.115: D/StrictMode(5552): 	at android.app.ActivityThread.main(ActivityThread.java:5417)
03-29 05:34:27.115: D/StrictMode(5552): 	at java.lang.reflect.Method.invoke(Native Method)
03-29 05:34:27.115: D/StrictMode(5552): 	at com.android.internal.os.ZygoteInit$MethodAndArgsCaller.run(ZygoteInit.java:726)
03-29 05:34:27.115: D/StrictMode(5552): 	at com.android.internal.os.ZygoteInit.main(ZygoteInit.java:616)
03-29 05:34:27.115: D/StrictMode(5552): StrictMode policy violation; ~duration=176 ms: android.os.StrictMode$StrictModeDiskReadViolation: policy=65567 violation=2
03-29 05:34:27.115: D/StrictMode(5552): 	at android.os.StrictMode$AndroidBlockGuardPolicy.onReadFromDisk(StrictMode.java:1263)
03-29 05:34:27.115: D/StrictMode(5552): 	at libcore.io.BlockGuardOs.read(BlockGuardOs.java:229)
03-29 05:34:27.115: D/StrictMode(5552): 	at libcore.io.IoBridge.read(IoBridge.java:468)
03-29 05:34:27.115: D/StrictMode(5552): 	at java.io.FileInputStream.read(FileInputStream.java:177)
03-29 05:34:27.115: D/StrictMode(5552): 	at java.io.BufferedInputStream.read(BufferedInputStream.java:290)
03-29 05:34:27.115: D/StrictMode(5552): 	at java.io.DataInputStream.read(DataInputStream.java:63)
03-29 05:34:27.115: D/StrictMode(5552): 	at com.google.r.k.d(PG:1187)
03-29 05:34:27.115: D/StrictMode(5552): 	at com.google.r.k.a(PG:2107)
03-29 05:34:27.115: D/StrictMode(5552): 	at com.google.w.a.a.do.<init>(PG:23)
03-29 05:34:27.115: D/StrictMode(5552): 	at com.google.w.a.a.do.a(PG:405)
03-29 05:34:27.115: D/StrictMode(5552): 	at com.google.r.v.a(PG:1161)
03-29 05:34:27.115: D/StrictMode(5552): 	at com.google.r.y.a(PG:2188)
03-29 05:34:27.115: D/StrictMode(5552): 	at com.google.r.e.b(PG:170)
03-29 05:34:27.115: D/StrictMode(5552): 	at com.google.r.e.b(PG:15188)
03-29 05:34:27.115: D/StrictMode(5552): 	at com.google.android.apps.gmm.shared.i.h.a(PG:251)
03-29 05:34:27.115: D/StrictMode(5552): 	at com.google.android.apps.gmm.map.m.q.a(PG:8693)
03-29 05:34:27.115: D/StrictMode(5552): 	at com.google.android.apps.gmm.shared.f.a.a(PG:48)
03-29 05:34:27.115: D/StrictMode(5552): 	at com.google.android.apps.gmm.map.m.e.a(PG:1531)
03-29 05:34:27.115: D/StrictMode(5552): 	at com.google.android.apps.gmm.base.app.a.a(PG:244)
03-29 05:34:27.115: D/StrictMode(5552): 	at com.google.android.apps.gmm.base.app.a.a(PG:2265)
03-29 05:34:27.115: D/StrictMode(5552): 	at com.google.android.apps.gmm.base.app.GoogleMapsApplication.a(PG:206)
03-29 05:34:27.115: D/StrictMode(5552): 	at com.google.android.apps.gmm.base.app.GoogleMapsApplication.onCreate(PG:174)
03-29 05:34:27.115: D/StrictMode(5552): 	at android.app.Instrumentation.callApplicationOnCreate(Instrumentation.java:1013)
03-29 05:34:27.115: D/StrictMode(5552): 	at android.app.ActivityThread.handleBindApplication(ActivityThread.java:4707)
03-29 05:34:27.115: D/StrictMode(5552): 	at android.app.ActivityThread.-wrap1(ActivityThread.java)
03-29 05:34:27.115: D/StrictMode(5552): 	at android.app.ActivityThread$H.handleMessage(ActivityThread.java:1405)
03-29 05:34:27.115: D/StrictMode(5552): 	at android.os.Handler.dispatchMessage(Handler.java:102)
03-29 05:34:27.115: D/StrictMode(5552): 	at android.os.Looper.loop(Looper.java:148)
03-29 05:34:27.115: D/StrictMode(5552): 	at android.app.ActivityThread.main(ActivityThread.java:5417)
03-29 05:34:27.115: D/StrictMode(5552): 	at java.lang.reflect.Method.invoke(Native Method)
03-29 05:34:27.115: D/StrictMode(5552): 	at com.android.internal.os.ZygoteInit$MethodAndArgsCaller.run(ZygoteInit.java:726)
03-29 05:34:27.115: D/StrictMode(5552): 	at com.android.internal.os.ZygoteInit.main(ZygoteInit.java:616)
03-29 05:34:27.115: D/StrictMode(5552): StrictMode policy violation; ~duration=176 ms: android.os.StrictMode$StrictModeDiskReadViolation: policy=65567 violation=2
03-29 05:34:27.115: D/StrictMode(5552): 	at android.os.StrictMode$AndroidBlockGuardPolicy.onReadFromDisk(StrictMode.java:1263)
03-29 05:34:27.115: D/StrictMode(5552): 	at libcore.io.BlockGuardOs.read(BlockGuardOs.java:229)
03-29 05:34:27.115: D/StrictMode(5552): 	at libcore.io.IoBridge.read(IoBridge.java:468)
03-29 05:34:27.115: D/StrictMode(5552): 	at java.io.FileInputStream.read(FileInputStream.java:177)
03-29 05:34:27.115: D/StrictMode(5552): 	at java.io.BufferedInputStream.read(BufferedInputStream.java:290)
03-29 05:34:27.115: D/StrictMode(5552): 	at java.io.DataInputStream.read(DataInputStream.java:63)
03-29 05:34:27.115: D/StrictMode(5552): 	at com.google.r.k.d(PG:1187)
03-29 05:34:27.115: D/StrictMode(5552): 	at com.google.r.k.c(PG:18147)
03-29 05:34:27.115: D/StrictMode(5552): 	at com.google.r.k.d(PG:583)
03-29 05:34:27.115: D/StrictMode(5552): 	at com.google.w.a.a.do.<init>(PG:40)
03-29 05:34:27.115: D/StrictMode(5552): 	at com.google.w.a.a.do.a(PG:405)
03-29 05:34:27.115: D/StrictMode(5552): 	at com.google.r.v.a(PG:1161)
03-29 05:34:27.115: D/StrictMode(5552): 	at com.google.r.y.a(PG:2188)
03-29 05:34:27.115: D/StrictMode(5552): 	at com.google.r.e.b(PG:170)
03-29 05:34:27.115: D/StrictMode(5552): 	at com.google.r.e.b(PG:15188)
03-29 05:34:27.115: D/StrictMode(5552): 	at com.google.android.apps.gmm.shared.i.h.a(PG:251)
03-29 05:34:27.115: D/StrictMode(5552): 	at com.google.android.apps.gmm.map.m.q.a(PG:8693)
03-29 05:34:27.115: D/StrictMode(5552): 	at com.google.android.apps.gmm.shared.f.a.a(PG:48)
03-29 05:34:27.115: D/StrictMode(5552): 	at com.google.android.apps.gmm.map.m.e.a(PG:1531)
03-29 05:34:27.115: D/StrictMode(5552): 	at com.google.android.apps.gmm.base.app.a.a(PG:244)
03-29 05:34:27.115: D/StrictMode(5552): 	at com.google.android.apps.gmm.base.app.a.a(PG:2265)
03-29 05:34:27.115: D/StrictMode(5552): 	at com.google.android.apps.gmm.base.app.GoogleMapsApplication.a(PG:206)
03-29 05:34:27.115: D/StrictMode(5552): 	at com.google.android.apps.gmm.base.app.GoogleMapsApplication.onCreate(PG:174)
03-29 05:34:27.115: D/StrictMode(5552): 	at android.app.Instrumentation.callApplicationOnCreate(Instrumentation.java:1013)
03-29 05:34:27.115: D/StrictMode(5552): 	at android.app.ActivityThread.handleBindApplication(ActivityThread.java:4707)
03-29 05:34:27.115: D/StrictMode(5552): 	at android.app.ActivityThread.-wrap1(ActivityThread.java)
03-29 05:34:27.115: D/StrictMode(5552): 	at android.app.ActivityThread$H.handleMessage(ActivityThread.java:1405)
03-29 05:34:27.115: D/StrictMode(5552): 	at android.os.Handler.dispatchMessage(Handler.java:102)
03-29 05:34:27.115: D/StrictMode(5552): 	at android.os.Looper.loop(Looper.java:148)
03-29 05:34:27.115: D/StrictMode(5552): 	at android.app.ActivityThread.main(ActivityThread.java:5417)
03-29 05:34:27.115: D/StrictMode(5552): 	at java.lang.reflect.Method.invoke(Native Method)
03-29 05:34:27.115: D/StrictMode(5552): 	at com.android.internal.os.ZygoteInit$MethodAndArgsCaller.run(ZygoteInit.java:726)
03-29 05:34:27.115: D/StrictMode(5552): 	at com.android.internal.os.ZygoteInit.main(ZygoteInit.java:616)
03-29 05:34:27.127: D/StrictMode(5552): StrictMode policy violation; ~duration=171 ms: android.os.StrictMode$StrictModeDiskReadViolation: policy=65567 violation=2
03-29 05:34:27.127: D/StrictMode(5552): 	at android.os.StrictMode$AndroidBlockGuardPolicy.onReadFromDisk(StrictMode.java:1263)
03-29 05:34:27.127: D/StrictMode(5552): 	at libcore.io.BlockGuardOs.access(BlockGuardOs.java:67)
03-29 05:34:27.127: D/StrictMode(5552): 	at java.io.File.doAccess(File.java:281)
03-29 05:34:27.127: D/StrictMode(5552): 	at java.io.File.exists(File.java:361)
03-29 05:34:27.127: D/StrictMode(5552): 	at android.app.ContextImpl.createFilesDirLocked(ContextImpl.java:418)
03-29 05:34:27.127: D/StrictMode(5552): 	at android.app.ContextImpl.getFilesDir(ContextImpl.java:441)
03-29 05:34:27.127: D/StrictMode(5552): 	at android.app.ContextImpl.getFileStreamPath(ContextImpl.java:549)
03-29 05:34:27.127: D/StrictMode(5552): 	at android.content.ContextWrapper.getFileStreamPath(ContextWrapper.java:193)
03-29 05:34:27.127: D/StrictMode(5552): 	at com.google.android.apps.gmm.map.m.q.a(PG:8701)
03-29 05:34:27.127: D/StrictMode(5552): 	at com.google.android.apps.gmm.shared.f.a.a(PG:48)
03-29 05:34:27.127: D/StrictMode(5552): 	at com.google.android.apps.gmm.map.m.e.a(PG:1531)
03-29 05:34:27.127: D/StrictMode(5552): 	at com.google.android.apps.gmm.base.app.a.a(PG:244)
03-29 05:34:27.127: D/StrictMode(5552): 	at com.google.android.apps.gmm.base.app.a.a(PG:2265)
03-29 05:34:27.127: D/StrictMode(5552): 	at com.google.android.apps.gmm.base.app.GoogleMapsApplication.a(PG:206)
03-29 05:34:27.127: D/StrictMode(5552): 	at com.google.android.apps.gmm.base.app.GoogleMapsApplication.onCreate(PG:174)
03-29 05:34:27.127: D/StrictMode(5552): 	at android.app.Instrumentation.callApplicationOnCreate(Instrumentation.java:1013)
03-29 05:34:27.127: D/StrictMode(5552): 	at android.app.ActivityThread.handleBindApplication(ActivityThread.java:4707)
03-29 05:34:27.127: D/StrictMode(5552): 	at android.app.ActivityThread.-wrap1(ActivityThread.java)
03-29 05:34:27.127: D/StrictMode(5552): 	at android.app.ActivityThread$H.handleMessage(ActivityThread.java:1405)
03-29 05:34:27.127: D/StrictMode(5552): 	at android.os.Handler.dispatchMessage(Handler.java:102)
03-29 05:34:27.127: D/StrictMode(5552): 	at android.os.Looper.loop(Looper.java:148)
03-29 05:34:27.127: D/StrictMode(5552): 	at android.app.ActivityThread.main(ActivityThread.java:5417)
03-29 05:34:27.127: D/StrictMode(5552): 	at java.lang.reflect.Method.invoke(Native Method)
03-29 05:34:27.127: D/StrictMode(5552): 	at com.android.internal.os.ZygoteInit$MethodAndArgsCaller.run(ZygoteInit.java:726)
03-29 05:34:27.127: D/StrictMode(5552): 	at com.android.internal.os.ZygoteInit.main(ZygoteInit.java:616)
03-29 05:34:27.127: D/StrictMode(5552): StrictMode policy violation; ~duration=171 ms: android.os.StrictMode$StrictModeDiskReadViolation: policy=65567 violation=2
03-29 05:34:27.127: D/StrictMode(5552): 	at android.os.StrictMode$AndroidBlockGuardPolicy.onReadFromDisk(StrictMode.java:1263)
03-29 05:34:27.127: D/StrictMode(5552): 	at libcore.io.BlockGuardOs.access(BlockGuardOs.java:67)
03-29 05:34:27.127: D/StrictMode(5552): 	at java.io.File.doAccess(File.java:281)
03-29 05:34:27.127: D/StrictMode(5552): 	at java.io.File.exists(File.java:361)
03-29 05:34:27.127: D/StrictMode(5552): 	at com.google.android.apps.gmm.map.m.q.a(PG:8703)
03-29 05:34:27.127: D/StrictMode(5552): 	at com.google.android.apps.gmm.shared.f.a.a(PG:48)
03-29 05:34:27.127: D/StrictMode(5552): 	at com.google.android.apps.gmm.map.m.e.a(PG:1531)
03-29 05:34:27.127: D/StrictMode(5552): 	at com.google.android.apps.gmm.base.app.a.a(PG:244)
03-29 05:34:27.127: D/StrictMode(5552): 	at com.google.android.apps.gmm.base.app.a.a(PG:2265)
03-29 05:34:27.127: D/StrictMode(5552): 	at com.google.android.apps.gmm.base.app.GoogleMapsApplication.a(PG:206)
03-29 05:34:27.127: D/StrictMode(5552): 	at com.google.android.apps.gmm.base.app.GoogleMapsApplication.onCreate(PG:174)
03-29 05:34:27.127: D/StrictMode(5552): 	at android.app.Instrumentation.callApplicationOnCreate(Instrumentation.java:1013)
03-29 05:34:27.127: D/StrictMode(5552): 	at android.app.ActivityThread.handleBindApplication(ActivityThread.java:4707)
03-29 05:34:27.127: D/StrictMode(5552): 	at android.app.ActivityThread.-wrap1(ActivityThread.java)
03-29 05:34:27.127: D/StrictMode(5552): 	at android.app.ActivityThread$H.handleMessage(ActivityThread.java:1405)
03-29 05:34:27.127: D/StrictMode(5552): 	at android.os.Handler.dispatchMessage(Handler.java:102)
03-29 05:34:27.127: D/StrictMode(5552): 	at android.os.Looper.loop(Looper.java:148)
03-29 05:34:27.127: D/StrictMode(5552): 	at android.app.ActivityThread.main(ActivityThread.java:5417)
03-29 05:34:27.127: D/StrictMode(5552): 	at java.lang.reflect.Method.invoke(Native Method)
03-29 05:34:27.127: D/StrictMode(5552): 	at com.android.internal.os.ZygoteInit$MethodAndArgsCaller.run(ZygoteInit.java:726)
03-29 05:34:27.127: D/StrictMode(5552): 	at com.android.internal.os.ZygoteInit.main(ZygoteInit.java:616)
03-29 05:34:27.134: I/art(2373): Background partial concurrent mark sweep GC freed 62122(4MB) AllocSpace objects, 11(208KB) LOS objects, 35% free, 29MB/45MB, paused 1.565ms total 130.720ms
03-29 05:34:27.124: I/sshd(5629): type=1400 audit(0.0:183): avc: denied { read open } for path="/system/bin/sh" dev="sda3" ino=499 scontext=u:r:gcelogwrapper:s0 tcontext=u:object_r:shell_exec:s0 tclass=file permissive=1
03-29 05:34:27.154: I/sshd(5629): type=1400 audit(0.0:184): avc: denied { execute_no_trans } for path="/system/bin/sh" dev="sda3" ino=499 scontext=u:r:gcelogwrapper:s0 tcontext=u:object_r:shell_exec:s0 tclass=file permissive=1
03-29 05:34:27.185: D/ActivityManager(1726): cleanUpApplicationRecord -- 3500
03-29 05:34:27.188: I/ActivityManager(1726): Killing 4976:com.google.android.gmscore.testing.testsupport/u0a89 (adj 15): empty #17
03-29 05:34:27.208: I/Remoter(1332): Saved screenshot to '/data/screenshots/__pmv__-0104.jpg'
03-29 05:34:27.230: D/ActivityManager(1726): cleanUpApplicationRecord -- 4976
03-29 05:34:27.234: I/Auth(2373): [ReflectiveChannelBinder] Successfully bound channel!
03-29 05:34:27.240: W/Conscrypt(2373): Could not set socket write timeout: java.net.SocketException: Socket closed
03-29 05:34:27.241: W/Conscrypt(2373): 	at com.google.android.gms.org.conscrypt.Platform.setSocketWriteTimeout(:com.google.android.gms@14367022@14.3.67 (040700-216465562):2)
03-29 05:34:27.241: W/Conscrypt(2373): 	at com.google.android.gms.org.conscrypt.ConscryptFileDescriptorSocket.setSoWriteTimeout(:com.google.android.gms@14367022@14.3.67 (040700-216465562):2)
03-29 05:34:27.242: W/Conscrypt(2373): Could not set socket write timeout: java.net.SocketException: Socket closed
03-29 05:34:27.243: W/Conscrypt(2373): 	at com.google.android.gms.org.conscrypt.Platform.setSocketWriteTimeout(:com.google.android.gms@14367022@14.3.67 (040700-216465562):2)
03-29 05:34:27.243: W/Conscrypt(2373): 	at com.google.android.gms.org.conscrypt.ConscryptFileDescriptorSocket.setSoWriteTimeout(:com.google.android.gms@14367022@14.3.67 (040700-216465562):2)
03-29 05:34:27.244: W/Conscrypt(2373): Could not set socket write timeout: java.net.SocketException: Socket closed
03-29 05:34:27.244: W/Conscrypt(2373): 	at com.google.android.gms.org.conscrypt.Platform.setSocketWriteTimeout(:com.google.android.gms@14367022@14.3.67 (040700-216465562):2)
03-29 05:34:27.244: W/Conscrypt(2373): 	at com.google.android.gms.org.conscrypt.ConscryptFileDescriptorSocket.setSoWriteTimeout(:com.google.android.gms@14367022@14.3.67 (040700-216465562):2)
03-29 05:34:27.248: W/Conscrypt(2373): Could not set socket write timeout: java.net.SocketException: Socket closed
03-29 05:34:27.248: W/Conscrypt(2373): 	at com.google.android.gms.org.conscrypt.Platform.setSocketWriteTimeout(:com.google.android.gms@14367022@14.3.67 (040700-216465562):2)
03-29 05:34:27.248: W/Conscrypt(2373): 	at com.google.android.gms.org.conscrypt.ConscryptFileDescriptorSocket.setSoWriteTimeout(:com.google.android.gms@14367022@14.3.67 (040700-216465562):2)
03-29 05:34:27.257: I/Exchange(5508): Accounts changed - requesting FolderSync for unsynced accounts
03-29 05:34:27.268: I/ActivityManager(1726): Start proc 5636:com.google.android.videos/u0a71 for broadcast com.google.android.videos/.accounts.AccountsChangedService$AccountsChangedReceiver
03-29 05:34:27.271: W/arqq(2373): Empty context buffer. Thus might mean that the context is not synced down.
03-29 05:34:27.272: W/armt(2373): Empty context model while retrieving upload opt-in status!
03-29 05:34:27.292: W/art(2726): Long monitor contention event with owner method=boolean android.os.BinderProxy.transactNative(int, android.os.Parcel, android.os.Parcel, int) from Binder.java:4294967294 waiters=0 for 439ms
03-29 05:34:27.293: I/ActivityManager(1726): Killing 4863:com.google.android.apps.fitness/u0a40 (adj 15): empty #17
03-29 05:34:27.303: W/Conscrypt(2373): Could not set socket write timeout: java.net.SocketException: Socket closed
03-29 05:34:27.303: W/Conscrypt(2373): 	at com.google.android.gms.org.conscrypt.Platform.setSocketWriteTimeout(:com.google.android.gms@14367022@14.3.67 (040700-216465562):2)
03-29 05:34:27.303: W/Conscrypt(2373): 	at com.google.android.gms.org.conscrypt.ConscryptFileDescriptorSocket.setSoWriteTimeout(:com.google.android.gms@14367022@14.3.67 (040700-216465562):2)
03-29 05:34:27.305: W/Conscrypt(2373): Could not set socket write timeout: java.net.SocketException: Socket closed
03-29 05:34:27.305: W/Conscrypt(2373): 	at com.google.android.gms.org.conscrypt.Platform.setSocketWriteTimeout(:com.google.android.gms@14367022@14.3.67 (040700-216465562):2)
03-29 05:34:27.305: W/Conscrypt(2373): 	at com.google.android.gms.org.conscrypt.ConscryptFileDescriptorSocket.setSoWriteTimeout(:com.google.android.gms@14367022@14.3.67 (040700-216465562):2)
03-29 05:34:27.362: D/ActivityManager(1726): cleanUpApplicationRecord -- 4863
03-29 05:34:27.367: E/ctxmgr(2373): [NetworkUtil]No active synchronizable contexts.
03-29 05:34:27.385: W/System(5636): ClassLoader referenced unknown path: /system/app/Videos/lib/x86
03-29 05:34:27.412: I/HotwordDataManager(3076): setSpeakerModel(S37FFK2YM7DQQWXYEWKTQTSGKI-01@cloudtestlabaccounts.com,null)
03-29 05:34:27.445: W/GLSUser(2373): [DeviceKeyStore] Cannot load key: Device key file not found.
03-29 05:34:27.501: W/GLSUser(2373): [AppCertManager] IOException while requesting key: 
03-29 05:34:27.501: W/GLSUser(2373): java.io.IOException: Invalid device key response.
03-29 05:34:27.501: W/GLSUser(2373): 	at hol.a(:com.google.android.gms@14367022@14.3.67 (040700-216465562):13)
03-29 05:34:27.501: W/GLSUser(2373): 	at hol.a(:com.google.android.gms@14367022@14.3.67 (040700-216465562):61)
03-29 05:34:27.501: W/GLSUser(2373): 	at hol.a(:com.google.android.gms@14367022@14.3.67 (040700-216465562):23)
03-29 05:34:27.501: W/GLSUser(2373): 	at hoj.a(:com.google.android.gms@14367022@14.3.67 (040700-216465562):2)
03-29 05:34:27.501: W/GLSUser(2373): 	at hog.a(:com.google.android.gms@14367022@14.3.67 (040700-216465562))
03-29 05:34:27.501: W/GLSUser(2373): 	at hoe.a(:com.google.android.gms@14367022@14.3.67 (040700-216465562):9)
03-29 05:34:27.501: W/GLSUser(2373): 	at hoe.a(:com.google.android.gms@14367022@14.3.67 (040700-216465562):19)
03-29 05:34:27.501: W/GLSUser(2373): 	at qci.c(:com.google.android.gms@14367022@14.3.67 (040700-216465562):1)
03-29 05:34:27.501: W/GLSUser(2373): 	at eck.a(:com.google.android.gms@14367022@14.3.67 (040700-216465562):24)
03-29 05:34:27.501: W/GLSUser(2373): 	at dxq.run(:com.google.android.gms@14367022@14.3.67 (040700-216465562):2)
03-29 05:34:27.501: W/GLSUser(2373): 	at dxo.handleMessage(:com.google.android.gms@14367022@14.3.67 (040700-216465562):3)
03-29 05:34:27.501: W/GLSUser(2373): 	at qjh.run(:com.google.android.gms@14367022@14.3.67 (040700-216465562):4)
03-29 05:34:27.501: W/GLSUser(2373): 	at qjt.run(:com.google.android.gms@14367022@14.3.67 (040700-216465562):35)
03-29 05:34:27.501: W/GLSUser(2373): 	at java.util.concurrent.ThreadPoolExecutor.runWorker(ThreadPoolExecutor.java:1113)
03-29 05:34:27.501: W/GLSUser(2373): 	at java.util.concurrent.ThreadPoolExecutor$Worker.run(ThreadPoolExecutor.java:588)
03-29 05:34:27.501: W/GLSUser(2373): 	at qpu.run(:com.google.android.gms@14367022@14.3.67 (040700-216465562))
03-29 05:34:27.501: W/GLSUser(2373): 	at java.lang.Thread.run(Thread.java:818)
03-29 05:34:27.502: W/GLSUser(2373): [DeviceKeyStore] Cannot load key: Device key file not found.
03-29 05:34:27.507: W/Conscrypt(2373): Could not set socket write timeout: java.net.SocketException: Socket closed
03-29 05:34:27.507: W/Conscrypt(2373): 	at com.google.android.gms.org.conscrypt.Platform.setSocketWriteTimeout(:com.google.android.gms@14367022@14.3.67 (040700-216465562):2)
03-29 05:34:27.507: W/Conscrypt(2373): 	at com.google.android.gms.org.conscrypt.ConscryptFileDescriptorSocket.setSoWriteTimeout(:com.google.android.gms@14367022@14.3.67 (040700-216465562):2)
03-29 05:34:27.508: W/Conscrypt(2373): Could not set socket write timeout: java.net.SocketException: Socket closed
03-29 05:34:27.508: W/Conscrypt(2373): 	at com.google.android.gms.org.conscrypt.Platform.setSocketWriteTimeout(:com.google.android.gms@14367022@14.3.67 (040700-216465562):2)
03-29 05:34:27.508: W/Conscrypt(2373): 	at com.google.android.gms.org.conscrypt.ConscryptFileDescriptorSocket.setSoWriteTimeout(:com.google.android.gms@14367022@14.3.67 (040700-216465562):2)
03-29 05:34:27.551: I/ActivityManager(1726): Killing 4033:com.google.android.deskclock/u0a67 (adj 15): empty #17
03-29 05:34:27.579: D/ActivityManager(1726): cleanUpApplicationRecord -- 4033
03-29 05:34:27.743: W/ActivityManager(1726): Unable to start service Intent { flg=0x4 cmp=com.android.vending/com.google.android.finsky.services.DailyHygiene (has extras) } U=0: not found
03-29 05:34:27.805: I/Authzen(2532): [AuthTokenProvider] successfully got auth token
03-29 05:34:27.828: I/CryptauthV2(2532): [EnrollKeyName] ClientName calling Cryptauth is ForceRegistration
03-29 05:34:27.876: W/Conscrypt(2373): Could not set socket write timeout: java.net.SocketException: Socket closed
03-29 05:34:27.876: W/Conscrypt(2373): 	at com.google.android.gms.org.conscrypt.Platform.setSocketWriteTimeout(:com.google.android.gms@14367022@14.3.67 (040700-216465562):2)
03-29 05:34:27.876: W/Conscrypt(2373): 	at com.google.android.gms.org.conscrypt.ConscryptFileDescriptorSocket.setSoWriteTimeout(:com.google.android.gms@14367022@14.3.67 (040700-216465562):2)
03-29 05:34:27.878: W/Conscrypt(2373): Could not set socket write timeout: java.net.SocketException: Socket closed
03-29 05:34:27.878: W/Conscrypt(2373): 	at com.google.android.gms.org.conscrypt.Platform.setSocketWriteTimeout(:com.google.android.gms@14367022@14.3.67 (040700-216465562):2)
03-29 05:34:27.878: W/Conscrypt(2373): 	at com.google.android.gms.org.conscrypt.ConscryptFileDescriptorSocket.setSoWriteTimeout(:com.google.android.gms@14367022@14.3.67 (040700-216465562):2)
03-29 05:34:28.074: I/CryptauthV2(2532): [EasyUnlockDatabaseManager] Opening database auth.proximity.permit_store...
03-29 05:34:28.105: W/CryptauthV2(2532): [ClientDataOperation] No keyMetadata found for keyName=PublicKey
03-29 05:34:28.106: W/CryptauthV2(2532): [ClientDataOperation] No keyMetadata found for keyName=authzen
03-29 05:34:28.106: I/CryptauthV2(2532): [EnrollCryptauthFramework] Performing SyncKeysRequest with 2 keys.
03-29 05:34:28.138: W/GLSUser(2373): [DeviceKeyStore] Cannot load key: Device key file not found.
03-29 05:34:28.138: W/GLSUser(2373): [DeviceKeyStore] Cannot load key: Device key file not found.
03-29 05:34:28.261: I/CryptauthV2(2532): [EnrollCryptauthFramework] SyncKeysRequest successfully completed
03-29 05:34:28.264: E/CryptauthV2(2532): [CryptauthDatabaseOperation] No key exists
03-29 05:34:28.313: E/Babel(2726): Invalid server experiment type 4 for BabelExperiment{id='b84806c8', experimentType=0, defaultBoolean=null, defaultLong=null}
03-29 05:34:28.317: W/BabelExperiments(2726): Pre-computing loggable experiments for invalid account -1
03-29 05:34:28.320: I/Babel(2726): BAM created 0
03-29 05:34:28.360: I/Remoter(1332): Saved screenshot to '/data/screenshots/__pmv__-0105.jpg'
03-29 05:34:28.370: D/AndroidRuntime(5709): >>>>>> START com.android.internal.os.RuntimeInit uid 0 <<<<<<
03-29 05:34:28.372: D/AndroidRuntime(5709): CheckJNI is OFF
03-29 05:34:28.389: I/CryptauthV2(2532): [EnrollCryptauthFramework] Performing EnrollKeysRequest for 2 keys.
03-29 05:34:28.391: I/ActivityManager(1726): Start proc 5734:com.android.chrome/u0a36 for broadcast com.android.chrome/org.chromium.chrome.browser.services.AccountsChangedReceiver
03-29 05:34:28.393: D/ICU(5709): No timezone override file found: /data/misc/zoneinfo/current/icu/icu_tzdata.dat
03-29 05:34:28.393: D/ICU(5709): [ 03-29 05:34:28.400  5709: 5709 W/         ]
03-29 05:34:28.393: D/ICU(5709): Failed to bind-mount /system/lib/x86/cpuinfo as /proc/cpuinfo: No such file or directory
03-29 05:34:28.412: E/memtrack(5709): Couldn't load memtrack module (No such file or directory)
03-29 05:34:28.412: E/android.os.Debug(5709): failed to load memtrack module: -2
03-29 05:34:28.414: I/Radio-JNI(5709): register_android_hardware_Radio DONE
03-29 05:34:28.415: W/GLSUser(2373): [DeviceKeyStore] Cannot load key: Device key file not found.
03-29 05:34:28.415: W/GLSUser(2373): [DeviceKeyStore] Cannot load key: Device key file not found.
03-29 05:34:28.431: D/AndroidRuntime(5709): Calling main entry com.android.commands.pm.Pm
03-29 05:34:28.436: I/Babel(2726): BAM#account updated: 0
03-29 05:34:28.440: I/Babel_StickerModule(2726): Account change update: 0
03-29 05:34:28.441: I/Babel_StickerModule(2726): Sticker update initiated. last:-1 empty:false
03-29 05:34:28.449: W/ActivityManager(1726): Unable to start service Intent { act=com.google.android.gms.playlog.service.START pkg=com.google.android.gms } U=0: not found
03-29 05:34:28.450: W/ActivityManager(1726): Unbind failed: could not find connection for android.os.BinderProxy@1e0ca3d
03-29 05:34:28.450: E/GmsClient(2726): unable to connect to service: com.google.android.gms.playlog.service.START
03-29 05:34:28.453: D/DefContainer(4151): Copying /data/local/tmp/com.avrethem.minimal.apk to base.apk
03-29 05:34:28.464: W/PlayMovies(5636): SyncCallback.getResponse:78 SyncCallback from main thread might cause ANR
03-29 05:34:28.479: I/Babel(2726): Starting account registration:0-Redacted-54
03-29 05:34:28.500: I/Babel_telephony(2726): TeleIncomingWifiCallController.getRegistrationState, wifi calling not enabled
03-29 05:34:28.528: W/PlayMovies(5636): SyncCallback.getResponse:78 SyncCallback from main thread might cause ANR
03-29 05:34:28.550: I/CryptauthV2(2532): [EnrollCryptauthFramework] EnrollKeysRequest successfully completed.
03-29 05:34:28.550: I/CryptauthV2(2532): [EnrollCryptauthFramework] Enrollment successful.
03-29 05:34:28.554: D/PlayMovies(5636): PersistentCache.cleanup:94 Cache is below limit, no need to shrink: [size=0, limit=5242880]
03-29 05:34:28.569: W/ChimeraUtils(2373): Non Chimera context
03-29 05:34:28.577: I/Auth(2373): [BroadcastManager] Broadcasting account change.
03-29 05:34:28.581: W/WakefulBroadcastReceiv.(2373): No active wake lock id #1
03-29 05:34:28.583: I/GamesDatabaseHelper(2532): Bootstrapping database version: 2300
03-29 05:34:28.589: I/VideoCapabilities(5636): Unsupported profile 4 for video/mp4v-es
03-29 05:34:28.591: W/MediaCodecUtil(5636): MediaCodecList API didn't list secure decoder for: video/avc. Assuming: OMX.google.h264.decoder.secure
03-29 05:34:28.618: I/PmtsSwAccountIntentOp(2532): Processing intent action=android.accounts.LOGIN_ACCOUNTS_CHANGED
03-29 05:34:28.618: I/PmtsSwAccountIntentOp(2532): Device isn't of sufficient API level
03-29 05:34:28.644: D/PlayMovies(5636): TransferService.onCreate:60 creating transfer service
03-29 05:34:28.644: I/ajji(2373): Scheduling Phenotype for a PhenotypeSyncImmediately(5, null) one off with window [1, 2] in seconds [CONTEXT service_id=51 ]
03-29 05:34:28.656: I/Auth(2373): [GoogleAccountHistoryStore] creating database.
03-29 05:34:28.667: I/Authzen(2532): [DeviceStateSyncManager] Device state updated successfully.
03-29 05:34:28.691: I/art(2532): Background partial concurrent mark sweep GC freed 135857(10MB) AllocSpace objects, 24(620KB) LOS objects, 32% free, 32MB/48MB, paused 2.658ms total 101.067ms
03-29 05:34:28.711: I/art(2726): Note: end time exceeds epoch: 
03-29 05:34:28.728: I/Babel(2726): Account registration complete:0-Redacted-54
03-29 05:34:28.730: I/Babel(2726): ProcessRegisterDeviceResponse
03-29 05:34:28.733: I/Babel(2726): Perform warm sync in case there are messages missed before the device is registered for account Redacted-54
03-29 05:34:28.736: D/WVCdm(1343): Instantiating CDM.
03-29 05:34:28.739: I/WVCdm(1343): CdmEngine::QueryStatus
03-29 05:34:28.743: I/WVCdm(1343): Level3 Library Jun 15 2015 14:09:10
03-29 05:34:28.758: W/WVCdm(1343): Could not read /data/mediadrm/IDM1013/ay64.dat2: No such file or directory
03-29 05:34:28.762: D/Volley(5450): [316] DiskBasedCache.clear: Cache cleared.
03-29 05:34:28.762: D/Volley(5450): [323] DiskBasedCache.clear: Cache cleared.
03-29 05:34:28.763: W/WVCdm(1343): Could not load liboemcrypto.so. Falling back to L3.  dlopen failed: library "liboemcrypto.so" not found
03-29 05:34:28.764: E/Babel_CronetHttpRequestSender(2726): Http error response 
03-29 05:34:28.764: E/Babel_CronetHttpRequestSender(2726): 9%globalbackendError
03-29 05:34:28.764: E/Babel_CronetHttpRequestSender(2726): Backend ErrorBackend Error
03-29 05:34:28.764: W/Babel_CronetHttpRequestSender(2726): Cronet HTTP request failed
03-29 05:34:28.765: W/Babel_CronetHttpRequestSender(2726): org.apache.http.client.HttpResponseException: OK
03-29 05:34:28.765: W/Babel_CronetHttpRequestSender(2726): 	at bwc.b(SourceFile:98)
03-29 05:34:28.765: W/Babel_CronetHttpRequestSender(2726): 	at org.chromium.net.ChromiumUrlRequest.finish(SourceFile:2501)
03-29 05:34:28.769: D/Finsky(5450): [1] UpdateWidgetsReceiver.onReceive: Updated 0 MarketWidgetProvider widgets (android.accounts.LOGIN_ACCOUNTS_CHANGED)
03-29 05:34:28.779: I/ActivityManager(1726): Start proc 5826:com.google.android.play.games.ui/u0a10 for content provider com.google.android.gms/.games.provider.NotificationStubContentProvider
03-29 05:34:28.782: D/Finsky(5450): [1] UpdateWidgetsReceiver.onReceive: Updated 0 RecommendedWidgetProvider widgets (android.accounts.LOGIN_ACCOUNTS_CHANGED)
03-29 05:34:28.783: D/Finsky(5450): [1] UpdateWidgetsReceiver.onReceive: Updated 0 NowPlayingWidgetProvider widgets (android.accounts.LOGIN_ACCOUNTS_CHANGED)
03-29 05:34:28.820: I/Exchange(5508): Accounts changed - requesting FolderSync for unsynced accounts
03-29 05:34:28.839: I/GamesSyncAdapter PII_LOG(2532): Starting sync for S37FFK2YM7DQQWXYEWKTQTSGKI-01@cloudtestlabaccounts.com
03-29 05:34:28.839: I/GamesSyncAdapter(2532): Starting sync for 989155ba
03-29 05:34:28.905: W/ChimeraUtils(2373): Non Chimera context
03-29 05:34:28.916: I/PmtsSwAccountIntentOp(2532): Processing intent action=android.accounts.LOGIN_ACCOUNTS_CHANGED
03-29 05:34:28.916: I/PmtsSwAccountIntentOp(2532): Device isn't of sufficient API level
03-29 05:34:28.921: W/WakefulBroadcastReceiv.(2373): No active wake lock id #2
03-29 05:34:28.928: I/ajji(2373): Scheduling Phenotype for a PhenotypeSyncImmediately(5, null) one off with window [1, 2] in seconds [CONTEXT service_id=51 ]
03-29 05:34:28.948: W/GmsApplication(5826): Failed to invoke the SupplierSetterRegistry.
03-29 05:34:28.952: I/Auth(2532): [SupervisedAccountIntentOperation] onHandleIntent(): com.google.android.gms.auth.ACCOUNT_SERVICES_CHANGED
03-29 05:34:28.955: D/Finsky(5450): [1] BaseWidgetProvider.onReceive: Received ACTION_APPWIDGET_UPDATE, updating 0 widgets.
03-29 05:34:28.957: D/Finsky(5450): [1] BaseWidgetProvider.onReceive: Received ACTION_APPWIDGET_UPDATE, updating 0 widgets.
03-29 05:34:28.959: D/Finsky(5450): [1] BaseWidgetProvider.onReceive: Received ACTION_APPWIDGET_UPDATE, updating 0 widgets.
03-29 05:34:28.989: I/Auth(2532): [SupervisedAccountIntentOperation] This operation is disabled
03-29 05:34:29.002: I/IcingInternalCorpora(2532): Received calendar change notification.
03-29 05:34:29.013: E/NetworkScheduler(2373): Invalid component specified.
03-29 05:34:29.097: E/NetworkScheduler(2373): Invalid component specified.
03-29 05:34:29.106: I/Authzen(2373): [AccountChangeProcessingIntentOperation] Received onHandleIntent() call: Intent { act=com.google.android.gms.auth.GOOGLE_ACCOUNT_CHANGE cat=[com.google.android.gms.auth.category.ACCOUNT_ADDED] flg=0x10 cmp=com.google.android.gms/.chimera.GmsIntentOperationService$PersistentInternalReceiver (has extras) }
03-29 05:34:29.106: I/Authzen(2373): [AccountChangeProcessingIntentOperation] Handling added account: <ELLIDED:1746923884>
03-29 05:34:29.109: I/GCoreUlr(2373): Starting service, intent=Intent { act=com.google.android.location.reporting.ACTION_UPDATE_WORLD cmp=com.google.android.gms/com.google.android.location.reporting.service.DispatchingService (has extras) }, extras=Bundle[{receiverAction=com.google.android.gms.auth.GOOGLE_ACCOUNT_CHANGE, accountsAdded=[Account {name=S37FFK2YM7DQQWXYEWKTQTSGKI-01@cloudtestlabaccounts.com, type=com.google}]}]
03-29 05:34:29.117: I/Authzen(2373): [SyncManager] Sync requested for event 100, account S37FFK2YM7DQQWXYEWKTQTSGKI-01@cloudtestlabaccounts.com, and components 3, with reason 7
03-29 05:34:29.117: I/Authzen(2373): [SyncManager] Triggering AuthZen registration...
03-29 05:34:29.121: E/PlayCommonAgent(2532): Interrupted while trying to load experiments
03-29 05:34:29.121: E/PlayCommonAgent(2532): java.lang.InterruptedException
03-29 05:34:29.121: E/PlayCommonAgent(2532): 	at java.util.concurrent.locks.AbstractQueuedSynchronizer.acquireSharedInterruptibly(AbstractQueuedSynchronizer.java:1276)
03-29 05:34:29.121: E/PlayCommonAgent(2532): 	at java.util.concurrent.CountDownLatch.await(CountDownLatch.java:203)
03-29 05:34:29.121: E/PlayCommonAgent(2532): 	at gtt.a(:com.google.android.play.games@65460070@5.11.6546 (206212302.206212302-000700):33)
03-29 05:34:29.121: E/PlayCommonAgent(2532): 	at ifo.a(:com.google.android.play.games@65460070@5.11.6546 (206212302.206212302-000700):211)
03-29 05:34:29.121: E/PlayCommonAgent(2532): 	at ifo.a(:com.google.android.play.games@65460070@5.11.6546 (206212302.206212302-000700):312)
03-29 05:34:29.121: E/PlayCommonAgent(2532): 	at ifo.a(:com.google.android.play.games@65460070@5.11.6546 (206212302.206212302-000700):304)
03-29 05:34:29.121: E/PlayCommonAgent(2532): 	at fuu.onPerformSync(:com.google.android.play.games@65460070@5.11.6546 (206212302.206212302-000700):5)
03-29 05:34:29.121: E/PlayCommonAgent(2532): 	at android.content.AbstractThreadedSyncAdapter$SyncThread.run(AbstractThreadedSyncAdapter.java:272)
03-29 05:34:29.138: I/CheckinChimeraService(2532): Starting Checkin Task: CheckinNowTaskTag Reason : 4 Force : true UserId: 0
03-29 05:34:29.145: I/Auth(2532): [FRP,FrpUpdateIntentOperation] Frp is not supported for this device / user
03-29 05:34:29.145: I/Ads(2532): Accounts have changed: com.google.android.gms.auth.GOOGLE_ACCOUNT_CHANGE
03-29 05:34:29.149: I/ActivityManager(1726): Start proc 5876:com.google.android.play.games.ui/u0a65 for service com.google.android.play.games/com.google.android.gms.games.service.PlayGamesBridgeService
03-29 05:34:29.160: I/ChromeSync(2532): [Sync,SyncIntentOperation] Handling the intent: Intent { act=com.google.android.gms.auth.GOOGLE_ACCOUNT_CHANGE cat=[com.google.android.gms.auth.category.ACCOUNT_ADDED] flg=0x10 cmp=com.google.android.gms/.chimera.GmsIntentOperationService$PersistentInternalReceiver (has extras) }.
03-29 05:34:29.167: W/ChromeSync(2532): OperationException[Status{statusCode=Data of type 1 is not subscribed., resolution=null}]
03-29 05:34:29.167: W/ChromeSync(2532): 	at oqj.b(:com.google.android.gms@14367022@14.3.67 (040700-216465562):2)
03-29 05:34:29.167: W/ChromeSync(2532): 	at oqf.a(:com.google.android.gms@14367022@14.3.67 (040700-216465562):6)
03-29 05:34:29.167: W/ChromeSync(2532): 	at xey.run(:com.google.android.gms@14367022@14.3.67 (040700-216465562):27)
03-29 05:34:29.167: W/ChromeSync(2532): 	at bdsa.run(:com.google.android.gms@14367022@14.3.67 (040700-216465562):2)
03-29 05:34:29.167: W/ChromeSync(2532): 	at bdsa.run(:com.google.android.gms@14367022@14.3.67 (040700-216465562):2)
03-29 05:34:29.167: W/ChromeSync(2532): 	at qjt.run(:com.google.android.gms@14367022@14.3.67 (040700-216465562):35)
03-29 05:34:29.167: W/ChromeSync(2532): 	at java.util.concurrent.ThreadPoolExecutor.runWorker(ThreadPoolExecutor.java:1113)
03-29 05:34:29.167: W/ChromeSync(2532): 	at java.util.concurrent.ThreadPoolExecutor$Worker.run(ThreadPoolExecutor.java:588)
03-29 05:34:29.167: W/ChromeSync(2532): 	at qpu.run(:com.google.android.gms@14367022@14.3.67 (040700-216465562))
03-29 05:34:29.167: W/ChromeSync(2532): 	at java.lang.Thread.run(Thread.java:818)
03-29 05:34:29.175: E/AsyncOperation(2532): serviceID=80, operation=List
03-29 05:34:29.175: E/AsyncOperation(2532): OperationException[Status{statusCode=Data of type 1 is not subscribed., resolution=null}]
03-29 05:34:29.175: E/AsyncOperation(2532): 	at oqj.b(:com.google.android.gms@14367022@14.3.67 (040700-216465562):2)
03-29 05:34:29.175: E/AsyncOperation(2532): 	at oqf.a(:com.google.android.gms@14367022@14.3.67 (040700-216465562):6)
03-29 05:34:29.175: E/AsyncOperation(2532): 	at xey.run(:com.google.android.gms@14367022@14.3.67 (040700-216465562):27)
03-29 05:34:29.175: E/AsyncOperation(2532): 	at bdsa.run(:com.google.android.gms@14367022@14.3.67 (040700-216465562):2)
03-29 05:34:29.175: E/AsyncOperation(2532): 	at bdsa.run(:com.google.android.gms@14367022@14.3.67 (040700-216465562):2)
03-29 05:34:29.175: E/AsyncOperation(2532): 	at qjt.run(:com.google.android.gms@14367022@14.3.67 (040700-216465562):35)
03-29 05:34:29.175: E/AsyncOperation(2532): 	at java.util.concurrent.ThreadPoolExecutor.runWorker(ThreadPoolExecutor.java:1113)
03-29 05:34:29.175: E/AsyncOperation(2532): 	at java.util.concurrent.ThreadPoolExecutor$Worker.run(ThreadPoolExecutor.java:588)
03-29 05:34:29.175: E/AsyncOperation(2532): 	at qpu.run(:com.google.android.gms@14367022@14.3.67 (040700-216465562))
03-29 05:34:29.175: E/AsyncOperation(2532): 	at java.lang.Thread.run(Thread.java:818)
03-29 05:34:29.185: I/CryptauthV2(2532): [EnrollKeyName] ClientName calling Cryptauth is ForceRegistration
03-29 05:34:29.197: W/arqq(2373): Empty context buffer. Thus might mean that the context is not synced down.
03-29 05:34:29.197: W/armt(2373): Empty context model while retrieving upload opt-in status!
03-29 05:34:29.202: I/Auth(2373): [ReflectiveChannelBinder] Successfully bound channel!
03-29 05:34:29.207: D/Finsky(5450): [1] BaseWidgetProvider.onReceive: Received ACTION_APPWIDGET_UPDATE, updating 0 widgets.
03-29 05:34:29.207: D/Finsky(5450): [1] BaseWidgetProvider.onReceive: Received ACTION_APPWIDGET_UPDATE, updating 0 widgets.
03-29 05:34:29.211: E/NetworkScheduler(2373): Invalid component specified.
03-29 05:34:29.211: D/Finsky(5450): [1] BaseWidgetProvider.onReceive: Received ACTION_APPWIDGET_UPDATE, updating 0 widgets.
03-29 05:34:29.217: V/NativeCrypto(5826): Registering com/google/android/gms/org/conscrypt/NativeCrypto's 287 native methods...
03-29 05:34:29.225: E/NetworkScheduler(2373): Invalid component specified.
03-29 05:34:29.229: W/Conscrypt(2373): Could not set socket write timeout: java.net.SocketException: Socket closed
03-29 05:34:29.229: W/Conscrypt(2373): 	at com.google.android.gms.org.conscrypt.Platform.setSocketWriteTimeout(:com.google.android.gms@14367022@14.3.67 (040700-216465562):2)
03-29 05:34:29.229: W/Conscrypt(2373): 	at com.google.android.gms.org.conscrypt.ConscryptFileDescriptorSocket.setSoWriteTimeout(:com.google.android.gms@14367022@14.3.67 (040700-216465562):2)
03-29 05:34:29.236: W/Conscrypt(2373): Could not set socket write timeout: java.net.SocketException: Socket closed
03-29 05:34:29.236: W/Conscrypt(2373): 	at com.google.android.gms.org.conscrypt.Platform.setSocketWriteTimeout(:com.google.android.gms@14367022@14.3.67 (040700-216465562):2)
03-29 05:34:29.236: W/Conscrypt(2373): 	at com.google.android.gms.org.conscrypt.ConscryptFileDescriptorSocket.setSoWriteTimeout(:com.google.android.gms@14367022@14.3.67 (040700-216465562):2)
03-29 05:34:29.238: E/NetworkScheduler(2373): Invalid component specified.
03-29 05:34:29.238: W/Conscrypt(2373): Could not set socket write timeout: java.net.SocketException: Socket closed
03-29 05:34:29.239: W/Conscrypt(2373): 	at com.google.android.gms.org.conscrypt.Platform.setSocketWriteTimeout(:com.google.android.gms@14367022@14.3.67 (040700-216465562):2)
03-29 05:34:29.239: W/Conscrypt(2373): 	at com.google.android.gms.org.conscrypt.ConscryptFileDescriptorSocket.setSoWriteTimeout(:com.google.android.gms@14367022@14.3.67 (040700-216465562):2)
03-29 05:34:29.239: W/Conscrypt(2373): Could not set socket write timeout: java.net.SocketException: Socket closed
03-29 05:34:29.239: W/Conscrypt(2373): 	at com.google.android.gms.org.conscrypt.Platform.setSocketWriteTimeout(:com.google.android.gms@14367022@14.3.67 (040700-216465562):2)
03-29 05:34:29.239: W/Conscrypt(2373): 	at com.google.android.gms.org.conscrypt.ConscryptFileDescriptorSocket.setSoWriteTimeout(:com.google.android.gms@14367022@14.3.67 (040700-216465562):2)
03-29 05:34:29.240: I/GCoreUlr(2373): WorldUpdater received intent Intent { act=com.google.android.location.reporting.ACTION_UPDATE_WORLD cmp=com.google.android.gms/com.google.android.location.reporting.service.DispatchingService (has extras) } with receiverAction com.google.android.gms.auth.GOOGLE_ACCOUNT_CHANGE
03-29 05:34:29.246: E/NetworkScheduler(2373): Invalid component specified.
03-29 05:34:29.253: I/art(5826): Rejecting re-init on previously-failed class java.lang.Class<com.google.android.gms.org.conscrypt.Java7ExtendedSSLSession>
03-29 05:34:29.255: I/art(5826): Rejecting re-init on previously-failed class java.lang.Class<com.google.android.gms.org.conscrypt.Java7ExtendedSSLSession>
03-29 05:34:29.256: I/art(5826): Rejecting re-init on previously-failed class java.lang.Class<com.google.android.gms.org.conscrypt.Java8ExtendedSSLSession>
03-29 05:34:29.256: I/art(5826): Rejecting re-init on previously-failed class java.lang.Class<com.google.android.gms.org.conscrypt.Java8ExtendedSSLSession>
03-29 05:34:29.272: I/ProviderInstaller(5826): Installed default security provider GmsCore_OpenSSL
03-29 05:34:29.272: I/art(2373): Background partial concurrent mark sweep GC freed 80149(6MB) AllocSpace objects, 7(128KB) LOS objects, 34% free, 30MB/46MB, paused 4.917ms total 120.422ms
03-29 05:34:29.277: E/NetworkScheduler(2373): Invalid component specified.
03-29 05:34:29.280: W/Conscrypt(2373): Could not set socket write timeout: java.net.SocketException: Socket closed
03-29 05:34:29.280: W/Conscrypt(2373): 	at com.google.android.gms.org.conscrypt.Platform.setSocketWriteTimeout(:com.google.android.gms@14367022@14.3.67 (040700-216465562):2)
03-29 05:34:29.280: W/Conscrypt(2373): 	at com.google.android.gms.org.conscrypt.ConscryptFileDescriptorSocket.setSoWriteTimeout(:com.google.android.gms@14367022@14.3.67 (040700-216465562):2)
03-29 05:34:29.282: E/NetworkScheduler(2373): Invalid component specified.
03-29 05:34:29.282: W/Conscrypt(2373): Could not set socket write timeout: java.net.SocketException: Socket closed
03-29 05:34:29.283: W/Conscrypt(2373): 	at com.google.android.gms.org.conscrypt.Platform.setSocketWriteTimeout(:com.google.android.gms@14367022@14.3.67 (040700-216465562):2)
03-29 05:34:29.283: W/Conscrypt(2373): 	at com.google.android.gms.org.conscrypt.ConscryptFileDescriptorSocket.setSoWriteTimeout(:com.google.android.gms@14367022@14.3.67 (040700-216465562):2)
03-29 05:34:29.284: W/arqq(2373): Empty context buffer. Thus might mean that the context is not synced down.
03-29 05:34:29.284: W/armt(2373): Empty context model while retrieving upload opt-in status!
03-29 05:34:29.285: E/NetworkScheduler(2373): Invalid component specified.
03-29 05:34:29.285: E/NetworkScheduler(2373): Invalid component specified.
03-29 05:34:29.286: E/NetworkScheduler(2373): Invalid component specified.
03-29 05:34:29.315: E/Babel(2726): Invalid server experiment type 4 for BabelExperiment{id='b84806c8', experimentType=0, defaultBoolean=null, defaultLong=null}
03-29 05:34:29.320: I/Auth(2373): [BroadcastManager] Broadcasting account services changed.
03-29 05:34:29.322: W/arqq(2373): Empty context buffer. Thus might mean that the context is not synced down.
03-29 05:34:29.322: W/armt(2373): Empty context model while retrieving upload opt-in status!
03-29 05:34:29.340: W/AccountUtils(2532): Unable to get accounts by type and service flag/feature
03-29 05:34:29.340: W/AccountUtils(2532): android.accounts.OperationCanceledException
03-29 05:34:29.340: W/AccountUtils(2532): 	at android.accounts.AccountManager$Future2Task.internalGetResult(AccountManager.java:2118)
03-29 05:34:29.340: W/AccountUtils(2532): 	at android.accounts.AccountManager$Future2Task.getResult(AccountManager.java:2123)
03-29 05:34:29.340: W/AccountUtils(2532): 	at fvw.g(:com.google.android.play.games@65460070@5.11.6546 (206212302.206212302-000700):3)
03-29 05:34:29.340: W/AccountUtils(2532): 	at fvw.e(:com.google.android.play.games@65460070@5.11.6546 (206212302.206212302-000700):2)
03-29 05:34:29.340: W/AccountUtils(2532): 	at ifo.a(:com.google.android.play.games@65460070@5.11.6546 (206212302.206212302-000700):310)
03-29 05:34:29.340: W/AccountUtils(2532): 	at ifo.a(:com.google.android.play.games@65460070@5.11.6546 (206212302.206212302-000700):304)
03-29 05:34:29.340: W/AccountUtils(2532): 	at fuu.onPerformSync(:com.google.android.play.games@65460070@5.11.6546 (206212302.206212302-000700):5)
03-29 05:34:29.340: W/AccountUtils(2532): 	at android.content.AbstractThreadedSyncAdapter$SyncThread.run(AbstractThreadedSyncAdapter.java:272)
03-29 05:34:29.340: I/GamesSyncAdapter PII_LOG(2532): Starting sync for S37FFK2YM7DQQWXYEWKTQTSGKI-01@cloudtestlabaccounts.com
03-29 05:34:29.340: I/GamesSyncAdapter(2532): Starting sync for 989155ba
03-29 05:34:29.346: I/Auth(2532): [SupervisedAccountIntentOperation] onHandleIntent(): com.google.android.gms.auth.ACCOUNT_SERVICES_CHANGED
03-29 05:34:29.346: I/Auth(2532): [SupervisedAccountIntentOperation] This operation is disabled
03-29 05:34:29.350: I/GamesSyncAdapter PII_LOG(2532): Sync duration for S37FFK2YM7DQQWXYEWKTQTSGKI-01@cloudtestlabaccounts.com: 4
03-29 05:34:29.350: I/GamesSyncAdapter(2532): Sync duration for 989155ba: 4
03-29 05:34:29.357: E/NetworkScheduler(2373): Invalid component specified.
03-29 05:34:29.369: W/arqq(2373): Empty context buffer. Thus might mean that the context is not synced down.
03-29 05:34:29.369: W/armt(2373): Empty context model while retrieving upload opt-in status!
03-29 05:34:29.374: W/Conscrypt(2532): Could not set socket write timeout: java.net.SocketException: Socket closed
03-29 05:34:29.375: W/Conscrypt(2532): 	at com.google.android.gms.org.conscrypt.Platform.setSocketWriteTimeout(:com.google.android.gms@14367022@14.3.67 (040700-216465562):2)
03-29 05:34:29.375: W/Conscrypt(2532): 	at com.google.android.gms.org.conscrypt.ConscryptFileDescriptorSocket.setSoWriteTimeout(:com.google.android.gms@14367022@14.3.67 (040700-216465562):2)
03-29 05:34:29.409: W/Conscrypt(2532): Could not set socket write timeout: java.net.SocketException: Socket closed
03-29 05:34:29.409: W/Conscrypt(2532): 	at com.google.android.gms.org.conscrypt.Platform.setSocketWriteTimeout(:com.google.android.gms@14367022@14.3.67 (040700-216465562):2)
03-29 05:34:29.409: W/Conscrypt(2532): 	at com.google.android.gms.org.conscrypt.ConscryptFileDescriptorSocket.setSoWriteTimeout(:com.google.android.gms@14367022@14.3.67 (040700-216465562):2)
03-29 05:34:29.412: W/arqq(2373): Empty context buffer. Thus might mean that the context is not synced down.
03-29 05:34:29.412: W/armt(2373): Empty context model while retrieving upload opt-in status!
03-29 05:34:29.429: W/Conscrypt(2532): Could not set socket write timeout: java.net.SocketException: Socket closed
03-29 05:34:29.429: W/Conscrypt(2532): 	at com.google.android.gms.org.conscrypt.Platform.setSocketWriteTimeout(:com.google.android.gms@14367022@14.3.67 (040700-216465562):2)
03-29 05:34:29.429: W/Conscrypt(2532): 	at com.google.android.gms.org.conscrypt.ConscryptFileDescriptorSocket.setSoWriteTimeout(:com.google.android.gms@14367022@14.3.67 (040700-216465562):2)
03-29 05:34:29.450: W/Conscrypt(2532): Could not set socket write timeout: java.net.SocketException: Socket closed
03-29 05:34:29.450: W/Conscrypt(2532): 	at com.google.android.gms.org.conscrypt.Platform.setSocketWriteTimeout(:com.google.android.gms@14367022@14.3.67 (040700-216465562):2)
